2026-07-13 12:18:54.786 [RUN] agent started (SIGHT_CONFIRM=2, NAVIGATE_TIMEOUT=60.0s)
2026-07-13 12:19:03.454 [CMD] undock
2026-07-13 12:19:03.454 [STEP] undock target=None
2026-07-13 12:19:03.454 [ROBOT] Undocking…
2026-07-13 12:19:13.667 [ROBOT] Undocked — ready to move.
2026-07-13 12:19:13.667 [DOCK] undock ok
2026-07-13 12:19:26.510 [CMD] what do you see
2026-07-13 12:20:02.829 [BRAIN] {'steps': [{'action': 'describe', 'speech': "I don't see anything right now.", 'target': None}]}
2026-07-13 12:20:02.829 [STEP] describe target=None
2026-07-13 14:01:07.293 [CMD] find person
2026-07-13 14:01:10.964 [BRAIN] {'steps': [{'action': 'locate', 'speech': 'Looking for a person.', 'target': 'person'}]}
2026-07-13 14:01:10.964 [STEP] locate target='person'
2026-07-13 14:01:16.572 [MEMORY] remembered person at (0.29, -0.82)
2026-07-13 14:01:16.572 [ROBOT] Yes — I can see a person about 1.7 m away. I'll remember where it is. (Locating only — not driving to it.)
2026-07-13 14:01:33.262 [CMD] drive to it and give live feed
2026-07-13 14:01:34.225 [BRAIN] {'steps': [{'action': 'feed', 'speech': 'Showing the current view.', 'target': None}, {'action': 'navigate', 'speech': 'Driving to the person.', 'target': 'person'}]}
2026-07-13 14:01:34.225 [STEP] feed target=None
2026-07-13 14:01:34.226 [STEP] navigate target='person'
2026-07-13 14:01:34.226 [MEMORY] seeded person from remembered instance at (0.29, -0.82)
2026-07-13 14:01:34.531 [ROBOT] I can see the person now — it's where I remembered.
2026-07-13 14:01:34.531 [SIGHT] memory-seeded person re-confirmed at (0.36, -0.75), 1.71 m away
2026-07-13 14:01:34.532 [GOAL] (-0.18, -0.48) yaw=-26deg mode=navigate
2026-07-13 14:01:39.343 [RESULT] nav goal status=4 (ok)
2026-07-13 14:01:39.519 [ROBOT] Arrived at the person.
2026-07-13 14:01:50.157 [CMD] find chair
2026-07-13 14:01:50.834 [BRAIN] {'steps': [{'action': 'locate', 'speech': 'Looking for a chair.', 'target': 'chair'}]}
2026-07-13 14:01:50.834 [STEP] locate target='chair'
2026-07-13 14:01:53.529 [MEMORY] remembered chair at (13.77, -0.85)
2026-07-13 14:01:53.529 [ROBOT] Yes — I can see a chair about 14.2 m away. I'll remember where it is. (Locating only — not driving to it.)
2026-07-13 14:02:02.029 [CMD] give me live feed
2026-07-13 14:02:02.694 [BRAIN] {'steps': [{'action': 'feed', 'speech': 'Showing you the current view.', 'target': None}]}
2026-07-13 14:02:02.695 [STEP] feed target=None
