2026-07-23 14:48:06.061 [RUN] vla_agent v4  (#21: occlusion-proof depth + teleport gate)
2026-07-23 14:48:06.062 [RUN] agent started (SIGHT_CONFIRM=2, SEARCH_TIMEOUT=45.0s, NO_PROGRESS_LIMIT=60.0s, ROBOT_CLEARANCE=0.25m)
2026-07-23 14:48:12.125 [CMD] undock
2026-07-23 14:48:12.125 [STEP] undock target=None
2026-07-23 14:48:12.125 [ROBOT] Undocking…
2026-07-23 14:48:22.443 [ROBOT] Undocked — ready to move.
2026-07-23 14:48:22.443 [DOCK] undock ok
2026-07-23 14:48:41.469 [CMD] face towards your back
2026-07-23 14:49:17.437 [BRAIN] {'steps': [{'action': 'move', 'speech': 'Turning around completely.', 'target': None, 'distance_m': 0.0, 'rotation_deg': -180.0}]}
2026-07-23 14:49:17.438 [STEP] move target=None
2026-07-23 14:49:25.450 [ROBOT] Done with that move.
2026-07-23 14:49:32.205 [CMD] what do you see report
2026-07-23 14:49:32.940 [BRAIN] {'steps': [{'action': 'describe', 'speech': 'I see a chair and a person.', 'target': None}]}
2026-07-23 14:49:32.941 [STEP] describe target=None
2026-07-23 14:49:45.117 [CMD] give me a live feedback
2026-07-23 14:49:45.744 [BRAIN] {'steps': [{'action': 'feed', 'speech': 'Showing live camera feed.', 'target': None}]}
2026-07-23 14:49:45.744 [STEP] feed target=None
2026-07-23 14:50:13.453 [CMD] go to the chair
2026-07-23 14:50:14.125 [BRAIN] {'steps': [{'action': 'navigate', 'speech': 'Heading to the chair.', 'target': 'chair'}]}
2026-07-23 14:50:14.126 [STEP] navigate target='chair'
2026-07-23 14:50:15.505 [ROBOT] Found the chair — navigating to it.
2026-07-23 14:50:15.505 [SIGHT] chair at (0.58, 0.00), 0.53 m away
2026-07-23 14:50:15.506 [ROBOT] Arrived at the chair.
2026-07-23 14:50:26.141 [CMD] go to the far chair
2026-07-23 14:50:26.943 [BRAIN] {'steps': [{'action': 'navigate', 'speech': 'Heading to the farthest chair.', 'target': 'chair', 'qualifier': 'farthest'}]}
2026-07-23 14:50:26.943 [STEP] navigate target='chair'
2026-07-23 14:50:26.944 [MEMORY] seeded chair from remembered instance at (0.58, 0.00)
2026-07-23 14:50:27.513 [WARN] suspicious chair jump of 14.7 m (occlusion/depth noise?) — waiting for a confirming look
2026-07-23 14:50:27.513 [ROBOT] I'm at the spot where I last saw the chair, but I can't see it from here right now — it may have moved. Say 'go to the chair' to search fresh.
2026-07-23 14:51:09.405 [CMD] go to the chaIR placed at 14 meter
2026-07-23 14:51:10.254 [BRAIN] {'steps': [{'action': 'navigate', 'speech': 'Heading to the chair placed at 14 meters.', 'target': 'chair'}]}
2026-07-23 14:51:10.254 [STEP] navigate target='chair'
2026-07-23 14:51:11.502 [ROBOT] Found the chair — navigating to it.
2026-07-23 14:51:11.502 [SIGHT] chair at (0.59, 0.00), 0.53 m away
2026-07-23 14:51:11.502 [ROBOT] Arrived at the chair.
2026-07-23 14:51:25.789 [CMD] turn to the left 90
2026-07-23 14:51:26.639 [BRAIN] {'steps': [{'action': 'move', 'speech': 'Turning ninety degrees left.', 'target': None, 'distance_m': 0.0, 'rotation_deg': -90.0}]}
2026-07-23 14:51:26.639 [STEP] move target=None
2026-07-23 14:51:32.450 [ROBOT] Done with that move.
2026-07-23 14:51:46.445 [CMD] turn to the right 180
2026-07-23 14:51:47.216 [BRAIN] {'steps': [{'action': 'move', 'speech': 'Turning completely around.', 'target': None, 'distance_m': 0.0, 'rotation_deg': -180.0}]}
2026-07-23 14:51:47.216 [STEP] move target=None
2026-07-23 14:51:55.450 [ROBOT] Done with that move.
2026-07-23 14:52:01.917 [CMD] move 2meter
2026-07-23 14:52:02.688 [BRAIN] {'steps': [{'action': 'move', 'speech': 'Moving forward two meters.', 'target': None, 'distance_m': 2.0, 'rotation_deg': 0.0}]}
2026-07-23 14:52:02.688 [STEP] move target=None
2026-07-23 14:52:13.805 [CMD] turn left
2026-07-23 14:52:14.557 [BRAIN] {'steps': [{'action': 'move', 'speech': 'Turning left.', 'target': None, 'distance_m': 0.0, 'rotation_deg': -90.0}]}
2026-07-23 14:52:14.557 [STEP] move target=None
2026-07-23 14:52:20.450 [ROBOT] Done with that move.
2026-07-23 14:52:28.381 [CMD] what do you see
2026-07-23 14:52:29.027 [BRAIN] {'steps': [{'action': 'describe', 'speech': 'I see a chair.', 'target': None}]}
2026-07-23 14:52:29.027 [STEP] describe target=None
2026-07-23 14:52:36.189 [CMD] how many
2026-07-23 14:52:36.881 [BRAIN] {'steps': [{'action': 'count', 'speech': 'Counting chairs now.', 'target': 'chair'}]}
2026-07-23 14:52:36.881 [STEP] count target='chair'
2026-07-23 14:53:03.181 [CMD] go to the chair
2026-07-23 14:53:03.951 [BRAIN] {'steps': [{'action': 'navigate', 'speech': 'Heading to the chair.', 'target': 'chair'}]}
2026-07-23 14:53:03.951 [STEP] navigate target='chair'
2026-07-23 14:53:03.951 [MEMORY] seeded chair from remembered instance at (0.59, 0.00)
2026-07-23 14:53:04.511 [WARN] suspicious chair jump of 14.9 m (occlusion/depth noise?) — waiting for a confirming look
2026-07-23 14:53:04.518 [GOAL] (0.63, 0.90) yaw=-93deg mode=navigate
2026-07-23 14:53:09.024 [RESULT] nav goal status=4 (ok)
2026-07-23 14:53:09.521 [GOAL] (0.74, 0.89) yaw=-100deg mode=navigate
2026-07-23 14:53:09.582 [RESULT] nav goal status=4 (ok)
2026-07-23 14:53:10.519 [GOAL] (0.74, 0.89) yaw=-100deg mode=navigate
2026-07-23 14:53:10.581 [RESULT] nav goal status=4 (ok)
2026-07-23 14:53:11.516 [GOAL] (0.74, 0.89) yaw=-100deg mode=navigate
2026-07-23 14:53:11.577 [RESULT] nav goal status=4 (ok)
2026-07-23 14:53:12.520 [GOAL] (0.74, 0.89) yaw=-100deg mode=navigate
2026-07-23 14:53:12.581 [RESULT] nav goal status=4 (ok)
2026-07-23 14:53:13.525 [GOAL] (0.74, 0.89) yaw=-100deg mode=navigate
2026-07-23 14:53:13.586 [RESULT] nav goal status=4 (ok)
2026-07-23 14:53:14.522 [GOAL] (0.74, 0.89) yaw=-100deg mode=navigate
2026-07-23 14:53:14.583 [RESULT] nav goal status=4 (ok)
2026-07-23 14:53:15.515 [GOAL] (0.74, 0.89) yaw=-99deg mode=navigate
2026-07-23 14:53:15.576 [RESULT] nav goal status=4 (ok)
2026-07-23 14:53:16.526 [GOAL] (0.74, 0.89) yaw=-99deg mode=navigate
2026-07-23 14:53:16.587 [RESULT] nav goal status=4 (ok)
2026-07-23 14:53:17.531 [GOAL] (0.74, 0.89) yaw=-99deg mode=navigate
2026-07-23 14:53:17.593 [RESULT] nav goal status=4 (ok)
2026-07-23 14:53:18.525 [GOAL] (0.74, 0.89) yaw=-99deg mode=navigate
2026-07-23 14:53:18.586 [RESULT] nav goal status=4 (ok)
2026-07-23 14:53:19.521 [GOAL] (0.74, 0.89) yaw=-100deg mode=navigate
2026-07-23 14:53:19.582 [RESULT] nav goal status=4 (ok)
2026-07-23 14:53:20.513 [GOAL] (0.74, 0.89) yaw=-100deg mode=navigate
2026-07-23 14:53:20.574 [RESULT] nav goal status=4 (ok)
2026-07-23 14:53:21.525 [GOAL] (0.74, 0.89) yaw=-100deg mode=navigate
2026-07-23 14:53:21.587 [RESULT] nav goal status=4 (ok)
2026-07-23 14:53:22.524 [GOAL] (0.75, 0.89) yaw=-100deg mode=navigate
2026-07-23 14:53:22.576 [RESULT] nav goal status=4 (ok)
2026-07-23 14:53:23.521 [GOAL] (0.75, 0.89) yaw=-100deg mode=navigate
2026-07-23 14:53:23.582 [RESULT] nav goal status=4 (ok)
2026-07-23 14:53:24.514 [GOAL] (0.75, 0.89) yaw=-100deg mode=navigate
2026-07-23 14:53:24.575 [RESULT] nav goal status=4 (ok)
2026-07-23 14:53:25.513 [GOAL] (0.74, 0.89) yaw=-100deg mode=navigate
2026-07-23 14:53:25.575 [RESULT] nav goal status=4 (ok)
2026-07-23 14:53:26.504 [GOAL] (0.74, 0.89) yaw=-100deg mode=navigate
2026-07-23 14:53:26.565 [RESULT] nav goal status=4 (ok)
2026-07-23 14:53:27.510 [GOAL] (0.74, 0.89) yaw=-100deg mode=navigate
2026-07-23 14:53:27.571 [RESULT] nav goal status=4 (ok)
2026-07-23 14:53:28.520 [GOAL] (0.74, 0.89) yaw=-100deg mode=navigate
2026-07-23 14:53:28.581 [RESULT] nav goal status=4 (ok)
2026-07-23 14:53:29.506 [GOAL] (0.75, 0.89) yaw=-100deg mode=navigate
2026-07-23 14:53:29.567 [RESULT] nav goal status=4 (ok)
2026-07-23 14:53:30.508 [GOAL] (0.75, 0.89) yaw=-100deg mode=navigate
2026-07-23 14:53:30.569 [RESULT] nav goal status=4 (ok)
2026-07-23 14:53:31.512 [GOAL] (0.75, 0.89) yaw=-100deg mode=navigate
2026-07-23 14:53:31.573 [RESULT] nav goal status=4 (ok)
2026-07-23 14:53:32.509 [GOAL] (0.75, 0.89) yaw=-100deg mode=navigate
2026-07-23 14:53:32.570 [RESULT] nav goal status=4 (ok)
2026-07-23 14:53:33.512 [GOAL] (0.74, 0.89) yaw=-100deg mode=navigate
2026-07-23 14:53:33.573 [RESULT] nav goal status=4 (ok)
2026-07-23 14:53:34.517 [GOAL] (0.74, 0.89) yaw=-100deg mode=navigate
2026-07-23 14:53:34.579 [RESULT] nav goal status=4 (ok)
2026-07-23 14:53:35.515 [GOAL] (0.74, 0.89) yaw=-100deg mode=navigate
2026-07-23 14:53:35.827 [RESULT] nav goal status=4 (ok)
2026-07-23 14:53:36.510 [GOAL] (0.74, 0.89) yaw=-100deg mode=navigate
2026-07-23 14:53:36.571 [RESULT] nav goal status=4 (ok)
2026-07-23 14:53:37.517 [GOAL] (0.74, 0.89) yaw=-100deg mode=navigate
2026-07-23 14:53:37.579 [RESULT] nav goal status=4 (ok)
2026-07-23 14:53:38.510 [GOAL] (0.74, 0.89) yaw=-100deg mode=navigate
2026-07-23 14:53:38.572 [RESULT] nav goal status=4 (ok)
2026-07-23 14:53:39.521 [GOAL] (0.74, 0.89) yaw=-100deg mode=navigate
2026-07-23 14:53:39.582 [RESULT] nav goal status=4 (ok)
2026-07-23 14:53:40.521 [GOAL] (0.74, 0.89) yaw=-100deg mode=navigate
2026-07-23 14:53:40.582 [RESULT] nav goal status=4 (ok)
2026-07-23 14:53:41.519 [GOAL] (0.74, 0.89) yaw=-100deg mode=navigate
2026-07-23 14:53:41.580 [RESULT] nav goal status=4 (ok)
2026-07-23 14:53:42.516 [GOAL] (0.75, 0.89) yaw=-100deg mode=navigate
2026-07-23 14:53:42.578 [RESULT] nav goal status=4 (ok)
2026-07-23 14:53:43.523 [GOAL] (0.75, 0.89) yaw=-100deg mode=navigate
2026-07-23 14:53:43.584 [RESULT] nav goal status=4 (ok)
2026-07-23 14:53:44.516 [GOAL] (0.75, 0.89) yaw=-100deg mode=navigate
2026-07-23 14:53:44.577 [RESULT] nav goal status=4 (ok)
2026-07-23 14:53:45.518 [GOAL] (0.75, 0.89) yaw=-100deg mode=navigate
2026-07-23 14:53:45.581 [RESULT] nav goal status=4 (ok)
2026-07-23 14:53:46.516 [GOAL] (0.74, 0.89) yaw=-100deg mode=navigate
2026-07-23 14:53:46.577 [RESULT] nav goal status=4 (ok)
2026-07-23 14:53:47.521 [GOAL] (0.74, 0.89) yaw=-100deg mode=navigate
2026-07-23 14:53:48.642 [RESULT] nav goal status=4 (ok)
2026-07-23 14:53:49.518 [GOAL] (0.75, 0.89) yaw=-100deg mode=navigate
2026-07-23 14:53:49.581 [RESULT] nav goal status=4 (ok)
2026-07-23 14:53:50.531 [GOAL] (0.75, 0.89) yaw=-100deg mode=navigate
2026-07-23 14:53:50.592 [RESULT] nav goal status=4 (ok)
2026-07-23 14:53:50.781 [CMD] no no go the chair that was at the farthest
2026-07-23 14:53:51.637 [BRAIN] {'steps': [{'action': 'navigate', 'speech': 'Navigating to the farthest chair.', 'target': 'chair', 'qualifier': 'farthest'}]}
2026-07-23 14:53:51.637 [STEP] navigate target='chair'
2026-07-23 14:53:51.637 [MEMORY] seeded chair from remembered instance at (14.74, -5.71)
2026-07-23 14:53:52.525 [GOAL] (2.86, 0.10) yaw=-26deg mode=navigate
2026-07-23 14:53:55.512 [ROBOT] I can see the chair now — it's where I remembered.
2026-07-23 14:53:55.512 [SIGHT] memory-seeded chair re-confirmed at (14.83, -4.03), 14.50 m away
2026-07-23 14:54:02.237 [RESULT] nav goal status=4 (ok)
2026-07-23 14:54:22.814 [CMD] go to the chair furthest
2026-07-23 14:54:23.654 [BRAIN] {'steps': [{'action': 'navigate', 'speech': 'Heading to the farthest chair.', 'target': 'chair', 'qualifier': 'farthest'}]}
2026-07-23 14:54:23.654 [STEP] navigate target='chair'
2026-07-23 14:54:23.654 [MEMORY] seeded chair from remembered instance at (14.74, -5.71)
2026-07-23 14:54:24.529 [ROBOT] I can see the chair now — it's where I remembered.
2026-07-23 14:54:24.529 [SIGHT] memory-seeded chair re-confirmed at (14.80, -3.98), 12.86 m away
2026-07-23 14:54:31.597 [CMD] go to it
2026-07-23 14:54:32.269 [BRAIN] {'steps': [{'action': 'navigate', 'speech': 'Heading back to the chair.', 'target': 'chair'}]}
2026-07-23 14:54:32.269 [STEP] navigate target='chair'
2026-07-23 14:54:32.269 [MEMORY] seeded chair from remembered instance at (0.59, 0.00)
2026-07-23 14:54:32.606 [WARN] suspicious chair jump of 14.8 m (occlusion/depth noise?) — waiting for a confirming look
2026-07-23 14:54:32.612 [GOAL] (1.48, 0.09) yaw=-174deg mode=navigate
2026-07-23 14:54:33.499 [WARN] suspicious chair jump of 14.2 m (occlusion/depth noise?) — waiting for a confirming look
2026-07-23 14:54:41.323 [RESULT] nav goal status=4 (ok)
2026-07-23 14:54:41.510 [GOAL] (1.49, -0.00) yaw=180deg mode=navigate
2026-07-23 14:54:41.572 [RESULT] nav goal status=4 (ok)
2026-07-23 14:54:42.510 [GOAL] (1.49, -0.00) yaw=180deg mode=navigate
2026-07-23 14:54:42.571 [RESULT] nav goal status=4 (ok)
2026-07-23 14:54:43.512 [GOAL] (1.49, -0.00) yaw=180deg mode=navigate
2026-07-23 14:54:43.574 [RESULT] nav goal status=4 (ok)
2026-07-23 14:54:44.528 [GOAL] (1.49, -0.00) yaw=180deg mode=navigate
2026-07-23 14:54:44.590 [RESULT] nav goal status=4 (ok)
2026-07-23 14:54:45.511 [GOAL] (1.49, -0.00) yaw=180deg mode=navigate
2026-07-23 14:54:45.573 [RESULT] nav goal status=4 (ok)
2026-07-23 14:54:46.517 [GOAL] (1.49, -0.00) yaw=180deg mode=navigate
2026-07-23 14:54:46.580 [RESULT] nav goal status=4 (ok)
2026-07-23 14:54:47.513 [GOAL] (1.49, -0.00) yaw=180deg mode=navigate
2026-07-23 14:54:47.575 [RESULT] nav goal status=4 (ok)
2026-07-23 14:54:48.520 [GOAL] (1.49, -0.00) yaw=180deg mode=navigate
2026-07-23 14:54:48.582 [RESULT] nav goal status=4 (ok)
2026-07-23 14:54:49.517 [GOAL] (1.49, -0.00) yaw=180deg mode=navigate
2026-07-23 14:54:49.579 [RESULT] nav goal status=4 (ok)
2026-07-23 14:54:50.517 [GOAL] (1.49, -0.00) yaw=180deg mode=navigate
2026-07-23 14:54:50.579 [RESULT] nav goal status=4 (ok)
2026-07-23 14:54:51.520 [GOAL] (1.49, -0.00) yaw=180deg mode=navigate
2026-07-23 14:54:51.582 [RESULT] nav goal status=4 (ok)
2026-07-23 14:54:52.517 [GOAL] (1.49, -0.00) yaw=180deg mode=navigate
2026-07-23 14:54:52.579 [RESULT] nav goal status=4 (ok)
2026-07-23 14:54:53.526 [GOAL] (1.49, -0.00) yaw=180deg mode=navigate
2026-07-23 14:54:53.589 [RESULT] nav goal status=4 (ok)
2026-07-23 14:54:54.528 [GOAL] (1.49, -0.00) yaw=180deg mode=navigate
2026-07-23 14:54:54.591 [RESULT] nav goal status=4 (ok)
2026-07-23 14:54:55.519 [GOAL] (1.49, -0.00) yaw=180deg mode=navigate
2026-07-23 14:54:55.580 [RESULT] nav goal status=4 (ok)
2026-07-23 14:54:56.517 [GOAL] (1.49, -0.00) yaw=180deg mode=navigate
2026-07-23 14:54:56.579 [RESULT] nav goal status=4 (ok)
2026-07-23 14:54:57.517 [GOAL] (1.49, -0.00) yaw=180deg mode=navigate
2026-07-23 14:54:57.580 [RESULT] nav goal status=4 (ok)
2026-07-23 14:54:58.517 [GOAL] (1.49, -0.00) yaw=180deg mode=navigate
2026-07-23 14:54:58.578 [RESULT] nav goal status=4 (ok)
2026-07-23 14:54:59.518 [GOAL] (1.49, -0.00) yaw=180deg mode=navigate
2026-07-23 14:54:59.518 [CMD] turn around
2026-07-23 14:55:00.338 [BRAIN] {'steps': [{'action': 'move', 'speech': 'Turning around completely.', 'target': None, 'distance_m': 0.0, 'rotation_deg': -360.0}]}
2026-07-23 14:55:00.338 [STEP] move target=None
2026-07-23 14:55:07.566 [CMD] (cancel) cancel
2026-07-23 14:55:26.942 [CMD] go this chair now forget about the previous one
2026-07-23 14:55:27.630 [BRAIN] {'steps': [{'action': 'navigate', 'speech': 'Going to this chair.', 'target': 'chair'}]}
2026-07-23 14:55:27.630 [STEP] navigate target='chair'
2026-07-23 14:55:27.630 [MEMORY] seeded chair from remembered instance at (0.59, 0.00)
2026-07-23 14:55:28.533 [WARN] suspicious chair jump of 15.0 m (occlusion/depth noise?) — waiting for a confirming look
2026-07-23 14:55:28.539 [GOAL] (1.49, -0.00) yaw=180deg mode=navigate
2026-07-23 14:55:34.053 [RESULT] nav goal status=4 (ok)
2026-07-23 14:55:34.547 [GOAL] (1.49, -0.00) yaw=180deg mode=navigate
2026-07-23 14:55:34.710 [RESULT] nav goal status=4 (ok)
2026-07-23 14:55:35.521 [GOAL] (1.49, -0.00) yaw=180deg mode=navigate
2026-07-23 14:55:35.584 [RESULT] nav goal status=4 (ok)
2026-07-23 14:55:36.519 [GOAL] (1.49, -0.00) yaw=180deg mode=navigate
2026-07-23 14:55:36.581 [RESULT] nav goal status=4 (ok)
2026-07-23 14:55:37.528 [GOAL] (1.49, -0.00) yaw=180deg mode=navigate
2026-07-23 14:55:37.589 [RESULT] nav goal status=4 (ok)
2026-07-23 14:55:38.445 [CMD] what do you see
2026-07-23 14:55:39.154 [BRAIN] {'steps': [{'action': 'describe', 'speech': 'I can see a person.', 'target': None}]}
2026-07-23 14:55:39.154 [STEP] describe target=None
2026-07-23 14:56:05.565 [CMD] face backwards
2026-07-23 14:56:06.355 [BRAIN] {'steps': [{'action': 'move', 'speech': 'Facing completely around.', 'target': None, 'distance_m': 0.0, 'rotation_deg': -180.0}]}
2026-07-23 14:56:06.355 [STEP] move target=None
2026-07-23 14:56:14.450 [ROBOT] Done with that move.
2026-07-23 14:56:22.621 [CMD] can you see a chair
2026-07-23 14:56:23.379 [BRAIN] {'steps': [{'action': 'locate', 'speech': "Checking if there's a chair nearby.", 'target': 'chair'}]}
2026-07-23 14:56:23.379 [STEP] locate target='chair'
2026-07-23 14:56:24.525 [MEMORY] remembered chair at (14.66, -2.53)
2026-07-23 14:56:24.525 [ROBOT] Yes — I can see a chair about 13.3 m away. I'll remember where it is. (Locating only — not driving to it.)
2026-07-23 14:56:30.253 [CMD] go to it
2026-07-23 14:56:31.003 [BRAIN] {'steps': [{'action': 'navigate', 'speech': 'Heading to the last located chair.', 'target': 'chair'}]}
2026-07-23 14:56:31.003 [STEP] navigate target='chair'
2026-07-23 14:56:31.003 [MEMORY] seeded chair from remembered instance at (0.59, 0.00)
2026-07-23 14:56:31.509 [ROBOT] I'm at the spot where I last saw the chair, but I can't see it from here right now — it may have moved. Say 'go to the chair' to search fresh.
2026-07-23 14:56:45.837 [CMD] (cancel) stop remmebering
2026-07-23 14:57:00.477 [CMD] forget the last cahir postion
2026-07-23 14:57:01.180 [BRAIN] {'steps': [{'action': 'navigate', 'speech': 'Forgetting the last chair position.', 'target': None}]}
2026-07-23 14:57:01.180 [STEP] navigate target=None
2026-07-23 14:57:09.933 [CMD] turn 15 right
2026-07-23 14:57:10.796 [BRAIN] {'steps': [{'action': 'move', 'speech': 'Turning fifteen degrees to the right.', 'target': None, 'distance_m': 0.0, 'rotation_deg': 15.0}]}
2026-07-23 14:57:10.796 [STEP] move target=None
2026-07-23 14:57:13.450 [ROBOT] Done with that move.
2026-07-23 14:57:18.813 [CMD] turn 15 left
2026-07-23 14:57:19.621 [BRAIN] {'steps': [{'action': 'move', 'speech': 'Turning fifteen degrees to the left.', 'target': None, 'distance_m': 0.0, 'rotation_deg': -15.0}]}
2026-07-23 14:57:19.621 [STEP] move target=None
2026-07-23 14:57:22.450 [ROBOT] Done with that move.
2026-07-23 14:57:25.438 [CMD] 15 left
2026-07-23 14:57:26.232 [BRAIN] {'steps': [{'action': 'move', 'speech': 'Turning fifteen degrees to the left.', 'target': None, 'distance_m': 0.0, 'rotation_deg': -15.0}]}
2026-07-23 14:57:26.232 [STEP] move target=None
2026-07-23 14:57:28.450 [ROBOT] Done with that move.
2026-07-23 14:57:32.189 [CMD] what do you see
2026-07-23 14:57:32.869 [BRAIN] {'steps': [{'action': 'describe', 'speech': 'I can see a person.', 'target': None}]}
2026-07-23 14:57:32.870 [STEP] describe target=None
2026-07-23 14:57:42.382 [CMD] go to the person
2026-07-23 14:57:43.047 [BRAIN] {'steps': [{'action': 'navigate', 'speech': 'Heading to the person.', 'target': 'person'}]}
2026-07-23 14:57:43.047 [STEP] navigate target='person'
2026-07-23 14:57:44.517 [ROBOT] Found the person — navigating to it.
2026-07-23 14:57:44.517 [SIGHT] person at (15.50, -4.63), 14.62 m away
2026-07-23 14:57:44.520 [GOAL] (3.23, -0.55) yaw=-18deg mode=navigate
2026-07-23 14:57:51.332 [RESULT] nav goal status=4 (ok)
2026-07-23 14:57:55.504 [ROBOT] I can't find a reachable path toward the person from here — searching again.
2026-07-23 14:57:55.504 [WARN] dropping unreachable sighting of person at (15.50, -4.63)
2026-07-23 14:58:05.512 [ROBOT] Found the person — navigating to it.
2026-07-23 14:58:05.512 [SIGHT] person at (1.55, -0.78), 1.50 m away
2026-07-23 14:58:05.516 [GOAL] (2.43, -0.58) yaw=-167deg mode=navigate
2026-07-23 14:58:07.579 [RESULT] nav goal status=4 (ok)
2026-07-23 14:58:08.516 [GOAL] (2.23, -0.63) yaw=-161deg mode=navigate
2026-07-23 14:58:09.828 [RESULT] nav goal status=4 (ok)
2026-07-23 14:58:10.516 [GOAL] (2.24, -0.62) yaw=-158deg mode=navigate
2026-07-23 14:58:10.577 [RESULT] nav goal status=4 (ok)
2026-07-23 14:58:11.526 [GOAL] (2.24, -0.62) yaw=-158deg mode=navigate
2026-07-23 14:58:11.589 [RESULT] nav goal status=4 (ok)
2026-07-23 14:58:12.518 [GOAL] (2.24, -0.62) yaw=-159deg mode=navigate
2026-07-23 14:58:12.580 [RESULT] nav goal status=4 (ok)
2026-07-23 14:58:13.516 [GOAL] (2.25, -0.61) yaw=-159deg mode=navigate
2026-07-23 14:58:13.580 [RESULT] nav goal status=4 (ok)
2026-07-23 14:58:14.516 [GOAL] (2.25, -0.61) yaw=-159deg mode=navigate
2026-07-23 14:58:14.577 [RESULT] nav goal status=4 (ok)
2026-07-23 14:58:15.525 [GOAL] (2.25, -0.61) yaw=-159deg mode=navigate
2026-07-23 14:58:15.589 [RESULT] nav goal status=4 (ok)
2026-07-23 14:58:16.523 [GOAL] (2.25, -0.61) yaw=-159deg mode=navigate
2026-07-23 14:58:16.585 [RESULT] nav goal status=4 (ok)
2026-07-23 14:58:17.520 [GOAL] (2.25, -0.61) yaw=-159deg mode=navigate
2026-07-23 14:58:17.581 [RESULT] nav goal status=4 (ok)
2026-07-23 14:58:18.525 [GOAL] (2.25, -0.61) yaw=-159deg mode=navigate
2026-07-23 14:58:18.589 [RESULT] nav goal status=4 (ok)
2026-07-23 14:58:19.524 [GOAL] (2.25, -0.61) yaw=-159deg mode=navigate
2026-07-23 14:58:19.586 [RESULT] nav goal status=4 (ok)
2026-07-23 14:58:20.520 [GOAL] (2.25, -0.61) yaw=-159deg mode=navigate
2026-07-23 14:58:20.583 [RESULT] nav goal status=4 (ok)
2026-07-23 14:58:21.511 [GOAL] (2.25, -0.61) yaw=-159deg mode=navigate
2026-07-23 14:58:21.572 [RESULT] nav goal status=4 (ok)
2026-07-23 14:58:22.510 [GOAL] (2.25, -0.61) yaw=-159deg mode=navigate
2026-07-23 14:58:22.572 [RESULT] nav goal status=4 (ok)
2026-07-23 14:58:23.506 [GOAL] (2.25, -0.61) yaw=-159deg mode=navigate
2026-07-23 14:58:23.570 [RESULT] nav goal status=4 (ok)
2026-07-23 14:58:24.317 [CMD] find a chair
2026-07-23 14:58:24.967 [BRAIN] {'steps': [{'action': 'locate', 'speech': 'Looking for a chair.', 'target': 'chair'}]}
2026-07-23 14:58:24.968 [STEP] locate target='chair'
2026-07-23 14:58:30.501 [MEMORY] remembered chair at (14.59, -2.91)
2026-07-23 14:58:30.501 [ROBOT] Yes — I can see a chair about 12.4 m away. I'll remember where it is. (Locating only — not driving to it.)
2026-07-23 14:58:37.997 [CMD] go to the chair
2026-07-23 14:58:38.808 [BRAIN] {'steps': [{'action': 'navigate', 'speech': 'Heading to the last seen chair.', 'target': 'chair'}]}
2026-07-23 14:58:38.808 [STEP] navigate target='chair'
2026-07-23 14:58:38.809 [MEMORY] seeded chair from remembered instance at (14.66, -2.53)
2026-07-23 14:58:39.512 [GOAL] (3.45, -0.69) yaw=-9deg mode=navigate
2026-07-23 14:58:40.515 [ROBOT] I can see the chair now — it's where I remembered.
2026-07-23 14:58:40.515 [SIGHT] memory-seeded chair re-confirmed at (15.20, -1.91), 12.65 m away
2026-07-23 14:58:43.425 [RESULT] nav goal status=4 (ok)
2026-07-23 14:59:43.451 [ROBOT] I know where the chair is but I can't get any closer — the way looks blocked. I've remembered its spot, so try again from somewhere else, or clear the path.
2026-07-23 14:59:43.451 [WARN] no progress toward chair for 60s; best=12.04m
2026-07-23 15:16:10.854 [CMD] Command> undock
2026-07-23 15:16:11.618 [BRAIN] {'steps': [{'action': 'undock', 'speech': 'Leaving the charging dock.', 'target': None}]}
2026-07-23 15:16:11.618 [STEP] undock target=None
2026-07-23 15:16:11.618 [ROBOT] Undocking…
2026-07-23 15:16:11.618 [CMD] [undock] Undocking.
2026-07-23 15:16:11.619 [ROBOT] The robot rejected the undock request.
2026-07-23 15:16:12.397 [BRAIN] {'steps': [{'action': 'undock', 'speech': 'Leaving the charging dock.', 'target': None}]}
2026-07-23 15:16:12.397 [STEP] undock target=None
2026-07-23 15:16:12.397 [ROBOT] Undocking…
2026-07-23 15:16:12.398 [CMD] [robot] Undocking…
2026-07-23 15:16:12.398 [ROBOT] The robot rejected the undock request.
2026-07-23 15:16:13.147 [BRAIN] {'steps': [{'action': 'undock', 'speech': 'Leaving the charging dock.', 'target': None}]}
2026-07-23 15:16:13.148 [STEP] undock target=None
2026-07-23 15:16:13.149 [ROBOT] Undocking…
2026-07-23 15:16:13.149 [CMD] Command> Command>
2026-07-23 15:16:13.149 [ROBOT] The robot rejected the undock request.
2026-07-23 15:16:13.777 [BRAIN] {'steps': [{'action': 'locate', 'speech': 'Looking for the chair again.', 'target': 'chair'}]}
2026-07-23 15:16:13.778 [STEP] locate target='chair'
2026-07-23 15:16:13.778 [CMD] [robot] Undocked — ready to move.
2026-07-23 15:16:14.514 [BRAIN] {'steps': [{'action': 'undock', 'speech': 'Leaving the dock and getting ready to move.', 'target': None}]}
2026-07-23 15:16:14.514 [STEP] undock target=None
2026-07-23 15:16:14.515 [ROBOT] Undocking…
2026-07-23 15:16:14.515 [CMD] Command> face towards your back
2026-07-23 15:16:14.515 [ROBOT] The robot rejected the undock request.
2026-07-23 15:16:15.355 [BRAIN] {'steps': [{'action': 'move', 'speech': 'Turning around to face the opposite direction.', 'target': None, 'distance_m': 0.0, 'rotation_deg': -180.0}]}
2026-07-23 15:16:15.355 [STEP] move target=None
2026-07-23 15:16:15.355 [CMD] (I see: nothing)  thinking...
2026-07-23 15:16:16.073 [BRAIN] {'steps': [{'action': 'describe', 'speech': "There's a person here, but no chair.", 'target': None}]}
2026-07-23 15:16:16.073 [STEP] describe target=None
2026-07-23 15:16:16.130 [CMD] [move] Turning around completely.
2026-07-23 15:16:16.900 [BRAIN] {'steps': [{'action': 'move', 'speech': 'Turning completely around.', 'target': None, 'distance_m': 0.0, 'rotation_deg': -360.0}]}
2026-07-23 15:16:16.900 [STEP] move target=None
2026-07-23 15:16:16.900 [CMD] Relative move: turn 180 deg right. (type 'cancel' to stop)
2026-07-23 15:16:17.735 [BRAIN] {'steps': [{'action': 'move', 'speech': 'Turning right one hundred eighty degrees.', 'target': None, 'distance_m': 0.0, 'rotation_deg': 180.0}]}
2026-07-23 15:16:17.735 [STEP] move target=None
2026-07-23 15:16:17.735 [CMD] Command>
2026-07-23 15:16:18.422 [BRAIN] {'steps': [{'action': 'find_another', 'speech': 'Looking for another chair.', 'target': 'chair'}]}
2026-07-23 15:16:18.423 [STEP] find_another target='chair'
2026-07-23 15:16:18.423 [CMD] [robot] Done with that move.
2026-07-23 15:16:19.043 [BRAIN] {'steps': [{'action': 'locate', 'speech': 'Looking for another chair.', 'target': 'chair'}]}
2026-07-23 15:16:19.043 [STEP] locate target='chair'
2026-07-23 15:16:19.043 [CMD] Command> what do you see report
2026-07-23 15:16:19.808 [BRAIN] {'steps': [{'action': 'describe', 'speech': 'I can see a person.', 'target': None}]}
2026-07-23 15:16:19.808 [STEP] describe target=None
2026-07-23 15:16:19.869 [CMD] (I see: ['chair', 'person'])  thinking...
2026-07-23 15:16:20.552 [BRAIN] {'steps': [{'action': 'describe', 'speech': 'Thinking about what to do next.', 'target': None}]}
2026-07-23 15:16:20.553 [STEP] describe target=None
2026-07-23 15:16:20.619 [CMD] [describe] I see a chair and a person.
2026-07-23 15:16:21.353 [BRAIN] {'steps': [{'action': 'describe', 'speech': 'I see a person and a chair.', 'target': None}]}
2026-07-23 15:16:21.353 [STEP] describe target=None
2026-07-23 15:16:21.433 [CMD] I see: ['person', 'chair', 'chair']
2026-07-23 15:16:22.223 [BRAIN] {'steps': [{'action': 'describe', 'speech': 'Current view shows a person, chair, and another chair.', 'target': None}]}
2026-07-23 15:16:22.223 [STEP] describe target=None
2026-07-23 15:16:22.289 [CMD] Command> give me a live feedback
2026-07-23 15:16:22.966 [BRAIN] {'steps': [{'action': 'feed', 'speech': 'Showing you the current view.', 'target': None}]}
2026-07-23 15:16:22.966 [STEP] feed target=None
2026-07-23 15:16:22.967 [CMD] (I see: ['chair', 'person'])  thinking...
2026-07-23 15:16:23.676 [BRAIN] {'steps': [{'action': 'describe', 'speech': 'Thinking about what to do next.', 'target': None}]}
2026-07-23 15:16:23.676 [STEP] describe target=None
2026-07-23 15:16:23.745 [CMD] [feed] Showing live camera feed.
2026-07-23 15:16:24.420 [BRAIN] {'steps': [{'action': 'feed', 'speech': 'Showing live camera feed.', 'target': None}]}
2026-07-23 15:16:24.420 [STEP] feed target=None
2026-07-23 15:16:24.421 [CMD] Live feed opened on /vla/annotated — YOLO boxes, confidence and depth distance are drawn on it. (type 'cancel' to close it)
2026-07-23 15:16:25.106 [BRAIN] {'steps': [{'action': 'feed', 'speech': 'Opening the live annotated feed.', 'target': None}]}
2026-07-23 15:16:25.107 [STEP] feed target=None
2026-07-23 15:16:25.107 [CMD] Command> go to the chair
2026-07-23 15:16:25.853 [BRAIN] {'steps': [{'action': 'navigate', 'speech': 'Heading to the chair.', 'target': 'chair'}]}
2026-07-23 15:16:25.853 [STEP] navigate target='chair'
2026-07-23 15:16:25.854 [MEMORY] seeded chair from remembered instance at (14.66, -2.53)
2026-07-23 15:16:25.854 [CMD] (I see: ['chair', 'person'])  thinking...
2026-07-23 15:16:26.487 [BRAIN] {'steps': [{'action': 'locate', 'speech': 'Looking for the chair.', 'target': 'chair'}]}
2026-07-23 15:16:26.487 [STEP] locate target='chair'
2026-07-23 15:16:26.487 [CMD] [navigate] Heading to the chair.
2026-07-23 15:16:27.288 [BRAIN] {'steps': [{'action': 'navigate', 'speech': 'Heading to the chair.', 'target': 'chair'}]}
2026-07-23 15:16:27.288 [STEP] navigate target='chair'
2026-07-23 15:16:27.289 [MEMORY] seeded chair from remembered instance at (14.66, -2.53)
2026-07-23 15:16:27.289 [CMD] Searching for the chair. (type 'cancel' to stop)
2026-07-23 15:16:27.914 [BRAIN] {'steps': [{'action': 'locate', 'speech': 'Looking for the chair.', 'target': 'chair'}]}
2026-07-23 15:16:27.914 [STEP] locate target='chair'
2026-07-23 15:16:27.914 [CMD] Command>
2026-07-23 15:16:28.577 [BRAIN] {'steps': [{'action': 'find_another', 'speech': 'Looking for another chair.', 'target': 'chair'}]}
2026-07-23 15:16:28.577 [STEP] find_another target='chair'
2026-07-23 15:16:28.577 [CMD] [robot] Found the chair — navigating to it.
2026-07-23 15:16:29.331 [BRAIN] {'steps': [{'action': 'navigate', 'speech': 'Navigating to the chair.', 'target': 'chair'}]}
2026-07-23 15:16:29.331 [STEP] navigate target='chair'
2026-07-23 15:16:29.331 [MEMORY] seeded chair from remembered instance at (14.66, -2.53)
2026-07-23 15:16:29.331 [CMD] Command>
2026-07-23 15:16:29.991 [BRAIN] {'steps': [{'action': 'locate', 'speech': 'Looking for the chair again.', 'target': 'chair'}]}
2026-07-23 15:16:29.991 [STEP] locate target='chair'
2026-07-23 15:16:29.991 [CMD] [robot] Arrived at the chair.
2026-07-23 15:16:30.696 [BRAIN] {'steps': [{'action': 'describe', 'speech': 'Checking what I see now.', 'target': None}]}
2026-07-23 15:16:30.696 [STEP] describe target=None
2026-07-23 15:16:30.747 [CMD] Command> go to the far chair
2026-07-23 15:16:31.536 [BRAIN] {'steps': [{'action': 'navigate', 'speech': 'Heading to the farthest chair.', 'target': 'chair', 'qualifier': 'farthest'}]}
2026-07-23 15:16:31.536 [STEP] navigate target='chair'
2026-07-23 15:16:31.536 [MEMORY] seeded chair from remembered instance at (15.20, -1.91)
2026-07-23 15:16:31.536 [CMD] (I see: ['chair', 'person'])  thinking...
2026-07-23 15:16:32.247 [BRAIN] {'steps': [{'action': 'locate', 'speech': 'Checking if the chair is still there.', 'target': 'chair'}]}
2026-07-23 15:16:32.247 [STEP] locate target='chair'
2026-07-23 15:16:32.247 [CMD] [navigate] Heading to the farthest chair.
2026-07-23 15:16:33.050 [BRAIN] {'steps': [{'action': 'navigate', 'speech': 'Heading to the farthest chair.', 'target': 'chair', 'qualifier': 'farthest'}]}
2026-07-23 15:16:33.051 [STEP] navigate target='chair'
2026-07-23 15:16:33.051 [MEMORY] seeded chair from remembered instance at (15.20, -1.91)
2026-07-23 15:16:33.051 [CMD] I remember seeing a chair about 0.5 m away — heading to that spot and I'll confirm it on the way. (type 'cancel' to stop)
2026-07-23 15:16:33.904 [BRAIN] {'steps': [{'action': 'navigate', 'speech': 'Heading back towards the previous location of the chair.', 'target': 'chair'}]}
2026-07-23 15:16:33.904 [STEP] navigate target='chair'
2026-07-23 15:16:33.904 [MEMORY] seeded chair from remembered instance at (14.66, -2.53)
2026-07-23 15:16:33.904 [CMD] Command>
2026-07-23 15:16:34.586 [BRAIN] {'steps': [{'action': 'locate', 'speech': 'Looking for the chair again.', 'target': 'chair'}]}
2026-07-23 15:16:34.586 [STEP] locate target='chair'
2026-07-23 15:16:34.586 [CMD] [robot] I'm at the spot where I last saw the chair, but I can't see it from here right now — it may have moved. Say 'go to the chair' to search fresh.
2026-07-23 15:16:35.431 [BRAIN] {'steps': [{'action': 'navigate', 'speech': 'Heading to the chair.', 'target': 'chair'}]}
2026-07-23 15:16:35.431 [STEP] navigate target='chair'
2026-07-23 15:16:35.431 [MEMORY] seeded chair from remembered instance at (14.66, -2.53)
2026-07-23 15:16:35.431 [CMD] Command> go to the chaIR placed at 14 meter
2026-07-23 15:16:36.314 [BRAIN] {'steps': [{'action': 'navigate', 'speech': 'Navigating to the chair placed at 14 meters.', 'target': 'chair'}]}
2026-07-23 15:16:36.314 [STEP] navigate target='chair'
2026-07-23 15:16:36.314 [MEMORY] seeded chair from remembered instance at (14.66, -2.53)
2026-07-23 15:16:36.314 [CMD] (I see: ['chair', 'person'])  thinking...
2026-07-23 15:16:37.002 [BRAIN] {'steps': [{'action': 'locate', 'speech': 'Checking if the chair is still there.', 'target': 'chair'}]}
2026-07-23 15:16:37.002 [STEP] locate target='chair'
2026-07-23 15:16:37.002 [CMD] [navigate] Heading to the chair placed at 14 meters.
2026-07-23 15:16:37.874 [BRAIN] {'steps': [{'action': 'navigate', 'speech': 'Navigating towards the chair located 14 meters away.', 'target': 'chair'}]}
2026-07-23 15:16:37.874 [STEP] navigate target='chair'
2026-07-23 15:16:37.874 [MEMORY] seeded chair from remembered instance at (14.66, -2.53)
2026-07-23 15:16:37.874 [CMD] Searching for the chair. (type 'cancel' to stop)
2026-07-23 15:16:38.530 [BRAIN] {'steps': [{'action': 'locate', 'speech': 'Looking for the chair.', 'target': 'chair'}]}
2026-07-23 15:16:38.530 [STEP] locate target='chair'
2026-07-23 15:16:38.530 [CMD] Command>
2026-07-23 15:16:39.231 [BRAIN] {'steps': [{'action': 'find_another', 'speech': 'Looking for another chair.', 'target': 'chair'}]}
2026-07-23 15:16:39.231 [STEP] find_another target='chair'
2026-07-23 15:16:39.231 [CMD] [robot] Found the chair — navigating to it.
2026-07-23 15:16:40.003 [BRAIN] {'steps': [{'action': 'navigate', 'speech': 'Navigating to the chair.', 'target': 'chair'}]}
2026-07-23 15:16:40.003 [STEP] navigate target='chair'
2026-07-23 15:16:40.003 [MEMORY] seeded chair from remembered instance at (14.66, -2.53)
2026-07-23 15:16:40.003 [CMD] Command>
2026-07-23 15:16:40.690 [BRAIN] {'steps': [{'action': 'locate', 'speech': 'Looking for the chair again.', 'target': 'chair'}]}
2026-07-23 15:16:40.690 [STEP] locate target='chair'
2026-07-23 15:16:40.690 [CMD] [robot] Arrived at the chair.
2026-07-23 15:16:41.385 [BRAIN] {'steps': [{'action': 'describe', 'speech': 'Checking what I see now.', 'target': None}]}
2026-07-23 15:16:41.386 [STEP] describe target=None
2026-07-23 15:16:41.466 [CMD] Command> turn to the left 90
2026-07-23 15:16:42.343 [BRAIN] {'steps': [{'action': 'move', 'speech': 'Turning ninety degrees left.', 'target': None, 'distance_m': 0.0, 'rotation_deg': -90.0}]}
2026-07-23 15:16:42.343 [STEP] move target=None
2026-07-23 15:16:42.343 [CMD] (I see: ['chair', 'person'])  thinking...
2026-07-23 15:16:43.065 [BRAIN] {'steps': [{'action': 'describe', 'speech': 'Thinking about the chair and person.', 'target': None}]}
2026-07-23 15:16:43.065 [STEP] describe target=None
2026-07-23 15:16:43.131 [CMD] [move] Turning ninety degrees left.
2026-07-23 15:16:43.975 [BRAIN] {'steps': [{'action': 'move', 'speech': 'Turning ninety degrees to the left.', 'target': None, 'distance_m': 0.0, 'rotation_deg': -90.0}]}
2026-07-23 15:16:43.975 [STEP] move target=None
2026-07-23 15:16:43.976 [CMD] Relative move: turn 90 deg right. (type 'cancel' to stop)
2026-07-23 15:16:44.875 [BRAIN] {'steps': [{'action': 'move', 'speech': 'Turning ninety degrees to the right.', 'target': None, 'distance_m': 0.0, 'rotation_deg': 90.0}]}
2026-07-23 15:16:44.875 [STEP] move target=None
2026-07-23 15:16:44.875 [CMD] Command>
2026-07-23 15:16:45.596 [BRAIN] {'steps': [{'action': 'find_another', 'speech': 'Looking for another chair.', 'target': 'chair'}]}
2026-07-23 15:16:45.596 [STEP] find_another target='chair'
2026-07-23 15:16:45.596 [CMD] [robot] Done with that move.
2026-07-23 15:16:46.223 [BRAIN] {'steps': [{'action': 'locate', 'speech': 'Looking for another chair.', 'target': 'chair'}]}
2026-07-23 15:16:46.223 [STEP] locate target='chair'
2026-07-23 15:16:46.223 [CMD] Command> turn to the right 180
2026-07-23 15:16:47.007 [BRAIN] {'steps': [{'action': 'move', 'speech': 'Turning completely around.', 'target': None, 'distance_m': 0.0, 'rotation_deg': -180.0}]}
2026-07-23 15:16:47.007 [STEP] move target=None
2026-07-23 15:16:47.007 [CMD] (I see: nothing)  thinking...
2026-07-23 15:16:47.748 [BRAIN] {'steps': [{'action': 'describe', 'speech': "Looking around, I don't see anything new.", 'target': None}]}
2026-07-23 15:16:47.748 [STEP] describe target=None
2026-07-23 15:16:47.813 [CMD] [move] Turning completely around.
2026-07-23 15:16:48.602 [BRAIN] {'steps': [{'action': 'move', 'speech': 'Turning completely around.', 'target': None, 'distance_m': 0.0, 'rotation_deg': -360.0}]}
2026-07-23 15:16:48.602 [STEP] move target=None
2026-07-23 15:16:48.602 [CMD] Relative move: turn 180 deg right. (type 'cancel' to stop)
2026-07-23 15:16:49.434 [BRAIN] {'steps': [{'action': 'move', 'speech': 'Turning right one hundred eighty degrees.', 'target': None, 'distance_m': 0.0, 'rotation_deg': 180.0}]}
2026-07-23 15:16:49.434 [STEP] move target=None
2026-07-23 15:16:49.434 [CMD] Command>
2026-07-23 15:16:50.119 [BRAIN] {'steps': [{'action': 'find_another', 'speech': 'Looking for another chair.', 'target': 'chair'}]}
2026-07-23 15:16:50.119 [STEP] find_another target='chair'
2026-07-23 15:16:50.119 [CMD] [robot] Done with that move.
2026-07-23 15:16:50.749 [BRAIN] {'steps': [{'action': 'locate', 'speech': 'Looking for another chair.', 'target': 'chair'}]}
2026-07-23 15:16:50.749 [STEP] locate target='chair'
2026-07-23 15:16:50.749 [CMD] Command> move 2meter
2026-07-23 15:16:51.501 [BRAIN] {'steps': [{'action': 'move', 'speech': 'Moving forward two meters.', 'target': None, 'distance_m': 2.0, 'rotation_deg': 0.0}]}
2026-07-23 15:16:51.501 [STEP] move target=None
2026-07-23 15:16:51.501 [CMD] (I see: nothing)  thinking...
2026-07-23 15:16:52.238 [BRAIN] {'steps': [{'action': 'describe', 'speech': "There's a person here, no other objects.", 'target': None}]}
2026-07-23 15:16:52.238 [STEP] describe target=None
2026-07-23 15:16:52.297 [CMD] [move] Moving forward two meters.
2026-07-23 15:16:53.049 [BRAIN] {'steps': [{'action': 'move', 'speech': 'Moving forward two metres.', 'target': None, 'distance_m': 2.0, 'rotation_deg': 0.0}]}
2026-07-23 15:16:53.050 [STEP] move target=None
2026-07-23 15:16:53.050 [CMD] Relative move: move forward 2.00 m. (type 'cancel' to stop)
2026-07-23 15:16:53.817 [BRAIN] {'steps': [{'action': 'move', 'speech': 'Moving forward two meters.', 'target': None, 'distance_m': 2.0, 'rotation_deg': 0.0}]}
2026-07-23 15:16:53.817 [STEP] move target=None
2026-07-23 15:16:53.817 [CMD] Command> turn left
2026-07-23 15:16:54.559 [BRAIN] {'steps': [{'action': 'move', 'speech': 'Turning left.', 'target': None, 'distance_m': 0.0, 'rotation_deg': -90.0}]}
2026-07-23 15:16:54.560 [STEP] move target=None
2026-07-23 15:16:54.560 [CMD] (I see: nothing)  thinking...
2026-07-23 15:16:55.304 [BRAIN] {'steps': [{'action': 'describe', 'speech': "There's a person here, but no chair.", 'target': None}]}
2026-07-23 15:16:55.304 [STEP] describe target=None
2026-07-23 15:16:55.378 [CMD] [move] Turning left.
2026-07-23 15:16:56.135 [BRAIN] {'steps': [{'action': 'move', 'speech': 'Turning left.', 'target': None, 'distance_m': 0.0, 'rotation_deg': -90.0}]}
2026-07-23 15:16:56.135 [STEP] move target=None
2026-07-23 15:16:56.135 [CMD] Relative move: turn 90 deg right. (type 'cancel' to stop)
2026-07-23 15:16:56.977 [BRAIN] {'steps': [{'action': 'move', 'speech': 'Turning ninety degrees to the right.', 'target': None, 'distance_m': 0.0, 'rotation_deg': 90.0}]}
2026-07-23 15:16:56.977 [STEP] move target=None
2026-07-23 15:16:56.978 [CMD] Command>
2026-07-23 15:16:57.707 [BRAIN] {'steps': [{'action': 'find_another', 'speech': 'Looking for another chair.', 'target': 'chair'}]}
2026-07-23 15:16:57.707 [STEP] find_another target='chair'
2026-07-23 15:16:57.707 [CMD] [robot] Done with that move.
2026-07-23 15:16:58.721 [BRAIN] {'steps': [{'action': 'reject', 'speech': "I don't need to do anything else, let me know if you need me to look for something specific.", 'target': None}]}
2026-07-23 15:16:58.721 [STEP] reject target=None
2026-07-23 15:16:58.721 [CMD] Command> what do you see
2026-07-23 15:16:59.455 [BRAIN] {'steps': [{'action': 'describe', 'speech': 'I see a person.', 'target': None}]}
2026-07-23 15:16:59.455 [STEP] describe target=None
2026-07-23 15:16:59.563 [CMD] (I see: ['chair'])  thinking...
2026-07-23 15:17:00.209 [BRAIN] {'steps': [{'action': 'locate', 'speech': 'Looking for another chair.', 'target': 'chair'}]}
2026-07-23 15:17:00.209 [STEP] locate target='chair'
2026-07-23 15:17:00.209 [CMD] [describe] I see a chair.
2026-07-23 15:17:00.933 [BRAIN] {'steps': [{'action': 'locate', 'speech': 'Checking if the chair is still there.', 'target': 'chair'}]}
2026-07-23 15:17:00.933 [STEP] locate target='chair'
2026-07-23 15:17:00.934 [CMD] I see: ['chair', 'chair']
2026-07-23 15:17:01.641 [BRAIN] {'steps': [{'action': 'locate', 'speech': 'Checking if the chairs are still here.', 'target': 'chair'}]}
2026-07-23 15:17:01.641 [STEP] locate target='chair'
2026-07-23 15:17:01.642 [CMD] Command> how many
2026-07-23 15:17:02.337 [BRAIN] {'steps': [{'action': 'count', 'speech': 'Counting chairs now.', 'target': 'chair'}]}
2026-07-23 15:17:02.337 [STEP] count target='chair'
2026-07-23 15:17:02.413 [CMD] (I see: ['chair'])  thinking...
2026-07-23 15:17:03.137 [BRAIN] {'steps': [{'action': 'describe', 'speech': 'Describing what I see now.', 'target': None}]}
2026-07-23 15:17:03.137 [STEP] describe target=None
2026-07-23 15:17:03.226 [CMD] [count] Counting chairs now.
2026-07-23 15:17:03.905 [BRAIN] {'steps': [{'action': 'count', 'speech': 'Counting chairs now.', 'target': 'chair'}]}
2026-07-23 15:17:03.905 [STEP] count target='chair'
2026-07-23 15:17:03.970 [CMD] I can see 2 'chair' right now.
2026-07-23 15:17:04.763 [BRAIN] {'steps': [{'action': 'count', 'speech': 'Counting the chairs I see.', 'target': 'chair'}]}
2026-07-23 15:17:04.763 [STEP] count target='chair'
2026-07-23 15:17:04.825 [CMD] Command> go to the chair
2026-07-23 15:17:05.618 [BRAIN] {'steps': [{'action': 'navigate', 'speech': 'Heading to the chair.', 'target': 'chair'}]}
2026-07-23 15:17:05.618 [STEP] navigate target='chair'
2026-07-23 15:17:05.618 [MEMORY] seeded chair from remembered instance at (14.66, -2.53)
2026-07-23 15:17:05.618 [CMD] (I see: ['chair'])  thinking...
2026-07-23 15:17:06.313 [BRAIN] {'steps': [{'action': 'locate', 'speech': 'Thinking about the nearest chair.', 'target': 'chair'}]}
2026-07-23 15:17:06.313 [STEP] locate target='chair'
2026-07-23 15:17:06.313 [CMD] [navigate] Heading to the chair.
2026-07-23 15:17:07.106 [BRAIN] {'steps': [{'action': 'navigate', 'speech': 'Heading to the chair.', 'target': 'chair'}]}
2026-07-23 15:17:07.106 [STEP] navigate target='chair'
2026-07-23 15:17:07.106 [MEMORY] seeded chair from remembered instance at (14.66, -2.53)
2026-07-23 15:17:07.106 [CMD] I remember seeing a chair about 1.7 m away — heading to that spot and I'll confirm it on the way. (type 'cancel' to stop)
2026-07-23 15:17:07.961 [BRAIN] {'steps': [{'action': 'navigate', 'speech': 'Navigating to the remembered chair location.', 'target': 'chair'}]}
2026-07-23 15:17:07.961 [STEP] navigate target='chair'
2026-07-23 15:17:07.961 [MEMORY] seeded chair from remembered instance at (14.66, -2.53)
2026-07-23 15:17:07.961 [CMD] Command> no no go the chair that was at the farthest
2026-07-23 15:17:08.871 [BRAIN] {'steps': [{'action': 'navigate', 'speech': 'Navigating to the farthest chair.', 'target': 'chair', 'qualifier': 'farthest'}]}
2026-07-23 15:17:08.871 [STEP] navigate target='chair'
2026-07-23 15:17:08.872 [MEMORY] seeded chair from remembered instance at (15.20, -1.91)
2026-07-23 15:17:08.872 [CMD] (I see: ['person'])  thinking...
2026-07-23 15:17:09.600 [BRAIN] {'steps': [{'action': 'describe', 'speech': 'Thinking about what to do next.', 'target': None}]}
2026-07-23 15:17:09.600 [STEP] describe target=None
2026-07-23 15:17:09.663 [CMD] [navigate] Navigating to the farthest chair.
2026-07-23 15:17:10.514 [BRAIN] {'steps': [{'action': 'navigate', 'speech': 'Navigating to the farthest chair.', 'target': 'chair', 'qualifier': 'farthest'}]}
2026-07-23 15:17:10.514 [STEP] navigate target='chair'
2026-07-23 15:17:10.515 [MEMORY] seeded chair from remembered instance at (15.20, -1.91)
2026-07-23 15:17:10.515 [CMD] I remember seeing a chair about 15.5 m away — heading to that spot and I'll confirm it on the way. (type 'cancel' to stop)
2026-07-23 15:17:11.505 [BRAIN] {'steps': [{'action': 'navigate', 'speech': 'Heading to the nearest chair, which is about 15.5 meters away.', 'target': None, 'qualifier': 'nearest'}]}
2026-07-23 15:17:11.505 [STEP] navigate target=None
2026-07-23 15:17:11.505 [CMD] Command>
2026-07-23 15:17:12.183 [BRAIN] {'steps': [{'action': 'locate', 'speech': 'Looking for the chair again.', 'target': 'chair'}]}
2026-07-23 15:17:12.183 [STEP] locate target='chair'
2026-07-23 15:17:12.183 [CMD] [robot] I can see the chair now — it's where I remembered.
2026-07-23 15:17:12.854 [BRAIN] {'steps': [{'action': 'locate', 'speech': 'Chair located as expected.', 'target': 'chair'}]}
2026-07-23 15:17:12.854 [STEP] locate target='chair'
2026-07-23 15:17:12.854 [CMD] Command> go to the chair furthest
2026-07-23 15:17:13.653 [BRAIN] {'steps': [{'action': 'navigate', 'speech': 'Heading to the farthest chair.', 'target': 'chair', 'qualifier': 'farthest'}]}
2026-07-23 15:17:13.653 [STEP] navigate target='chair'
2026-07-23 15:17:13.653 [MEMORY] seeded chair from remembered instance at (15.20, -1.91)
2026-07-23 15:17:13.653 [CMD] (I see: ['chair'])  thinking...
2026-07-23 15:17:14.358 [BRAIN] {'steps': [{'action': 'describe', 'speech': 'Thinking about what to do next.', 'target': None}]}
2026-07-23 15:17:14.358 [STEP] describe target=None
2026-07-23 15:17:14.419 [CMD] [navigate] Heading to the farthest chair.
2026-07-23 15:17:15.217 [BRAIN] {'steps': [{'action': 'navigate', 'speech': 'Heading to the farthest chair.', 'target': 'chair', 'qualifier': 'farthest'}]}
2026-07-23 15:17:15.217 [STEP] navigate target='chair'
2026-07-23 15:17:15.217 [MEMORY] seeded chair from remembered instance at (15.20, -1.91)
2026-07-23 15:17:15.217 [CMD] I remember seeing a chair about 13.5 m away — heading to that spot and I'll confirm it on the way. (type 'cancel' to stop)
2026-07-23 15:17:16.007 [BRAIN] {'steps': [{'action': 'navigate', 'speech': 'Heading back to the nearest chair.', 'target': None, 'qualifier': 'nearest'}]}
2026-07-23 15:17:16.007 [STEP] navigate target=None
2026-07-23 15:17:16.007 [CMD] Command>
2026-07-23 15:17:16.694 [BRAIN] {'steps': [{'action': 'locate', 'speech': 'Looking for the chair again.', 'target': 'chair'}]}
2026-07-23 15:17:16.694 [STEP] locate target='chair'
2026-07-23 15:17:16.694 [CMD] [robot] I can see the chair now — it's where I remembered.
2026-07-23 15:17:17.365 [BRAIN] {'steps': [{'action': 'locate', 'speech': 'Chair located as expected.', 'target': 'chair'}]}
2026-07-23 15:17:17.365 [STEP] locate target='chair'
2026-07-23 15:17:17.365 [CMD] Command> go to it
2026-07-23 15:17:17.977 [BRAIN] {'steps': [{'action': 'navigate', 'speech': 'Heading to the chair.', 'target': 'chair'}]}
2026-07-23 15:17:17.977 [STEP] navigate target='chair'
2026-07-23 15:17:17.977 [MEMORY] seeded chair from remembered instance at (14.66, -2.53)
2026-07-23 15:17:17.977 [CMD] (I see: ['chair'])  thinking...
2026-07-23 15:17:18.656 [BRAIN] {'steps': [{'action': 'locate', 'speech': 'Thinking about the chair.', 'target': 'chair'}]}
2026-07-23 15:17:18.656 [STEP] locate target='chair'
2026-07-23 15:17:18.656 [CMD] [navigate] Heading back to the chair.
2026-07-23 15:17:19.284 [BRAIN] {'steps': [{'action': 'navigate', 'speech': 'Returning to the chair.', 'target': 'chair'}]}
2026-07-23 15:17:19.284 [STEP] navigate target='chair'
2026-07-23 15:17:19.284 [MEMORY] seeded chair from remembered instance at (14.66, -2.53)
2026-07-23 15:17:19.284 [CMD] I remember seeing a chair about 2.1 m away — heading to that spot and I'll confirm it on the way. (type 'cancel' to stop)
2026-07-23 15:17:20.123 [BRAIN] {'steps': [{'action': 'navigate', 'speech': 'Confirming the location of the nearest chair.', 'target': None, 'qualifier': 'nearest'}]}
2026-07-23 15:17:20.123 [STEP] navigate target=None
2026-07-23 15:17:20.124 [CMD] Command> turn around
2026-07-23 15:17:20.896 [BRAIN] {'steps': [{'action': 'move', 'speech': 'Turning around.', 'target': None, 'distance_m': 0.0, 'rotation_deg': -360.0}]}
2026-07-23 15:17:20.896 [STEP] move target=None
2026-07-23 15:17:20.896 [CMD] (I see: nothing)  thinking...
2026-07-23 15:17:21.662 [BRAIN] {'steps': [{'action': 'describe', 'speech': "Looking around, but I don't see anything new.", 'target': None}]}
2026-07-23 15:17:21.662 [STEP] describe target=None
2026-07-23 15:17:21.722 [CMD] [move] Turning around completely.
2026-07-23 15:17:22.502 [BRAIN] {'steps': [{'action': 'move', 'speech': 'Turning completely around.', 'target': None, 'distance_m': 0.0, 'rotation_deg': -360.0}]}
2026-07-23 15:17:22.503 [STEP] move target=None
2026-07-23 15:17:22.503 [CMD] Relative move: turn 360 deg right. (type 'cancel' to stop)
2026-07-23 15:17:23.334 [BRAIN] {'steps': [{'action': 'move', 'speech': 'Turning completely to the right.', 'target': None, 'distance_m': 0.0, 'rotation_deg': 360.0}]}
2026-07-23 15:17:23.334 [STEP] move target=None
2026-07-23 15:17:23.334 [CMD] Command> cancel
2026-07-23 15:17:23.681 [BRAIN] {'steps': [{'action': 'clarify', 'target': None, 'speech': "Sorry, I didn't catch that — can you say it another way?"}]}
2026-07-23 15:17:23.681 [STEP] clarify target=None
2026-07-23 15:17:23.681 [CMD] Task cancelled. Robot is idle.
2026-07-23 15:17:24.033 [BRAIN] {'steps': [{'action': 'clarify', 'target': None, 'speech': "Sorry, I didn't catch that — can you say it another way?"}]}
2026-07-23 15:17:24.033 [STEP] clarify target=None
2026-07-23 15:17:24.033 [CMD] Command> go this chair now forget about the previous one
2026-07-23 15:17:24.698 [BRAIN] {'steps': [{'action': 'navigate', 'speech': 'Going to this chair.', 'target': 'chair'}]}
2026-07-23 15:17:24.698 [STEP] navigate target='chair'
2026-07-23 15:17:24.698 [MEMORY] seeded chair from remembered instance at (14.66, -2.53)
2026-07-23 15:17:24.698 [CMD] (I see: ['chair'])  thinking...
2026-07-23 15:17:25.361 [BRAIN] {'steps': [{'action': 'locate', 'speech': 'Thinking about the chair.', 'target': 'chair'}]}
2026-07-23 15:17:25.362 [STEP] locate target='chair'
2026-07-23 15:17:25.362 [CMD] [navigate] Going to this chair.
2026-07-23 15:17:26.148 [BRAIN] {'steps': [{'action': 'navigate', 'speech': 'Heading back to the chair.', 'target': 'chair'}]}
2026-07-23 15:17:26.148 [STEP] navigate target='chair'
2026-07-23 15:17:26.148 [MEMORY] seeded chair from remembered instance at (14.66, -2.53)
2026-07-23 15:17:26.148 [CMD] I remember seeing a chair about 1.1 m away — heading to that spot and I'll confirm it on the way. (type 'cancel' to stop)
2026-07-23 15:17:26.967 [BRAIN] {'steps': [{'action': 'navigate', 'speech': 'Navigating to the remembered chair location.', 'target': 'chair'}]}
2026-07-23 15:17:26.967 [STEP] navigate target='chair'
2026-07-23 15:17:26.968 [MEMORY] seeded chair from remembered instance at (14.66, -2.53)
2026-07-23 15:17:26.968 [CMD] Command> what do you see
2026-07-23 15:17:27.749 [BRAIN] {'steps': [{'action': 'describe', 'speech': 'I can see a person.', 'target': None}]}
2026-07-23 15:17:27.749 [STEP] describe target=None
2026-07-23 15:17:27.825 [CMD] (I see: ['person'])  thinking...
2026-07-23 15:17:28.536 [BRAIN] {'steps': [{'action': 'describe', 'speech': 'Thinking about what to do next.', 'target': None}]}
2026-07-23 15:17:28.542 [STEP] describe target=None
2026-07-23 15:17:28.613 [CMD] [describe] I can see a person.
2026-07-23 15:17:29.401 [BRAIN] {'steps': [{'action': 'describe', 'speech': 'I see a person in front of me.', 'target': None}]}
2026-07-23 15:17:29.401 [STEP] describe target=None
2026-07-23 15:17:29.472 [CMD] I see: ['person']
2026-07-23 15:17:29.615 [RUN] agent shutting down
