2026-07-16 21:38:32.325 [RUN] agent started (SIGHT_CONFIRM=2, SEARCH_TIMEOUT=45.0s, NO_PROGRESS_LIMIT=60.0s, ROBOT_CLEARANCE=0.25m)
2026-07-16 21:38:37.573 [CMD] give me live feed
2026-07-16 21:38:41.248 [BRAIN] {'steps': [{'action': 'feed', 'speech': 'Showing you the current view.', 'target': None}]}
2026-07-16 21:38:41.248 [STEP] feed target=None
2026-07-16 21:39:13.125 [CMD] turn right 40 degree
2026-07-16 21:39:13.945 [BRAIN] {'steps': [{'action': 'move', 'speech': 'Turning forty degrees to the right.', 'target': None, 'distance_m': 0.0, 'rotation_deg': -40.0}]}
2026-07-16 21:39:13.945 [STEP] move target=None
2026-07-16 21:39:13.945 [ROBOT] I'm docked — undocking first, then I'll continue.
2026-07-16 21:39:13.945 [ROBOT] Undocking…
2026-07-16 21:39:23.736 [ROBOT] Undocked — ready to move.
2026-07-16 21:39:23.736 [DOCK] undock ok
2026-07-16 21:39:23.736 [STEP] move target=None
2026-07-16 21:39:27.389 [ROBOT] Done with that move.
2026-07-16 21:39:41.717 [CMD] turn right 80 degree
2026-07-16 21:39:42.492 [BRAIN] {'steps': [{'action': 'move', 'speech': 'Turning eighty degrees to the right.', 'target': None, 'distance_m': 0.0, 'rotation_deg': -80.0}]}
2026-07-16 21:39:42.492 [STEP] move target=None
2026-07-16 21:39:47.390 [ROBOT] Done with that move.
2026-07-16 21:39:55.062 [CMD] turn right 80
2026-07-16 21:39:55.844 [BRAIN] {'steps': [{'action': 'move', 'speech': 'Turning eighty degrees to the right.', 'target': None, 'distance_m': 0.0, 'rotation_deg': -80.0}]}
2026-07-16 21:39:55.844 [STEP] move target=None
2026-07-16 21:40:00.389 [ROBOT] Done with that move.
2026-07-17 11:10:53.732 [RUN] agent shutting down
