2026-09-23 14:56:11.145 [RUN] vla_agent v28  (#63 headless-safe console output, #62 direction-aware collision guard, #61 nearest-cluster LiDAR ranging, #60 manual override teleop, #59 10 Hz collision guard, #58 smoother approach, #57 stand off far enough to keep the object in view, #56 step-and-stare scan, #55 LiDAR failure reasons reported, #54 LiDAR object ranging, #53 seeded depth intrinsics, #52 depth intrinsics rescaled to frame size, #51 compressedDepth transport, #50 compressed RGB transport, #49 annotated feed gated per topic, #47 TF at colour-frame stamp, #48 reject stale depth, #46 one subscription per camera stream, #43 longer cached action-server wait, #44 undock retry-loop breaker, #45 sync slop for 1 Hz depth, #37 /robot1 namespace, #38 stereo depth topic, #39 best-effort sensor QoS, #40 RGB->depth pixel mapping, #41 encoding-based mm/m, #42 explicit namespaced TF, #36 no patrol feed prompt, #35 cancel actually stops the robot, #34 feed publishes to any subscriber, #22 dock no-detect zone, #23 live-first memory, #24 forget, #25 typo-tolerant control words, #26 bare yes/no, #27 context expiry, #28 all-instance distances, #29 Create 3 backup ratchet, #30 sticky goals + range-scaled gate + ring-safe blacklist, #31 incremental off-map hop goals, #32 non-freezing live feed, #33 command/reply/status bridge)
2026-09-23 14:56:11.145 [RUN] agent started (SIGHT_CONFIRM=2, SEARCH_TIMEOUT=120.0s, NO_PROGRESS_LIMIT=60.0s, ROBOT_CLEARANCE=0.25m)
2026-09-23 14:56:38.024 [CMD] [remote] what fo you see
2026-09-23 14:56:38.024 [STOP] hard stop requested (cancel-all + zero barrage)
2026-09-23 14:56:38.633 [BRAIN] {'steps': [{'action': 'describe', 'speech': 'I see a chair and a person.', 'target': None}]}
2026-09-23 14:56:38.633 [STEP] describe target=None
2026-09-23 14:56:40.081 [ROBOT] Stopped. The robot is idle.
2026-09-23 14:56:40.081 [STOP] confirmed stopped by odometry after barrage
2026-09-23 14:56:45.135 [CMD] [remote] what do you see
2026-09-23 14:56:45.135 [STOP] hard stop requested (cancel-all + zero barrage)
2026-09-23 14:56:45.782 [BRAIN] {'steps': [{'action': 'describe', 'speech': 'I can see a chair and a person.', 'target': None}]}
2026-09-23 14:56:45.782 [STEP] describe target=None
2026-09-23 14:56:47.181 [ROBOT] Stopped. The robot is idle.
2026-09-23 14:56:47.181 [STOP] confirmed stopped by odometry after barrage
2026-09-23 14:56:49.592 [CMD] [remote] go to the chair
2026-09-23 14:56:49.592 [STOP] hard stop requested (cancel-all + zero barrage)
2026-09-23 14:56:50.176 [BRAIN] {'steps': [{'action': 'navigate', 'speech': 'Heading to the chair.', 'target': 'chair'}]}
2026-09-23 14:56:50.177 [STEP] navigate target='chair'
2026-09-23 14:56:51.641 [ROBOT] Stopped. The robot is idle.
2026-09-23 14:56:51.642 [STOP] confirmed stopped by odometry after barrage
2026-09-23 14:56:52.312 [ROBOT] Found the chair — navigating to it.
2026-09-23 14:56:52.313 [SIGHT] chair at (-2.38, -0.07), 1.85 m away
2026-09-23 14:56:52.313 [ROBOT] The chair is about 1.8 m away, past the edge of what I've mapped. Moving up in short steps and mapping as I go.
2026-09-23 14:56:52.313 [STEP] #31 hop mode engaged for chair: object (-2.38, -0.07) at 1.8 m, area_mapped=False
2026-09-23 14:56:52.313 [GOAL] #31 hop 1: 1.25 m toward chair (still 1.8 m away)
2026-09-23 14:56:52.313 [GOAL] (-1.18, -0.09) yaw=-139deg mode=navigate
2026-09-23 14:56:56.211 [ROBOT] Arrived at the chair.
2026-09-23 14:56:56.211 [ARRIVE] #64e chair in frame at 1.08 m (<= 1.2 m) -- stopping here
2026-09-23 14:57:02.704 [CMD] [remote] get closer
2026-09-23 14:57:02.704 [STOP] hard stop requested (cancel-all + zero barrage)
2026-09-23 14:57:03.354 [BRAIN] {'steps': [{'action': 'move', 'speech': 'Moving closer to the person.', 'target': None, 'distance_m': 0.5, 'rotation_deg': 0.0}]}
2026-09-23 14:57:03.354 [STEP] move target=None
2026-09-23 14:57:04.762 [ROBOT] Stopped. The robot is idle.
2026-09-23 14:57:04.762 [STOP] confirmed stopped by odometry after barrage
2026-09-23 14:57:08.161 [ROBOT] Done with that move.
2026-09-23 14:57:11.319 [CMD] [remote] turn around
2026-09-23 14:57:11.320 [STOP] hard stop requested (cancel-all + zero barrage)
2026-09-23 14:57:11.930 [BRAIN] {'steps': [{'action': 'move', 'speech': 'Turning around.', 'target': None, 'distance_m': 0.0, 'rotation_deg': 180.0}]}
2026-09-23 14:57:11.930 [STEP] move target=None
2026-09-23 14:57:13.361 [ROBOT] Stopped. The robot is idle.
2026-09-23 14:57:13.362 [STOP] confirmed stopped by odometry after barrage
2026-09-23 14:57:21.162 [ROBOT] Done with that move.
2026-09-23 14:57:22.934 [CMD] [remote] what do you see
2026-09-23 14:57:22.934 [STOP] hard stop requested (cancel-all + zero barrage)
2026-09-23 14:57:23.507 [BRAIN] {'steps': [{'action': 'describe', 'speech': "I don't see anything right now.", 'target': None}]}
2026-09-23 14:57:23.508 [STEP] describe target=None
2026-09-23 14:57:24.982 [ROBOT] Stopped. The robot is idle.
2026-09-23 14:57:24.982 [STOP] confirmed stopped by odometry after barrage
2026-09-23 14:57:26.374 [CMD] [remote] move forward two meters
2026-09-23 14:57:26.375 [STOP] hard stop requested (cancel-all + zero barrage)
2026-09-23 14:57:26.976 [BRAIN] {'steps': [{'action': 'move', 'speech': 'Moving forward two metres.', 'target': None, 'distance_m': 2.0, 'rotation_deg': 0.0}]}
2026-09-23 14:57:26.976 [STEP] move target=None
2026-09-23 14:57:28.421 [ROBOT] Stopped. The robot is idle.
2026-09-23 14:57:28.422 [STOP] confirmed stopped by odometry after barrage
2026-09-23 14:57:40.162 [ROBOT] Done with that move.
2026-09-23 14:57:43.120 [CMD] [remote] turn left
2026-09-23 14:57:43.121 [STOP] hard stop requested (cancel-all + zero barrage)
2026-09-23 14:57:43.783 [BRAIN] {'steps': [{'action': 'move', 'speech': 'Turning ninety degrees left.', 'target': None, 'distance_m': 0.0, 'rotation_deg': 90.0}]}
2026-09-23 14:57:43.783 [STEP] move target=None
2026-09-23 14:57:45.162 [ROBOT] Stopped. The robot is idle.
2026-09-23 14:57:45.162 [STOP] confirmed stopped by odometry after barrage
2026-09-23 14:57:50.161 [ROBOT] Done with that move.
2026-09-23 14:57:52.215 [CMD] [remote] what do you see
2026-09-23 14:57:52.215 [STOP] hard stop requested (cancel-all + zero barrage)
2026-09-23 14:57:52.795 [BRAIN] {'steps': [{'action': 'describe', 'speech': 'I can see a chair and a shelf.', 'target': None}]}
2026-09-23 14:57:52.795 [STEP] describe target=None
2026-09-23 14:57:54.261 [ROBOT] Stopped. The robot is idle.
2026-09-23 14:57:54.262 [STOP] confirmed stopped by odometry after barrage
2026-09-23 14:57:55.307 [CMD] [remote] go to the chair
2026-09-23 14:57:55.307 [STOP] hard stop requested (cancel-all + zero barrage)
2026-09-23 14:57:55.821 [BRAIN] {'steps': [{'action': 'navigate', 'speech': 'Heading to the chair.', 'target': 'chair'}]}
2026-09-23 14:57:55.821 [STEP] navigate target='chair'
2026-09-23 14:57:57.361 [ROBOT] Stopped. The robot is idle.
2026-09-23 14:57:57.362 [STOP] confirmed stopped by odometry after barrage
2026-09-23 14:57:58.350 [CMD] (cancel via remote) cancel
2026-09-23 14:57:58.350 [STOP] hard stop requested (cancel-all + zero barrage)
2026-09-23 14:58:00.401 [ROBOT] Stopped. The robot is idle.
2026-09-23 14:58:00.402 [STOP] confirmed stopped by odometry after barrage
2026-09-23 14:58:01.258 [CMD] [remote] go to the shelf
2026-09-23 14:58:01.259 [STOP] hard stop requested (cancel-all + zero barrage)
2026-09-23 14:58:01.778 [BRAIN] {'steps': [{'action': 'navigate', 'speech': 'Heading to the nearest shelf.', 'target': 'shelf'}]}
2026-09-23 14:58:01.778 [STEP] navigate target='shelf'
2026-09-23 14:58:03.301 [ROBOT] Stopped. The robot is idle.
2026-09-23 14:58:03.301 [STOP] confirmed stopped by odometry after barrage
2026-09-23 14:58:11.212 [ROBOT] Found the shelf — navigating to it.
2026-09-23 14:58:11.212 [SIGHT] shelf at (0.79, -0.42), 3.21 m away
2026-09-23 14:58:11.214 [GOAL] (0.19, 0.11) yaw=-42deg mode=navigate
2026-09-23 14:58:14.211 [WARN] suspicious shelf jump of 4.6 m (occlusion/depth noise?) — waiting for a confirming look (agree radius 1.9 m)
2026-09-23 14:58:15.211 [SIGHT] large shelf jump (4.3 m) confirmed by a second look — accepting
2026-09-23 14:58:15.212 [GOAL] (3.39, -2.79) yaw=-68deg mode=navigate
2026-09-23 14:58:15.215 [RESULT] nav goal status=6 (not-succeeded)
2026-09-23 14:58:15.215 [WARN] nav goal (3.39, -2.79) failed (status=6); trying another approach angle
2026-09-23 14:58:16.215 [GOAL] (2.09, -2.94) yaw=-50deg mode=navigate
2026-09-23 14:58:16.225 [RESULT] nav goal status=6 (not-succeeded)
2026-09-23 14:58:16.225 [WARN] nav goal (2.09, -2.94) failed (status=6); trying another approach angle
2026-09-23 14:58:17.215 [GOAL] (1.76, -3.19) yaw=-26deg mode=navigate
2026-09-23 14:58:17.225 [RESULT] nav goal status=6 (not-succeeded)
2026-09-23 14:58:17.225 [WARN] nav goal (1.76, -3.19) failed (status=6); trying another approach angle
2026-09-23 14:58:18.215 [GOAL] (2.26, -2.78) yaw=-76deg mode=navigate
2026-09-23 14:58:18.225 [RESULT] nav goal status=6 (not-succeeded)
2026-09-23 14:58:18.226 [WARN] nav goal (2.26, -2.78) failed (status=6); trying another approach angle
2026-09-23 14:58:19.210 [WARN] suspicious shelf jump of 3.4 m (occlusion/depth noise?) — waiting for a confirming look (agree radius 1.0 m)
2026-09-23 14:58:19.212 [GOAL] (2.61, -2.76) yaw=-101deg mode=navigate
2026-09-23 14:58:19.215 [RESULT] nav goal status=6 (not-succeeded)
2026-09-23 14:58:19.215 [WARN] nav goal (2.61, -2.76) failed (status=6); trying another approach angle
2026-09-23 14:58:20.212 [GOAL] (1.08, -0.67) yaw=-28deg mode=navigate
2026-09-23 14:58:20.215 [RESULT] nav goal status=6 (not-succeeded)
2026-09-23 14:58:20.215 [WARN] nav goal (1.08, -0.67) failed (status=6); trying another approach angle
2026-09-23 14:58:21.210 [GOAL] (1.18, -2.54) yaw=-58deg mode=navigate
2026-09-23 14:58:21.215 [RESULT] nav goal status=6 (not-succeeded)
2026-09-23 14:58:21.215 [WARN] nav goal (1.18, -2.54) failed (status=6); trying another approach angle
2026-09-23 14:58:22.218 [GOAL] (1.87, -1.71) yaw=-37deg mode=navigate
2026-09-23 14:58:22.226 [RESULT] nav goal status=6 (not-succeeded)
2026-09-23 14:58:22.226 [WARN] nav goal (1.87, -1.71) failed (status=6); trying another approach angle
2026-09-23 14:58:23.214 [GOAL] (1.66, -2.07) yaw=-12deg mode=navigate
2026-09-23 14:58:23.216 [RESULT] nav goal status=6 (not-succeeded)
2026-09-23 14:58:23.216 [WARN] nav goal (1.66, -2.07) failed (status=6); trying another approach angle
2026-09-23 14:58:24.216 [GOAL] (1.96, -3.18) yaw=-54deg mode=navigate
2026-09-23 14:58:24.226 [RESULT] nav goal status=6 (not-succeeded)
2026-09-23 14:58:24.226 [WARN] nav goal (1.96, -3.18) failed (status=6); trying another approach angle
2026-09-23 14:58:25.216 [GOAL] (2.23, -2.98) yaw=-79deg mode=navigate
2026-09-23 14:58:25.225 [RESULT] nav goal status=6 (not-succeeded)
2026-09-23 14:58:25.225 [WARN] nav goal (2.23, -2.98) failed (status=6); trying another approach angle
2026-09-23 14:58:26.214 [GOAL] (2.40, -2.83) yaw=-76deg mode=navigate
2026-09-23 14:58:26.225 [RESULT] nav goal status=6 (not-succeeded)
2026-09-23 14:58:26.226 [WARN] nav goal (2.40, -2.83) failed (status=6); trying another approach angle
2026-09-23 14:58:27.213 [GOAL] (2.49, -2.57) yaw=-38deg mode=navigate
2026-09-23 14:58:27.216 [RESULT] nav goal status=6 (not-succeeded)
2026-09-23 14:58:27.216 [WARN] nav goal (2.49, -2.57) failed (status=6); trying another approach angle
2026-09-23 14:58:28.215 [GOAL] (2.36, -2.90) yaw=-13deg mode=navigate
2026-09-23 14:58:28.225 [RESULT] nav goal status=6 (not-succeeded)
2026-09-23 14:58:28.226 [WARN] nav goal (2.36, -2.90) failed (status=6); trying another approach angle
2026-09-23 14:58:29.212 [GOAL] (2.77, -2.37) yaw=-62deg mode=navigate
2026-09-23 14:58:29.215 [RESULT] nav goal status=6 (not-succeeded)
2026-09-23 14:58:29.215 [WARN] nav goal (2.77, -2.37) failed (status=6); trying another approach angle
2026-09-23 14:58:30.214 [GOAL] (2.36, -3.26) yaw=13deg mode=navigate
2026-09-23 14:58:30.226 [RESULT] nav goal status=6 (not-succeeded)
2026-09-23 14:58:30.226 [WARN] nav goal (2.36, -3.26) failed (status=6); trying another approach angle
2026-09-23 14:58:31.210 [GOAL] (3.10, -2.28) yaw=-87deg mode=navigate
2026-09-23 14:58:31.216 [RESULT] nav goal status=6 (not-succeeded)
2026-09-23 14:58:31.216 [WARN] nav goal (3.10, -2.28) failed (status=6); trying another approach angle
2026-09-23 14:58:32.218 [GOAL] (3.36, -2.52) yaw=-111deg mode=navigate
2026-09-23 14:58:32.225 [RESULT] nav goal status=6 (not-succeeded)
2026-09-23 14:58:32.225 [WARN] nav goal (3.36, -2.52) failed (status=6); trying another approach angle
2026-09-23 14:58:32.225 [WARN] every approach to the target failed — dropping sighting, rescanning
2026-09-23 14:58:38.210 [ROBOT] Found the shelf — navigating to it.
2026-09-23 14:58:38.211 [SIGHT] shelf at (3.83, -3.05), 1.43 m away
2026-09-23 14:58:38.212 [GOAL] (3.13, -2.67) yaw=-29deg mode=navigate
2026-09-23 14:58:38.215 [RESULT] nav goal status=6 (not-succeeded)
2026-09-23 14:58:38.215 [WARN] nav goal (3.13, -2.67) failed (status=6); trying another approach angle
2026-09-23 14:58:39.214 [GOAL] (3.03, -2.99) yaw=-4deg mode=navigate
2026-09-23 14:58:39.216 [RESULT] nav goal status=6 (not-succeeded)
2026-09-23 14:58:39.216 [WARN] nav goal (3.03, -2.99) failed (status=6); trying another approach angle
2026-09-23 14:58:40.215 [GOAL] (3.21, -2.95) yaw=-55deg mode=navigate
2026-09-23 14:58:40.225 [RESULT] nav goal status=6 (not-succeeded)
2026-09-23 14:58:40.225 [WARN] nav goal (3.21, -2.95) failed (status=6); trying another approach angle
2026-09-23 14:58:41.209 [GOAL] (3.56, -2.81) yaw=-82deg mode=navigate
2026-09-23 14:58:41.216 [RESULT] nav goal status=6 (not-succeeded)
2026-09-23 14:58:41.216 [WARN] nav goal (3.56, -2.81) failed (status=6); trying another approach angle
2026-09-23 14:58:42.208 [ROBOT] Arrived at the shelf.
2026-09-23 14:58:42.208 [ARRIVE] #64e shelf in frame at 0.78 m (<= 1.2 m) -- stopping here
2026-09-23 14:58:54.677 [CMD] [remote] turn around
2026-09-23 14:58:54.677 [STOP] hard stop requested (cancel-all + zero barrage)
2026-09-23 14:58:55.280 [BRAIN] {'steps': [{'action': 'move', 'speech': 'Turning around.', 'target': None, 'distance_m': 0.0, 'rotation_deg': 180.0}]}
2026-09-23 14:58:55.280 [STEP] move target=None
2026-09-23 14:58:56.721 [ROBOT] Stopped. The robot is idle.
2026-09-23 14:58:56.722 [STOP] confirmed stopped by odometry after barrage
2026-09-23 14:59:05.161 [ROBOT] Done with that move.
2026-09-23 14:59:09.209 [CMD] [remote] what do you see
2026-09-23 14:59:09.209 [STOP] hard stop requested (cancel-all + zero barrage)
2026-09-23 14:59:09.363 [WARN] lidar ranging unavailable: only 0 valid beams within 3.3 deg of bearing -84.4 deg (scan frame rplidar_link, 1080 beams total)
2026-09-23 14:59:09.765 [WARN] lidar ranging unavailable: only 2 valid beams within 2.6 deg of bearing -77.2 deg (scan frame rplidar_link, 1080 beams total)
2026-09-23 14:59:09.779 [BRAIN] {'steps': [{'action': 'describe', 'speech': 'I see a chair and a person.', 'target': None}]}
2026-09-23 14:59:09.779 [STEP] describe target=None
2026-09-23 14:59:11.261 [ROBOT] Stopped. The robot is idle.
2026-09-23 14:59:11.262 [STOP] confirmed stopped by odometry after barrage
2026-09-23 14:59:23.562 [ROBOT] I've stopped receiving camera frames (none for over 5s). Check the OAK-D driver — I can still move, but I'm blind until it's back.
2026-09-23 14:59:23.562 [WARN] #32e camera stream stalled (>5s)
2026-09-23 14:59:48.347 [CMD] [remote] what do you see
2026-09-23 14:59:48.347 [STOP] hard stop requested (cancel-all + zero barrage)
2026-09-23 14:59:48.564 [WARN] lidar ranging unavailable: only 0 valid beams within 3.8 deg of bearing -87.5 deg (scan frame rplidar_link, 1080 beams total)
2026-09-23 14:59:49.000 [BRAIN] {'steps': [{'action': 'describe', 'speech': 'I can see a chair, a person, and a shelf.', 'target': None}]}
2026-09-23 14:59:49.000 [STEP] describe target=None
2026-09-23 14:59:50.401 [ROBOT] Stopped. The robot is idle.
2026-09-23 14:59:50.402 [STOP] confirmed stopped by odometry after barrage
2026-09-23 14:59:51.298 [CMD] [remote] go to the person
2026-09-23 14:59:51.298 [STOP] hard stop requested (cancel-all + zero barrage)
2026-09-23 14:59:51.806 [BRAIN] {'steps': [{'action': 'navigate', 'speech': 'Heading to the person.', 'target': 'person'}]}
2026-09-23 14:59:51.806 [STEP] navigate target='person'
2026-09-23 14:59:53.090 [WARN] #32e camera stream RESUMED after 34.7s
2026-09-23 14:59:53.090 [ROBOT] Camera frames are back — the gap was 34.7s.
2026-09-23 14:59:53.341 [ROBOT] Stopped. The robot is idle.
2026-09-23 14:59:53.342 [STOP] confirmed stopped by odometry after barrage
2026-09-23 14:59:53.363 [WARN] lidar ranging unavailable: only 0 valid beams within 3.7 deg of bearing -90.3 deg (scan frame rplidar_link, 1080 beams total)
2026-09-23 14:59:57.165 [WARN] lidar ranging unavailable: only 0 valid beams within 2.9 deg of bearing -82.3 deg (scan frame rplidar_link, 1080 beams total)
2026-09-23 14:59:58.162 [ROBOT] I've stopped receiving camera frames (none for over 5s). Check the OAK-D driver — I can still move, but I'm blind until it's back.
2026-09-23 14:59:58.164 [WARN] #32e camera stream stalled (>5s)
2026-09-23 15:00:00.896 [WARN] #32e camera stream RESUMED after 7.8s
2026-09-23 15:00:00.896 [ROBOT] Camera frames are back — the gap was 7.8s.
2026-09-23 15:00:01.364 [WARN] lidar ranging unavailable: only 0 valid beams within 3.3 deg of bearing -84.5 deg (scan frame rplidar_link, 1080 beams total)
2026-09-23 15:00:06.162 [ROBOT] I've stopped receiving camera frames (none for over 5s). Check the OAK-D driver — I can still move, but I'm blind until it's back.
2026-09-23 15:00:06.163 [WARN] #32e camera stream stalled (>5s)
2026-09-23 15:00:13.414 [ROBOT] Found the person — navigating to it.
2026-09-23 15:00:13.414 [SIGHT] person at (1.04, -4.25), 2.69 m away
2026-09-23 15:00:13.414 [ROBOT] The person is about 2.7 m away, past the edge of what I've mapped. Moving up in short steps and mapping as I go.
2026-09-23 15:00:13.414 [STEP] #31 hop mode engaged for person: object (1.04, -4.25) at 2.7 m, area_mapped=False
2026-09-23 15:00:13.414 [GOAL] #31 hop 1: 1.50 m toward person (still 2.7 m away)
2026-09-23 15:00:13.414 [GOAL] (2.05, -3.63) yaw=-149deg mode=navigate
2026-09-23 15:00:15.416 [STEP] person area now mapped after 1 hop(s) — switching to a direct approach
2026-09-23 15:00:15.416 [ROBOT] The area around the person is mapped now — going straight to it.
2026-09-23 15:00:15.416 [GOAL] (2.03, -3.65) yaw=-149deg mode=navigate
2026-09-23 15:00:15.426 [RESULT] nav goal status=6 (not-succeeded)
2026-09-23 15:00:15.426 [WARN] nav goal (2.03, -3.65) failed (status=6); trying another approach angle
2026-09-23 15:00:16.417 [GOAL] (2.00, -3.18) yaw=-166deg mode=navigate
2026-09-23 15:00:16.426 [RESULT] nav goal status=6 (not-succeeded)
2026-09-23 15:00:16.427 [WARN] nav goal (2.00, -3.18) failed (status=6); trying another approach angle
2026-09-23 15:00:17.418 [GOAL] (1.85, -2.87) yaw=-141deg mode=navigate
2026-09-23 15:00:17.427 [RESULT] nav goal status=6 (not-succeeded)
2026-09-23 15:00:17.427 [WARN] nav goal (1.85, -2.87) failed (status=6); trying another approach angle
2026-09-23 15:00:18.416 [GOAL] (2.01, -3.52) yaw=169deg mode=navigate
2026-09-23 15:00:18.426 [RESULT] nav goal status=6 (not-succeeded)
2026-09-23 15:00:18.426 [WARN] nav goal (2.01, -3.52) failed (status=6); trying another approach angle
2026-09-23 15:00:19.416 [GOAL] (1.58, -2.65) yaw=-116deg mode=navigate
2026-09-23 15:00:19.426 [RESULT] nav goal status=6 (not-succeeded)
2026-09-23 15:00:19.426 [WARN] nav goal (1.58, -2.65) failed (status=6); trying another approach angle
2026-09-23 15:00:20.416 [GOAL] (1.70, -3.72) yaw=144deg mode=navigate
2026-09-23 15:00:20.427 [RESULT] nav goal status=6 (not-succeeded)
2026-09-23 15:00:20.427 [WARN] nav goal (1.70, -3.72) failed (status=6); trying another approach angle
2026-09-23 15:00:21.419 [GOAL] (1.24, -2.77) yaw=-91deg mode=navigate
2026-09-23 15:00:21.427 [RESULT] nav goal status=6 (not-succeeded)
2026-09-23 15:00:21.427 [WARN] nav goal (1.24, -2.77) failed (status=6); trying another approach angle
2026-09-23 15:00:22.417 [GOAL] (0.90, -2.63) yaw=-66deg mode=navigate
2026-09-23 15:00:22.426 [RESULT] nav goal status=6 (not-succeeded)
2026-09-23 15:00:22.427 [WARN] nav goal (0.90, -2.63) failed (status=6); trying another approach angle
2026-09-23 15:00:23.416 [WARN] all approach goals for person refused; clearing the tried-list and retrying
2026-09-23 15:00:23.417 [GOAL] (2.00, -3.18) yaw=-166deg mode=navigate
2026-09-23 15:00:23.426 [RESULT] nav goal status=6 (not-succeeded)
2026-09-23 15:00:23.426 [WARN] nav goal (2.00, -3.18) failed (status=6); trying another approach angle
2026-09-23 15:00:24.414 [ROBOT] Arrived at the person.
2026-09-23 15:00:24.415 [ARRIVE] #64e person in frame at 0.72 m (<= 1.2 m) -- stopping here
2026-09-23 15:00:32.311 [CMD] (manual override via keyboard) manual override
2026-09-23 15:00:32.312 [STOP] hard stop requested (cancel-all + zero barrage)
2026-09-23 15:00:32.312 [MANUAL] operator took manual control
2026-09-23 15:00:37.662 [CMD] (cancel via remote) cancel
2026-09-23 15:00:37.663 [STOP] hard stop requested (cancel-all + zero barrage)
2026-09-23 15:00:43.681 [ROBOT] I sent the stop but the robot is STILL MOVING (0.00 m/s, 0.64 rad/s). Take manual override now.
2026-09-23 15:00:43.682 [ERROR] #35 robot still moving 6.0s after stop: lin=0.00 ang=0.64
2026-09-23 15:00:48.524 [MANUAL] control handed back to the robot
2026-09-23 15:00:53.479 [CMD] (manual override via keyboard) manual override
2026-09-23 15:00:53.480 [STOP] hard stop requested (cancel-all + zero barrage)
2026-09-23 15:00:53.480 [MANUAL] operator took manual control
2026-09-23 15:00:55.521 [ROBOT] Stopped. The robot is idle.
2026-09-23 15:00:55.521 [STOP] confirmed stopped by odometry after barrage
2026-09-23 15:01:02.679 [WARN] #32e camera stream RESUMED after 61.7s
2026-09-23 15:01:02.679 [ROBOT] Camera frames are back — the gap was 61.7s.
2026-09-23 15:01:07.761 [ROBOT] I've stopped receiving camera frames (none for over 5s). Check the OAK-D driver — I can still move, but I'm blind until it's back.
2026-09-23 15:01:07.762 [WARN] #32e camera stream stalled (>5s)
2026-09-23 15:01:09.205 [WARN] #32e camera stream RESUMED after 6.5s
2026-09-23 15:01:09.205 [ROBOT] Camera frames are back — the gap was 6.5s.
2026-09-23 15:02:14.294 [CMD] [remote] what do you see
2026-09-23 15:02:14.295 [STOP] hard stop requested (cancel-all + zero barrage)
2026-09-23 15:02:14.887 [BRAIN] {'steps': [{'action': 'describe', 'speech': 'I can see a chair and a person.', 'target': None}]}
2026-09-23 15:02:14.887 [STEP] describe target=None
2026-09-23 15:02:16.341 [ROBOT] Stopped. The robot is idle.
2026-09-23 15:02:16.341 [STOP] confirmed stopped by odometry after barrage
2026-09-23 15:02:21.446 [CMD] [remote] go to the farthest person
2026-09-23 15:02:21.447 [STOP] hard stop requested (cancel-all + zero barrage)
2026-09-23 15:02:22.073 [BRAIN] {'steps': [{'action': 'navigate', 'speech': 'Heading to the farthest person.', 'target': 'person', 'qualifier': 'farthest'}]}
2026-09-23 15:02:22.073 [STEP] navigate target='person'
2026-09-23 15:02:23.212 [ROBOT] Found the person — navigating to it.
2026-09-23 15:02:23.212 [SIGHT] person at (-0.70, 0.81), 4.49 m away
2026-09-23 15:02:23.214 [GOAL] (-0.12, 0.26) yaw=137deg mode=navigate
2026-09-23 15:02:23.501 [ROBOT] Stopped. The robot is idle.
2026-09-23 15:02:23.502 [STOP] confirmed stopped by odometry after barrage
2026-09-23 15:02:24.218 [GOAL] (-1.54, 1.34) yaw=138deg mode=navigate
2026-09-23 15:02:24.226 [RESULT] nav goal status=6 (not-succeeded)
2026-09-23 15:02:24.226 [WARN] nav goal (-1.54, 1.34) failed (status=6); trying another approach angle
2026-09-23 15:02:25.221 [GOAL] (-1.11, 0.54) yaw=142deg mode=navigate
2026-09-23 15:02:25.226 [RESULT] nav goal status=6 (not-succeeded)
2026-09-23 15:02:25.226 [WARN] nav goal (-1.11, 0.54) failed (status=6); trying another approach angle
2026-09-23 15:02:26.215 [GOAL] (-1.34, 0.64) yaw=143deg mode=navigate
2026-09-23 15:02:26.226 [RESULT] nav goal status=6 (not-succeeded)
2026-09-23 15:02:26.226 [WARN] nav goal (-1.34, 0.64) failed (status=6); trying another approach angle
2026-09-23 15:02:27.216 [GOAL] (-1.05, 0.92) yaw=166deg mode=navigate
2026-09-23 15:02:27.226 [RESULT] nav goal status=6 (not-succeeded)
2026-09-23 15:02:27.226 [WARN] nav goal (-1.05, 0.92) failed (status=6); trying another approach angle
2026-09-23 15:02:28.214 [WARN] suspicious person jump of 6.4 m (occlusion/depth noise?) — waiting for a confirming look (agree radius 2.7 m)
2026-09-23 15:02:28.216 [GOAL] (-1.48, 0.39) yaw=116deg mode=navigate
2026-09-23 15:02:28.226 [RESULT] nav goal status=6 (not-succeeded)
2026-09-23 15:02:28.226 [WARN] nav goal (-1.48, 0.39) failed (status=6); trying another approach angle
2026-09-23 15:02:29.214 [GOAL] (-1.62, 0.13) yaw=121deg mode=navigate
2026-09-23 15:02:29.217 [RESULT] nav goal status=6 (not-succeeded)
2026-09-23 15:02:29.217 [WARN] nav goal (-1.62, 0.13) failed (status=6); trying another approach angle
2026-09-23 15:02:30.213 [GOAL] (-1.82, 0.33) yaw=93deg mode=navigate
2026-09-23 15:02:30.216 [RESULT] nav goal status=6 (not-succeeded)
2026-09-23 15:02:30.216 [WARN] nav goal (-1.82, 0.33) failed (status=6); trying another approach angle
2026-09-23 15:02:31.225 [GOAL] (-1.13, 1.15) yaw=-167deg mode=navigate
2026-09-23 15:02:31.236 [RESULT] nav goal status=6 (not-succeeded)
2026-09-23 15:02:31.236 [WARN] nav goal (-1.13, 1.15) failed (status=6); trying another approach angle
2026-09-23 15:02:32.210 [WARN] suspicious person jump of 6.5 m (occlusion/depth noise?) — waiting for a confirming look (agree radius 2.5 m)
2026-09-23 15:02:32.213 [GOAL] (-1.27, 1.46) yaw=-143deg mode=navigate
2026-09-23 15:02:32.217 [RESULT] nav goal status=6 (not-succeeded)
2026-09-23 15:02:32.217 [WARN] nav goal (-1.27, 1.46) failed (status=6); trying another approach angle
2026-09-23 15:02:33.214 [GOAL] (-1.52, 1.10) yaw=136deg mode=navigate
2026-09-23 15:02:33.217 [RESULT] nav goal status=6 (not-succeeded)
2026-09-23 15:02:33.217 [WARN] nav goal (-1.52, 1.10) failed (status=6); trying another approach angle
2026-09-23 15:02:34.218 [GOAL] (-1.51, 1.34) yaw=133deg mode=navigate
2026-09-23 15:02:34.227 [RESULT] nav goal status=6 (not-succeeded)
2026-09-23 15:02:34.227 [WARN] nav goal (-1.51, 1.34) failed (status=6); trying another approach angle
2026-09-23 15:02:35.213 [GOAL] (-1.74, 1.45) yaw=135deg mode=navigate
2026-09-23 15:02:35.215 [RESULT] nav goal status=6 (not-succeeded)
2026-09-23 15:02:35.215 [WARN] nav goal (-1.74, 1.45) failed (status=6); trying another approach angle
2026-09-23 15:02:36.214 [GOAL] (-1.92, 1.05) yaw=112deg mode=navigate
2026-09-23 15:02:36.217 [RESULT] nav goal status=6 (not-succeeded)
2026-09-23 15:02:36.217 [WARN] nav goal (-1.92, 1.05) failed (status=6); trying another approach angle
2026-09-23 15:02:37.215 [GOAL] (-1.39, 1.59) yaw=160deg mode=navigate
2026-09-23 15:02:37.216 [RESULT] nav goal status=6 (not-succeeded)
2026-09-23 15:02:37.217 [WARN] nav goal (-1.39, 1.59) failed (status=6); trying another approach angle
2026-09-23 15:02:38.212 [GOAL] (-1.96, 1.30) yaw=109deg mode=navigate
2026-09-23 15:02:38.216 [RESULT] nav goal status=6 (not-succeeded)
2026-09-23 15:02:38.216 [WARN] nav goal (-1.96, 1.30) failed (status=6); trying another approach angle
2026-09-23 15:02:39.216 [GOAL] (-1.53, 1.83) yaw=-170deg mode=navigate
2026-09-23 15:02:39.226 [RESULT] nav goal status=6 (not-succeeded)
2026-09-23 15:02:39.227 [WARN] nav goal (-1.53, 1.83) failed (status=6); trying another approach angle
2026-09-23 15:02:40.215 [GOAL] (-1.71, 1.21) yaw=139deg mode=navigate
2026-09-23 15:02:40.226 [RESULT] nav goal status=6 (not-succeeded)
2026-09-23 15:02:40.227 [WARN] nav goal (-1.71, 1.21) failed (status=6); trying another approach angle
2026-09-23 15:02:41.210 [GOAL] (-1.90, 0.71) yaw=125deg mode=navigate
2026-09-23 15:02:41.217 [RESULT] nav goal status=6 (not-succeeded)
2026-09-23 15:02:41.217 [WARN] nav goal (-1.90, 0.71) failed (status=6); trying another approach angle
2026-09-23 15:02:42.211 [GOAL] (-2.18, 0.81) yaw=91deg mode=navigate
2026-09-23 15:02:42.216 [RESULT] nav goal status=6 (not-succeeded)
2026-09-23 15:02:42.216 [WARN] nav goal (-2.18, 0.81) failed (status=6); trying another approach angle
2026-09-23 15:02:43.211 [GOAL] (-2.46, 1.07) yaw=63deg mode=navigate
2026-09-23 15:02:43.216 [RESULT] nav goal status=6 (not-succeeded)
2026-09-23 15:02:43.216 [WARN] nav goal (-2.46, 1.07) failed (status=6); trying another approach angle
2026-09-23 15:02:44.211 [GOAL] (-2.65, 0.95) yaw=55deg mode=navigate
2026-09-23 15:02:44.216 [RESULT] nav goal status=6 (not-succeeded)
2026-09-23 15:02:44.216 [WARN] nav goal (-2.65, 0.95) failed (status=6); trying another approach angle
2026-09-23 15:02:45.213 [ROBOT] Arrived at the person.
2026-09-23 15:02:45.213 [ARRIVE] #64e person in frame at 1.07 m (<= 1.2 m) -- stopping here
2026-09-23 15:03:02.806 [CMD] [remote] turn right
2026-09-23 15:03:02.806 [STOP] hard stop requested (cancel-all + zero barrage)
2026-09-23 15:03:03.465 [BRAIN] {'steps': [{'action': 'move', 'speech': 'Turning ninety degrees to the right.', 'target': None, 'distance_m': 0.0, 'rotation_deg': -90.0}]}
2026-09-23 15:03:03.465 [STEP] move target=None
2026-09-23 15:03:04.862 [ROBOT] Stopped. The robot is idle.
2026-09-23 15:03:04.862 [STOP] confirmed stopped by odometry after barrage
2026-09-23 15:03:09.161 [ROBOT] Done with that move.
2026-09-23 15:03:15.414 [CMD] [remote] what do you see
2026-09-23 15:03:15.415 [STOP] hard stop requested (cancel-all + zero barrage)
2026-09-23 15:03:15.996 [BRAIN] {'steps': [{'action': 'describe', 'speech': 'I can see a chair and a shelf.', 'target': None}]}
2026-09-23 15:03:15.996 [STEP] describe target=None
2026-09-23 15:03:17.461 [ROBOT] Stopped. The robot is idle.
2026-09-23 15:03:17.462 [STOP] confirmed stopped by odometry after barrage
2026-09-23 15:03:22.103 [CMD] [remote] go to the nearest chair
2026-09-23 15:03:22.103 [STOP] hard stop requested (cancel-all + zero barrage)
2026-09-23 15:03:22.703 [BRAIN] {'steps': [{'action': 'navigate', 'speech': 'Heading to the nearest chair.', 'target': 'chair', 'qualifier': 'nearest'}]}
2026-09-23 15:03:22.703 [STEP] navigate target='chair'
2026-09-23 15:03:24.162 [ROBOT] Stopped. The robot is idle.
2026-09-23 15:03:24.162 [STOP] confirmed stopped by odometry after barrage
2026-09-23 15:03:24.217 [ROBOT] Found the chair — navigating to it.
2026-09-23 15:03:24.217 [SIGHT] chair at (-1.32, -0.66), 2.05 m away
2026-09-23 15:03:24.218 [GOAL] (-1.77, 0.00) yaw=-56deg mode=navigate
2026-09-23 15:03:25.214 [GOAL] (0.21, -0.06) yaw=-23deg mode=navigate
2026-09-23 15:03:25.221 [RESULT] nav goal status=6 (not-succeeded)
2026-09-23 15:03:25.221 [WARN] nav goal (0.21, -0.06) failed (status=6); trying another approach angle
2026-09-23 15:03:26.214 [GOAL] (0.33, -0.35) yaw=-28deg mode=navigate
2026-09-23 15:03:26.221 [RESULT] nav goal status=6 (not-succeeded)
2026-09-23 15:03:26.221 [WARN] nav goal (0.33, -0.35) failed (status=6); trying another approach angle
2026-09-23 15:03:27.209 [GOAL] (0.07, -0.57) yaw=-5deg mode=navigate
2026-09-23 15:03:27.221 [RESULT] nav goal status=6 (not-succeeded)
2026-09-23 15:03:27.221 [WARN] nav goal (0.07, -0.57) failed (status=6); trying another approach angle
2026-09-23 15:03:28.213 [WARN] suspicious chair jump of 4.3 m (occlusion/depth noise?) — waiting for a confirming look (agree radius 1.8 m)
2026-09-23 15:03:28.215 [GOAL] (0.52, -0.14) yaw=-55deg mode=navigate
2026-09-23 15:03:28.220 [RESULT] nav goal status=6 (not-succeeded)
2026-09-23 15:03:28.220 [WARN] nav goal (0.52, -0.14) failed (status=6); trying another approach angle
2026-09-23 15:03:29.213 [GOAL] (-0.16, -1.58) yaw=-61deg mode=navigate
2026-09-23 15:03:29.221 [RESULT] nav goal status=6 (not-succeeded)
2026-09-23 15:03:29.221 [WARN] nav goal (-0.16, -1.58) failed (status=6); trying another approach angle
2026-09-23 15:03:30.214 [GOAL] (-0.83, -0.77) yaw=-73deg mode=navigate
2026-09-23 15:03:30.220 [RESULT] nav goal status=6 (not-succeeded)
2026-09-23 15:03:30.221 [WARN] nav goal (-0.83, -0.77) failed (status=6); trying another approach angle
2026-09-23 15:03:31.214 [GOAL] (-0.64, -0.91) yaw=-71deg mode=navigate
2026-09-23 15:03:31.222 [RESULT] nav goal status=6 (not-succeeded)
2026-09-23 15:03:31.222 [WARN] nav goal (-0.64, -0.91) failed (status=6); trying another approach angle
2026-09-23 15:03:32.212 [GOAL] (-0.36, -1.87) yaw=-168deg mode=navigate
2026-09-23 15:03:32.220 [RESULT] nav goal status=6 (not-succeeded)
2026-09-23 15:03:32.220 [WARN] nav goal (-0.36, -1.87) failed (status=6); trying another approach angle
2026-09-23 15:03:33.214 [GOAL] (-0.21, -1.64) yaw=-66deg mode=navigate
2026-09-23 15:03:33.221 [RESULT] nav goal status=6 (not-succeeded)
2026-09-23 15:03:33.221 [WARN] nav goal (-0.21, -1.64) failed (status=6); trying another approach angle
2026-09-23 15:03:34.214 [GOAL] (0.02, -1.61) yaw=-96deg mode=navigate
2026-09-23 15:03:34.220 [RESULT] nav goal status=6 (not-succeeded)
2026-09-23 15:03:34.220 [WARN] nav goal (0.02, -1.61) failed (status=6); trying another approach angle
2026-09-23 15:03:35.212 [GOAL] (-0.37, -1.93) yaw=-44deg mode=navigate
2026-09-23 15:03:35.221 [RESULT] nav goal status=6 (not-succeeded)
2026-09-23 15:03:35.221 [WARN] nav goal (-0.37, -1.93) failed (status=6); trying another approach angle
2026-09-23 15:03:36.210 [WARN] suspicious chair jump of 3.1 m (occlusion/depth noise?) — waiting for a confirming look (agree radius 1.1 m)
2026-09-23 15:03:36.212 [GOAL] (0.47, -1.67) yaw=-121deg mode=navigate
2026-09-23 15:03:36.221 [RESULT] nav goal status=6 (not-succeeded)
2026-09-23 15:03:36.221 [WARN] nav goal (0.47, -1.67) failed (status=6); trying another approach angle
2026-09-23 15:03:37.214 [GOAL] (0.15, -1.41) yaw=-97deg mode=navigate
2026-09-23 15:03:37.221 [RESULT] nav goal status=6 (not-succeeded)
2026-09-23 15:03:37.221 [WARN] nav goal (0.15, -1.41) failed (status=6); trying another approach angle
2026-09-23 15:03:38.214 [GOAL] (0.72, -1.93) yaw=-146deg mode=navigate
2026-09-23 15:03:38.221 [RESULT] nav goal status=6 (not-succeeded)
2026-09-23 15:03:38.221 [WARN] nav goal (0.72, -1.93) failed (status=6); trying another approach angle
2026-09-23 15:03:39.211 [ROBOT] Arrived at the chair.
2026-09-23 15:03:39.211 [ARRIVE] #64e chair in frame at 1.11 m (<= 1.2 m) -- stopping here
2026-09-23 15:03:52.390 [CMD] [remote] turn right
2026-09-23 15:03:52.391 [STOP] hard stop requested (cancel-all + zero barrage)
2026-09-23 15:03:53.048 [BRAIN] {'steps': [{'action': 'move', 'speech': 'Turning ninety degrees to the right.', 'target': None, 'distance_m': 0.0, 'rotation_deg': -90.0}]}
2026-09-23 15:03:53.048 [STEP] move target=None
2026-09-23 15:03:54.441 [ROBOT] Stopped. The robot is idle.
2026-09-23 15:03:54.442 [STOP] confirmed stopped by odometry after barrage
2026-09-23 15:03:59.161 [ROBOT] Done with that move.
2026-09-23 15:04:03.303 [CMD] [remote] turn right
2026-09-23 15:04:03.303 [STOP] hard stop requested (cancel-all + zero barrage)
2026-09-23 15:04:03.947 [BRAIN] {'steps': [{'action': 'move', 'speech': 'Turning ninety degrees to the right.', 'target': None, 'distance_m': 0.0, 'rotation_deg': -90.0}]}
2026-09-23 15:04:03.947 [STEP] move target=None
2026-09-23 15:04:05.361 [ROBOT] Stopped. The robot is idle.
2026-09-23 15:04:05.362 [STOP] confirmed stopped by odometry after barrage
2026-09-23 15:04:08.982 [CMD] (cancel via remote) stop
2026-09-23 15:04:08.983 [STOP] hard stop requested (cancel-all + zero barrage)
2026-09-23 15:04:11.041 [ROBOT] Stopped. The robot is idle.
2026-09-23 15:04:11.041 [STOP] confirmed stopped by odometry after barrage
2026-09-23 15:04:59.969 [CMD] [remote] what do you see
2026-09-23 15:04:59.969 [STOP] hard stop requested (cancel-all + zero barrage)
2026-09-23 15:05:00.496 [BRAIN] {'steps': [{'action': 'describe', 'speech': 'I can see a shelf.', 'target': None}]}
2026-09-23 15:05:00.496 [STEP] describe target=None
2026-09-23 15:05:02.021 [ROBOT] Stopped. The robot is idle.
2026-09-23 15:05:02.021 [STOP] confirmed stopped by odometry after barrage
2026-09-23 15:05:03.622 [CMD] [remote] find a chair
2026-09-23 15:05:03.622 [STOP] hard stop requested (cancel-all + zero barrage)
2026-09-23 15:05:04.124 [BRAIN] {'steps': [{'action': 'locate', 'speech': 'Looking for a chair.', 'target': 'chair'}]}
2026-09-23 15:05:04.124 [STEP] locate target='chair'
2026-09-23 15:05:04.257 [MEMORY] remembered 1 chair(s) at (1.80, -0.82) d=1.57m
2026-09-23 15:05:04.257 [ROBOT] Yes — I can see a chair about 1.6 m away. I'll remember where it is. (Locating only — not driving to it.)
2026-09-23 15:05:05.681 [ROBOT] Stopped. The robot is idle.
2026-09-23 15:05:05.681 [STOP] confirmed stopped by odometry after barrage
2026-09-23 15:05:08.733 [CMD] [remote] go to the chair
2026-09-23 15:05:08.733 [STOP] hard stop requested (cancel-all + zero barrage)
2026-09-23 15:05:09.309 [BRAIN] {'steps': [{'action': 'navigate', 'speech': 'Heading to the chair.', 'target': 'chair'}]}
2026-09-23 15:05:09.309 [STEP] navigate target='chair'
2026-09-23 15:05:09.358 [MEMORY] seeded chair from remembered instance at (1.80, -0.82)
2026-09-23 15:05:10.211 [ROBOT] I can see the chair now — it's where I remembered.
2026-09-23 15:05:10.211 [SIGHT] memory-seeded chair re-confirmed at (1.81, -0.81), 1.58 m away
2026-09-23 15:05:10.213 [GOAL] (1.18, -1.31) yaw=38deg mode=navigate
2026-09-23 15:05:13.208 [ROBOT] Arrived at the chair.
2026-09-23 15:05:13.461 [ROBOT] Stopped. The robot is idle.
2026-09-23 15:05:13.462 [STOP] confirmed stopped by odometry after barrage
2026-09-23 15:05:18.348 [CMD] [remote] what do you see
2026-09-23 15:05:18.348 [STOP] hard stop requested (cancel-all + zero barrage)
2026-09-23 15:05:18.869 [BRAIN] {'steps': [{'action': 'describe', 'speech': 'I can see a shelf.', 'target': None}]}
2026-09-23 15:05:18.869 [STEP] describe target=None
2026-09-23 15:05:20.401 [ROBOT] Stopped. The robot is idle.
2026-09-23 15:05:20.401 [STOP] confirmed stopped by odometry after barrage
2026-09-23 15:05:23.276 [CMD] [remote] turn left
2026-09-23 15:05:23.277 [STOP] hard stop requested (cancel-all + zero barrage)
2026-09-23 15:05:23.904 [BRAIN] {'steps': [{'action': 'move', 'speech': 'Turning ninety degrees left.', 'target': None, 'distance_m': 0.0, 'rotation_deg': 90.0}]}
2026-09-23 15:05:23.904 [STEP] move target=None
2026-09-23 15:05:25.321 [ROBOT] Stopped. The robot is idle.
2026-09-23 15:05:25.321 [STOP] confirmed stopped by odometry after barrage
2026-09-23 15:05:30.161 [ROBOT] Done with that move.
2026-09-23 15:05:31.790 [CMD] [remote] what do you see
2026-09-23 15:05:31.791 [STOP] hard stop requested (cancel-all + zero barrage)
2026-09-23 15:05:32.302 [BRAIN] {'steps': [{'action': 'describe', 'speech': 'I see a chair.', 'target': None}]}
2026-09-23 15:05:32.302 [STEP] describe target=None
2026-09-23 15:05:33.841 [ROBOT] Stopped. The robot is idle.
2026-09-23 15:05:33.841 [STOP] confirmed stopped by odometry after barrage
2026-09-23 15:05:38.527 [CMD] [remote] go to the fart chair
2026-09-23 15:05:38.527 [STOP] hard stop requested (cancel-all + zero barrage)
2026-09-23 15:05:39.656 [BRAIN] {'steps': [{'action': 'reject', 'speech': "I don't recognize 'fart chair' as a real object, but I can go to the nearest chair instead.", 'target': None}, {'action': 'navigate', 'speech': 'Going to the nearest chair.', 'target': 'chair', 'qualifier': 'nearest'}]}
2026-09-23 15:05:39.657 [STEP] reject target=None
2026-09-23 15:05:39.657 [STEP] navigate target='chair'
2026-09-23 15:05:40.581 [ROBOT] Stopped. The robot is idle.
2026-09-23 15:05:40.582 [STOP] confirmed stopped by odometry after barrage
2026-09-23 15:05:41.210 [ROBOT] Found the chair — navigating to it.
2026-09-23 15:05:41.211 [SIGHT] chair at (-2.36, 0.52), 3.92 m away
2026-09-23 15:05:41.213 [GOAL] (-1.67, 0.12) yaw=150deg mode=navigate
2026-09-23 15:05:42.221 [GOAL] (-0.59, -0.97) yaw=165deg mode=navigate
2026-09-23 15:05:42.224 [RESULT] nav goal status=6 (not-succeeded)
2026-09-23 15:05:42.224 [WARN] nav goal (-0.59, -0.97) failed (status=6); trying another approach angle
2026-09-23 15:05:42.428 [CMD] (cancel via remote) cancel
2026-09-23 15:05:42.428 [STOP] hard stop requested (cancel-all + zero barrage)
2026-09-23 15:05:44.481 [ROBOT] Stopped. The robot is idle.
2026-09-23 15:05:44.482 [STOP] confirmed stopped by odometry after barrage
2026-09-23 15:05:45.989 [CMD] [remote] i said to the nearest
2026-09-23 15:05:45.989 [STOP] hard stop requested (cancel-all + zero barrage)
2026-09-23 15:05:46.587 [BRAIN] {'steps': [{'action': 'navigate', 'speech': 'Heading to the nearest chair.', 'target': 'chair', 'qualifier': 'nearest'}]}
2026-09-23 15:05:46.587 [STEP] navigate target='chair'
2026-09-23 15:05:48.041 [ROBOT] Stopped. The robot is idle.
2026-09-23 15:05:48.041 [STOP] confirmed stopped by odometry after barrage
2026-09-23 15:05:48.213 [ROBOT] Found the chair — navigating to it.
2026-09-23 15:05:48.214 [SIGHT] chair at (-2.38, 0.60), 3.67 m away
2026-09-23 15:05:48.216 [GOAL] (-1.70, 0.19) yaw=149deg mode=navigate
2026-09-23 15:05:49.217 [GOAL] (-0.63, -0.99) yaw=169deg mode=navigate
2026-09-23 15:05:49.228 [RESULT] nav goal status=6 (not-succeeded)
2026-09-23 15:05:49.228 [WARN] nav goal (-0.63, -0.99) failed (status=6); trying another approach angle
2026-09-23 15:05:50.213 [WARN] suspicious chair jump of 8.4 m (occlusion/depth noise?) — waiting for a confirming look (agree radius 2.4 m)
2026-09-23 15:05:50.214 [GOAL] (-0.65, -0.61) yaw=-163deg mode=navigate
2026-09-23 15:05:50.218 [RESULT] nav goal status=6 (not-succeeded)
2026-09-23 15:05:50.218 [WARN] nav goal (-0.65, -0.61) failed (status=6); trying another approach angle
2026-09-23 15:05:51.220 [GOAL] (-1.61, 0.23) yaw=145deg mode=navigate
2026-09-23 15:05:51.227 [RESULT] nav goal status=6 (not-succeeded)
2026-09-23 15:05:51.227 [WARN] nav goal (-1.61, 0.23) failed (status=6); trying another approach angle
2026-09-23 15:05:52.211 [GOAL] (-1.67, -0.02) yaw=151deg mode=navigate
2026-09-23 15:05:52.217 [RESULT] nav goal status=6 (not-succeeded)
2026-09-23 15:05:52.217 [WARN] nav goal (-1.67, -0.02) failed (status=6); trying another approach angle
2026-09-23 15:05:53.213 [WARN] suspicious chair jump of 6.6 m (occlusion/depth noise?) — waiting for a confirming look (agree radius 2.2 m)
2026-09-23 15:05:53.214 [GOAL] (-1.62, 0.66) yaw=-158deg mode=navigate
2026-09-23 15:05:53.219 [RESULT] nav goal status=6 (not-succeeded)
2026-09-23 15:05:53.219 [WARN] nav goal (-1.62, 0.66) failed (status=6); trying another approach angle
2026-09-23 15:05:54.213 [GOAL] (-1.34, -0.31) yaw=161deg mode=navigate
2026-09-23 15:05:54.217 [RESULT] nav goal status=6 (not-succeeded)
2026-09-23 15:05:54.219 [WARN] nav goal (-1.34, -0.31) failed (status=6); trying another approach angle
2026-09-23 15:05:55.213 [GOAL] (-1.78, 0.42) yaw=-148deg mode=navigate
2026-09-23 15:05:55.219 [RESULT] nav goal status=6 (not-succeeded)
2026-09-23 15:05:55.219 [WARN] nav goal (-1.78, 0.42) failed (status=6); trying another approach angle
2026-09-23 15:05:56.211 [GOAL] (-2.94, 2.00) yaw=133deg mode=navigate
2026-09-23 15:05:56.218 [RESULT] nav goal status=6 (not-succeeded)
2026-09-23 15:05:56.218 [WARN] nav goal (-2.94, 2.00) failed (status=6); trying another approach angle
2026-09-23 15:05:57.214 [GOAL] (-3.27, 1.44) yaw=146deg mode=navigate
2026-09-23 15:05:57.217 [RESULT] nav goal status=6 (not-succeeded)
2026-09-23 15:05:57.218 [WARN] nav goal (-3.27, 1.44) failed (status=6); trying another approach angle
2026-09-23 15:05:58.208 [GOAL] (-3.14, 1.79) yaw=172deg mode=navigate
2026-09-23 15:05:58.218 [RESULT] nav goal status=6 (not-succeeded)
2026-09-23 15:05:58.218 [WARN] nav goal (-3.14, 1.79) failed (status=6); trying another approach angle
2026-09-23 15:05:59.211 [GOAL] (-3.18, 2.18) yaw=-159deg mode=navigate
2026-09-23 15:05:59.218 [RESULT] nav goal status=6 (not-succeeded)
2026-09-23 15:05:59.218 [WARN] nav goal (-3.18, 2.18) failed (status=6); trying another approach angle
2026-09-23 15:06:00.208 [GOAL] (-3.40, 2.49) yaw=-132deg mode=navigate
2026-09-23 15:06:00.218 [RESULT] nav goal status=6 (not-succeeded)
2026-09-23 15:06:00.218 [WARN] nav goal (-3.40, 2.49) failed (status=6); trying another approach angle
2026-09-23 15:06:01.208 [GOAL] (-3.38, 1.66) yaw=157deg mode=navigate
2026-09-23 15:06:01.218 [RESULT] nav goal status=6 (not-succeeded)
2026-09-23 15:06:01.218 [WARN] nav goal (-3.38, 1.66) failed (status=6); trying another approach angle
2026-09-23 15:06:01.218 [WARN] every approach to the target failed — dropping sighting, rescanning
2026-09-23 15:06:13.210 [ROBOT] Found the chair — navigating to it.
2026-09-23 15:06:13.210 [SIGHT] chair at (-3.86, 2.34), 1.33 m away
2026-09-23 15:06:13.213 [GOAL] (-3.07, 2.22) yaw=171deg mode=navigate
2026-09-23 15:06:13.219 [RESULT] nav goal status=6 (not-succeeded)
2026-09-23 15:06:13.220 [WARN] nav goal (-3.07, 2.22) failed (status=6); trying another approach angle
2026-09-23 15:06:14.210 [GOAL] (-3.08, 2.49) yaw=-169deg mode=navigate
2026-09-23 15:06:14.217 [RESULT] nav goal status=6 (not-succeeded)
2026-09-23 15:06:14.217 [WARN] nav goal (-3.08, 2.49) failed (status=6); trying another approach angle
2026-09-23 15:06:15.209 [ROBOT] Arrived at the chair.
2026-09-23 15:06:35.170 [CMD] [remote] turn left
2026-09-23 15:06:35.171 [STOP] hard stop requested (cancel-all + zero barrage)
2026-09-23 15:06:35.816 [BRAIN] {'steps': [{'action': 'move', 'speech': 'Turning ninety degrees left.', 'target': None, 'distance_m': 0.0, 'rotation_deg': 90.0}]}
2026-09-23 15:06:35.816 [STEP] move target=None
2026-09-23 15:06:37.221 [ROBOT] Stopped. The robot is idle.
2026-09-23 15:06:37.221 [STOP] confirmed stopped by odometry after barrage
2026-09-23 15:06:42.162 [ROBOT] Done with that move.
2026-09-23 15:06:55.538 [CMD] [remote] what do you see
2026-09-23 15:06:55.539 [STOP] hard stop requested (cancel-all + zero barrage)
2026-09-23 15:06:56.202 [BRAIN] {'steps': [{'action': 'describe', 'speech': 'I can see a chair, a person, and a shelf.', 'target': None}]}
2026-09-23 15:06:56.202 [STEP] describe target=None
2026-09-23 15:06:57.583 [ROBOT] Stopped. The robot is idle.
2026-09-23 15:06:57.583 [STOP] confirmed stopped by odometry after barrage
2026-09-23 15:07:02.050 [CMD] [remote] go to the nearst chair
2026-09-23 15:07:02.051 [STOP] hard stop requested (cancel-all + zero barrage)
2026-09-23 15:07:02.637 [BRAIN] {'steps': [{'action': 'navigate', 'speech': 'Heading to the nearest chair.', 'target': 'chair', 'qualifier': 'nearest'}]}
2026-09-23 15:07:02.638 [STEP] navigate target='chair'
2026-09-23 15:07:04.101 [ROBOT] Stopped. The robot is idle.
2026-09-23 15:07:04.102 [STOP] confirmed stopped by odometry after barrage
2026-09-23 15:07:04.213 [ROBOT] Found the chair — navigating to it.
2026-09-23 15:07:04.213 [SIGHT] chair at (-2.93, 0.24), 2.02 m away
2026-09-23 15:07:04.214 [GOAL] (-2.96, 1.04) yaw=-87deg mode=navigate
2026-09-23 15:07:08.627 [RESULT] nav goal status=4 (ok)
2026-09-23 15:07:09.208 [ROBOT] Arrived at the chair.
2026-09-23 15:07:18.066 [CMD] [remote] patrol the area
2026-09-23 15:07:18.066 [STOP] hard stop requested (cancel-all + zero barrage)
2026-09-23 15:07:18.614 [BRAIN] {'steps': [{'action': 'patrol', 'speech': 'Starting to patrol the area.', 'target': None}]}
2026-09-23 15:07:18.614 [STEP] patrol target=None
2026-09-23 15:07:19.164 [GOAL] (-2.46, -0.94) yaw=-77deg mode=explore
2026-09-23 15:07:24.081 [ROBOT] I sent the stop but the robot is STILL MOVING (0.21 m/s, 0.16 rad/s). Take manual override now.
2026-09-23 15:07:24.081 [ERROR] #35 robot still moving 6.0s after stop: lin=0.21 ang=0.16
2026-09-23 15:07:55.874 [CMD] (cancel via remote) stop
2026-09-23 15:07:55.875 [STOP] hard stop requested (cancel-all + zero barrage)
2026-09-23 15:07:57.922 [ROBOT] Stopped. The robot is idle.
2026-09-23 15:07:57.922 [STOP] confirmed stopped by odometry after barrage
2026-09-23 15:08:15.067 [CMD] [remote] turn left
2026-09-23 15:08:15.068 [STOP] hard stop requested (cancel-all + zero barrage)
2026-09-23 15:08:15.688 [BRAIN] {'steps': [{'action': 'move', 'speech': 'Turning ninety degrees left.', 'target': None, 'distance_m': 0.0, 'rotation_deg': 90.0}]}
2026-09-23 15:08:15.688 [STEP] move target=None
2026-09-23 15:08:17.121 [ROBOT] Stopped. The robot is idle.
2026-09-23 15:08:17.121 [STOP] confirmed stopped by odometry after barrage
2026-09-23 15:08:17.243 [CMD] (cancel via remote) cancel
2026-09-23 15:08:17.243 [STOP] hard stop requested (cancel-all + zero barrage)
2026-09-23 15:08:19.301 [ROBOT] Stopped. The robot is idle.
2026-09-23 15:08:19.302 [STOP] confirmed stopped by odometry after barrage
2026-09-23 15:08:19.881 [CMD] [remote] turn around
2026-09-23 15:08:19.882 [STOP] hard stop requested (cancel-all + zero barrage)
2026-09-23 15:08:20.475 [BRAIN] {'steps': [{'action': 'move', 'speech': 'Turning around.', 'target': None, 'distance_m': 0.0, 'rotation_deg': 180.0}]}
2026-09-23 15:08:20.475 [STEP] move target=None
2026-09-23 15:08:21.941 [ROBOT] Stopped. The robot is idle.
2026-09-23 15:08:21.941 [STOP] confirmed stopped by odometry after barrage
2026-09-23 15:08:30.162 [ROBOT] Done with that move.
2026-09-23 15:10:14.913 [CMD] [remote] turn left twenty degrees
2026-09-23 15:10:14.913 [STOP] hard stop requested (cancel-all + zero barrage)
2026-09-23 15:10:14.963 [CTX] dropping stale context (navigate -> chair)
2026-09-23 15:10:15.555 [BRAIN] {'steps': [{'action': 'move', 'speech': 'Turning twenty degrees to the left.', 'target': None, 'distance_m': 0.0, 'rotation_deg': 20.0}]}
2026-09-23 15:10:15.555 [STEP] move target=None
2026-09-23 15:10:16.961 [ROBOT] Stopped. The robot is idle.
2026-09-23 15:10:16.962 [STOP] confirmed stopped by odometry after barrage
2026-09-23 15:10:19.161 [ROBOT] Done with that move.
2026-09-23 15:10:21.949 [CMD] [remote] turn right 40 degrees
2026-09-23 15:10:21.949 [STOP] hard stop requested (cancel-all + zero barrage)
2026-09-23 15:10:22.577 [BRAIN] {'steps': [{'action': 'move', 'speech': 'Turning forty degrees to the right.', 'target': None, 'distance_m': 0.0, 'rotation_deg': -40.0}]}
2026-09-23 15:10:22.578 [STEP] move target=None
2026-09-23 15:10:24.001 [ROBOT] Stopped. The robot is idle.
2026-09-23 15:10:24.001 [STOP] confirmed stopped by odometry after barrage
2026-09-23 15:10:27.161 [ROBOT] Done with that move.
2026-09-23 15:10:45.070 [CMD] [remote] move forward three meters
2026-09-23 15:10:45.071 [STOP] hard stop requested (cancel-all + zero barrage)
2026-09-23 15:10:45.665 [BRAIN] {'steps': [{'action': 'move', 'speech': 'Moving forward three meters.', 'target': None, 'distance_m': 3.0, 'rotation_deg': 0.0}]}
2026-09-23 15:10:45.665 [STEP] move target=None
2026-09-23 15:10:47.121 [ROBOT] Stopped. The robot is idle.
2026-09-23 15:10:47.121 [STOP] confirmed stopped by odometry after barrage
2026-09-23 15:11:05.162 [ROBOT] Done with that move.
2026-09-23 15:11:05.585 [CMD] (cancel via remote) cancel
2026-09-23 15:11:05.585 [STOP] hard stop requested (cancel-all + zero barrage)
2026-09-23 15:11:07.641 [ROBOT] Stopped. The robot is idle.
2026-09-23 15:11:07.642 [STOP] confirmed stopped by odometry after barrage
2026-09-23 15:11:12.257 [CMD] [remote] what do you see turn right
2026-09-23 15:11:12.258 [STOP] hard stop requested (cancel-all + zero barrage)
2026-09-23 15:11:12.833 [BRAIN] {'steps': [{'action': 'describe', 'speech': 'Turning right and I can see a person.', 'target': None}]}
2026-09-23 15:11:12.834 [STEP] describe target=None
2026-09-23 15:11:14.301 [ROBOT] Stopped. The robot is idle.
2026-09-23 15:11:14.302 [STOP] confirmed stopped by odometry after barrage
2026-09-23 15:12:05.553 [CMD] [remote] turn right
2026-09-23 15:12:05.553 [STOP] hard stop requested (cancel-all + zero barrage)
2026-09-23 15:12:06.190 [BRAIN] {'steps': [{'action': 'move', 'speech': 'Turning ninety degrees right.', 'target': None, 'distance_m': 0.0, 'rotation_deg': -90.0}]}
2026-09-23 15:12:06.190 [STEP] move target=None
2026-09-23 15:12:07.601 [ROBOT] Stopped. The robot is idle.
2026-09-23 15:12:07.602 [STOP] confirmed stopped by odometry after barrage
2026-09-23 15:12:12.161 [ROBOT] Done with that move.
2026-09-23 15:12:16.689 [CMD] [remote] dock
2026-09-23 15:12:16.689 [STOP] hard stop requested (cancel-all + zero barrage)
2026-09-23 15:12:16.689 [STEP] dock target=None
2026-09-23 15:12:16.689 [ROBOT] Docking…
2026-09-23 15:12:22.701 [ROBOT] I sent the stop but the robot is STILL MOVING (0.00 m/s, 0.62 rad/s). Take manual override now.
2026-09-23 15:12:22.702 [ERROR] #35 robot still moving 6.0s after stop: lin=0.00 ang=0.62
2026-09-23 15:12:51.226 [ROBOT] The dock action did not complete — please check the robot. (dock_status will keep me updated.)
2026-09-23 15:12:51.226 [DOCK] dock FAILED
2026-09-23 15:12:57.961 [CMD] [remote] dock
2026-09-23 15:12:57.962 [STOP] hard stop requested (cancel-all + zero barrage)
2026-09-23 15:12:57.962 [STEP] dock target=None
2026-09-23 15:12:57.962 [ROBOT] Docking…
2026-09-23 15:13:03.981 [ROBOT] I sent the stop but the robot is STILL MOVING (0.00 m/s, 0.64 rad/s). Take manual override now.
2026-09-23 15:13:03.981 [ERROR] #35 robot still moving 6.0s after stop: lin=0.00 ang=0.64
2026-09-23 15:13:13.906 [ROBOT] The dock action did not complete — please check the robot. (dock_status will keep me updated.)
2026-09-23 15:13:13.906 [DOCK] dock FAILED
2026-09-23 15:13:44.081 [CMD] [remote] turn around
2026-09-23 15:13:44.081 [STOP] hard stop requested (cancel-all + zero barrage)
2026-09-23 15:13:44.687 [BRAIN] {'steps': [{'action': 'move', 'speech': 'Turning around.', 'target': None, 'distance_m': 0.0, 'rotation_deg': 180.0}]}
2026-09-23 15:13:44.687 [STEP] move target=None
2026-09-23 15:13:46.121 [ROBOT] Stopped. The robot is idle.
2026-09-23 15:13:46.121 [STOP] confirmed stopped by odometry after barrage
2026-09-23 15:13:54.161 [ROBOT] Done with that move.
2026-09-23 15:14:02.401 [CMD] [remote] move forward 1
2026-09-23 15:14:02.402 [STOP] hard stop requested (cancel-all + zero barrage)
2026-09-23 15:14:03.067 [BRAIN] {'steps': [{'action': 'move', 'speech': 'Moving forward half a meter.', 'target': None, 'distance_m': 0.5, 'rotation_deg': 0.0}]}
2026-09-23 15:14:03.067 [STEP] move target=None
2026-09-23 15:14:04.461 [ROBOT] Stopped. The robot is idle.
2026-09-23 15:14:04.462 [STOP] confirmed stopped by odometry after barrage
2026-09-23 15:14:08.161 [ROBOT] Done with that move.
2026-09-23 15:14:18.417 [CMD] [remote] move forward 1m
2026-09-23 15:14:18.418 [STOP] hard stop requested (cancel-all + zero barrage)
2026-09-23 15:14:19.022 [BRAIN] {'steps': [{'action': 'move', 'speech': 'Moving forward one metre.', 'target': None, 'distance_m': 1.0, 'rotation_deg': 0.0}]}
2026-09-23 15:14:19.022 [STEP] move target=None
2026-09-23 15:14:20.461 [ROBOT] Stopped. The robot is idle.
2026-09-23 15:14:20.462 [STOP] confirmed stopped by odometry after barrage
2026-09-23 15:14:25.393 [CMD] [remote] turn right
2026-09-23 15:14:25.394 [STOP] hard stop requested (cancel-all + zero barrage)
2026-09-23 15:14:26.015 [BRAIN] {'steps': [{'action': 'move', 'speech': 'Turning ninety degrees right.', 'target': None, 'distance_m': 0.0, 'rotation_deg': -90.0}]}
2026-09-23 15:14:26.015 [STEP] move target=None
2026-09-23 15:14:27.441 [ROBOT] Stopped. The robot is idle.
2026-09-23 15:14:27.442 [STOP] confirmed stopped by odometry after barrage
2026-09-23 15:14:32.161 [ROBOT] Done with that move.
2026-09-23 15:14:34.530 [CMD] [remote] turn right '
2026-09-23 15:14:34.530 [STOP] hard stop requested (cancel-all + zero barrage)
2026-09-23 15:14:35.138 [BRAIN] {'steps': [{'action': 'move', 'speech': 'Turning ninety degrees right.', 'target': None, 'distance_m': 0.0, 'rotation_deg': -90.0}]}
2026-09-23 15:14:35.138 [STEP] move target=None
2026-09-23 15:14:36.581 [ROBOT] Stopped. The robot is idle.
2026-09-23 15:14:36.581 [STOP] confirmed stopped by odometry after barrage
2026-09-23 15:14:41.161 [ROBOT] Done with that move.
2026-09-23 15:14:44.977 [CMD] [remote] turn left 40
2026-09-23 15:14:44.978 [STOP] hard stop requested (cancel-all + zero barrage)
2026-09-23 15:14:45.611 [BRAIN] {'steps': [{'action': 'move', 'speech': 'Turning forty degrees to the left.', 'target': None, 'distance_m': 0.0, 'rotation_deg': 40.0}]}
2026-09-23 15:14:45.611 [STEP] move target=None
2026-09-23 15:14:47.022 [ROBOT] Stopped. The robot is idle.
2026-09-23 15:14:47.022 [STOP] confirmed stopped by odometry after barrage
2026-09-23 15:14:50.162 [ROBOT] Done with that move.
2026-09-23 15:14:53.521 [CMD] [remote] dock
2026-09-23 15:14:53.522 [STOP] hard stop requested (cancel-all + zero barrage)
2026-09-23 15:14:53.522 [STEP] dock target=None
2026-09-23 15:14:53.522 [ROBOT] Docking…
2026-09-23 15:14:59.541 [ROBOT] I sent the stop but the robot is STILL MOVING (0.01 m/s, 0.40 rad/s). Take manual override now.
2026-09-23 15:14:59.541 [ERROR] #35 robot still moving 6.0s after stop: lin=0.01 ang=0.40
2026-09-23 15:15:24.302 [DOCK] dock position recorded at (-0.98, 1.25); detections within 0.8 m are ignored
2026-09-23 15:15:24.302 [MEMORY] purged 2 remembered person position(s) that sat on the dock
2026-09-23 15:15:26.611 [DOCK] dock position recorded at (-0.98, 1.25); detections within 0.8 m are ignored
2026-09-23 15:15:26.611 [ROBOT] Docked successfully.
2026-09-23 15:15:26.611 [DOCK] dock ok
2026-09-23 15:15:30.761 [ROBOT] I've stopped receiving camera frames (none for over 5s). Check the OAK-D driver — I can still move, but I'm blind until it's back.
2026-09-23 15:15:30.762 [WARN] #32e camera stream stalled (>5s)
2026-09-23 15:27:23.291 [MANUAL] control handed back to the robot
2026-09-23 15:27:23.291 [WARN] #35 cancel-all failed: failed to check service availability: rcl node's context is invalid, at ./src/rcl/node.c:428
2026-09-23 15:27:23.291 [STOP] hard stop requested (cancel-all + zero barrage)
2026-09-23 15:27:23.291 [RUN] agent shutting down
