2026-09-14 11:17:41.079 [RUN] vla_agent v28  (#63 headless-safe console output, #62 direction-aware collision guard, #61 nearest-cluster LiDAR ranging, #60 manual override teleop, #59 10 Hz collision guard, #58 smoother approach, #57 stand off far enough to keep the object in view, #56 step-and-stare scan, #55 LiDAR failure reasons reported, #54 LiDAR object ranging, #53 seeded depth intrinsics, #52 depth intrinsics rescaled to frame size, #51 compressedDepth transport, #50 compressed RGB transport, #49 annotated feed gated per topic, #47 TF at colour-frame stamp, #48 reject stale depth, #46 one subscription per camera stream, #43 longer cached action-server wait, #44 undock retry-loop breaker, #45 sync slop for 1 Hz depth, #37 /robot1 namespace, #38 stereo depth topic, #39 best-effort sensor QoS, #40 RGB->depth pixel mapping, #41 encoding-based mm/m, #42 explicit namespaced TF, #36 no patrol feed prompt, #35 cancel actually stops the robot, #34 feed publishes to any subscriber, #22 dock no-detect zone, #23 live-first memory, #24 forget, #25 typo-tolerant control words, #26 bare yes/no, #27 context expiry, #28 all-instance distances, #29 Create 3 backup ratchet, #30 sticky goals + range-scaled gate + ring-safe blacklist, #31 incremental off-map hop goals, #32 non-freezing live feed, #33 command/reply/status bridge)
2026-09-14 11:17:41.079 [RUN] agent started (SIGHT_CONFIRM=2, SEARCH_TIMEOUT=120.0s, NO_PROGRESS_LIMIT=60.0s, ROBOT_CLEARANCE=0.25m)
2026-09-14 11:17:55.067 [CMD] [remote] move forward 2 meter
2026-09-14 11:17:55.068 [STOP] hard stop requested (cancel-all + zero barrage)
2026-09-14 11:17:55.719 [BRAIN] {'steps': [{'action': 'move', 'speech': 'Moving forward two meters.', 'target': None, 'distance_m': 2.0, 'rotation_deg': 0.0}]}
2026-09-14 11:17:55.719 [STEP] move target=None
2026-09-14 11:17:57.114 [ROBOT] Stopped. The robot is idle.
2026-09-14 11:17:57.114 [STOP] confirmed stopped by odometry after barrage
2026-09-14 11:18:08.347 [CMD] (cancel via remote) stop
2026-09-14 11:18:08.347 [STOP] hard stop requested (cancel-all + zero barrage)
2026-09-14 11:18:10.394 [ROBOT] Stopped. The robot is idle.
2026-09-14 11:18:10.395 [STOP] confirmed stopped by odometry after barrage
2026-09-14 11:18:13.995 [CMD] [remote] move back
2026-09-14 11:18:13.996 [STOP] hard stop requested (cancel-all + zero barrage)
2026-09-14 11:18:14.677 [BRAIN] {'steps': [{'action': 'move', 'speech': 'Backing up a little.', 'target': None, 'distance_m': -0.3, 'rotation_deg': 0.0}]}
2026-09-14 11:18:14.677 [STEP] move target=None
2026-09-14 11:18:16.054 [ROBOT] Stopped. The robot is idle.
2026-09-14 11:18:16.054 [STOP] confirmed stopped by odometry after barrage
2026-09-14 11:18:20.095 [MOVE] backup limit at 0.13 m; nudge #1 forward 0.15 m
2026-09-14 11:18:22.261 [CMD] [remote] what do you see
2026-09-14 11:18:22.262 [STOP] hard stop requested (cancel-all + zero barrage)
2026-09-14 11:18:22.918 [BRAIN] {'steps': [{'action': 'describe', 'speech': "I don't see anything right now.", 'target': None}]}
2026-09-14 11:18:22.919 [STEP] describe target=None
2026-09-14 11:18:24.314 [ROBOT] Stopped. The robot is idle.
2026-09-14 11:18:24.314 [STOP] confirmed stopped by odometry after barrage
2026-09-14 11:18:33.643 [CMD] [remote] moVE BACK
2026-09-14 11:18:33.644 [STOP] hard stop requested (cancel-all + zero barrage)
2026-09-14 11:18:34.310 [BRAIN] {'steps': [{'action': 'move', 'speech': 'Backing up a little.', 'target': None, 'distance_m': -0.3, 'rotation_deg': 0.0}]}
2026-09-14 11:18:34.311 [STEP] move target=None
2026-09-14 11:18:35.694 [ROBOT] Stopped. The robot is idle.
2026-09-14 11:18:35.695 [STOP] confirmed stopped by odometry after barrage
2026-09-14 11:18:35.695 [CMD] [remote] go to the chair
2026-09-14 11:18:35.696 [STOP] hard stop requested (cancel-all + zero barrage)
2026-09-14 11:18:36.222 [BRAIN] {'steps': [{'action': 'navigate', 'speech': 'Heading to the chair.', 'target': 'chair'}]}
2026-09-14 11:18:36.222 [STEP] navigate target='chair'
2026-09-14 11:18:37.754 [ROBOT] Stopped. The robot is idle.
2026-09-14 11:18:37.755 [STOP] confirmed stopped by odometry after barrage
2026-09-14 11:18:40.843 [CMD] (cancel via remote) stop
2026-09-14 11:18:40.843 [STOP] hard stop requested (cancel-all + zero barrage)
2026-09-14 11:18:42.894 [ROBOT] Stopped. The robot is idle.
2026-09-14 11:18:42.895 [STOP] confirmed stopped by odometry after barrage
2026-09-14 11:18:45.644 [CMD] [remote] turn left
2026-09-14 11:18:45.644 [STOP] hard stop requested (cancel-all + zero barrage)
2026-09-14 11:18:46.303 [BRAIN] {'steps': [{'action': 'move', 'speech': 'Turning ninety degrees left.', 'target': None, 'distance_m': 0.0, 'rotation_deg': 90.0}]}
2026-09-14 11:18:46.303 [STEP] move target=None
2026-09-14 11:18:47.694 [ROBOT] Stopped. The robot is idle.
2026-09-14 11:18:47.695 [STOP] confirmed stopped by odometry after barrage
2026-09-14 11:18:52.094 [ROBOT] Done with that move.
2026-09-14 11:18:55.339 [CMD] [remote] move for ward
2026-09-14 11:18:55.340 [STOP] hard stop requested (cancel-all + zero barrage)
2026-09-14 11:18:55.994 [BRAIN] {'steps': [{'action': 'move', 'speech': 'Moving forward a bit.', 'target': None, 'distance_m': 0.5, 'rotation_deg': 0.0}]}
2026-09-14 11:18:55.995 [STEP] move target=None
2026-09-14 11:18:57.395 [ROBOT] Stopped. The robot is idle.
2026-09-14 11:18:57.395 [STOP] confirmed stopped by odometry after barrage
2026-09-14 11:19:00.027 [CMD] (cancel via remote) stop
2026-09-14 11:19:00.027 [STOP] hard stop requested (cancel-all + zero barrage)
2026-09-14 11:19:02.074 [ROBOT] Stopped. The robot is idle.
2026-09-14 11:19:02.074 [STOP] confirmed stopped by odometry after barrage
2026-09-14 11:19:05.563 [CMD] [remote] turn right
2026-09-14 11:19:05.564 [STOP] hard stop requested (cancel-all + zero barrage)
2026-09-14 11:19:06.239 [BRAIN] {'steps': [{'action': 'move', 'speech': 'Turning ninety degrees to the right.', 'target': None, 'distance_m': 0.0, 'rotation_deg': -90.0}]}
2026-09-14 11:19:06.239 [STEP] move target=None
2026-09-14 11:19:07.614 [ROBOT] Stopped. The robot is idle.
2026-09-14 11:19:07.614 [STOP] confirmed stopped by odometry after barrage
2026-09-14 11:19:12.094 [ROBOT] Done with that move.
2026-09-14 11:19:13.532 [CMD] [remote] turn righ t
2026-09-14 11:19:13.532 [STOP] hard stop requested (cancel-all + zero barrage)
2026-09-14 11:19:14.183 [BRAIN] {'steps': [{'action': 'move', 'speech': 'Turning ninety degrees right.', 'target': None, 'distance_m': 0.0, 'rotation_deg': 90.0}]}
2026-09-14 11:19:14.183 [STEP] move target=None
2026-09-14 11:19:15.574 [ROBOT] Stopped. The robot is idle.
2026-09-14 11:19:15.574 [STOP] confirmed stopped by odometry after barrage
2026-09-14 11:19:20.094 [ROBOT] Done with that move.
2026-09-14 11:19:23.548 [CMD] [remote] turn left
2026-09-14 11:19:23.548 [STOP] hard stop requested (cancel-all + zero barrage)
2026-09-14 11:19:24.214 [BRAIN] {'steps': [{'action': 'move', 'speech': 'Turning ninety degrees left.', 'target': None, 'distance_m': 0.0, 'rotation_deg': 90.0}]}
2026-09-14 11:19:24.214 [STEP] move target=None
2026-09-14 11:19:25.595 [ROBOT] Stopped. The robot is idle.
2026-09-14 11:19:25.595 [STOP] confirmed stopped by odometry after barrage
2026-09-14 11:19:30.094 [ROBOT] Done with that move.
2026-09-14 11:19:52.459 [CMD] (cancel via remote) cancel
2026-09-14 11:19:52.459 [STOP] hard stop requested (cancel-all + zero barrage)
2026-09-14 11:19:54.514 [ROBOT] Stopped. The robot is idle.
2026-09-14 11:19:54.515 [STOP] confirmed stopped by odometry after barrage
2026-09-14 11:19:55.370 [CMD] [remote] move forward
2026-09-14 11:19:55.370 [STOP] hard stop requested (cancel-all + zero barrage)
2026-09-14 11:19:55.976 [BRAIN] {'steps': [{'action': 'move', 'speech': 'Moving forward.', 'target': None, 'distance_m': 1.0, 'rotation_deg': 0.0}]}
2026-09-14 11:19:55.976 [STEP] move target=None
2026-09-14 11:19:57.414 [ROBOT] Stopped. The robot is idle.
2026-09-14 11:19:57.414 [STOP] confirmed stopped by odometry after barrage
2026-09-14 11:20:04.094 [ROBOT] Done with that move.
2026-09-14 11:20:08.696 [CMD] [remote] what do you see
2026-09-14 11:20:08.696 [STOP] hard stop requested (cancel-all + zero barrage)
2026-09-14 11:20:09.284 [BRAIN] {'steps': [{'action': 'describe', 'speech': 'I see a chair and a shelf.', 'target': None}]}
2026-09-14 11:20:09.285 [STEP] describe target=None
2026-09-14 11:20:10.754 [ROBOT] Stopped. The robot is idle.
2026-09-14 11:20:10.754 [STOP] confirmed stopped by odometry after barrage
2026-09-14 11:20:19.083 [CMD] (cancel via remote) cancel
2026-09-14 11:20:19.084 [STOP] hard stop requested (cancel-all + zero barrage)
2026-09-14 11:20:21.134 [ROBOT] Stopped. The robot is idle.
2026-09-14 11:20:21.134 [STOP] confirmed stopped by odometry after barrage
2026-09-14 11:20:22.357 [CMD] [remote] go to the chair
2026-09-14 11:20:22.358 [STOP] hard stop requested (cancel-all + zero barrage)
2026-09-14 11:20:22.885 [BRAIN] {'steps': [{'action': 'navigate', 'speech': 'Heading back to the chair.', 'target': 'chair'}]}
2026-09-14 11:20:22.885 [STEP] navigate target='chair'
2026-09-14 11:20:24.141 [ROBOT] Found the chair — navigating to it.
2026-09-14 11:20:24.141 [SIGHT] chair at (0.26, 6.65), 9.55 m away
2026-09-14 11:20:24.142 [GOAL] (0.78, 6.05) yaw=131deg mode=navigate
2026-09-14 11:20:24.414 [ROBOT] Stopped. The robot is idle.
2026-09-14 11:20:24.414 [STOP] confirmed stopped by odometry after barrage
2026-09-14 11:20:26.145 [WARN] suspicious chair jump of 4.9 m (occlusion/depth noise?) — waiting for a confirming look (agree radius 1.0 m)
2026-09-14 11:20:27.141 [WARN] suspicious chair jump of 3.5 m (occlusion/depth noise?) — waiting for a confirming look (agree radius 1.3 m)
2026-09-14 11:20:28.150 [SIGHT] large chair jump (3.4 m) confirmed by a second look — accepting
2026-09-14 11:20:28.153 [GOAL] (0.12, 2.33) yaw=74deg mode=navigate
2026-09-14 11:20:28.164 [RESULT] nav goal status=6 (not-succeeded)
2026-09-14 11:20:28.164 [WARN] nav goal (0.12, 2.33) failed (status=6); trying another approach angle
2026-09-14 11:20:29.145 [GOAL] (-1.83, 0.67) yaw=108deg mode=navigate
2026-09-14 11:20:29.153 [RESULT] nav goal status=6 (not-succeeded)
2026-09-14 11:20:29.154 [WARN] nav goal (-1.83, 0.67) failed (status=6); trying another approach angle
2026-09-14 11:20:30.145 [GOAL] (-1.47, 0.79) yaw=135deg mode=navigate
2026-09-14 11:20:30.154 [RESULT] nav goal status=6 (not-succeeded)
2026-09-14 11:20:30.154 [WARN] nav goal (-1.47, 0.79) failed (status=6); trying another approach angle
2026-09-14 11:20:31.148 [GOAL] (0.17, 2.09) yaw=70deg mode=navigate
2026-09-14 11:20:31.154 [RESULT] nav goal status=6 (not-succeeded)
2026-09-14 11:20:31.154 [WARN] nav goal (0.17, 2.09) failed (status=6); trying another approach angle
2026-09-14 11:20:32.144 [GOAL] (-0.71, 0.50) yaw=77deg mode=navigate
2026-09-14 11:20:32.154 [RESULT] nav goal status=6 (not-succeeded)
2026-09-14 11:20:32.154 [WARN] nav goal (-0.71, 0.50) failed (status=6); trying another approach angle
2026-09-14 11:20:33.149 [GOAL] (-0.45, 0.36) yaw=62deg mode=navigate
2026-09-14 11:20:33.154 [RESULT] nav goal status=6 (not-succeeded)
2026-09-14 11:20:33.154 [WARN] nav goal (-0.45, 0.36) failed (status=6); trying another approach angle
2026-09-14 11:20:34.141 [WARN] suspicious chair jump of 3.4 m (occlusion/depth noise?) — waiting for a confirming look (agree radius 1.3 m)
2026-09-14 11:20:34.144 [GOAL] (-0.14, 0.27) yaw=85deg mode=navigate
2026-09-14 11:20:34.154 [RESULT] nav goal status=6 (not-succeeded)
2026-09-14 11:20:34.154 [WARN] nav goal (-0.14, 0.27) failed (status=6); trying another approach angle
2026-09-14 11:20:35.146 [GOAL] (0.01, 2.91) yaw=76deg mode=navigate
2026-09-14 11:20:35.153 [RESULT] nav goal status=6 (not-succeeded)
2026-09-14 11:20:35.154 [WARN] nav goal (0.01, 2.91) failed (status=6); trying another approach angle
2026-09-14 11:20:36.150 [GOAL] (-0.48, 2.42) yaw=86deg mode=navigate
2026-09-14 11:20:36.153 [RESULT] nav goal status=6 (not-succeeded)
2026-09-14 11:20:36.153 [WARN] nav goal (-0.48, 2.42) failed (status=6); trying another approach angle
2026-09-14 11:20:37.140 [WARN] suspicious chair jump of 3.5 m (occlusion/depth noise?) — waiting for a confirming look (agree radius 1.6 m)
2026-09-14 11:20:37.143 [GOAL] (-0.80, 2.51) yaw=61deg mode=navigate
2026-09-14 11:20:37.154 [RESULT] nav goal status=6 (not-succeeded)
2026-09-14 11:20:37.155 [WARN] nav goal (-0.80, 2.51) failed (status=6); trying another approach angle
2026-09-14 11:20:38.142 [SIGHT] large chair jump (3.7 m) confirmed by a second look — accepting
2026-09-14 11:20:38.142 [GOAL] (-0.47, 6.08) yaw=89deg mode=navigate
2026-09-14 11:20:38.154 [RESULT] nav goal status=6 (not-succeeded)
2026-09-14 11:20:38.154 [WARN] nav goal (-0.47, 6.08) failed (status=6); trying another approach angle
2026-09-14 11:20:39.141 [GOAL] (0.51, 5.29) yaw=105deg mode=navigate
2026-09-14 11:20:39.144 [RESULT] nav goal status=6 (not-succeeded)
2026-09-14 11:20:39.145 [WARN] nav goal (0.51, 5.29) failed (status=6); trying another approach angle
2026-09-14 11:20:40.146 [GOAL] (-0.19, 2.34) yaw=73deg mode=navigate
2026-09-14 11:20:40.154 [RESULT] nav goal status=6 (not-succeeded)
2026-09-14 11:20:40.154 [WARN] nav goal (-0.19, 2.34) failed (status=6); trying another approach angle
2026-09-14 11:20:41.144 [GOAL] (0.19, 3.81) yaw=74deg mode=navigate
2026-09-14 11:20:41.154 [RESULT] nav goal status=6 (not-succeeded)
2026-09-14 11:20:41.154 [WARN] nav goal (0.19, 3.81) failed (status=6); trying another approach angle
2026-09-14 11:20:42.142 [GOAL] (0.10, 3.14) yaw=70deg mode=navigate
2026-09-14 11:20:42.144 [RESULT] nav goal status=6 (not-succeeded)
2026-09-14 11:20:42.144 [WARN] nav goal (0.10, 3.14) failed (status=6); trying another approach angle
2026-09-14 11:20:43.144 [GOAL] (-0.31, 2.46) yaw=80deg mode=navigate
2026-09-14 11:20:43.155 [RESULT] nav goal status=6 (not-succeeded)
2026-09-14 11:20:43.155 [WARN] nav goal (-0.31, 2.46) failed (status=6); trying another approach angle
2026-09-14 11:20:44.144 [GOAL] (-0.67, 2.37) yaw=60deg mode=navigate
2026-09-14 11:20:44.154 [RESULT] nav goal status=6 (not-succeeded)
2026-09-14 11:20:44.154 [WARN] nav goal (-0.67, 2.37) failed (status=6); trying another approach angle
2026-09-14 11:20:45.142 [ROBOT] Arrived at the chair.
2026-09-14 11:21:05.315 [CMD] (cancel via remote) cancel
2026-09-14 11:21:05.316 [STOP] hard stop requested (cancel-all + zero barrage)
2026-09-14 11:21:07.374 [ROBOT] Stopped. The robot is idle.
2026-09-14 11:21:07.374 [STOP] confirmed stopped by odometry after barrage
2026-09-14 11:21:08.900 [CMD] (cancel via remote) cancel
2026-09-14 11:21:08.900 [STOP] hard stop requested (cancel-all + zero barrage)
2026-09-14 11:21:09.694 [ROBOT] I've stopped receiving camera frames (none for over 5s). Check the OAK-D driver — I can still move, but I'm blind until it's back.
2026-09-14 11:21:09.695 [WARN] #32e camera stream stalled (>5s)
2026-09-14 11:21:10.954 [ROBOT] Stopped. The robot is idle.
2026-09-14 11:21:10.955 [STOP] confirmed stopped by odometry after barrage
2026-09-14 11:21:11.642 [CMD] (cancel via remote) stop
2026-09-14 11:21:11.642 [STOP] hard stop requested (cancel-all + zero barrage)
2026-09-14 11:21:13.694 [ROBOT] Stopped. The robot is idle.
2026-09-14 11:21:13.695 [STOP] confirmed stopped by odometry after barrage
2026-09-14 11:21:16.354 [CMD] (cancel via remote) stop
2026-09-14 11:21:16.355 [STOP] hard stop requested (cancel-all + zero barrage)
2026-09-14 11:21:16.765 [WARN] #32e camera stream RESUMED after 12.1s
2026-09-14 11:21:16.765 [ROBOT] Camera frames are back — the gap was 12.1s.
2026-09-14 11:21:18.414 [ROBOT] Stopped. The robot is idle.
2026-09-14 11:21:18.415 [STOP] confirmed stopped by odometry after barrage
2026-09-14 11:21:21.228 [CMD] [remote] turn around
2026-09-14 11:21:21.228 [STOP] hard stop requested (cancel-all + zero barrage)
2026-09-14 11:21:21.859 [BRAIN] {'steps': [{'action': 'move', 'speech': 'Turning around.', 'target': None, 'distance_m': 0.0, 'rotation_deg': 180.0}]}
2026-09-14 11:21:21.859 [STEP] move target=None
2026-09-14 11:21:23.274 [ROBOT] Stopped. The robot is idle.
2026-09-14 11:21:23.275 [STOP] confirmed stopped by odometry after barrage
2026-09-14 11:21:23.294 [ROBOT] I've stopped receiving camera frames (none for over 5s). Check the OAK-D driver — I can still move, but I'm blind until it's back.
2026-09-14 11:21:23.295 [WARN] #32e camera stream stalled (>5s)
2026-09-14 11:21:29.620 [WARN] #32e camera stream RESUMED after 11.3s
2026-09-14 11:21:29.620 [ROBOT] Camera frames are back — the gap was 11.3s.
2026-09-14 11:21:31.094 [ROBOT] Done with that move.
2026-09-14 11:21:34.249 [CMD] [remote] move forward three meters
2026-09-14 11:21:34.250 [STOP] hard stop requested (cancel-all + zero barrage)
2026-09-14 11:21:34.870 [BRAIN] {'steps': [{'action': 'move', 'speech': 'Moving forward three metres.', 'target': None, 'distance_m': 3.0, 'rotation_deg': 0.0}]}
2026-09-14 11:21:34.870 [STEP] move target=None
2026-09-14 11:21:36.295 [ROBOT] Stopped. The robot is idle.
2026-09-14 11:21:36.295 [STOP] confirmed stopped by odometry after barrage
2026-09-14 11:21:54.094 [ROBOT] Done with that move.
2026-09-14 11:21:56.483 [CMD] (cancel via remote) cancel
2026-09-14 11:21:56.484 [STOP] hard stop requested (cancel-all + zero barrage)
2026-09-14 11:21:58.534 [ROBOT] Stopped. The robot is idle.
2026-09-14 11:21:58.534 [STOP] confirmed stopped by odometry after barrage
2026-09-14 11:22:04.484 [CMD] (cancel via remote) cancel
2026-09-14 11:22:04.484 [STOP] hard stop requested (cancel-all + zero barrage)
2026-09-14 11:22:06.534 [ROBOT] Stopped. The robot is idle.
2026-09-14 11:22:06.534 [STOP] confirmed stopped by odometry after barrage
2026-09-14 11:22:09.637 [CMD] [remote] turn left 40 degrees
2026-09-14 11:22:09.637 [STOP] hard stop requested (cancel-all + zero barrage)
2026-09-14 11:22:10.310 [BRAIN] {'steps': [{'action': 'move', 'speech': 'Turning forty degrees to the left.', 'target': None, 'distance_m': 0.0, 'rotation_deg': 40.0}]}
2026-09-14 11:22:10.310 [STEP] move target=None
2026-09-14 11:22:11.694 [ROBOT] Stopped. The robot is idle.
2026-09-14 11:22:11.695 [STOP] confirmed stopped by odometry after barrage
2026-09-14 11:22:15.094 [ROBOT] Done with that move.
2026-09-14 11:22:19.142 [CMD] [remote] turn left 40 degrees
2026-09-14 11:22:19.143 [STOP] hard stop requested (cancel-all + zero barrage)
2026-09-14 11:22:19.811 [BRAIN] {'steps': [{'action': 'move', 'speech': 'Turning forty degrees to the left.', 'target': None, 'distance_m': 0.0, 'rotation_deg': 40.0}]}
2026-09-14 11:22:19.811 [STEP] move target=None
2026-09-14 11:22:21.194 [ROBOT] Stopped. The robot is idle.
2026-09-14 11:22:21.195 [STOP] confirmed stopped by odometry after barrage
2026-09-14 11:22:24.094 [ROBOT] Done with that move.
2026-09-14 11:22:29.589 [CMD] [remote] move forward 0 5 meter
2026-09-14 11:22:29.590 [STOP] hard stop requested (cancel-all + zero barrage)
2026-09-14 11:22:30.198 [BRAIN] {'steps': [{'action': 'move', 'speech': 'Moving forward one metre.', 'target': None, 'distance_m': 1.0, 'rotation_deg': 0.0}]}
2026-09-14 11:22:30.198 [STEP] move target=None
2026-09-14 11:22:31.634 [ROBOT] Stopped. The robot is idle.
2026-09-14 11:22:31.634 [STOP] confirmed stopped by odometry after barrage
2026-09-14 11:22:38.095 [ROBOT] Done with that move.
2026-09-14 11:22:41.005 [CMD] (cancel via remote) stop
2026-09-14 11:22:41.005 [STOP] hard stop requested (cancel-all + zero barrage)
2026-09-14 11:22:43.054 [ROBOT] Stopped. The robot is idle.
2026-09-14 11:22:43.054 [STOP] confirmed stopped by odometry after barrage
2026-09-14 11:22:45.673 [CMD] [remote] turn right
2026-09-14 11:22:45.673 [STOP] hard stop requested (cancel-all + zero barrage)
2026-09-14 11:22:46.357 [BRAIN] {'steps': [{'action': 'move', 'speech': 'Turning ninety degrees to the right.', 'target': None, 'distance_m': 0.0, 'rotation_deg': -90.0}]}
2026-09-14 11:22:46.357 [STEP] move target=None
2026-09-14 11:22:47.714 [ROBOT] Stopped. The robot is idle.
2026-09-14 11:22:47.714 [STOP] confirmed stopped by odometry after barrage
2026-09-14 11:22:53.094 [ROBOT] Done with that move.
2026-09-14 11:22:56.582 [CMD] [remote] turn right 30 degrees
2026-09-14 11:22:56.582 [STOP] hard stop requested (cancel-all + zero barrage)
2026-09-14 11:22:57.241 [BRAIN] {'steps': [{'action': 'move', 'speech': 'Turning thirty degrees to the right.', 'target': None, 'distance_m': 0.0, 'rotation_deg': -30.0}]}
2026-09-14 11:22:57.241 [STEP] move target=None
2026-09-14 11:22:58.634 [ROBOT] Stopped. The robot is idle.
2026-09-14 11:22:58.635 [STOP] confirmed stopped by odometry after barrage
2026-09-14 11:23:01.094 [ROBOT] Done with that move.
2026-09-14 11:23:09.664 [CMD] [remote] what do you see
2026-09-14 11:23:09.665 [STOP] hard stop requested (cancel-all + zero barrage)
2026-09-14 11:23:10.271 [BRAIN] {'steps': [{'action': 'describe', 'speech': 'I can see a chair and a person.', 'target': None}]}
2026-09-14 11:23:10.271 [STEP] describe target=None
2026-09-14 11:23:11.714 [ROBOT] Stopped. The robot is idle.
2026-09-14 11:23:11.715 [STOP] confirmed stopped by odometry after barrage
2026-09-14 11:23:14.059 [CMD] [remote] go to the person
2026-09-14 11:23:14.059 [STOP] hard stop requested (cancel-all + zero barrage)
2026-09-14 11:23:14.575 [BRAIN] {'steps': [{'action': 'navigate', 'speech': 'Heading to the person.', 'target': 'person'}]}
2026-09-14 11:23:14.575 [STEP] navigate target='person'
2026-09-14 11:23:16.114 [ROBOT] Stopped. The robot is idle.
2026-09-14 11:23:16.115 [STOP] confirmed stopped by odometry after barrage
2026-09-14 11:23:16.148 [ROBOT] Found the person — navigating to it.
2026-09-14 11:23:16.148 [SIGHT] person at (-2.90, -1.15), 2.65 m away
2026-09-14 11:23:16.149 [ROBOT] The person is about 2.7 m away, past the edge of what I've mapped. Moving up in short steps and mapping as I go.
2026-09-14 11:23:16.149 [STEP] #31 hop mode engaged for person: object (-2.90, -1.15) at 2.7 m, area_mapped=False
2026-09-14 11:23:16.149 [GOAL] #31 hop 1: 1.50 m toward person (still 2.7 m away)
2026-09-14 11:23:16.149 [GOAL] (-1.56, -1.27) yaw=-163deg mode=navigate
2026-09-14 11:23:16.195 [GUARD] collision guard stopped the robot at 0.28 m (limit 0.35 m, mode=navigate)
2026-09-14 11:23:16.195 [ROBOT] Stopping — something solid is 0.28 m ahead, but I thought the person was still 2.7 m away. My distance estimate was wrong, so I'm not driving any further.
2026-09-14 11:23:16.196 [WARN] belief/LiDAR mismatch: believed 2.65 m, measured 0.28 m
2026-09-14 11:23:23.837 [CMD] [remote] go to the person
2026-09-14 11:23:23.837 [STOP] hard stop requested (cancel-all + zero barrage)
2026-09-14 11:23:24.371 [BRAIN] {'steps': [{'action': 'navigate', 'speech': 'Heading back to the person.', 'target': 'person'}]}
2026-09-14 11:23:24.371 [STEP] navigate target='person'
2026-09-14 11:23:25.894 [ROBOT] Stopped. The robot is idle.
2026-09-14 11:23:25.894 [STOP] confirmed stopped by odometry after barrage
2026-09-14 11:23:26.141 [ROBOT] Found the person — navigating to it.
2026-09-14 11:23:26.141 [SIGHT] person at (-2.91, -1.12), 2.65 m away
2026-09-14 11:23:26.142 [ROBOT] The person is about 2.7 m away, past the edge of what I've mapped. Moving up in short steps and mapping as I go.
2026-09-14 11:23:26.142 [STEP] #31 hop mode engaged for person: object (-2.91, -1.12) at 2.7 m, area_mapped=False
2026-09-14 11:23:26.142 [GOAL] #31 hop 1: 1.50 m toward person (still 2.7 m away)
2026-09-14 11:23:26.142 [GOAL] (-1.57, -1.26) yaw=-163deg mode=navigate
2026-09-14 11:23:26.195 [GUARD] collision guard stopped the robot at 0.28 m (limit 0.35 m, mode=navigate)
2026-09-14 11:23:26.195 [ROBOT] Stopping — something solid is 0.28 m ahead, but I thought the person was still 2.7 m away. My distance estimate was wrong, so I'm not driving any further.
2026-09-14 11:23:26.196 [WARN] belief/LiDAR mismatch: believed 2.65 m, measured 0.28 m
2026-09-14 11:24:13.536 [CMD] [remote] what do you see
2026-09-14 11:24:13.536 [STOP] hard stop requested (cancel-all + zero barrage)
2026-09-14 11:24:14.137 [BRAIN] {'steps': [{'action': 'describe', 'speech': 'I can see a chair and a person.', 'target': None}]}
2026-09-14 11:24:14.137 [STEP] describe target=None
2026-09-14 11:24:15.594 [ROBOT] Stopped. The robot is idle.
2026-09-14 11:24:15.595 [STOP] confirmed stopped by odometry after barrage
2026-09-14 11:24:17.004 [CMD] [remote] go to the box
2026-09-14 11:24:17.005 [STOP] hard stop requested (cancel-all + zero barrage)
2026-09-14 11:24:17.523 [BRAIN] {'steps': [{'action': 'navigate', 'speech': 'Heading to a box.', 'target': 'box'}]}
2026-09-14 11:24:17.523 [STEP] navigate target='box'
2026-09-14 11:24:18.636 [CMD] (cancel via remote) cancel
2026-09-14 11:24:18.636 [STOP] hard stop requested (cancel-all + zero barrage)
2026-09-14 11:24:20.694 [ROBOT] Stopped. The robot is idle.
2026-09-14 11:24:20.694 [STOP] confirmed stopped by odometry after barrage
2026-09-14 11:24:23.966 [CMD] [remote] go to the person
2026-09-14 11:24:23.966 [STOP] hard stop requested (cancel-all + zero barrage)
2026-09-14 11:24:24.487 [BRAIN] {'steps': [{'action': 'navigate', 'speech': 'Heading to the person.', 'target': 'person'}]}
2026-09-14 11:24:24.487 [STEP] navigate target='person'
2026-09-14 11:24:26.014 [ROBOT] Stopped. The robot is idle.
2026-09-14 11:24:26.015 [STOP] confirmed stopped by odometry after barrage
2026-09-14 11:24:26.141 [ROBOT] Found the person — navigating to it.
2026-09-14 11:24:26.141 [SIGHT] person at (-2.30, -1.20), 2.06 m away
2026-09-14 11:24:26.142 [GOAL] (-1.56, -0.88) yaw=-156deg mode=navigate
2026-09-14 11:24:29.141 [ROBOT] Arrived at the person.
2026-09-14 11:24:38.448 [CMD] [remote] turn around
2026-09-14 11:24:38.448 [STOP] hard stop requested (cancel-all + zero barrage)
2026-09-14 11:24:39.061 [BRAIN] {'steps': [{'action': 'move', 'speech': 'Turning around.', 'target': None, 'distance_m': 0.0, 'rotation_deg': 180.0}]}
2026-09-14 11:24:39.061 [STEP] move target=None
2026-09-14 11:24:40.494 [ROBOT] Stopped. The robot is idle.
2026-09-14 11:24:40.495 [STOP] confirmed stopped by odometry after barrage
2026-09-14 11:24:48.094 [ROBOT] Done with that move.
2026-09-14 11:24:57.373 [CMD] [remote] move forward three centimeter
2026-09-14 11:24:57.373 [STOP] hard stop requested (cancel-all + zero barrage)
2026-09-14 11:24:58.056 [BRAIN] {'steps': [{'action': 'move', 'speech': 'Moving forward three centimeters.', 'target': None, 'distance_m': 0.03, 'rotation_deg': 0.0}]}
2026-09-14 11:24:58.056 [STEP] move target=None
2026-09-14 11:24:59.414 [ROBOT] Stopped. The robot is idle.
2026-09-14 11:24:59.414 [STOP] confirmed stopped by odometry after barrage
2026-09-14 11:25:00.094 [ROBOT] Done with that move.
2026-09-14 11:25:03.209 [CMD] [remote] dock
2026-09-14 11:25:03.209 [STOP] hard stop requested (cancel-all + zero barrage)
2026-09-14 11:25:03.209 [STEP] dock target=None
2026-09-14 11:25:03.209 [ROBOT] Docking…
2026-09-14 11:25:09.214 [ROBOT] I sent the stop but the robot is STILL MOVING (0.08 m/s, 0.25 rad/s). Take manual override now.
2026-09-14 11:25:09.214 [ERROR] #35 robot still moving 6.0s after stop: lin=0.08 ang=0.25
2026-09-14 11:25:22.503 [DOCK] dock position recorded at (-0.39, -0.29); detections within 0.8 m are ignored
2026-09-14 11:25:25.040 [DOCK] dock position recorded at (-0.39, -0.29); detections within 0.8 m are ignored
2026-09-14 11:25:25.040 [ROBOT] Docked successfully.
2026-09-14 11:25:25.040 [DOCK] dock ok
2026-09-14 11:25:29.294 [ROBOT] I've stopped receiving camera frames (none for over 5s). Check the OAK-D driver — I can still move, but I'm blind until it's back.
2026-09-14 11:25:29.295 [WARN] #32e camera stream stalled (>5s)
2026-09-14 11:26:14.931 [WARN] #35 cancel-all failed: failed to check service availability: rcl node's context is invalid, at ./src/rcl/node.c:428
2026-09-14 11:26:14.931 [STOP] hard stop requested (cancel-all + zero barrage)
2026-09-14 11:26:14.931 [RUN] agent shutting down
