2026-08-09 15:31:11.427 [RUN] vla_agent v23  (#55 LiDAR failure reasons reported, #54 LiDAR object ranging, #53 seeded depth intrinsics, #52 depth intrinsics rescaled to frame size, #51 compressedDepth transport, #50 compressed RGB transport, #49 annotated feed gated per topic, #47 TF at colour-frame stamp, #48 reject stale depth, #46 one subscription per camera stream, #43 longer cached action-server wait, #44 undock retry-loop breaker, #45 sync slop for 1 Hz depth, #37 /robot1 namespace, #38 stereo depth topic, #39 best-effort sensor QoS, #40 RGB->depth pixel mapping, #41 encoding-based mm/m, #42 explicit namespaced TF, #36 no patrol feed prompt, #35 cancel actually stops the robot, #34 feed publishes to any subscriber, #22 dock no-detect zone, #23 live-first memory, #24 forget, #25 typo-tolerant control words, #26 bare yes/no, #27 context expiry, #28 all-instance distances, #29 Create 3 backup ratchet, #30 sticky goals + range-scaled gate + ring-safe blacklist, #31 incremental off-map hop goals, #32 non-freezing live feed, #33 command/reply/status bridge)
2026-08-09 15:31:11.427 [RUN] agent started (SIGHT_CONFIRM=2, SEARCH_TIMEOUT=45.0s, NO_PROGRESS_LIMIT=60.0s, ROBOT_CLEARANCE=0.25m)
2026-08-09 15:31:13.964 [DOCK] dock position recorded at (-0.00, 0.00); detections within 0.8 m are ignored
2026-08-09 15:31:15.473 [CMD] [keyboard] undock
2026-08-09 15:31:15.473 [STOP] hard stop requested (cancel-all + zero barrage)
2026-08-09 15:31:15.473 [STEP] undock target=None
2026-08-09 15:31:15.473 [ROBOT] Undocking…
2026-08-09 15:31:19.642 [ROBOT] Stopped. The robot is idle.
2026-08-09 15:31:19.642 [STOP] confirmed stopped by odometry after barrage
2026-08-09 15:31:21.652 [ROBOT] Undocked — ready to move.
2026-08-09 15:31:21.652 [DOCK] undock ok
2026-08-09 15:31:22.538 [INFO] depth frames 1280x720, intrinsics 1280x720 from seeded defaults (#53)
2026-08-09 15:31:22.540 [INFO] live depth camera_info received 1280x720
2026-08-09 15:31:24.942 [ROBOT] RGB and depth stopped lining up (1.6s since the last matched pair) — switching to the newest frame of each. Detections stay live; depth accuracy drops a little while they are out of step.
2026-08-09 15:31:24.942 [WARN] #32a stale sync pair dropped after 1.6s
2026-08-09 15:31:52.449 [CMD] [keyboard] move 0.5m and turn right
2026-08-09 15:31:52.449 [STOP] hard stop requested (cancel-all + zero barrage)
2026-08-09 15:31:53.147 [BRAIN] {'steps': [{'action': 'move', 'speech': 'Moving forward half a meter and turning right.', 'target': None, 'distance_m': 0.5, 'rotation_deg': -90.0}]}
2026-08-09 15:31:53.147 [STEP] move target=None
2026-08-09 15:31:54.502 [ROBOT] Stopped. The robot is idle.
2026-08-09 15:31:54.502 [STOP] confirmed stopped by odometry after barrage
2026-08-09 15:32:03.442 [ROBOT] Done with that move.
2026-08-09 15:32:10.417 [CMD] [keyboard] turn left
2026-08-09 15:32:10.418 [STOP] hard stop requested (cancel-all + zero barrage)
2026-08-09 15:32:11.041 [BRAIN] {'steps': [{'action': 'move', 'speech': 'Turning ninety degrees left.', 'target': None, 'distance_m': 0.0, 'rotation_deg': 90.0}]}
2026-08-09 15:32:11.042 [STEP] move target=None
2026-08-09 15:32:12.462 [ROBOT] Stopped. The robot is idle.
2026-08-09 15:32:12.462 [STOP] confirmed stopped by odometry after barrage
2026-08-09 15:32:17.442 [ROBOT] Done with that move.
2026-08-09 15:32:21.089 [CMD] [keyboard] turn right 20
2026-08-09 15:32:21.089 [STOP] hard stop requested (cancel-all + zero barrage)
2026-08-09 15:32:21.708 [BRAIN] {'steps': [{'action': 'move', 'speech': 'Turning twenty degrees to the right.', 'target': None, 'distance_m': 0.0, 'rotation_deg': -20.0}]}
2026-08-09 15:32:21.708 [STEP] move target=None
2026-08-09 15:32:23.142 [ROBOT] Stopped. The robot is idle.
2026-08-09 15:32:23.142 [STOP] confirmed stopped by odometry after barrage
2026-08-09 15:32:25.442 [ROBOT] Done with that move.
2026-08-09 15:32:30.081 [CMD] [keyboard] what do u see
2026-08-09 15:32:30.082 [STOP] hard stop requested (cancel-all + zero barrage)
2026-08-09 15:32:30.644 [BRAIN] {'steps': [{'action': 'describe', 'speech': 'I see a chair.', 'target': None}]}
2026-08-09 15:32:30.644 [STEP] describe target=None
2026-08-09 15:32:32.122 [ROBOT] Stopped. The robot is idle.
2026-08-09 15:32:32.122 [STOP] confirmed stopped by odometry after barrage
2026-08-09 15:32:35.569 [CMD] [keyboard] show me
2026-08-09 15:32:35.569 [STOP] hard stop requested (cancel-all + zero barrage)
2026-08-09 15:32:36.075 [BRAIN] {'steps': [{'action': 'feed', 'speech': 'Showing you what I see.', 'target': None}]}
2026-08-09 15:32:36.075 [STEP] feed target=None
2026-08-09 15:32:37.622 [ROBOT] Stopped. The robot is idle.
2026-08-09 15:32:37.622 [STOP] confirmed stopped by odometry after barrage
2026-08-09 15:32:58.442 [ROBOT] I've stopped receiving camera frames. Check the OAK-D driver — I can still move, but I'm blind until it's back.
2026-08-09 15:32:58.442 [WARN] #32e camera stream stalled
2026-08-09 15:33:04.945 [CMD] [keyboard] what do you see
2026-08-09 15:33:04.945 [STOP] hard stop requested (cancel-all + zero barrage)
2026-08-09 15:33:05.572 [BRAIN] {'steps': [{'action': 'describe', 'speech': "I don't see anything right now.", 'target': None}]}
2026-08-09 15:33:05.572 [STEP] describe target=None
2026-08-09 15:33:07.002 [ROBOT] Stopped. The robot is idle.
2026-08-09 15:33:07.002 [STOP] confirmed stopped by odometry after barrage
2026-08-09 15:33:15.937 [CMD] [keyboard] turn left
2026-08-09 15:33:15.937 [STOP] hard stop requested (cancel-all + zero barrage)
2026-08-09 15:33:16.548 [BRAIN] {'steps': [{'action': 'move', 'speech': 'Turning ninety degrees left.', 'target': None, 'distance_m': 0.0, 'rotation_deg': 90.0}]}
2026-08-09 15:33:16.548 [STEP] move target=None
2026-08-09 15:33:17.982 [ROBOT] Stopped. The robot is idle.
2026-08-09 15:33:17.982 [STOP] confirmed stopped by odometry after barrage
2026-08-09 15:33:22.442 [ROBOT] Done with that move.
2026-08-09 15:33:25.393 [CMD] [keyboard] move 2 m
2026-08-09 15:33:25.394 [STOP] hard stop requested (cancel-all + zero barrage)
2026-08-09 15:33:25.963 [BRAIN] {'steps': [{'action': 'move', 'speech': 'Moving forward two meters.', 'target': None, 'distance_m': 2.0, 'rotation_deg': 0.0}]}
2026-08-09 15:33:25.963 [STEP] move target=None
2026-08-09 15:33:27.442 [ROBOT] Stopped. The robot is idle.
2026-08-09 15:33:27.443 [STOP] confirmed stopped by odometry after barrage
2026-08-09 15:33:39.442 [ROBOT] Done with that move.
2026-08-09 15:33:44.273 [CMD] [keyboard] what do you see
2026-08-09 15:33:44.273 [STOP] hard stop requested (cancel-all + zero barrage)
2026-08-09 15:33:44.849 [BRAIN] {'steps': [{'action': 'describe', 'speech': 'I see a person.', 'target': None}]}
2026-08-09 15:33:44.849 [STEP] describe target=None
2026-08-09 15:33:46.322 [ROBOT] Stopped. The robot is idle.
2026-08-09 15:33:46.322 [STOP] confirmed stopped by odometry after barrage
2026-08-09 15:34:00.306 [CMD] [keyboard] what do you see
2026-08-09 15:34:00.306 [STOP] hard stop requested (cancel-all + zero barrage)
2026-08-09 15:34:00.870 [BRAIN] {'steps': [{'action': 'describe', 'speech': 'I see a person.', 'target': None}]}
2026-08-09 15:34:00.870 [STEP] describe target=None
2026-08-09 15:34:02.362 [ROBOT] Stopped. The robot is idle.
2026-08-09 15:34:02.363 [STOP] confirmed stopped by odometry after barrage
2026-08-09 15:34:11.633 [CMD] [keyboard] how many
2026-08-09 15:34:11.633 [STOP] hard stop requested (cancel-all + zero barrage)
2026-08-09 15:34:12.140 [BRAIN] {'steps': [{'action': 'count', 'speech': 'Counting people now.', 'target': 'person'}]}
2026-08-09 15:34:12.140 [STEP] count target='person'
2026-08-09 15:34:12.190 [COUNT] 5 person(s): 2.16m, 3.34m, 7.62m, 8.62m, 8.63m
2026-08-09 15:34:13.682 [ROBOT] Stopped. The robot is idle.
2026-08-09 15:34:13.682 [STOP] confirmed stopped by odometry after barrage
2026-08-09 15:34:32.145 [CMD] [keyboard] go to the nearest person
2026-08-09 15:34:32.145 [STOP] hard stop requested (cancel-all + zero barrage)
2026-08-09 15:34:32.752 [BRAIN] {'steps': [{'action': 'navigate', 'speech': 'Heading to the closest person.', 'target': 'person', 'qualifier': 'nearest'}]}
2026-08-09 15:34:32.752 [STEP] navigate target='person'
2026-08-09 15:34:34.202 [ROBOT] Stopped. The robot is idle.
2026-08-09 15:34:34.202 [STOP] confirmed stopped by odometry after barrage
2026-08-09 15:34:34.495 [ROBOT] Found the person — navigating to it.
2026-08-09 15:34:34.495 [SIGHT] person at (-2.27, -2.84), 2.15 m away
2026-08-09 15:34:34.496 [GOAL] (-1.44, -2.47) yaw=-156deg mode=navigate
2026-08-09 15:34:38.492 [ROBOT] The person is about 2.1 m away, past the edge of what I've mapped. Moving up in short steps and mapping as I go.
2026-08-09 15:34:38.492 [STEP] #31 hop mode engaged for person: object (-2.58, -3.59) at 2.1 m, area_mapped=False
2026-08-09 15:34:38.492 [GOAL] #31 hop 1: 1.45 m toward person (still 2.1 m away)
2026-08-09 15:34:38.492 [GOAL] (-1.26, -3.55) yaw=-134deg mode=navigate
2026-08-09 15:34:38.497 [RESULT] nav goal status=6 (not-succeeded)
2026-08-09 15:34:38.497 [WARN] nav goal (-1.26, -3.55) failed (status=6); trying another approach angle
2026-08-09 15:34:38.497 [STEP] #31 hop aborted — shortening to 0.75 m and re-aiming
2026-08-09 15:34:39.491 [WARN] all approach goals for person refused; clearing the tried-list and retrying
2026-08-09 15:34:39.491 [GOAL] #31 hop 2: 0.75 m toward person (still 2.2 m away)
2026-08-09 15:34:39.491 [GOAL] (-1.29, -3.05) yaw=-133deg mode=navigate
2026-08-09 15:34:39.497 [RESULT] nav goal status=6 (not-succeeded)
2026-08-09 15:34:39.497 [WARN] nav goal (-1.29, -3.05) failed (status=6); trying another approach angle
2026-08-09 15:34:39.497 [STEP] #31 hop aborted — shortening to 0.60 m and re-aiming
2026-08-09 15:34:40.492 [STEP] person area now mapped after 2 hop(s) — switching to a direct approach
2026-08-09 15:34:40.492 [ROBOT] The area around the person is mapped now — going straight to it.
2026-08-09 15:34:40.493 [GOAL] (-1.67, -4.71) yaw=-169deg mode=navigate
2026-08-09 15:34:40.497 [RESULT] nav goal status=6 (not-succeeded)
2026-08-09 15:34:40.497 [WARN] nav goal (-1.67, -4.71) failed (status=6); trying another approach angle
2026-08-09 15:34:41.490 [WARN] all approach goals for person refused; clearing the tried-list and retrying
2026-08-09 15:34:41.490 [GOAL] (-1.67, -4.74) yaw=-171deg mode=navigate
2026-08-09 15:34:41.497 [RESULT] nav goal status=6 (not-succeeded)
2026-08-09 15:34:41.498 [WARN] nav goal (-1.67, -4.74) failed (status=6); trying another approach angle
2026-08-09 15:34:42.492 [WARN] all approach goals for person refused; clearing the tried-list and retrying
2026-08-09 15:34:42.493 [GOAL] (-1.66, -4.79) yaw=-174deg mode=navigate
2026-08-09 15:34:42.497 [RESULT] nav goal status=6 (not-succeeded)
2026-08-09 15:34:42.497 [WARN] nav goal (-1.66, -4.79) failed (status=6); trying another approach angle
2026-08-09 15:34:43.487 [GOAL] (-1.98, -5.57) yaw=130deg mode=navigate
2026-08-09 15:34:43.498 [RESULT] nav goal status=6 (not-succeeded)
2026-08-09 15:34:43.498 [WARN] nav goal (-1.98, -5.57) failed (status=6); trying another approach angle
2026-08-09 15:34:44.487 [WARN] all approach goals for person refused; clearing the tried-list and retrying
2026-08-09 15:34:44.488 [GOAL] (-1.66, -4.98) yaw=174deg mode=navigate
2026-08-09 15:34:44.497 [RESULT] nav goal status=6 (not-succeeded)
2026-08-09 15:34:44.498 [WARN] nav goal (-1.66, -4.98) failed (status=6); trying another approach angle
2026-08-09 15:34:44.498 [WARN] every approach to the target failed — dropping sighting, rescanning
2026-08-09 15:34:56.490 [ROBOT] Found the person — navigating to it.
2026-08-09 15:34:56.490 [SIGHT] person at (0.37, -6.02), 1.76 m away
2026-08-09 15:34:56.491 [GOAL] (-0.26, -5.39) yaw=-45deg mode=navigate
2026-08-09 15:34:56.497 [RESULT] nav goal status=6 (not-succeeded)
2026-08-09 15:34:56.497 [WARN] nav goal (-0.26, -5.39) failed (status=6); trying another approach angle
2026-08-09 15:34:57.494 [GOAL] (-0.16, -5.80) yaw=-54deg mode=navigate
2026-08-09 15:34:57.504 [RESULT] nav goal status=6 (not-succeeded)
2026-08-09 15:34:57.504 [WARN] nav goal (-0.16, -5.80) failed (status=6); trying another approach angle
2026-08-09 15:34:58.489 [GOAL] (-0.33, -5.99) yaw=-29deg mode=navigate
2026-08-09 15:34:58.497 [RESULT] nav goal status=6 (not-succeeded)
2026-08-09 15:34:58.497 [WARN] nav goal (-0.33, -5.99) failed (status=6); trying another approach angle
2026-08-09 15:34:59.490 [GOAL] (-0.48, -5.76) yaw=-20deg mode=navigate
2026-08-09 15:34:59.497 [RESULT] nav goal status=6 (not-succeeded)
2026-08-09 15:34:59.497 [WARN] nav goal (-0.48, -5.76) failed (status=6); trying another approach angle
2026-08-09 15:35:00.489 [GOAL] (-0.16, -6.37) yaw=30deg mode=navigate
2026-08-09 15:35:00.497 [RESULT] nav goal status=6 (not-succeeded)
2026-08-09 15:35:00.498 [WARN] nav goal (-0.16, -6.37) failed (status=6); trying another approach angle
2026-08-09 15:35:00.593 [CMD] (cancel via keyboard) stop
2026-08-09 15:35:00.594 [STOP] hard stop requested (cancel-all + zero barrage)
2026-08-09 15:35:02.642 [ROBOT] Stopped. The robot is idle.
2026-08-09 15:35:02.642 [STOP] confirmed stopped by odometry after barrage
2026-08-09 15:35:05.810 [CMD] [keyboard] turn around
2026-08-09 15:35:05.810 [STOP] hard stop requested (cancel-all + zero barrage)
2026-08-09 15:35:06.385 [BRAIN] {'steps': [{'action': 'move', 'speech': 'Turning around.', 'target': None, 'distance_m': 0.0, 'rotation_deg': 180.0}]}
2026-08-09 15:35:06.385 [STEP] move target=None
2026-08-09 15:35:07.862 [ROBOT] Stopped. The robot is idle.
2026-08-09 15:35:07.863 [STOP] confirmed stopped by odometry after barrage
2026-08-09 15:35:15.442 [ROBOT] Done with that move.
2026-08-09 15:35:41.682 [CMD] [keyboard] turn 10 left
2026-08-09 15:35:41.682 [STOP] hard stop requested (cancel-all + zero barrage)
2026-08-09 15:35:42.323 [BRAIN] {'steps': [{'action': 'move', 'speech': 'Turning ten degrees to the left.', 'target': None, 'distance_m': 0.0, 'rotation_deg': 10.0}]}
2026-08-09 15:35:42.324 [STEP] move target=None
2026-08-09 15:35:43.722 [ROBOT] Stopped. The robot is idle.
2026-08-09 15:35:43.722 [STOP] confirmed stopped by odometry after barrage
2026-08-09 15:35:45.442 [ROBOT] Done with that move.
2026-08-09 15:35:50.450 [CMD] [keyboard] turn 10 right
2026-08-09 15:35:50.450 [STOP] hard stop requested (cancel-all + zero barrage)
2026-08-09 15:35:51.077 [BRAIN] {'steps': [{'action': 'move', 'speech': 'Turning ten degrees to the right.', 'target': None, 'distance_m': 0.0, 'rotation_deg': -10.0}]}
2026-08-09 15:35:51.077 [STEP] move target=None
2026-08-09 15:35:52.502 [ROBOT] Stopped. The robot is idle.
2026-08-09 15:35:52.502 [STOP] confirmed stopped by odometry after barrage
2026-08-09 15:35:54.442 [ROBOT] Done with that move.
2026-08-09 15:35:57.618 [CMD] [keyboard] move 2 m
2026-08-09 15:35:57.618 [STOP] hard stop requested (cancel-all + zero barrage)
2026-08-09 15:35:58.187 [BRAIN] {'steps': [{'action': 'move', 'speech': 'Moving forward two metres.', 'target': None, 'distance_m': 2.0, 'rotation_deg': 0.0}]}
2026-08-09 15:35:58.187 [STEP] move target=None
2026-08-09 15:35:59.662 [ROBOT] Stopped. The robot is idle.
2026-08-09 15:35:59.662 [STOP] confirmed stopped by odometry after barrage
2026-08-09 15:36:11.442 [ROBOT] Done with that move.
2026-08-09 15:36:25.282 [CMD] [keyboard] d turn 10 right
2026-08-09 15:36:25.282 [STOP] hard stop requested (cancel-all + zero barrage)
2026-08-09 15:36:25.921 [BRAIN] {'steps': [{'action': 'move', 'speech': 'Turning ten degrees to the right.', 'target': None, 'distance_m': 0.0, 'rotation_deg': -10.0}]}
2026-08-09 15:36:25.921 [STEP] move target=None
2026-08-09 15:36:27.342 [ROBOT] Stopped. The robot is idle.
2026-08-09 15:36:27.342 [STOP] confirmed stopped by odometry after barrage
2026-08-09 15:36:29.442 [ROBOT] Done with that move.
2026-08-09 15:36:32.178 [CMD] [keyboard] turn left 5
2026-08-09 15:36:32.178 [STOP] hard stop requested (cancel-all + zero barrage)
2026-08-09 15:36:32.797 [BRAIN] {'steps': [{'action': 'move', 'speech': 'Turning five degrees to the left.', 'target': None, 'distance_m': 0.0, 'rotation_deg': 5.0}]}
2026-08-09 15:36:32.798 [STEP] move target=None
2026-08-09 15:36:34.222 [ROBOT] Stopped. The robot is idle.
2026-08-09 15:36:34.222 [STOP] confirmed stopped by odometry after barrage
2026-08-09 15:36:36.442 [ROBOT] Done with that move.
2026-08-09 15:36:43.073 [CMD] [keyboard] turn right 5
2026-08-09 15:36:43.074 [STOP] hard stop requested (cancel-all + zero barrage)
2026-08-09 15:36:43.656 [BRAIN] {'steps': [{'action': 'move', 'speech': 'Turning right five degrees.', 'target': None, 'distance_m': 0.0, 'rotation_deg': -5.0}]}
2026-08-09 15:36:43.656 [STEP] move target=None
2026-08-09 15:36:45.122 [ROBOT] Stopped. The robot is idle.
2026-08-09 15:36:45.122 [STOP] confirmed stopped by odometry after barrage
2026-08-09 15:36:47.442 [ROBOT] Done with that move.
2026-08-09 15:36:54.802 [CMD] [keyboard] what do you see
2026-08-09 15:36:54.802 [STOP] hard stop requested (cancel-all + zero barrage)
2026-08-09 15:36:55.318 [BRAIN] {'steps': [{'action': 'describe', 'speech': 'I see a chair.', 'target': None}]}
2026-08-09 15:36:55.318 [STEP] describe target=None
2026-08-09 15:36:56.862 [ROBOT] Stopped. The robot is idle.
2026-08-09 15:36:56.862 [STOP] confirmed stopped by odometry after barrage
2026-08-09 15:37:02.290 [CMD] [keyboard] go to the chair
2026-08-09 15:37:02.290 [STOP] hard stop requested (cancel-all + zero barrage)
2026-08-09 15:37:02.772 [BRAIN] {'steps': [{'action': 'navigate', 'speech': 'Heading to the chair.', 'target': 'chair'}]}
2026-08-09 15:37:02.772 [STEP] navigate target='chair'
2026-08-09 15:37:04.342 [ROBOT] Stopped. The robot is idle.
2026-08-09 15:37:04.342 [STOP] confirmed stopped by odometry after barrage
2026-08-09 15:37:04.489 [ROBOT] Found the chair — navigating to it.
2026-08-09 15:37:04.489 [SIGHT] chair at (-1.17, 4.72), 7.44 m away
2026-08-09 15:37:04.490 [GOAL] (-1.18, 3.82) yaw=89deg mode=navigate
2026-08-09 15:37:06.492 [GOAL] (-1.19, 2.51) yaw=90deg mode=navigate
2026-08-09 15:37:06.502 [RESULT] nav goal status=6 (not-succeeded)
2026-08-09 15:37:06.502 [WARN] nav goal (-1.19, 2.51) failed (status=6); trying another approach angle
2026-08-09 15:37:07.490 [GOAL] (-0.48, 3.27) yaw=82deg mode=navigate
2026-08-09 15:37:07.492 [RESULT] nav goal status=6 (not-succeeded)
2026-08-09 15:37:07.492 [WARN] nav goal (-0.48, 3.27) failed (status=6); trying another approach angle
2026-08-09 15:37:08.491 [GOAL] (0.43, 3.15) yaw=72deg mode=navigate
2026-08-09 15:37:08.492 [RESULT] nav goal status=6 (not-succeeded)
2026-08-09 15:37:08.492 [WARN] nav goal (0.43, 3.15) failed (status=6); trying another approach angle
2026-08-09 15:37:09.502 [GOAL] (0.20, 3.59) yaw=75deg mode=navigate
2026-08-09 15:37:09.512 [RESULT] nav goal status=6 (not-succeeded)
2026-08-09 15:37:09.513 [WARN] nav goal (0.20, 3.59) failed (status=6); trying another approach angle
2026-08-09 15:37:10.498 [GOAL] (-0.32, 3.59) yaw=81deg mode=navigate
2026-08-09 15:37:10.502 [RESULT] nav goal status=6 (not-succeeded)
2026-08-09 15:37:10.502 [WARN] nav goal (-0.32, 3.59) failed (status=6); trying another approach angle
2026-08-09 15:37:11.498 [GOAL] (-0.02, 3.51) yaw=106deg mode=navigate
2026-08-09 15:37:11.502 [RESULT] nav goal status=6 (not-succeeded)
2026-08-09 15:37:11.502 [WARN] nav goal (-0.02, 3.51) failed (status=6); trying another approach angle
2026-08-09 15:37:12.489 [GOAL] (-0.80, 3.70) yaw=57deg mode=navigate
2026-08-09 15:37:12.492 [RESULT] nav goal status=6 (not-succeeded)
2026-08-09 15:37:12.492 [WARN] nav goal (-0.80, 3.70) failed (status=6); trying another approach angle
2026-08-09 15:37:13.493 [GOAL] (-0.54, 3.43) yaw=83deg mode=navigate
2026-08-09 15:37:13.502 [RESULT] nav goal status=6 (not-succeeded)
2026-08-09 15:37:13.502 [WARN] nav goal (-0.54, 3.43) failed (status=6); trying another approach angle
2026-08-09 15:37:14.494 [GOAL] (-1.06, 3.50) yaw=61deg mode=navigate
2026-08-09 15:37:14.502 [RESULT] nav goal status=6 (not-succeeded)
2026-08-09 15:37:14.502 [WARN] nav goal (-1.06, 3.50) failed (status=6); trying another approach angle
2026-08-09 15:37:15.491 [GOAL] (-0.91, 3.29) yaw=90deg mode=navigate
2026-08-09 15:37:15.493 [RESULT] nav goal status=6 (not-succeeded)
2026-08-09 15:37:15.493 [WARN] nav goal (-0.91, 3.29) failed (status=6); trying another approach angle
2026-08-09 15:37:16.491 [GOAL] (-0.98, 4.06) yaw=91deg mode=navigate
2026-08-09 15:37:16.502 [RESULT] nav goal status=6 (not-succeeded)
2026-08-09 15:37:16.502 [WARN] nav goal (-0.98, 4.06) failed (status=6); trying another approach angle
2026-08-09 15:37:17.495 [GOAL] (-0.58, 2.52) yaw=82deg mode=navigate
2026-08-09 15:37:17.502 [RESULT] nav goal status=6 (not-succeeded)
2026-08-09 15:37:17.502 [WARN] nav goal (-0.58, 2.52) failed (status=6); trying another approach angle
2026-08-09 15:37:18.492 [GOAL] (-0.93, 2.65) yaw=58deg mode=navigate
2026-08-09 15:37:18.502 [RESULT] nav goal status=6 (not-succeeded)
2026-08-09 15:37:18.502 [WARN] nav goal (-0.93, 2.65) failed (status=6); trying another approach angle
2026-08-09 15:37:19.492 [GOAL] (-0.15, 2.56) yaw=109deg mode=navigate
2026-08-09 15:37:19.502 [RESULT] nav goal status=6 (not-succeeded)
2026-08-09 15:37:19.503 [WARN] nav goal (-0.15, 2.56) failed (status=6); trying another approach angle
2026-08-09 15:37:20.492 [GOAL] (-0.49, 2.82) yaw=86deg mode=navigate
2026-08-09 15:37:20.503 [RESULT] nav goal status=6 (not-succeeded)
2026-08-09 15:37:20.503 [WARN] nav goal (-0.49, 2.82) failed (status=6); trying another approach angle
2026-08-09 15:37:21.492 [GOAL] (-0.71, 2.87) yaw=64deg mode=navigate
2026-08-09 15:37:21.503 [RESULT] nav goal status=6 (not-succeeded)
2026-08-09 15:37:21.503 [WARN] nav goal (-0.71, 2.87) failed (status=6); trying another approach angle
2026-08-09 15:37:21.503 [WARN] every approach to the target failed — dropping sighting, rescanning
2026-08-09 15:37:30.252 [RESULT] nav goal status=4 (ok)
2026-08-09 15:37:44.489 [ROBOT] Can't see the chair here — moving to look elsewhere.
2026-08-09 15:37:48.442 [ROBOT] I saw the chair but lost track of it and couldn't find it again. Try asking me once more.
2026-08-09 15:38:01.570 [CMD] [keyboard] turn around
2026-08-09 15:38:01.570 [STOP] hard stop requested (cancel-all + zero barrage)
2026-08-09 15:38:02.129 [BRAIN] {'steps': [{'action': 'move', 'speech': 'Turning around.', 'target': None, 'distance_m': 0.0, 'rotation_deg': 180.0}]}
2026-08-09 15:38:02.129 [STEP] move target=None
2026-08-09 15:38:03.622 [ROBOT] Stopped. The robot is idle.
2026-08-09 15:38:03.622 [STOP] confirmed stopped by odometry after barrage
2026-08-09 15:38:11.442 [ROBOT] Done with that move.
2026-08-09 15:38:32.674 [CMD] [keyboard] what do you see
2026-08-09 15:38:32.674 [STOP] hard stop requested (cancel-all + zero barrage)
2026-08-09 15:38:33.243 [BRAIN] {'steps': [{'action': 'describe', 'speech': 'I can see a box and a chair.', 'target': None}]}
2026-08-09 15:38:33.243 [STEP] describe target=None
2026-08-09 15:38:34.722 [ROBOT] Stopped. The robot is idle.
2026-08-09 15:38:34.723 [STOP] confirmed stopped by odometry after barrage
2026-08-09 15:38:39.906 [CMD] [keyboard] move to the chair
2026-08-09 15:38:39.906 [STOP] hard stop requested (cancel-all + zero barrage)
2026-08-09 15:38:40.402 [BRAIN] {'steps': [{'action': 'navigate', 'speech': 'Heading back to the chair.', 'target': 'chair'}]}
2026-08-09 15:38:40.402 [STEP] navigate target='chair'
2026-08-09 15:38:41.487 [ROBOT] Found the chair — navigating to it.
2026-08-09 15:38:41.487 [SIGHT] chair at (1.45, 0.45), 3.67 m away
2026-08-09 15:38:41.489 [GOAL] (0.86, 1.13) yaw=-49deg mode=navigate
2026-08-09 15:38:42.082 [ROBOT] Stopped. The robot is idle.
2026-08-09 15:38:42.082 [STOP] confirmed stopped by odometry after barrage
2026-08-09 15:38:42.489 [GOAL] (0.47, 1.78) yaw=-45deg mode=navigate
2026-08-09 15:38:42.501 [RESULT] nav goal status=6 (not-succeeded)
2026-08-09 15:38:42.501 [WARN] nav goal (0.47, 1.78) failed (status=6); trying another approach angle
2026-08-09 15:38:43.492 [GOAL] (0.77, 2.04) yaw=-69deg mode=navigate
2026-08-09 15:38:43.500 [RESULT] nav goal status=6 (not-succeeded)
2026-08-09 15:38:43.500 [WARN] nav goal (0.77, 2.04) failed (status=6); trying another approach angle
2026-08-09 15:38:44.493 [GOAL] (0.89, 0.94) yaw=-52deg mode=navigate
2026-08-09 15:38:44.501 [RESULT] nav goal status=6 (not-succeeded)
2026-08-09 15:38:44.501 [WARN] nav goal (0.89, 0.94) failed (status=6); trying another approach angle
2026-08-09 15:38:45.488 [GOAL] (0.64, 0.65) yaw=-28deg mode=navigate
2026-08-09 15:38:45.492 [RESULT] nav goal status=6 (not-succeeded)
2026-08-09 15:38:45.492 [WARN] nav goal (0.64, 0.65) failed (status=6); trying another approach angle
2026-08-09 15:38:46.487 [GOAL] (1.07, 0.70) yaw=-52deg mode=navigate
2026-08-09 15:38:46.490 [RESULT] nav goal status=6 (not-succeeded)
2026-08-09 15:38:46.490 [WARN] nav goal (1.07, 0.70) failed (status=6); trying another approach angle
2026-08-09 15:38:47.488 [GOAL] (0.90, 0.50) yaw=-26deg mode=navigate
2026-08-09 15:38:47.491 [RESULT] nav goal status=6 (not-succeeded)
2026-08-09 15:38:47.491 [WARN] nav goal (0.90, 0.50) failed (status=6); trying another approach angle
2026-08-09 15:38:48.488 [GOAL] (0.54, 0.22) yaw=1deg mode=navigate
2026-08-09 15:38:48.491 [RESULT] nav goal status=6 (not-succeeded)
2026-08-09 15:38:48.491 [WARN] nav goal (0.54, 0.22) failed (status=6); trying another approach angle
2026-08-09 15:38:48.491 [WARN] every approach to the target failed — dropping sighting, rescanning
2026-08-09 15:38:57.400 [RESULT] nav goal status=4 (ok)
2026-08-09 15:39:06.490 [ROBOT] Found the chair — navigating to it.
2026-08-09 15:39:06.490 [SIGHT] chair at (-2.60, -1.10), 3.44 m away
2026-08-09 15:39:06.492 [GOAL] (-1.80, -0.70) yaw=-154deg mode=navigate
2026-08-09 15:39:10.491 [GOAL] (-1.42, -0.11) yaw=-170deg mode=navigate
2026-08-09 15:39:10.494 [RESULT] nav goal status=6 (not-succeeded)
2026-08-09 15:39:10.494 [WARN] nav goal (-1.42, -0.11) failed (status=6); trying another approach angle
2026-08-09 15:39:11.495 [GOAL] (-1.72, -0.19) yaw=-172deg mode=navigate
2026-08-09 15:39:11.503 [RESULT] nav goal status=6 (not-succeeded)
2026-08-09 15:39:11.503 [WARN] nav goal (-1.72, -0.19) failed (status=6); trying another approach angle
2026-08-09 15:39:12.493 [GOAL] (-1.58, -0.40) yaw=-154deg mode=navigate
2026-08-09 15:39:12.503 [RESULT] nav goal status=6 (not-succeeded)
2026-08-09 15:39:12.503 [WARN] nav goal (-1.58, -0.40) failed (status=6); trying another approach angle
2026-08-09 15:39:13.489 [GOAL] (-1.86, -0.51) yaw=-151deg mode=navigate
2026-08-09 15:39:13.493 [RESULT] nav goal status=6 (not-succeeded)
2026-08-09 15:39:13.493 [WARN] nav goal (-1.86, -0.51) failed (status=6); trying another approach angle
2026-08-09 15:39:14.493 [GOAL] (-1.84, -0.74) yaw=173deg mode=navigate
2026-08-09 15:39:14.503 [RESULT] nav goal status=6 (not-succeeded)
2026-08-09 15:39:14.503 [WARN] nav goal (-1.84, -0.74) failed (status=6); trying another approach angle
2026-08-09 15:39:15.487 [GOAL] (-2.06, -0.04) yaw=-138deg mode=navigate
2026-08-09 15:39:15.493 [RESULT] nav goal status=6 (not-succeeded)
2026-08-09 15:39:15.493 [WARN] nav goal (-2.06, -0.04) failed (status=6); trying another approach angle
2026-08-09 15:39:16.489 [GOAL] (-2.26, -0.27) yaw=-142deg mode=navigate
2026-08-09 15:39:16.493 [RESULT] nav goal status=6 (not-succeeded)
2026-08-09 15:39:16.493 [WARN] nav goal (-2.26, -0.27) failed (status=6); trying another approach angle
2026-08-09 15:39:17.491 [GOAL] (-2.34, 0.17) yaw=-116deg mode=navigate
2026-08-09 15:39:17.494 [RESULT] nav goal status=6 (not-succeeded)
2026-08-09 15:39:17.494 [WARN] nav goal (-2.34, 0.17) failed (status=6); trying another approach angle
2026-08-09 15:39:18.489 [ROBOT] Arrived at the chair.
2026-08-09 15:39:54.531 [CMD] [keyboard] stowhat do you see
2026-08-09 15:39:54.531 [STOP] hard stop requested (cancel-all + zero barrage)
2026-08-09 15:39:55.083 [BRAIN] {'steps': [{'action': 'describe', 'speech': 'I see a chair and a person.', 'target': None}]}
2026-08-09 15:39:55.084 [STEP] describe target=None
2026-08-09 15:39:56.582 [ROBOT] Stopped. The robot is idle.
2026-08-09 15:39:56.582 [STOP] confirmed stopped by odometry after barrage
2026-08-09 15:40:09.523 [CMD] [keyboard] go to the person
2026-08-09 15:40:09.523 [STOP] hard stop requested (cancel-all + zero barrage)
2026-08-09 15:40:09.999 [BRAIN] {'steps': [{'action': 'navigate', 'speech': 'Heading to the person.', 'target': 'person'}]}
2026-08-09 15:40:09.999 [STEP] navigate target='person'
2026-08-09 15:40:11.492 [ROBOT] Found the person — navigating to it.
2026-08-09 15:40:11.492 [SIGHT] person at (-0.47, 4.63), 6.76 m away
2026-08-09 15:40:11.494 [GOAL] (-0.55, 3.73) yaw=85deg mode=navigate
2026-08-09 15:40:11.582 [ROBOT] Stopped. The robot is idle.
2026-08-09 15:40:11.582 [STOP] confirmed stopped by odometry after barrage
2026-08-09 15:40:16.490 [WARN] suspicious person jump of 4.0 m (occlusion/depth noise?) — waiting for a confirming look (agree radius 1.0 m)
2026-08-09 15:40:34.493 [GOAL] (-0.26, 1.63) yaw=85deg mode=navigate
2026-08-09 15:40:34.497 [RESULT] nav goal status=6 (not-succeeded)
2026-08-09 15:40:34.497 [WARN] nav goal (-0.26, 1.63) failed (status=6); trying another approach angle
2026-08-09 15:40:35.494 [GOAL] (0.19, 1.64) yaw=118deg mode=navigate
2026-08-09 15:40:35.496 [RESULT] nav goal status=6 (not-succeeded)
2026-08-09 15:40:35.496 [WARN] nav goal (0.19, 1.64) failed (status=6); trying another approach angle
2026-08-09 15:40:36.492 [GOAL] (-0.16, 1.88) yaw=88deg mode=navigate
2026-08-09 15:40:36.495 [RESULT] nav goal status=6 (not-succeeded)
2026-08-09 15:40:36.496 [WARN] nav goal (-0.16, 1.88) failed (status=6); trying another approach angle
2026-08-09 15:40:37.487 [ROBOT] Arrived at the person.
2026-08-09 15:40:55.715 [CMD] [keyboard] come back
2026-08-09 15:40:55.715 [STOP] hard stop requested (cancel-all + zero barrage)
2026-08-09 15:40:56.287 [BRAIN] {'steps': [{'action': 'move', 'speech': 'Returning a bit closer.', 'target': None, 'distance_m': -1.0, 'rotation_deg': 0.0}]}
2026-08-09 15:40:56.287 [STEP] move target=None
2026-08-09 15:40:57.762 [ROBOT] Stopped. The robot is idle.
2026-08-09 15:40:57.762 [STOP] confirmed stopped by odometry after barrage
2026-08-09 15:41:02.442 [MOVE] backup limit at 0.12 m; nudge #1 forward 0.15 m
2026-08-09 15:41:08.442 [MOVE] backup limit at -0.03 m; nudge #2 forward 0.15 m
2026-08-09 15:41:15.442 [MOVE] backup limit at -0.19 m; nudge #3 forward 0.15 m
2026-08-09 15:41:22.442 [MOVE] backup limit at -0.37 m; nudge #4 forward 0.15 m
2026-08-09 15:41:28.442 [MOVE] backup limit at -0.52 m; nudge #5 forward 0.15 m
2026-08-09 15:41:34.259 [CMD] [keyboard] turn right
2026-08-09 15:41:34.259 [STOP] hard stop requested (cancel-all + zero barrage)
2026-08-09 15:41:34.898 [BRAIN] {'steps': [{'action': 'move', 'speech': 'Turning ninety degrees to the right.', 'target': None, 'distance_m': 0.0, 'rotation_deg': -90.0}]}
2026-08-09 15:41:34.898 [STEP] move target=None
2026-08-09 15:41:36.302 [ROBOT] Stopped. The robot is idle.
2026-08-09 15:41:36.302 [STOP] confirmed stopped by odometry after barrage
2026-08-09 15:41:43.442 [ROBOT] Done with that move.
2026-08-09 15:41:46.867 [CMD] [keyboard] turn right
2026-08-09 15:41:46.867 [STOP] hard stop requested (cancel-all + zero barrage)
2026-08-09 15:41:47.447 [BRAIN] {'steps': [{'action': 'move', 'speech': 'Turning ninety degrees to the right.', 'target': None, 'distance_m': 0.0, 'rotation_deg': -90.0}]}
2026-08-09 15:41:47.447 [STEP] move target=None
2026-08-09 15:41:48.922 [ROBOT] Stopped. The robot is idle.
2026-08-09 15:41:48.922 [STOP] confirmed stopped by odometry after barrage
2026-08-09 15:41:56.442 [ROBOT] Done with that move.
2026-08-09 15:42:00.675 [CMD] [keyboard] come to billa
2026-08-09 15:42:00.675 [STOP] hard stop requested (cancel-all + zero barrage)
2026-08-09 15:42:01.283 [BRAIN] {'steps': [{'action': 'clarify', 'speech': "Could you please specify what 'billa' refers to?", 'target': None}]}
2026-08-09 15:42:01.283 [STEP] clarify target=None
2026-08-09 15:42:02.723 [ROBOT] Stopped. The robot is idle.
2026-08-09 15:42:02.723 [STOP] confirmed stopped by odometry after barrage
2026-08-09 15:42:08.530 [CMD] [keyboard] person
2026-08-09 15:42:08.531 [STOP] hard stop requested (cancel-all + zero barrage)
2026-08-09 15:42:09.006 [BRAIN] {'steps': [{'action': 'locate', 'speech': 'Looking for the person.', 'target': 'person'}]}
2026-08-09 15:42:09.006 [STEP] locate target='person'
2026-08-09 15:42:09.541 [MEMORY] remembered 4 person(s) at (-2.55, -0.60) d=4.05m, (-2.77, -1.84) d=5.14m, (-1.68, -2.88) d=5.56m, (-2.51, -3.51) d=6.45m
2026-08-09 15:42:09.541 [ROBOT] Yes — I can see 4 persons at about 4.0 m, 5.1 m, 5.6 m and 6.5 m away. I'll remember where they are. (Locating only — not driving to them.)
2026-08-09 15:42:10.582 [ROBOT] Stopped. The robot is idle.
2026-08-09 15:42:10.582 [STOP] confirmed stopped by odometry after barrage
2026-08-09 15:42:35.043 [CMD] [keyboard] what do you see amd at what distance?
2026-08-09 15:42:35.043 [STOP] hard stop requested (cancel-all + zero barrage)
2026-08-09 15:42:36.074 [BRAIN] {'steps': [{'action': 'describe', 'speech': 'I see a person, a cardboard box, a chair, and a shelf.', 'target': None}, {'action': 'move', 'speech': 'Adjusting camera to better view the scene.', 'target': None, 'distance_m': -0.5, 'rotation_deg': 0.0}]}
2026-08-09 15:42:36.074 [STEP] describe target=None
2026-08-09 15:42:36.128 [STEP] move target=None
2026-08-09 15:42:37.102 [ROBOT] Stopped. The robot is idle.
2026-08-09 15:42:37.102 [STOP] confirmed stopped by odometry after barrage
2026-08-09 15:42:39.442 [MOVE] backup limit at -0.00 m; nudge #1 forward 0.15 m
2026-08-09 15:42:45.443 [MOVE] backup limit at -0.17 m; nudge #2 forward 0.15 m
2026-08-09 15:42:51.442 [MOVE] backup limit at -0.34 m; nudge #3 forward 0.15 m
2026-08-09 15:42:51.700 [CMD] [keyboard] go stop
2026-08-09 15:42:51.700 [STOP] hard stop requested (cancel-all + zero barrage)
2026-08-09 15:42:52.174 [BRAIN] {'steps': [{'action': 'navigate', 'speech': 'Stopping in place.', 'target': None}]}
2026-08-09 15:42:52.174 [STEP] navigate target=None
2026-08-09 15:42:53.742 [ROBOT] Stopped. The robot is idle.
2026-08-09 15:42:53.742 [STOP] confirmed stopped by odometry after barrage
2026-08-09 15:43:00.531 [CMD] [keyboard] go to the nearest object
2026-08-09 15:43:00.531 [STOP] hard stop requested (cancel-all + zero barrage)
2026-08-09 15:43:01.091 [BRAIN] {'steps': [{'action': 'navigate', 'speech': 'Heading to the nearest object.', 'target': None, 'qualifier': 'nearest'}]}
2026-08-09 15:43:01.091 [STEP] navigate target=None
2026-08-09 15:43:02.582 [ROBOT] Stopped. The robot is idle.
2026-08-09 15:43:02.582 [STOP] confirmed stopped by odometry after barrage
2026-08-09 15:43:22.579 [CMD] [keyboard] go the the nearest person
2026-08-09 15:43:22.579 [STOP] hard stop requested (cancel-all + zero barrage)
2026-08-09 15:43:23.151 [BRAIN] {'steps': [{'action': 'navigate', 'speech': 'Heading to the closest person.', 'target': 'person', 'qualifier': 'nearest'}]}
2026-08-09 15:43:23.151 [STEP] navigate target='person'
2026-08-09 15:43:24.495 [ROBOT] Found the person — navigating to it.
2026-08-09 15:43:24.495 [SIGHT] person at (-2.55, -0.81), 3.90 m away
2026-08-09 15:43:24.496 [GOAL] (-1.93, -0.16) yaw=-134deg mode=navigate
2026-08-09 15:43:24.622 [ROBOT] Stopped. The robot is idle.
2026-08-09 15:43:24.622 [STOP] confirmed stopped by odometry after barrage
2026-08-09 15:43:25.494 [GOAL] (-2.00, -1.09) yaw=-156deg mode=navigate
2026-08-09 15:43:25.499 [RESULT] nav goal status=6 (not-succeeded)
2026-08-09 15:43:25.499 [WARN] nav goal (-2.00, -1.09) failed (status=6); trying another approach angle
2026-08-09 15:43:26.495 [GOAL] (-2.00, -1.39) yaw=176deg mode=navigate
2026-08-09 15:43:26.497 [RESULT] nav goal status=6 (not-succeeded)
2026-08-09 15:43:26.498 [WARN] nav goal (-2.00, -1.39) failed (status=6); trying another approach angle
2026-08-09 15:43:27.496 [GOAL] (-1.89, 0.40) yaw=-149deg mode=navigate
2026-08-09 15:43:27.499 [RESULT] nav goal status=6 (not-succeeded)
2026-08-09 15:43:27.499 [WARN] nav goal (-1.89, 0.40) failed (status=6); trying another approach angle
2026-08-09 15:43:28.515 [GOAL] (-1.72, -1.60) yaw=-117deg mode=navigate
2026-08-09 15:43:28.519 [RESULT] nav goal status=6 (not-succeeded)
2026-08-09 15:43:28.519 [WARN] nav goal (-1.72, -1.60) failed (status=6); trying another approach angle
2026-08-09 15:43:29.493 [GOAL] (-1.26, -3.06) yaw=-131deg mode=navigate
2026-08-09 15:43:29.498 [RESULT] nav goal status=6 (not-succeeded)
2026-08-09 15:43:29.499 [WARN] nav goal (-1.26, -3.06) failed (status=6); trying another approach angle
2026-08-09 15:43:30.495 [GOAL] (-1.82, -1.02) yaw=-158deg mode=navigate
2026-08-09 15:43:30.498 [RESULT] nav goal status=6 (not-succeeded)
2026-08-09 15:43:30.499 [WARN] nav goal (-1.82, -1.02) failed (status=6); trying another approach angle
2026-08-09 15:43:31.491 [GOAL] (-2.03, -1.32) yaw=-159deg mode=navigate
2026-08-09 15:43:31.502 [RESULT] nav goal status=6 (not-succeeded)
2026-08-09 15:43:31.502 [WARN] nav goal (-2.03, -1.32) failed (status=6); trying another approach angle
2026-08-09 15:43:32.498 [GOAL] (-0.77, -0.44) yaw=-89deg mode=navigate
2026-08-09 15:43:32.509 [RESULT] nav goal status=6 (not-succeeded)
2026-08-09 15:43:32.509 [WARN] nav goal (-0.77, -0.44) failed (status=6); trying another approach angle
2026-08-09 15:43:33.495 [GOAL] (-0.74, -1.55) yaw=-85deg mode=navigate
2026-08-09 15:43:33.497 [RESULT] nav goal status=6 (not-succeeded)
2026-08-09 15:43:33.498 [WARN] nav goal (-0.74, -1.55) failed (status=6); trying another approach angle
2026-08-09 15:43:34.489 [WARN] suspicious person jump of 6.8 m (occlusion/depth noise?) — waiting for a confirming look (agree radius 2.3 m)
2026-08-09 15:43:34.492 [GOAL] (-1.13, -1.68) yaw=-59deg mode=navigate
2026-08-09 15:43:34.498 [RESULT] nav goal status=6 (not-succeeded)
2026-08-09 15:43:34.498 [WARN] nav goal (-1.13, -1.68) failed (status=6); trying another approach angle
2026-08-09 15:43:35.493 [GOAL] (-0.35, -1.60) yaw=-110deg mode=navigate
2026-08-09 15:43:35.498 [RESULT] nav goal status=6 (not-succeeded)
2026-08-09 15:43:35.498 [WARN] nav goal (-0.35, -1.60) failed (status=6); trying another approach angle
2026-08-09 15:43:36.497 [GOAL] (-0.87, -0.64) yaw=-87deg mode=navigate
2026-08-09 15:43:36.507 [RESULT] nav goal status=6 (not-succeeded)
2026-08-09 15:43:36.509 [WARN] nav goal (-0.87, -0.64) failed (status=6); trying another approach angle
2026-08-09 15:43:36.919 [RESULT] nav goal status=4 (ok)
2026-08-09 15:43:37.489 [ROBOT] Arrived at the person.
2026-08-09 15:44:21.811 [CMD] [keyboard] turnaround
2026-08-09 15:44:21.811 [STOP] hard stop requested (cancel-all + zero barrage)
2026-08-09 15:44:22.389 [BRAIN] {'steps': [{'action': 'move', 'speech': 'Turning around.', 'target': None, 'distance_m': 0.0, 'rotation_deg': 180.0}]}
2026-08-09 15:44:22.389 [STEP] move target=None
2026-08-09 15:44:23.862 [ROBOT] Stopped. The robot is idle.
2026-08-09 15:44:23.862 [STOP] confirmed stopped by odometry after barrage
2026-08-09 15:44:31.442 [ROBOT] Done with that move.
2026-08-09 15:44:40.803 [CMD] [keyboard] go go the person
2026-08-09 15:44:40.803 [STOP] hard stop requested (cancel-all + zero barrage)
2026-08-09 15:44:41.294 [BRAIN] {'steps': [{'action': 'locate', 'speech': 'Looking for the person.', 'target': 'person'}]}
2026-08-09 15:44:41.294 [STEP] locate target='person'
2026-08-09 15:44:42.862 [ROBOT] Stopped. The robot is idle.
2026-08-09 15:44:42.862 [STOP] confirmed stopped by odometry after barrage
2026-08-09 15:44:46.531 [MEMORY] remembered 1 person(s) at (-2.64, -2.39) d=2.49m
2026-08-09 15:44:46.531 [ROBOT] Yes — I can see a person about 2.5 m away. I'll remember where it is. (Locating only — not driving to it.)
2026-08-09 15:45:25.155 [CMD] [keyboard] go to the person
2026-08-09 15:45:25.155 [STOP] hard stop requested (cancel-all + zero barrage)
2026-08-09 15:45:25.647 [BRAIN] {'steps': [{'action': 'navigate', 'speech': 'Heading to the person.', 'target': 'person'}]}
2026-08-09 15:45:25.647 [STEP] navigate target='person'
2026-08-09 15:45:27.202 [ROBOT] Stopped. The robot is idle.
2026-08-09 15:45:27.202 [STOP] confirmed stopped by odometry after barrage
2026-08-09 15:45:27.492 [WARN] lidar ranging unavailable: only 1 valid beams within 1.0 deg of bearing -57.5 deg (scan frame rplidar_link, 1080 beams total)
2026-08-09 15:45:27.492 [ROBOT] Found the person — navigating to it.
2026-08-09 15:45:27.492 [SIGHT] person at (-2.86, -1.92), 2.36 m away
2026-08-09 15:45:27.493 [ROBOT] The person is about 2.4 m away, past the edge of what I've mapped. Moving up in short steps and mapping as I go.
2026-08-09 15:45:27.493 [STEP] #31 hop mode engaged for person: object (-2.86, -1.92) at 2.4 m, area_mapped=True
2026-08-09 15:45:27.493 [GOAL] #31 hop 1: 1.50 m toward person (still 2.4 m away)
2026-08-09 15:45:27.493 [GOAL] (-1.78, -1.84) yaw=-147deg mode=navigate
2026-08-09 15:45:28.493 [STEP] person area now mapped after 1 hop(s) — switching to a direct approach
2026-08-09 15:45:28.493 [ROBOT] The area around the person is mapped now — going straight to it.
2026-08-09 15:45:28.494 [GOAL] (-1.64, -1.10) yaw=-154deg mode=navigate
2026-08-09 15:45:28.505 [RESULT] nav goal status=6 (not-succeeded)
2026-08-09 15:45:28.505 [WARN] nav goal (-1.64, -1.10) failed (status=6); trying another approach angle
2026-08-09 15:45:29.495 [GOAL] (-1.68, -1.49) yaw=-136deg mode=navigate
2026-08-09 15:45:29.506 [RESULT] nav goal status=6 (not-succeeded)
2026-08-09 15:45:29.506 [WARN] nav goal (-1.68, -1.49) failed (status=6); trying another approach angle
2026-08-09 15:45:30.535 [GOAL] (-1.82, -1.68) yaw=-128deg mode=navigate
2026-08-09 15:45:30.545 [RESULT] nav goal status=6 (not-succeeded)
2026-08-09 15:45:30.545 [WARN] nav goal (-1.82, -1.68) failed (status=6); trying another approach angle
2026-08-09 15:45:31.493 [GOAL] (-1.55, -1.78) yaw=-160deg mode=navigate
2026-08-09 15:45:31.495 [RESULT] nav goal status=6 (not-succeeded)
2026-08-09 15:45:31.495 [WARN] nav goal (-1.55, -1.78) failed (status=6); trying another approach angle
2026-08-09 15:45:32.492 [GOAL] (-1.16, -3.30) yaw=-146deg mode=navigate
2026-08-09 15:45:32.495 [RESULT] nav goal status=6 (not-succeeded)
2026-08-09 15:45:32.496 [WARN] nav goal (-1.16, -3.30) failed (status=6); trying another approach angle
2026-08-09 15:45:33.490 [GOAL] (-1.30, -3.07) yaw=-154deg mode=navigate
2026-08-09 15:45:33.494 [RESULT] nav goal status=6 (not-succeeded)
2026-08-09 15:45:33.494 [WARN] nav goal (-1.30, -3.07) failed (status=6); trying another approach angle
2026-08-09 15:45:34.492 [GOAL] (-1.21, -3.75) yaw=-171deg mode=navigate
2026-08-09 15:45:34.496 [RESULT] nav goal status=6 (not-succeeded)
2026-08-09 15:45:34.496 [WARN] nav goal (-1.21, -3.75) failed (status=6); trying another approach angle
2026-08-09 15:45:35.490 [GOAL] (-0.91, -3.76) yaw=-175deg mode=navigate
2026-08-09 15:45:35.495 [RESULT] nav goal status=6 (not-succeeded)
2026-08-09 15:45:35.495 [WARN] nav goal (-0.91, -3.76) failed (status=6); trying another approach angle
2026-08-09 15:45:36.491 [GOAL] (-1.86, -5.05) yaw=-99deg mode=navigate
2026-08-09 15:45:36.500 [RESULT] nav goal status=6 (not-succeeded)
2026-08-09 15:45:36.500 [WARN] nav goal (-1.86, -5.05) failed (status=6); trying another approach angle
2026-08-09 15:45:37.489 [WARN] suspicious person jump of 3.6 m (occlusion/depth noise?) — waiting for a confirming look (agree radius 1.6 m)
2026-08-09 15:45:37.490 [GOAL] (-1.47, -5.21) yaw=-126deg mode=navigate
2026-08-09 15:45:37.494 [RESULT] nav goal status=6 (not-succeeded)
2026-08-09 15:45:37.495 [WARN] nav goal (-1.47, -5.21) failed (status=6); trying another approach angle
2026-08-09 15:45:38.489 [SIGHT] large person jump (3.4 m) confirmed by a second look — accepting
2026-08-09 15:45:38.491 [GOAL] (-0.26, -7.87) yaw=-79deg mode=navigate
2026-08-09 15:45:38.495 [RESULT] nav goal status=6 (not-succeeded)
2026-08-09 15:45:38.495 [WARN] nav goal (-0.26, -7.87) failed (status=6); trying another approach angle
2026-08-09 15:45:39.488 [GOAL] (-0.61, -8.02) yaw=-55deg mode=navigate
2026-08-09 15:45:39.494 [RESULT] nav goal status=6 (not-succeeded)
2026-08-09 15:45:39.494 [WARN] nav goal (-0.61, -8.02) failed (status=6); trying another approach angle
2026-08-09 15:45:40.489 [GOAL] (0.15, -7.89) yaw=-106deg mode=navigate
2026-08-09 15:45:40.496 [RESULT] nav goal status=6 (not-succeeded)
2026-08-09 15:45:40.496 [WARN] nav goal (0.15, -7.89) failed (status=6); trying another approach angle
2026-08-09 15:45:41.487 [GOAL] (-0.19, -8.16) yaw=-81deg mode=navigate
2026-08-09 15:45:41.495 [RESULT] nav goal status=6 (not-succeeded)
2026-08-09 15:45:41.495 [WARN] nav goal (-0.19, -8.16) failed (status=6); trying another approach angle
2026-08-09 15:45:42.489 [GOAL] (-0.43, -8.26) yaw=-56deg mode=navigate
2026-08-09 15:45:42.494 [RESULT] nav goal status=6 (not-succeeded)
2026-08-09 15:45:42.496 [WARN] nav goal (-0.43, -8.26) failed (status=6); trying another approach angle
2026-08-09 15:45:42.496 [WARN] every approach to the target failed — dropping sighting, rescanning
2026-08-09 15:45:46.493 [ROBOT] Found the person — navigating to it.
2026-08-09 15:45:46.493 [SIGHT] person at (-2.77, -5.78), 2.11 m away
2026-08-09 15:45:46.493 [GOAL] (-2.28, -5.44) yaw=-146deg mode=navigate
2026-08-09 15:45:46.496 [RESULT] nav goal status=6 (not-succeeded)
2026-08-09 15:45:46.496 [WARN] nav goal (-2.28, -5.44) failed (status=6); trying another approach angle
2026-08-09 15:45:47.492 [GOAL] (-1.99, -5.42) yaw=-140deg mode=navigate
2026-08-09 15:45:47.496 [RESULT] nav goal status=6 (not-succeeded)
2026-08-09 15:45:47.496 [WARN] nav goal (-1.99, -5.42) failed (status=6); trying another approach angle
2026-08-09 15:45:48.490 [GOAL] (-1.78, -5.51) yaw=-126deg mode=navigate
2026-08-09 15:45:48.495 [RESULT] nav goal status=6 (not-succeeded)
2026-08-09 15:45:48.495 [WARN] nav goal (-1.78, -5.51) failed (status=6); trying another approach angle
2026-08-09 15:45:49.490 [GOAL] (-2.47, -5.55) yaw=-106deg mode=navigate
2026-08-09 15:45:49.496 [RESULT] nav goal status=6 (not-succeeded)
2026-08-09 15:45:49.496 [WARN] nav goal (-2.47, -5.55) failed (status=6); trying another approach angle
2026-08-09 15:45:50.492 [GOAL] (-1.53, -5.76) yaw=-146deg mode=navigate
2026-08-09 15:45:50.496 [RESULT] nav goal status=6 (not-succeeded)
2026-08-09 15:45:50.497 [WARN] nav goal (-1.53, -5.76) failed (status=6); trying another approach angle
2026-08-09 15:45:51.490 [GOAL] (-1.35, -6.05) yaw=-167deg mode=navigate
2026-08-09 15:45:51.494 [RESULT] nav goal status=6 (not-succeeded)
2026-08-09 15:45:51.495 [WARN] nav goal (-1.35, -6.05) failed (status=6); trying another approach angle
2026-08-09 15:45:52.492 [GOAL] (-2.47, -5.57) yaw=-106deg mode=navigate
2026-08-09 15:45:52.496 [RESULT] nav goal status=6 (not-succeeded)
2026-08-09 15:45:52.496 [WARN] nav goal (-2.47, -5.57) failed (status=6); trying another approach angle
2026-08-09 15:45:53.492 [GOAL] (-1.83, -6.53) yaw=174deg mode=navigate
2026-08-09 15:45:53.496 [RESULT] nav goal status=6 (not-succeeded)
2026-08-09 15:45:53.496 [WARN] nav goal (-1.83, -6.53) failed (status=6); trying another approach angle
2026-08-09 15:45:54.488 [GOAL] (-2.22, -6.76) yaw=147deg mode=navigate
2026-08-09 15:45:54.496 [RESULT] nav goal status=6 (not-succeeded)
2026-08-09 15:45:54.496 [WARN] nav goal (-2.22, -6.76) failed (status=6); trying another approach angle
2026-08-09 15:45:55.493 [GOAL] (-1.61, -6.34) yaw=-78deg mode=navigate
2026-08-09 15:45:55.505 [RESULT] nav goal status=6 (not-succeeded)
2026-08-09 15:45:55.505 [WARN] nav goal (-1.61, -6.34) failed (status=6); trying another approach angle
2026-08-09 15:45:56.510 [ROBOT] Arrived at the person.
2026-08-09 15:46:12.195 [CMD] (cancel via keyboard) stop
2026-08-09 15:46:12.195 [STOP] hard stop requested (cancel-all + zero barrage)
2026-08-09 15:46:14.242 [ROBOT] Stopped. The robot is idle.
2026-08-09 15:46:14.242 [STOP] confirmed stopped by odometry after barrage
2026-08-09 15:46:19.796 [CMD] [keyboard] what do yoyu see
2026-08-09 15:46:19.796 [STOP] hard stop requested (cancel-all + zero barrage)
2026-08-09 15:46:20.471 [BRAIN] {'steps': [{'action': 'describe', 'speech': 'I can see a box, cardboard box, chair, person, and shelf.', 'target': None}]}
2026-08-09 15:46:20.471 [STEP] describe target=None
2026-08-09 15:46:21.842 [ROBOT] Stopped. The robot is idle.
2026-08-09 15:46:21.842 [STOP] confirmed stopped by odometry after barrage
2026-08-09 15:46:36.179 [CMD] [keyboard] go to the person
2026-08-09 15:46:36.179 [STOP] hard stop requested (cancel-all + zero barrage)
2026-08-09 15:46:36.673 [BRAIN] {'steps': [{'action': 'navigate', 'speech': 'Heading back to the person.', 'target': 'person'}]}
2026-08-09 15:46:36.673 [STEP] navigate target='person'
2026-08-09 15:46:38.222 [ROBOT] Stopped. The robot is idle.
2026-08-09 15:46:38.222 [STOP] confirmed stopped by odometry after barrage
2026-08-09 15:46:38.509 [ROBOT] Found the person — navigating to it.
2026-08-09 15:46:38.509 [SIGHT] person at (-1.76, -6.03), 0.47 m away
2026-08-09 15:46:38.510 [ROBOT] Arrived at the person.
2026-08-09 15:46:50.419 [CMD] [keyboard] go to the person
2026-08-09 15:46:50.420 [STOP] hard stop requested (cancel-all + zero barrage)
2026-08-09 15:46:50.896 [BRAIN] {'steps': [{'action': 'navigate', 'speech': 'Heading back to the person.', 'target': 'person'}]}
2026-08-09 15:46:50.896 [STEP] navigate target='person'
2026-08-09 15:46:52.462 [ROBOT] Stopped. The robot is idle.
2026-08-09 15:46:52.462 [STOP] confirmed stopped by odometry after barrage
2026-08-09 15:46:52.493 [ROBOT] Found the person — navigating to it.
2026-08-09 15:46:52.493 [SIGHT] person at (-1.76, -6.02), 0.47 m away
2026-08-09 15:46:52.494 [ROBOT] Arrived at the person.
2026-08-09 15:47:03.876 [CMD] [keyboard] go to the person
2026-08-09 15:47:03.876 [STOP] hard stop requested (cancel-all + zero barrage)
2026-08-09 15:47:04.373 [BRAIN] {'steps': [{'action': 'navigate', 'speech': 'Heading back to the person.', 'target': 'person'}]}
2026-08-09 15:47:04.373 [STEP] navigate target='person'
2026-08-09 15:47:05.490 [ROBOT] Found the person — navigating to it.
2026-08-09 15:47:05.490 [SIGHT] person at (1.08, -8.35), 3.99 m away
2026-08-09 15:47:05.491 [GOAL] (0.23, -8.05) yaw=-19deg mode=navigate
2026-08-09 15:47:05.922 [ROBOT] Stopped. The robot is idle.
2026-08-09 15:47:05.922 [STOP] confirmed stopped by odometry after barrage
2026-08-09 15:47:09.489 [ROBOT] The person is about 4.0 m away, past the edge of what I've mapped. Moving up in short steps and mapping as I go.
2026-08-09 15:47:09.489 [STEP] #31 hop mode engaged for person: object (1.32, -8.93) at 4.0 m, area_mapped=False
2026-08-09 15:47:09.490 [GOAL] #31 hop 1: 1.50 m toward person (still 4.0 m away)
2026-08-09 15:47:09.490 [GOAL] (-0.36, -7.12) yaw=-47deg mode=navigate
2026-08-09 15:47:09.498 [RESULT] nav goal status=6 (not-succeeded)
2026-08-09 15:47:09.498 [WARN] nav goal (-0.36, -7.12) failed (status=6); trying another approach angle
2026-08-09 15:47:09.498 [STEP] #31 hop aborted — shortening to 0.75 m and re-aiming
2026-08-09 15:47:10.491 [STEP] person area now mapped after 1 hop(s) — switching to a direct approach
2026-08-09 15:47:10.491 [ROBOT] The area around the person is mapped now — going straight to it.
2026-08-09 15:47:10.491 [GOAL] (-0.41, -7.02) yaw=1deg mode=navigate
2026-08-09 15:47:10.503 [RESULT] nav goal status=6 (not-succeeded)
2026-08-09 15:47:10.503 [WARN] nav goal (-0.41, -7.02) failed (status=6); trying another approach angle
2026-08-09 15:47:11.488 [GOAL] (-0.28, -7.46) yaw=31deg mode=navigate
2026-08-09 15:47:11.492 [RESULT] nav goal status=6 (not-succeeded)
2026-08-09 15:47:11.492 [WARN] nav goal (-0.28, -7.46) failed (status=6); trying another approach angle
2026-08-09 15:47:12.489 [GOAL] #31 hop 2: 0.75 m toward person (still 3.4 m away)
2026-08-09 15:47:12.489 [GOAL] (-0.39, -7.11) yaw=-37deg mode=navigate
2026-08-09 15:47:12.494 [RESULT] nav goal status=6 (not-succeeded)
2026-08-09 15:47:12.494 [WARN] nav goal (-0.39, -7.11) failed (status=6); trying another approach angle
2026-08-09 15:47:12.495 [STEP] #31 hop aborted — shortening to 0.60 m and re-aiming
2026-08-09 15:47:13.492 [STEP] person area now mapped after 2 hop(s) — switching to a direct approach
2026-08-09 15:47:13.492 [ROBOT] The area around the person is mapped now — going straight to it.
2026-08-09 15:47:13.493 [GOAL] (-0.59, -7.91) yaw=-74deg mode=navigate
2026-08-09 15:47:13.503 [RESULT] nav goal status=6 (not-succeeded)
2026-08-09 15:47:13.504 [WARN] nav goal (-0.59, -7.91) failed (status=6); trying another approach angle
2026-08-09 15:47:14.487 [GOAL] #31 hop 3: 0.60 m toward person (still 3.0 m away)
2026-08-09 15:47:14.488 [GOAL] (-0.22, -7.39) yaw=-33deg mode=navigate
2026-08-09 15:47:14.493 [RESULT] nav goal status=6 (not-succeeded)
2026-08-09 15:47:14.494 [WARN] nav goal (-0.22, -7.39) failed (status=6); trying another approach angle
2026-08-09 15:47:14.494 [STEP] #31 hop aborted — shortening to 0.60 m and re-aiming
2026-08-09 15:47:15.491 [STEP] person area now mapped after 3 hop(s) — switching to a direct approach
2026-08-09 15:47:15.492 [ROBOT] The area around the person is mapped now — going straight to it.
2026-08-09 15:47:15.492 [GOAL] (-0.62, -7.94) yaw=-89deg mode=navigate
2026-08-09 15:47:15.503 [RESULT] nav goal status=6 (not-succeeded)
2026-08-09 15:47:15.504 [WARN] nav goal (-0.62, -7.94) failed (status=6); trying another approach angle
2026-08-09 15:47:16.492 [GOAL] (0.28, -8.07) yaw=-40deg mode=navigate
2026-08-09 15:47:16.503 [RESULT] nav goal status=6 (not-succeeded)
2026-08-09 15:47:16.504 [WARN] nav goal (0.28, -8.07) failed (status=6); trying another approach angle
2026-08-09 15:47:17.487 [GOAL] (0.38, -8.77) yaw=12deg mode=navigate
2026-08-09 15:47:17.493 [RESULT] nav goal status=6 (not-succeeded)
2026-08-09 15:47:17.493 [WARN] nav goal (0.38, -8.77) failed (status=6); trying another approach angle
2026-08-09 15:47:18.489 [GOAL] #31 hop 4: 0.60 m toward person (still 3.5 m away)
2026-08-09 15:47:18.489 [GOAL] (0.30, -7.82) yaw=-9deg mode=navigate
2026-08-09 15:47:18.492 [RESULT] nav goal status=6 (not-succeeded)
2026-08-09 15:47:18.492 [WARN] nav goal (0.30, -7.82) failed (status=6); trying another approach angle
2026-08-09 15:47:18.493 [STEP] #31 hop aborted — shortening to 0.60 m and re-aiming
2026-08-09 15:47:19.489 [GOAL] #31 hop 5: 0.60 m toward person (still 1.9 m away)
2026-08-09 15:47:19.490 [GOAL] (0.47, -8.07) yaw=-43deg mode=navigate
2026-08-09 15:47:19.494 [RESULT] nav goal status=6 (not-succeeded)
2026-08-09 15:47:19.494 [WARN] nav goal (0.47, -8.07) failed (status=6); trying another approach angle
2026-08-09 15:47:19.502 [STEP] #31 hop aborted — shortening to 0.60 m and re-aiming
2026-08-09 15:47:20.489 [GOAL] #31 hop 6: 0.60 m toward person (still 1.9 m away)
2026-08-09 15:47:20.489 [GOAL] (0.67, -8.10) yaw=-24deg mode=navigate
2026-08-09 15:47:20.493 [RESULT] nav goal status=6 (not-succeeded)
2026-08-09 15:47:20.494 [WARN] nav goal (0.67, -8.10) failed (status=6); trying another approach angle
2026-08-09 15:47:20.494 [STEP] #31 hop aborted — shortening to 0.60 m and re-aiming
2026-08-09 15:47:21.489 [GOAL] #31 hop 7: 0.60 m toward person (still 1.5 m away)
2026-08-09 15:47:21.490 [GOAL] (0.83, -8.21) yaw=-49deg mode=navigate
2026-08-09 15:47:21.496 [RESULT] nav goal status=6 (not-succeeded)
2026-08-09 15:47:21.496 [WARN] nav goal (0.83, -8.21) failed (status=6); trying another approach angle
2026-08-09 15:47:21.496 [STEP] #31 hop aborted — shortening to 0.60 m and re-aiming
2026-08-09 15:47:22.492 [WARN] all approach goals for person refused; clearing the tried-list and retrying
2026-08-09 15:47:22.493 [GOAL] #31 hop 8: 0.60 m toward person (still 1.4 m away)
2026-08-09 15:47:22.493 [GOAL] (1.01, -8.29) yaw=-48deg mode=navigate
2026-08-09 15:47:22.503 [RESULT] nav goal status=6 (not-succeeded)
2026-08-09 15:47:22.503 [WARN] nav goal (1.01, -8.29) failed (status=6); trying another approach angle
2026-08-09 15:47:22.503 [STEP] #31 hop aborted — shortening to 0.60 m and re-aiming
2026-08-09 15:47:23.493 [WARN] all approach goals for person refused; clearing the tried-list and retrying
2026-08-09 15:47:23.493 [GOAL] #31 hop 9: 0.60 m toward person (still 1.2 m away)
2026-08-09 15:47:23.493 [GOAL] (1.20, -8.40) yaw=-48deg mode=navigate
2026-08-09 15:47:23.505 [RESULT] nav goal status=6 (not-succeeded)
2026-08-09 15:47:23.505 [WARN] nav goal (1.20, -8.40) failed (status=6); trying another approach angle
2026-08-09 15:47:23.505 [STEP] #31 hop aborted — shortening to 0.60 m and re-aiming
2026-08-09 15:47:24.490 [GOAL] #31 hop 10: 0.60 m toward person (still 1.5 m away)
2026-08-09 15:47:24.491 [GOAL] (1.26, -8.30) yaw=-17deg mode=navigate
2026-08-09 15:47:24.503 [RESULT] nav goal status=6 (not-succeeded)
2026-08-09 15:47:24.503 [WARN] nav goal (1.26, -8.30) failed (status=6); trying another approach angle
2026-08-09 15:47:24.505 [STEP] #31 hop aborted — shortening to 0.60 m and re-aiming
2026-08-09 15:47:25.489 [WARN] all approach goals for person refused; clearing the tried-list and retrying
2026-08-09 15:47:25.489 [GOAL] #31 hop 11: 0.60 m toward person (still 1.5 m away)
2026-08-09 15:47:25.489 [GOAL] (1.27, -8.28) yaw=-16deg mode=navigate
2026-08-09 15:47:25.493 [RESULT] nav goal status=6 (not-succeeded)
2026-08-09 15:47:25.493 [WARN] nav goal (1.27, -8.28) failed (status=6); trying another approach angle
2026-08-09 15:47:25.493 [STEP] #31 hop aborted — shortening to 0.60 m and re-aiming
2026-08-09 15:47:26.491 [WARN] all approach goals for person refused; clearing the tried-list and retrying
2026-08-09 15:47:26.491 [GOAL] #31 hop 12: 0.60 m toward person (still 1.5 m away)
2026-08-09 15:47:26.491 [GOAL] (1.26, -8.27) yaw=-15deg mode=navigate
2026-08-09 15:47:26.504 [RESULT] nav goal status=6 (not-succeeded)
2026-08-09 15:47:26.505 [WARN] nav goal (1.26, -8.27) failed (status=6); trying another approach angle
2026-08-09 15:47:26.505 [STEP] #31 hop aborted — shortening to 0.60 m and re-aiming
2026-08-09 15:47:27.509 [WARN] all approach goals for person refused; clearing the tried-list and retrying
2026-08-09 15:47:27.509 [GOAL] #31 hop 13: 0.60 m toward person (still 1.3 m away)
2026-08-09 15:47:27.509 [GOAL] (1.24, -8.34) yaw=-23deg mode=navigate
2026-08-09 15:47:27.512 [RESULT] nav goal status=6 (not-succeeded)
2026-08-09 15:47:27.514 [WARN] nav goal (1.24, -8.34) failed (status=6); trying another approach angle
2026-08-09 15:47:27.514 [STEP] #31 hop aborted — shortening to 0.60 m and re-aiming
2026-08-09 15:47:28.489 [WARN] all approach goals for person refused; clearing the tried-list and retrying
2026-08-09 15:47:28.490 [GOAL] #31 hop 14: 0.60 m toward person (still 1.3 m away)
2026-08-09 15:47:28.490 [GOAL] (1.28, -8.32) yaw=-20deg mode=navigate
2026-08-09 15:47:28.495 [RESULT] nav goal status=6 (not-succeeded)
2026-08-09 15:47:28.495 [WARN] nav goal (1.28, -8.32) failed (status=6); trying another approach angle
2026-08-09 15:47:28.495 [STEP] #31 hop aborted — shortening to 0.60 m and re-aiming
2026-08-09 15:47:29.490 [WARN] all approach goals for person refused; clearing the tried-list and retrying
2026-08-09 15:47:29.490 [GOAL] #31 hop 15: 0.60 m toward person (still 1.4 m away)
2026-08-09 15:47:29.490 [GOAL] (1.28, -8.29) yaw=-19deg mode=navigate
2026-08-09 15:47:29.495 [RESULT] nav goal status=6 (not-succeeded)
2026-08-09 15:47:29.495 [WARN] nav goal (1.28, -8.29) failed (status=6); trying another approach angle
2026-08-09 15:47:29.495 [STEP] #31 hop aborted — shortening to 0.60 m and re-aiming
2026-08-09 15:47:30.489 [WARN] all approach goals for person refused; clearing the tried-list and retrying
2026-08-09 15:47:30.489 [GOAL] #31 hop 16: 0.60 m toward person (still 1.3 m away)
2026-08-09 15:47:30.489 [GOAL] (1.25, -8.33) yaw=-24deg mode=navigate
2026-08-09 15:47:30.492 [RESULT] nav goal status=6 (not-succeeded)
2026-08-09 15:47:30.495 [WARN] nav goal (1.25, -8.33) failed (status=6); trying another approach angle
2026-08-09 15:47:30.495 [STEP] #31 hop aborted — shortening to 0.60 m and re-aiming
2026-08-09 15:47:30.643 [CMD] (cancel via keyboard) stop
2026-08-09 15:47:30.644 [STOP] hard stop requested (cancel-all + zero barrage)
2026-08-09 15:47:32.702 [ROBOT] Stopped. The robot is idle.
2026-08-09 15:47:32.702 [STOP] confirmed stopped by odometry after barrage
2026-08-09 15:47:37.171 [CMD] [keyboard] turn around
2026-08-09 15:47:37.172 [STOP] hard stop requested (cancel-all + zero barrage)
2026-08-09 15:47:37.732 [BRAIN] {'steps': [{'action': 'move', 'speech': 'Turning around.', 'target': None, 'distance_m': 0.0, 'rotation_deg': 180.0}]}
2026-08-09 15:47:37.732 [STEP] move target=None
2026-08-09 15:47:39.222 [ROBOT] Stopped. The robot is idle.
2026-08-09 15:47:39.222 [STOP] confirmed stopped by odometry after barrage
2026-08-09 15:47:47.442 [ROBOT] Done with that move.
2026-08-09 15:47:59.046 [CMD] [keyboard] move 0.5m
2026-08-09 15:47:59.047 [STOP] hard stop requested (cancel-all + zero barrage)
2026-08-09 15:47:59.663 [BRAIN] {'steps': [{'action': 'move', 'speech': 'Moving forward half a meter.', 'target': None, 'distance_m': 0.5, 'rotation_deg': 0.0}]}
2026-08-09 15:47:59.663 [STEP] move target=None
2026-08-09 15:48:00.442 [ROBOT] There's an obstacle ahead — stopping the move early.
2026-08-09 15:48:00.444 [ROBOT] Done with that move.
2026-08-09 15:48:01.102 [ROBOT] Stopped. The robot is idle.
2026-08-09 15:48:01.102 [STOP] confirmed stopped by odometry after barrage
2026-08-09 15:48:11.252 [CMD] [keyboard] move 1m
2026-08-09 15:48:11.252 [STOP] hard stop requested (cancel-all + zero barrage)
2026-08-09 15:48:11.807 [BRAIN] {'steps': [{'action': 'move', 'speech': 'Moving forward one metre.', 'target': None, 'distance_m': 1.0, 'rotation_deg': 0.0}]}
2026-08-09 15:48:11.808 [STEP] move target=None
2026-08-09 15:48:12.442 [ROBOT] There's an obstacle ahead — stopping the move early.
2026-08-09 15:48:12.443 [ROBOT] Done with that move.
2026-08-09 15:48:13.302 [ROBOT] Stopped. The robot is idle.
2026-08-09 15:48:13.302 [STOP] confirmed stopped by odometry after barrage
2026-08-09 15:48:21.108 [CMD] [keyboard] turn right
2026-08-09 15:48:21.108 [STOP] hard stop requested (cancel-all + zero barrage)
2026-08-09 15:48:21.717 [BRAIN] {'steps': [{'action': 'move', 'speech': 'Turning ninety degrees to the right.', 'target': None, 'distance_m': 0.0, 'rotation_deg': -90.0}]}
2026-08-09 15:48:21.718 [STEP] move target=None
2026-08-09 15:48:23.162 [ROBOT] Stopped. The robot is idle.
2026-08-09 15:48:23.162 [STOP] confirmed stopped by odometry after barrage
2026-08-09 15:48:28.442 [ROBOT] Done with that move.
2026-08-09 15:48:41.988 [CMD] [keyboard] turn left 30
2026-08-09 15:48:41.988 [STOP] hard stop requested (cancel-all + zero barrage)
2026-08-09 15:48:42.609 [BRAIN] {'steps': [{'action': 'move', 'speech': 'Turning thirty degrees to the left.', 'target': None, 'distance_m': 0.0, 'rotation_deg': 30.0}]}
2026-08-09 15:48:42.609 [STEP] move target=None
2026-08-09 15:48:44.042 [ROBOT] Stopped. The robot is idle.
2026-08-09 15:48:44.042 [STOP] confirmed stopped by odometry after barrage
2026-08-09 15:48:46.442 [ROBOT] Done with that move.
2026-08-09 15:48:50.676 [CMD] [keyboard] turn left 20
2026-08-09 15:48:50.676 [STOP] hard stop requested (cancel-all + zero barrage)
2026-08-09 15:48:51.283 [BRAIN] {'steps': [{'action': 'move', 'speech': 'Turning twenty degrees to the left.', 'target': None, 'distance_m': 0.0, 'rotation_deg': 20.0}]}
2026-08-09 15:48:51.283 [STEP] move target=None
2026-08-09 15:48:52.722 [ROBOT] Stopped. The robot is idle.
2026-08-09 15:48:52.722 [STOP] confirmed stopped by odometry after barrage
2026-08-09 15:48:55.442 [ROBOT] Done with that move.
2026-08-09 15:48:59.284 [CMD] [keyboard] move 1m eter
2026-08-09 15:48:59.284 [STOP] hard stop requested (cancel-all + zero barrage)
2026-08-09 15:48:59.847 [BRAIN] {'steps': [{'action': 'move', 'speech': 'Moving forward one metre.', 'target': None, 'distance_m': 1.0, 'rotation_deg': 0.0}]}
2026-08-09 15:48:59.847 [STEP] move target=None
2026-08-09 15:49:01.342 [ROBOT] Stopped. The robot is idle.
2026-08-09 15:49:01.342 [STOP] confirmed stopped by odometry after barrage
2026-08-09 15:49:08.442 [ROBOT] Done with that move.
2026-08-09 15:49:28.660 [CMD] [keyboard] move 1m
2026-08-09 15:49:28.660 [STOP] hard stop requested (cancel-all + zero barrage)
2026-08-09 15:49:29.233 [BRAIN] {'steps': [{'action': 'move', 'speech': 'Moving forward one metre.', 'target': None, 'distance_m': 1.0, 'rotation_deg': 0.0}]}
2026-08-09 15:49:29.233 [STEP] move target=None
2026-08-09 15:49:30.702 [ROBOT] Stopped. The robot is idle.
2026-08-09 15:49:30.702 [STOP] confirmed stopped by odometry after barrage
2026-08-09 15:49:37.442 [ROBOT] Done with that move.
2026-08-09 15:49:45.524 [CMD] [keyboard] stpturn right 20
2026-08-09 15:49:45.525 [STOP] hard stop requested (cancel-all + zero barrage)
2026-08-09 15:49:46.134 [BRAIN] {'steps': [{'action': 'move', 'speech': 'Turning twenty degrees to the right.', 'target': None, 'distance_m': 0.0, 'rotation_deg': -20.0}]}
2026-08-09 15:49:46.134 [STEP] move target=None
2026-08-09 15:49:47.582 [ROBOT] Stopped. The robot is idle.
2026-08-09 15:49:47.582 [STOP] confirmed stopped by odometry after barrage
2026-08-09 15:49:49.442 [ROBOT] Done with that move.
2026-08-09 15:49:54.340 [CMD] [keyboard] turn right 30
2026-08-09 15:49:54.340 [STOP] hard stop requested (cancel-all + zero barrage)
2026-08-09 15:49:54.941 [BRAIN] {'steps': [{'action': 'move', 'speech': 'Turning thirty degrees to the right.', 'target': None, 'distance_m': 0.0, 'rotation_deg': -30.0}]}
2026-08-09 15:49:54.941 [STEP] move target=None
2026-08-09 15:49:56.382 [ROBOT] Stopped. The robot is idle.
2026-08-09 15:49:56.382 [STOP] confirmed stopped by odometry after barrage
2026-08-09 15:49:59.442 [ROBOT] Done with that move.
2026-08-09 15:50:02.820 [CMD] [keyboard] turn left 10
2026-08-09 15:50:02.820 [STOP] hard stop requested (cancel-all + zero barrage)
2026-08-09 15:50:03.413 [BRAIN] {'steps': [{'action': 'move', 'speech': 'Turning ten degrees to the left.', 'target': None, 'distance_m': 0.0, 'rotation_deg': 10.0}]}
2026-08-09 15:50:03.413 [STEP] move target=None
2026-08-09 15:50:04.862 [ROBOT] Stopped. The robot is idle.
2026-08-09 15:50:04.862 [STOP] confirmed stopped by odometry after barrage
2026-08-09 15:50:06.442 [ROBOT] Done with that move.
2026-08-09 15:50:10.980 [CMD] [keyboard] move 4m
2026-08-09 15:50:10.980 [STOP] hard stop requested (cancel-all + zero barrage)
2026-08-09 15:50:11.025 [CTX] dropping stale context (navigate -> person)
2026-08-09 15:50:11.535 [BRAIN] {'steps': [{'action': 'move', 'speech': 'Moving forward four metres.', 'target': None, 'distance_m': 4.0, 'rotation_deg': 0.0}]}
2026-08-09 15:50:11.535 [STEP] move target=None
2026-08-09 15:50:13.022 [ROBOT] Stopped. The robot is idle.
2026-08-09 15:50:13.022 [STOP] confirmed stopped by odometry after barrage
2026-08-09 15:50:36.442 [ROBOT] Done with that move.
2026-08-09 15:50:41.892 [CMD] [keyboard] what do you see
2026-08-09 15:50:41.892 [STOP] hard stop requested (cancel-all + zero barrage)
2026-08-09 15:50:42.447 [BRAIN] {'steps': [{'action': 'describe', 'speech': 'I see a chair.', 'target': None}]}
2026-08-09 15:50:42.447 [STEP] describe target=None
2026-08-09 15:50:43.942 [ROBOT] Stopped. The robot is idle.
2026-08-09 15:50:43.942 [STOP] confirmed stopped by odometry after barrage
2026-08-09 15:50:47.876 [CMD] [keyboard] go to the chair
2026-08-09 15:50:47.876 [STOP] hard stop requested (cancel-all + zero barrage)
2026-08-09 15:50:48.346 [BRAIN] {'steps': [{'action': 'navigate', 'speech': 'Heading to the chair.', 'target': 'chair'}]}
2026-08-09 15:50:48.346 [STEP] navigate target='chair'
2026-08-09 15:50:49.493 [ROBOT] Found the chair — navigating to it.
2026-08-09 15:50:49.493 [SIGHT] chair at (-0.51, 4.61), 7.33 m away
2026-08-09 15:50:49.495 [GOAL] (-0.50, 3.71) yaw=90deg mode=navigate
2026-08-09 15:50:50.002 [ROBOT] Stopped. The robot is idle.
2026-08-09 15:50:50.002 [STOP] confirmed stopped by odometry after barrage
2026-08-09 15:50:51.490 [GOAL] (0.86, 3.57) yaw=77deg mode=navigate
2026-08-09 15:50:51.498 [RESULT] nav goal status=6 (not-succeeded)
2026-08-09 15:50:51.498 [WARN] nav goal (0.86, 3.57) failed (status=6); trying another approach angle
2026-08-09 15:50:52.489 [GOAL] (0.45, 3.81) yaw=52deg mode=navigate
2026-08-09 15:50:52.497 [RESULT] nav goal status=6 (not-succeeded)
2026-08-09 15:50:52.498 [WARN] nav goal (0.45, 3.81) failed (status=6); trying another approach angle
2026-08-09 15:50:53.492 [GOAL] (0.79, 3.84) yaw=106deg mode=navigate
2026-08-09 15:50:53.497 [RESULT] nav goal status=6 (not-succeeded)
2026-08-09 15:50:53.497 [WARN] nav goal (0.79, 3.84) failed (status=6); trying another approach angle
2026-08-09 15:50:54.490 [GOAL] (0.05, 3.66) yaw=84deg mode=navigate
2026-08-09 15:50:54.498 [RESULT] nav goal status=6 (not-succeeded)
2026-08-09 15:50:54.498 [WARN] nav goal (0.05, 3.66) failed (status=6); trying another approach angle
2026-08-09 15:50:55.490 [GOAL] (-0.34, 3.88) yaw=59deg mode=navigate
2026-08-09 15:50:55.499 [RESULT] nav goal status=6 (not-succeeded)
2026-08-09 15:50:55.499 [WARN] nav goal (-0.34, 3.88) failed (status=6); trying another approach angle
2026-08-09 15:50:56.510 [GOAL] (0.26, 4.05) yaw=82deg mode=navigate
2026-08-09 15:50:56.518 [RESULT] nav goal status=6 (not-succeeded)
2026-08-09 15:50:56.518 [WARN] nav goal (0.26, 4.05) failed (status=6); trying another approach angle
2026-08-09 15:50:57.490 [GOAL] (-0.05, 4.11) yaw=58deg mode=navigate
2026-08-09 15:50:57.498 [RESULT] nav goal status=6 (not-succeeded)
2026-08-09 15:50:57.498 [WARN] nav goal (-0.05, 4.11) failed (status=6); trying another approach angle
2026-08-09 15:50:58.490 [GOAL] (-0.72, 4.06) yaw=35deg mode=navigate
2026-08-09 15:50:58.498 [RESULT] nav goal status=6 (not-succeeded)
2026-08-09 15:50:58.498 [WARN] nav goal (-0.72, 4.06) failed (status=6); trying another approach angle
2026-08-09 15:50:59.490 [GOAL] (-0.32, 4.29) yaw=33deg mode=navigate
2026-08-09 15:50:59.498 [RESULT] nav goal status=6 (not-succeeded)
2026-08-09 15:50:59.498 [WARN] nav goal (-0.32, 4.29) failed (status=6); trying another approach angle
2026-08-09 15:51:00.491 [GOAL] (0.57, 4.14) yaw=133deg mode=navigate
2026-08-09 15:51:00.497 [RESULT] nav goal status=6 (not-succeeded)
2026-08-09 15:51:00.497 [WARN] nav goal (0.57, 4.14) failed (status=6); trying another approach angle
2026-08-09 15:51:01.490 [GOAL] (-0.54, 4.21) yaw=35deg mode=navigate
2026-08-09 15:51:01.498 [RESULT] nav goal status=6 (not-succeeded)
2026-08-09 15:51:01.498 [WARN] nav goal (-0.54, 4.21) failed (status=6); trying another approach angle
2026-08-09 15:51:02.491 [GOAL] (-0.20, 3.54) yaw=87deg mode=navigate
2026-08-09 15:51:02.498 [RESULT] nav goal status=6 (not-succeeded)
2026-08-09 15:51:02.498 [WARN] nav goal (-0.20, 3.54) failed (status=6); trying another approach angle
2026-08-09 15:51:03.491 [GOAL] (-0.57, 3.73) yaw=62deg mode=navigate
2026-08-09 15:51:03.498 [RESULT] nav goal status=6 (not-succeeded)
2026-08-09 15:51:03.498 [WARN] nav goal (-0.57, 3.73) failed (status=6); trying another approach angle
2026-08-09 15:51:04.492 [GOAL] (-1.04, 4.31) yaw=12deg mode=navigate
2026-08-09 15:51:04.505 [RESULT] nav goal status=6 (not-succeeded)
2026-08-09 15:51:04.505 [WARN] nav goal (-1.04, 4.31) failed (status=6); trying another approach angle
2026-08-09 15:51:05.488 [GOAL] (-0.98, 3.95) yaw=39deg mode=navigate
2026-08-09 15:51:05.498 [RESULT] nav goal status=6 (not-succeeded)
2026-08-09 15:51:05.498 [WARN] nav goal (-0.98, 3.95) failed (status=6); trying another approach angle
2026-08-09 15:51:06.489 [GOAL] (-0.88, 3.62) yaw=70deg mode=navigate
2026-08-09 15:51:06.498 [RESULT] nav goal status=6 (not-succeeded)
2026-08-09 15:51:06.498 [WARN] nav goal (-0.88, 3.62) failed (status=6); trying another approach angle
2026-08-09 15:51:07.491 [GOAL] (0.29, 4.34) yaw=165deg mode=navigate
2026-08-09 15:51:07.497 [RESULT] nav goal status=6 (not-succeeded)
2026-08-09 15:51:07.497 [WARN] nav goal (0.29, 4.34) failed (status=6); trying another approach angle
2026-08-09 15:51:08.491 [GOAL] (0.23, 3.49) yaw=110deg mode=navigate
2026-08-09 15:51:08.500 [RESULT] nav goal status=6 (not-succeeded)
2026-08-09 15:51:08.500 [WARN] nav goal (0.23, 3.49) failed (status=6); trying another approach angle
2026-08-09 15:51:09.490 [WARN] all approach goals for chair refused; clearing the tried-list and retrying
2026-08-09 15:51:09.492 [GOAL] (-0.17, 3.44) yaw=84deg mode=navigate
2026-08-09 15:51:09.498 [RESULT] nav goal status=6 (not-succeeded)
2026-08-09 15:51:09.498 [WARN] nav goal (-0.17, 3.44) failed (status=6); trying another approach angle
2026-08-09 15:51:10.488 [GOAL] (0.24, 3.49) yaw=110deg mode=navigate
2026-08-09 15:51:10.499 [RESULT] nav goal status=6 (not-succeeded)
2026-08-09 15:51:10.499 [WARN] nav goal (0.24, 3.49) failed (status=6); trying another approach angle
2026-08-09 15:51:11.492 [GOAL] (-0.48, 3.53) yaw=63deg mode=navigate
2026-08-09 15:51:11.497 [RESULT] nav goal status=6 (not-succeeded)
2026-08-09 15:51:11.497 [WARN] nav goal (-0.48, 3.53) failed (status=6); trying another approach angle
2026-08-09 15:51:12.492 [GOAL] (-0.06, 3.74) yaw=92deg mode=navigate
2026-08-09 15:51:12.498 [RESULT] nav goal status=6 (not-succeeded)
2026-08-09 15:51:12.498 [WARN] nav goal (-0.06, 3.74) failed (status=6); trying another approach angle
2026-08-09 15:51:12.498 [WARN] every approach to the target failed — dropping sighting, rescanning
2026-08-09 15:51:16.757 [RESULT] nav goal status=4 (ok)
2026-08-09 15:51:32.004 [CMD] (cancel via keyboard) stop
2026-08-09 15:51:32.005 [STOP] hard stop requested (cancel-all + zero barrage)
2026-08-09 15:51:34.062 [ROBOT] Stopped. The robot is idle.
2026-08-09 15:51:34.062 [STOP] confirmed stopped by odometry after barrage
2026-08-09 15:51:51.442 [ROBOT] I've stopped receiving camera frames. Check the OAK-D driver — I can still move, but I'm blind until it's back.
2026-08-09 15:51:51.443 [WARN] #32e camera stream stalled
2026-08-09 15:51:57.242 [ROBOT] I've stopped receiving camera frames. Check the OAK-D driver — I can still move, but I'm blind until it's back.
2026-08-09 15:51:57.242 [WARN] #32e camera stream stalled
2026-08-09 15:52:03.684 [CMD] [keyboard] d turturn around
2026-08-09 15:52:03.684 [STOP] hard stop requested (cancel-all + zero barrage)
2026-08-09 15:52:04.259 [BRAIN] {'steps': [{'action': 'move', 'speech': 'Turning around.', 'target': None, 'distance_m': 0.0, 'rotation_deg': 180.0}]}
2026-08-09 15:52:04.259 [STEP] move target=None
2026-08-09 15:52:04.842 [ROBOT] I've stopped receiving camera frames. Check the OAK-D driver — I can still move, but I'm blind until it's back.
2026-08-09 15:52:04.842 [WARN] #32e camera stream stalled
2026-08-09 15:52:05.742 [ROBOT] Stopped. The robot is idle.
2026-08-09 15:52:05.742 [STOP] confirmed stopped by odometry after barrage
2026-08-09 15:52:09.780 [CMD] (cancel via keyboard) stop
2026-08-09 15:52:09.780 [STOP] hard stop requested (cancel-all + zero barrage)
2026-08-09 15:52:11.822 [ROBOT] Stopped. The robot is idle.
2026-08-09 15:52:11.822 [STOP] confirmed stopped by odometry after barrage
2026-08-09 15:52:15.124 [CMD] [keyboard] move move 1`
2026-08-09 15:52:15.125 [STOP] hard stop requested (cancel-all + zero barrage)
2026-08-09 15:52:15.687 [BRAIN] {'steps': [{'action': 'move', 'speech': 'Moving forward one metre.', 'target': None, 'distance_m': 1.0, 'rotation_deg': 0.0}]}
2026-08-09 15:52:15.687 [STEP] move target=None
2026-08-09 15:52:17.182 [ROBOT] Stopped. The robot is idle.
2026-08-09 15:52:17.182 [STOP] confirmed stopped by odometry after barrage
2026-08-09 15:52:23.442 [ROBOT] Done with that move.
2026-08-09 15:52:36.821 [CMD] [keyboard] turn right 20 and move 2m
2026-08-09 15:52:36.821 [STOP] hard stop requested (cancel-all + zero barrage)
2026-08-09 15:52:37.526 [BRAIN] {'steps': [{'action': 'move', 'speech': 'Turning twenty degrees to the right and moving forward two meters.', 'target': None, 'distance_m': 2.0, 'rotation_deg': -20.0}]}
2026-08-09 15:52:37.526 [STEP] move target=None
2026-08-09 15:52:38.862 [ROBOT] Stopped. The robot is idle.
2026-08-09 15:52:38.862 [STOP] confirmed stopped by odometry after barrage
2026-08-09 15:52:42.949 [CMD] (cancel via keyboard) stop
2026-08-09 15:52:42.949 [STOP] hard stop requested (cancel-all + zero barrage)
2026-08-09 15:52:45.002 [ROBOT] Stopped. The robot is idle.
2026-08-09 15:52:45.002 [STOP] confirmed stopped by odometry after barrage
2026-08-09 15:52:51.157 [CMD] [keyboard] turnturn left and move 2m
2026-08-09 15:52:51.157 [STOP] hard stop requested (cancel-all + zero barrage)
2026-08-09 15:52:51.786 [BRAIN] {'steps': [{'action': 'move', 'speech': 'Turning left and moving forward two meters.', 'target': None, 'distance_m': 2.0, 'rotation_deg': 90.0}]}
2026-08-09 15:52:51.786 [STEP] move target=None
2026-08-09 15:52:53.202 [ROBOT] Stopped. The robot is idle.
2026-08-09 15:52:53.202 [STOP] confirmed stopped by odometry after barrage
2026-08-09 15:53:05.125 [CMD] (cancel via keyboard) stop
2026-08-09 15:53:05.126 [STOP] hard stop requested (cancel-all + zero barrage)
2026-08-09 15:53:07.182 [ROBOT] Stopped. The robot is idle.
2026-08-09 15:53:07.182 [STOP] confirmed stopped by odometry after barrage
2026-08-09 15:53:11.220 [CMD] [keyboard] turn right 40
2026-08-09 15:53:11.221 [STOP] hard stop requested (cancel-all + zero barrage)
2026-08-09 15:53:11.846 [BRAIN] {'steps': [{'action': 'move', 'speech': 'Turning forty degrees to the right.', 'target': None, 'distance_m': 0.0, 'rotation_deg': -40.0}]}
2026-08-09 15:53:11.846 [STEP] move target=None
2026-08-09 15:53:13.262 [ROBOT] Stopped. The robot is idle.
2026-08-09 15:53:13.262 [STOP] confirmed stopped by odometry after barrage
2026-08-09 15:53:16.442 [ROBOT] Done with that move.
2026-08-09 15:53:19.317 [CMD] [keyboard] move 2m ahead
2026-08-09 15:53:19.317 [STOP] hard stop requested (cancel-all + zero barrage)
2026-08-09 15:53:19.883 [BRAIN] {'steps': [{'action': 'move', 'speech': 'Moving forward two meters.', 'target': None, 'distance_m': 2.0, 'rotation_deg': 0.0}]}
2026-08-09 15:53:19.883 [STEP] move target=None
2026-08-09 15:53:21.362 [ROBOT] Stopped. The robot is idle.
2026-08-09 15:53:21.362 [STOP] confirmed stopped by odometry after barrage
2026-08-09 15:53:33.442 [ROBOT] Done with that move.
2026-08-09 15:53:42.788 [CMD] [keyboard] turn left
2026-08-09 15:53:42.789 [STOP] hard stop requested (cancel-all + zero barrage)
2026-08-09 15:53:43.404 [BRAIN] {'steps': [{'action': 'move', 'speech': 'Turning ninety degrees left.', 'target': None, 'distance_m': 0.0, 'rotation_deg': 90.0}]}
2026-08-09 15:53:43.404 [STEP] move target=None
2026-08-09 15:53:44.842 [ROBOT] Stopped. The robot is idle.
2026-08-09 15:53:44.842 [STOP] confirmed stopped by odometry after barrage
2026-08-09 15:53:49.442 [ROBOT] Done with that move.
2026-08-09 15:53:53.685 [CMD] [keyboard] move .2 meter
2026-08-09 15:53:53.685 [STOP] hard stop requested (cancel-all + zero barrage)
2026-08-09 15:53:53.730 [CTX] dropping stale context (navigate -> chair)
2026-08-09 15:53:54.265 [BRAIN] {'steps': [{'action': 'move', 'speech': 'Moving forward a little.', 'target': None, 'distance_m': 0.2, 'rotation_deg': 0.0}]}
2026-08-09 15:53:54.265 [STEP] move target=None
2026-08-09 15:53:55.743 [ROBOT] Stopped. The robot is idle.
2026-08-09 15:53:55.743 [STOP] confirmed stopped by odometry after barrage
2026-08-09 15:53:57.442 [ROBOT] Done with that move.
2026-08-09 15:54:00.676 [CMD] [keyboard] move .2
2026-08-09 15:54:00.677 [STOP] hard stop requested (cancel-all + zero barrage)
2026-08-09 15:54:01.260 [BRAIN] {'steps': [{'action': 'move', 'speech': 'Moving forward a bit.', 'target': None, 'distance_m': 0.2, 'rotation_deg': 0.0}]}
2026-08-09 15:54:01.260 [STEP] move target=None
2026-08-09 15:54:02.722 [ROBOT] Stopped. The robot is idle.
2026-08-09 15:54:02.722 [STOP] confirmed stopped by odometry after barrage
2026-08-09 15:54:04.442 [ROBOT] Done with that move.
2026-08-09 15:54:06.564 [CMD] [keyboard] dock
2026-08-09 15:54:06.565 [STOP] hard stop requested (cancel-all + zero barrage)
2026-08-09 15:54:06.565 [STEP] dock target=None
2026-08-09 15:54:06.565 [ROBOT] Docking…
2026-08-09 15:54:12.582 [ROBOT] I sent the stop but the robot is STILL MOVING (0.00 m/s, 0.66 rad/s). Take manual override now.
2026-08-09 15:54:12.582 [ERROR] #35 robot still moving 6.0s after stop: lin=0.00 ang=0.66
2026-08-09 15:54:37.284 [CMD] (cancel via keyboard) stop
2026-08-09 15:54:37.285 [STOP] hard stop requested (cancel-all + zero barrage)
2026-08-09 15:54:37.386 [ROBOT] The dock action did not complete — please check the robot. (dock_status will keep me updated.)
2026-08-09 15:54:37.386 [DOCK] dock FAILED
2026-08-09 15:54:39.342 [ROBOT] Stopped. The robot is idle.
2026-08-09 15:54:39.342 [STOP] confirmed stopped by odometry after barrage
2026-08-09 15:54:44.260 [CMD] [keyboard] turn around
2026-08-09 15:54:44.261 [STOP] hard stop requested (cancel-all + zero barrage)
2026-08-09 15:54:44.827 [BRAIN] {'steps': [{'action': 'move', 'speech': 'Turning around.', 'target': None, 'distance_m': 0.0, 'rotation_deg': 180.0}]}
2026-08-09 15:54:44.827 [STEP] move target=None
2026-08-09 15:54:46.302 [ROBOT] Stopped. The robot is idle.
2026-08-09 15:54:46.302 [STOP] confirmed stopped by odometry after barrage
2026-08-09 15:54:54.442 [ROBOT] Done with that move.
2026-08-09 15:55:05.781 [CMD] [keyboard] move .1 and turn right 45
2026-08-09 15:55:05.781 [STOP] hard stop requested (cancel-all + zero barrage)
2026-08-09 15:55:06.456 [BRAIN] {'steps': [{'action': 'move', 'speech': 'Moving forward a bit and turning right.', 'target': None, 'distance_m': 0.1, 'rotation_deg': -45.0}]}
2026-08-09 15:55:06.457 [STEP] move target=None
2026-08-09 15:55:07.822 [ROBOT] Stopped. The robot is idle.
2026-08-09 15:55:07.822 [STOP] confirmed stopped by odometry after barrage
2026-08-09 15:55:12.442 [ROBOT] Done with that move.
2026-08-09 15:55:33.910 [CMD] [keyboard] dock
2026-08-09 15:55:33.910 [STOP] hard stop requested (cancel-all + zero barrage)
2026-08-09 15:55:33.910 [STEP] dock target=None
2026-08-09 15:55:33.910 [ROBOT] Docking…
2026-08-09 15:55:39.922 [ROBOT] I sent the stop but the robot is STILL MOVING (0.00 m/s, 0.67 rad/s). Take manual override now.
2026-08-09 15:55:39.923 [ERROR] #35 robot still moving 6.0s after stop: lin=0.00 ang=0.67
2026-08-09 15:56:29.730 [DOCK] dock position recorded at (0.08, -0.07); detections within 0.8 m are ignored
2026-08-09 15:56:29.731 [ROBOT] Docked successfully.
2026-08-09 15:56:29.731 [DOCK] dock ok
2026-08-09 15:56:34.842 [ROBOT] I've stopped receiving camera frames. Check the OAK-D driver — I can still move, but I'm blind until it's back.
2026-08-09 15:56:34.842 [WARN] #32e camera stream stalled
2026-08-09 16:03:05.398 [CMD] [keyboard] undocl
2026-08-09 16:03:05.398 [STOP] hard stop requested (cancel-all + zero barrage)
2026-08-09 16:03:06.259 [BRAIN] {'steps': [{'action': 'reject', 'speech': "I can't leave the dock (no arm), but I can show you the person on camera — want that?", 'target': None}]}
2026-08-09 16:03:06.259 [STEP] reject target=None
2026-08-09 16:03:07.442 [ROBOT] Stopped. The robot is idle.
2026-08-09 16:03:07.443 [STOP] confirmed stopped by odometry after barrage
2026-08-09 16:03:14.134 [CMD] [keyboard] undock
2026-08-09 16:03:14.135 [STOP] hard stop requested (cancel-all + zero barrage)
2026-08-09 16:03:14.135 [STEP] undock target=None
2026-08-09 16:03:14.135 [ROBOT] Undocking…
2026-08-09 16:03:17.802 [ROBOT] Stopped. The robot is idle.
2026-08-09 16:03:17.802 [STOP] confirmed stopped by odometry after barrage
2026-08-09 16:03:19.703 [ROBOT] Undocked — ready to move.
2026-08-09 16:03:19.703 [DOCK] undock ok
2026-08-09 16:03:27.638 [CMD] [keyboard] patrol the area and give me live feed
2026-08-09 16:03:27.639 [STOP] hard stop requested (cancel-all + zero barrage)
2026-08-09 16:03:28.381 [BRAIN] {'steps': [{'action': 'feed', 'speech': 'Showing live camera feed.', 'target': None}, {'action': 'patrol', 'speech': 'Patrolling the area.', 'target': None}]}
2026-08-09 16:03:28.381 [STEP] feed target=None
2026-08-09 16:03:28.381 [STEP] patrol target=None
2026-08-09 16:03:28.444 [GOAL] (-3.48, -0.47) yaw=-172deg mode=explore
2026-08-09 16:03:29.882 [ROBOT] Stopped. The robot is idle.
2026-08-09 16:03:29.882 [STOP] confirmed stopped by odometry after barrage
2026-08-09 16:04:06.442 [STUCK] mode=explore target=None
2026-08-09 16:04:06.442 [ROBOT] I got stuck at a frontier — skipping it and trying another route.
2026-08-09 16:04:06.447 [GOAL] (-2.88, -5.98) yaw=-145deg mode=explore
2026-08-09 16:04:06.465 [RESULT] nav goal status=5 (not-succeeded)
2026-08-09 16:04:06.466 [RESULT] nav goal status=6 (not-succeeded)
2026-08-09 16:04:07.445 [GOAL] (-2.99, -3.55) yaw=148deg mode=explore
2026-08-09 16:04:41.958 [CMD] (cancel via keyboard) stop
2026-08-09 16:04:41.959 [STOP] hard stop requested (cancel-all + zero barrage)
2026-08-09 16:04:44.002 [ROBOT] Stopped. The robot is idle.
2026-08-09 16:04:44.002 [STOP] confirmed stopped by odometry after barrage
2026-08-09 16:05:06.278 [CMD] [keyboard] move 10 meter forward
2026-08-09 16:05:06.278 [STOP] hard stop requested (cancel-all + zero barrage)
2026-08-09 16:05:06.898 [BRAIN] {'steps': [{'action': 'move', 'speech': 'Moving forward ten meters.', 'target': None, 'distance_m': 10.0, 'rotation_deg': 0.0}]}
2026-08-09 16:05:06.898 [STEP] move target=None
2026-08-09 16:05:08.322 [ROBOT] Stopped. The robot is idle.
2026-08-09 16:05:08.322 [STOP] confirmed stopped by odometry after barrage
2026-08-09 16:05:55.478 [CMD] (cancel via keyboard) stop
2026-08-09 16:05:55.479 [STOP] hard stop requested (cancel-all + zero barrage)
2026-08-09 16:05:57.522 [ROBOT] Stopped. The robot is idle.
2026-08-09 16:05:57.522 [STOP] confirmed stopped by odometry after barrage
2026-08-09 16:06:07.206 [CMD] [keyboard] turn around
2026-08-09 16:06:07.207 [STOP] hard stop requested (cancel-all + zero barrage)
2026-08-09 16:06:07.813 [BRAIN] {'steps': [{'action': 'move', 'speech': 'Turning around.', 'target': None, 'distance_m': 0.0, 'rotation_deg': 180.0}]}
2026-08-09 16:06:07.813 [STEP] move target=None
2026-08-09 16:06:09.262 [ROBOT] Stopped. The robot is idle.
2026-08-09 16:06:09.262 [STOP] confirmed stopped by odometry after barrage
2026-08-09 16:06:17.442 [ROBOT] Done with that move.
2026-08-09 16:06:20.486 [CMD] [keyboard] move 1m
2026-08-09 16:06:20.486 [STOP] hard stop requested (cancel-all + zero barrage)
2026-08-09 16:06:21.064 [BRAIN] {'steps': [{'action': 'move', 'speech': 'Moving forward one metre.', 'target': None, 'distance_m': 1.0, 'rotation_deg': 0.0}]}
2026-08-09 16:06:21.065 [STEP] move target=None
2026-08-09 16:06:22.542 [ROBOT] Stopped. The robot is idle.
2026-08-09 16:06:22.542 [STOP] confirmed stopped by odometry after barrage
2026-08-09 16:06:28.442 [ROBOT] Done with that move.
2026-08-09 16:06:33.175 [CMD] [keyboard] turn left
2026-08-09 16:06:33.175 [STOP] hard stop requested (cancel-all + zero barrage)
2026-08-09 16:06:33.810 [BRAIN] {'steps': [{'action': 'move', 'speech': 'Turning ninety degrees left.', 'target': None, 'distance_m': 0.0, 'rotation_deg': 90.0}]}
2026-08-09 16:06:33.810 [STEP] move target=None
2026-08-09 16:06:35.222 [ROBOT] Stopped. The robot is idle.
2026-08-09 16:06:35.222 [STOP] confirmed stopped by odometry after barrage
2026-08-09 16:06:40.443 [ROBOT] Done with that move.
2026-08-09 16:06:44.022 [CMD] [keyboard] moove .1
2026-08-09 16:06:44.023 [STOP] hard stop requested (cancel-all + zero barrage)
2026-08-09 16:06:44.641 [BRAIN] {'steps': [{'action': 'move', 'speech': 'Moving forward a little.', 'target': None, 'distance_m': 0.1, 'rotation_deg': 0.0}]}
2026-08-09 16:06:44.641 [STEP] move target=None
2026-08-09 16:06:46.082 [ROBOT] Stopped. The robot is idle.
2026-08-09 16:06:46.082 [STOP] confirmed stopped by odometry after barrage
2026-08-09 16:06:47.442 [ROBOT] Done with that move.
2026-08-09 16:06:51.735 [CMD] [keyboard] turn right 10
2026-08-09 16:06:51.735 [STOP] hard stop requested (cancel-all + zero barrage)
2026-08-09 16:06:52.348 [BRAIN] {'steps': [{'action': 'move', 'speech': 'Turning ten degrees to the right.', 'target': None, 'distance_m': 0.0, 'rotation_deg': -10.0}]}
2026-08-09 16:06:52.349 [STEP] move target=None
2026-08-09 16:06:53.782 [ROBOT] Stopped. The robot is idle.
2026-08-09 16:06:53.782 [STOP] confirmed stopped by odometry after barrage
2026-08-09 16:06:55.442 [ROBOT] Done with that move.
2026-08-09 16:06:59.814 [CMD] [keyboard] turn right 10
2026-08-09 16:06:59.815 [STOP] hard stop requested (cancel-all + zero barrage)
2026-08-09 16:07:00.422 [BRAIN] {'steps': [{'action': 'move', 'speech': 'Turning ten degrees to the right.', 'target': None, 'distance_m': 0.0, 'rotation_deg': -10.0}]}
2026-08-09 16:07:00.422 [STEP] move target=None
2026-08-09 16:07:01.862 [ROBOT] Stopped. The robot is idle.
2026-08-09 16:07:01.862 [STOP] confirmed stopped by odometry after barrage
2026-08-09 16:07:03.442 [ROBOT] Done with that move.
2026-08-09 16:07:08.502 [CMD] [keyboard] dock
2026-08-09 16:07:08.503 [STOP] hard stop requested (cancel-all + zero barrage)
2026-08-09 16:07:08.503 [STEP] dock target=None
2026-08-09 16:07:08.503 [ROBOT] Docking…
2026-08-09 16:07:14.522 [ROBOT] I sent the stop but the robot is STILL MOVING (0.00 m/s, 0.48 rad/s). Take manual override now.
2026-08-09 16:07:14.522 [ERROR] #35 robot still moving 6.0s after stop: lin=0.00 ang=0.48
2026-08-09 16:07:32.615 [DOCK] dock position recorded at (0.23, 0.07); detections within 0.8 m are ignored
2026-08-09 16:07:32.616 [ROBOT] Docked successfully.
2026-08-09 16:07:32.616 [DOCK] dock ok
2026-08-09 16:07:37.642 [ROBOT] I've stopped receiving camera frames. Check the OAK-D driver — I can still move, but I'm blind until it's back.
2026-08-09 16:07:37.642 [WARN] #32e camera stream stalled
2026-08-09 16:07:50.023 [STOP] hard stop requested (cancel-all + zero barrage)
2026-08-09 16:07:50.023 [RUN] agent shutting down
