2026-08-12 12:09:41.382 [RUN] vla_agent v28  (#63 headless-safe console output, #62 direction-aware collision guard, #61 nearest-cluster LiDAR ranging, #60 manual override teleop, #59 10 Hz collision guard, #58 smoother approach, #57 stand off far enough to keep the object in view, #56 step-and-stare scan, #55 LiDAR failure reasons reported, #54 LiDAR object ranging, #53 seeded depth intrinsics, #52 depth intrinsics rescaled to frame size, #51 compressedDepth transport, #50 compressed RGB transport, #49 annotated feed gated per topic, #47 TF at colour-frame stamp, #48 reject stale depth, #46 one subscription per camera stream, #43 longer cached action-server wait, #44 undock retry-loop breaker, #45 sync slop for 1 Hz depth, #37 /robot1 namespace, #38 stereo depth topic, #39 best-effort sensor QoS, #40 RGB->depth pixel mapping, #41 encoding-based mm/m, #42 explicit namespaced TF, #36 no patrol feed prompt, #35 cancel actually stops the robot, #34 feed publishes to any subscriber, #22 dock no-detect zone, #23 live-first memory, #24 forget, #25 typo-tolerant control words, #26 bare yes/no, #27 context expiry, #28 all-instance distances, #29 Create 3 backup ratchet, #30 sticky goals + range-scaled gate + ring-safe blacklist, #31 incremental off-map hop goals, #32 non-freezing live feed, #33 command/reply/status bridge)
2026-08-12 12:09:41.382 [RUN] agent started (SIGHT_CONFIRM=2, SEARCH_TIMEOUT=120.0s, NO_PROGRESS_LIMIT=60.0s, ROBOT_CLEARANCE=0.25m)
2026-08-12 12:09:41.563 [RUN] headless mode (no tty)
2026-08-12 12:09:41.564 [INFO] live depth camera_info received 320x240
2026-08-12 12:09:43.396 [DOCK] dock position recorded at (0.49, 0.00); detections within 0.8 m are ignored
2026-08-12 12:09:44.608 [CMD] [remote] undock
2026-08-12 12:09:44.608 [STOP] hard stop requested (cancel-all + zero barrage)
2026-08-12 12:09:44.608 [STEP] undock target=None
2026-08-12 12:09:44.609 [ROBOT] Undocking…
2026-08-12 12:09:48.120 [ROBOT] Stopped. The robot is idle.
2026-08-12 12:09:48.120 [STOP] confirmed stopped by odometry after barrage
2026-08-12 12:09:54.851 [ROBOT] Undocked — ready to move.
2026-08-12 12:09:54.852 [DOCK] undock ok
2026-08-12 12:09:58.102 [CMD] [remote] done right
2026-08-12 12:09:58.104 [STOP] hard stop requested (cancel-all + zero barrage)
2026-08-12 12:09:59.371 [BRAIN] {'steps': [{'action': 'answer', 'speech': "Understood, I'll stay here for now.", 'target': None}]}
2026-08-12 12:09:59.371 [STEP] answer target=None
2026-08-12 12:10:00.160 [ROBOT] Stopped. The robot is idle.
2026-08-12 12:10:00.161 [STOP] confirmed stopped by odometry after barrage
2026-08-12 12:10:04.481 [CMD] [remote] turn right
2026-08-12 12:10:04.481 [STOP] hard stop requested (cancel-all + zero barrage)
2026-08-12 12:10:05.303 [BRAIN] {'steps': [{'action': 'move', 'speech': 'Turning ninety degrees right.', 'target': None, 'distance_m': 0.0, 'rotation_deg': -90.0}]}
2026-08-12 12:10:05.303 [STEP] move target=None
2026-08-12 12:10:06.540 [ROBOT] Stopped. The robot is idle.
2026-08-12 12:10:06.540 [STOP] confirmed stopped by odometry after barrage
2026-08-12 12:10:11.560 [ROBOT] Done with that move.
2026-08-12 12:14:06.560 [WARN] #35 cancel-all failed: failed to check service availability: rcl node's context is invalid, at ./src/rcl/node.c:428
2026-08-12 12:14:06.561 [STOP] hard stop requested (cancel-all + zero barrage)
2026-08-12 12:14:06.561 [RUN] agent shutting down
