2026-09-15 12:36:37.967 [RUN] vla_agent v28  (#63 headless-safe console output, #62 direction-aware collision guard, #61 nearest-cluster LiDAR ranging, #60 manual override teleop, #59 10 Hz collision guard, #58 smoother approach, #57 stand off far enough to keep the object in view, #56 step-and-stare scan, #55 LiDAR failure reasons reported, #54 LiDAR object ranging, #53 seeded depth intrinsics, #52 depth intrinsics rescaled to frame size, #51 compressedDepth transport, #50 compressed RGB transport, #49 annotated feed gated per topic, #47 TF at colour-frame stamp, #48 reject stale depth, #46 one subscription per camera stream, #43 longer cached action-server wait, #44 undock retry-loop breaker, #45 sync slop for 1 Hz depth, #37 /robot1 namespace, #38 stereo depth topic, #39 best-effort sensor QoS, #40 RGB->depth pixel mapping, #41 encoding-based mm/m, #42 explicit namespaced TF, #36 no patrol feed prompt, #35 cancel actually stops the robot, #34 feed publishes to any subscriber, #22 dock no-detect zone, #23 live-first memory, #24 forget, #25 typo-tolerant control words, #26 bare yes/no, #27 context expiry, #28 all-instance distances, #29 Create 3 backup ratchet, #30 sticky goals + range-scaled gate + ring-safe blacklist, #31 incremental off-map hop goals, #32 non-freezing live feed, #33 command/reply/status bridge)
2026-09-15 12:36:37.967 [RUN] agent started (SIGHT_CONFIRM=2, SEARCH_TIMEOUT=120.0s, NO_PROGRESS_LIMIT=60.0s, ROBOT_CLEARANCE=0.25m)
2026-09-15 12:37:25.380 [CMD] [remote] what do you see
2026-09-15 12:37:25.381 [STOP] hard stop requested (cancel-all + zero barrage)
2026-09-15 12:37:25.997 [BRAIN] {'steps': [{'action': 'describe', 'speech': 'I see a chair.', 'target': None}]}
2026-09-15 12:37:25.997 [STEP] describe target=None
2026-09-15 12:37:27.423 [ROBOT] Stopped. The robot is idle.
2026-09-15 12:37:27.423 [STOP] confirmed stopped by odometry after barrage
2026-09-15 12:38:00.138 [CMD] [remote] go to the chair
2026-09-15 12:38:00.139 [STOP] hard stop requested (cancel-all + zero barrage)
2026-09-15 12:38:00.654 [BRAIN] {'steps': [{'action': 'navigate', 'speech': 'Heading to the chair.', 'target': 'chair'}]}
2026-09-15 12:38:00.654 [STEP] navigate target='chair'
2026-09-15 12:38:02.030 [ROBOT] Found the chair — navigating to it.
2026-09-15 12:38:02.030 [SIGHT] chair at (-2.19, 0.46), 2.12 m away
2026-09-15 12:38:02.030 [ROBOT] The chair is about 2.1 m away, past the edge of what I've mapped. Moving up in short steps and mapping as I go.
2026-09-15 12:38:02.030 [STEP] #31 hop mode engaged for chair: object (-2.19, 0.46) at 2.1 m, area_mapped=False
2026-09-15 12:38:02.030 [GOAL] #31 hop 1: 1.50 m toward chair (still 2.1 m away)
2026-09-15 12:38:02.030 [GOAL] (-1.59, 0.32) yaw=167deg mode=navigate
2026-09-15 12:38:02.183 [ROBOT] Stopped. The robot is idle.
2026-09-15 12:38:02.183 [STOP] confirmed stopped by odometry after barrage
2026-09-15 12:38:05.033 [STEP] chair area now mapped after 1 hop(s) — switching to a direct approach
2026-09-15 12:38:05.033 [ROBOT] The area around the chair is mapped now — going straight to it.
2026-09-15 12:38:05.033 [GOAL] (-1.40, 0.14) yaw=-178deg mode=navigate
2026-09-15 12:38:05.042 [RESULT] nav goal status=6 (not-succeeded)
2026-09-15 12:38:05.042 [WARN] nav goal (-1.40, 0.14) failed (status=6); trying another approach angle
2026-09-15 12:38:06.029 [GOAL] (-1.51, 0.51) yaw=-150deg mode=navigate
2026-09-15 12:38:06.032 [RESULT] nav goal status=6 (not-succeeded)
2026-09-15 12:38:06.032 [WARN] nav goal (-1.51, 0.51) failed (status=6); trying another approach angle
2026-09-15 12:38:07.028 [GOAL] (-1.44, -0.14) yaw=162deg mode=navigate
2026-09-15 12:38:07.032 [RESULT] nav goal status=6 (not-succeeded)
2026-09-15 12:38:07.032 [WARN] nav goal (-1.44, -0.14) failed (status=6); trying another approach angle
2026-09-15 12:38:08.027 [ROBOT] Arrived at the chair.
2026-09-15 12:38:28.962 [CMD] [remote] turn around
2026-09-15 12:38:28.962 [STOP] hard stop requested (cancel-all + zero barrage)
2026-09-15 12:38:29.569 [BRAIN] {'steps': [{'action': 'move', 'speech': 'Turning around.', 'target': None, 'distance_m': 0.0, 'rotation_deg': 180.0}]}
2026-09-15 12:38:29.569 [STEP] move target=None
2026-09-15 12:38:31.003 [ROBOT] Stopped. The robot is idle.
2026-09-15 12:38:31.003 [STOP] confirmed stopped by odometry after barrage
2026-09-15 12:38:38.983 [ROBOT] Done with that move.
2026-09-15 12:38:50.178 [CMD] [remote] move forward 1 meter
2026-09-15 12:38:50.179 [STOP] hard stop requested (cancel-all + zero barrage)
2026-09-15 12:38:50.793 [BRAIN] {'steps': [{'action': 'move', 'speech': 'Moving forward one metre.', 'target': None, 'distance_m': 1.0, 'rotation_deg': 0.0}]}
2026-09-15 12:38:50.793 [STEP] move target=None
2026-09-15 12:38:52.223 [ROBOT] Stopped. The robot is idle.
2026-09-15 12:38:52.223 [STOP] confirmed stopped by odometry after barrage
2026-09-15 12:38:57.983 [ROBOT] Done with that move.
2026-09-15 12:39:01.378 [CMD] [remote] what do you see
2026-09-15 12:39:01.378 [STOP] hard stop requested (cancel-all + zero barrage)
2026-09-15 12:39:01.933 [BRAIN] {'steps': [{'action': 'describe', 'speech': 'I see a chair and a shelf.', 'target': None}]}
2026-09-15 12:39:01.933 [STEP] describe target=None
2026-09-15 12:39:03.423 [ROBOT] Stopped. The robot is idle.
2026-09-15 12:39:03.423 [STOP] confirmed stopped by odometry after barrage
2026-09-15 12:39:06.386 [CMD] [remote] turn around
2026-09-15 12:39:06.386 [STOP] hard stop requested (cancel-all + zero barrage)
2026-09-15 12:39:06.991 [BRAIN] {'steps': [{'action': 'move', 'speech': 'Turning around.', 'target': None, 'distance_m': 0.0, 'rotation_deg': 180.0}]}
2026-09-15 12:39:06.991 [STEP] move target=None
2026-09-15 12:39:08.443 [ROBOT] Stopped. The robot is idle.
2026-09-15 12:39:08.443 [STOP] confirmed stopped by odometry after barrage
2026-09-15 12:39:15.983 [ROBOT] Done with that move.
2026-09-15 12:39:20.146 [CMD] [remote] what do you see
2026-09-15 12:39:20.146 [STOP] hard stop requested (cancel-all + zero barrage)
2026-09-15 12:39:20.682 [BRAIN] {'steps': [{'action': 'describe', 'speech': 'I can see a shelf.', 'target': None}]}
2026-09-15 12:39:20.682 [STEP] describe target=None
2026-09-15 12:39:22.203 [ROBOT] Stopped. The robot is idle.
2026-09-15 12:39:22.203 [STOP] confirmed stopped by odometry after barrage
2026-09-15 12:39:25.730 [CMD] [remote] turn left
2026-09-15 12:39:25.731 [STOP] hard stop requested (cancel-all + zero barrage)
2026-09-15 12:39:26.365 [BRAIN] {'steps': [{'action': 'move', 'speech': 'Turning ninety degrees left.', 'target': None, 'distance_m': 0.0, 'rotation_deg': 90.0}]}
2026-09-15 12:39:26.365 [STEP] move target=None
2026-09-15 12:39:27.783 [ROBOT] Stopped. The robot is idle.
2026-09-15 12:39:27.783 [STOP] confirmed stopped by odometry after barrage
2026-09-15 12:39:29.987 [CMD] (cancel via remote) stop
2026-09-15 12:39:29.989 [STOP] hard stop requested (cancel-all + zero barrage)
2026-09-15 12:39:32.043 [ROBOT] Stopped. The robot is idle.
2026-09-15 12:39:32.043 [STOP] confirmed stopped by odometry after barrage
2026-09-15 12:39:36.835 [CMD] [remote] move 50 cm
2026-09-15 12:39:36.835 [STOP] hard stop requested (cancel-all + zero barrage)
2026-09-15 12:39:37.477 [BRAIN] {'steps': [{'action': 'move', 'speech': 'Moving forward fifty centimeters.', 'target': None, 'distance_m': 0.5, 'rotation_deg': 0.0}]}
2026-09-15 12:39:37.477 [STEP] move target=None
2026-09-15 12:39:38.883 [ROBOT] Stopped. The robot is idle.
2026-09-15 12:39:38.884 [STOP] confirmed stopped by odometry after barrage
2026-09-15 12:39:42.983 [ROBOT] Done with that move.
2026-09-15 12:39:48.226 [CMD] [remote] turn left
2026-09-15 12:39:48.227 [STOP] hard stop requested (cancel-all + zero barrage)
2026-09-15 12:39:48.850 [BRAIN] {'steps': [{'action': 'move', 'speech': 'Turning ninety degrees left.', 'target': None, 'distance_m': 0.0, 'rotation_deg': 90.0}]}
2026-09-15 12:39:48.851 [STEP] move target=None
2026-09-15 12:39:50.283 [ROBOT] Stopped. The robot is idle.
2026-09-15 12:39:50.283 [STOP] confirmed stopped by odometry after barrage
2026-09-15 12:39:54.983 [ROBOT] Done with that move.
2026-09-15 12:40:01.218 [CMD] [remote] move 20 cm
2026-09-15 12:40:01.219 [STOP] hard stop requested (cancel-all + zero barrage)
2026-09-15 12:40:01.849 [BRAIN] {'steps': [{'action': 'move', 'speech': 'Moving forward twenty centimeters.', 'target': None, 'distance_m': 0.2, 'rotation_deg': 0.0}]}
2026-09-15 12:40:01.849 [STEP] move target=None
2026-09-15 12:40:03.263 [ROBOT] Stopped. The robot is idle.
2026-09-15 12:40:03.263 [STOP] confirmed stopped by odometry after barrage
2026-09-15 12:40:04.983 [ROBOT] Done with that move.
2026-09-15 12:40:12.098 [CMD] [remote] move 20 more
2026-09-15 12:40:12.098 [STOP] hard stop requested (cancel-all + zero barrage)
2026-09-15 12:40:12.698 [BRAIN] {'steps': [{'action': 'move', 'speech': 'Moving forward two metres.', 'target': None, 'distance_m': 2.0, 'rotation_deg': 0.0}]}
2026-09-15 12:40:12.698 [STEP] move target=None
2026-09-15 12:40:14.143 [ROBOT] Stopped. The robot is idle.
2026-09-15 12:40:14.143 [STOP] confirmed stopped by odometry after barrage
2026-09-15 12:40:15.218 [CMD] (cancel via remote) stop
2026-09-15 12:40:15.218 [STOP] hard stop requested (cancel-all + zero barrage)
2026-09-15 12:40:17.263 [ROBOT] Stopped. The robot is idle.
2026-09-15 12:40:17.263 [STOP] confirmed stopped by odometry after barrage
2026-09-15 12:40:19.154 [CMD] [remote] turn around
2026-09-15 12:40:19.155 [STOP] hard stop requested (cancel-all + zero barrage)
2026-09-15 12:40:19.764 [BRAIN] {'steps': [{'action': 'move', 'speech': 'Turning around.', 'target': None, 'distance_m': 0.0, 'rotation_deg': 180.0}]}
2026-09-15 12:40:19.764 [STEP] move target=None
2026-09-15 12:40:21.203 [ROBOT] Stopped. The robot is idle.
2026-09-15 12:40:21.203 [STOP] confirmed stopped by odometry after barrage
2026-09-15 12:40:28.983 [ROBOT] Done with that move.
2026-09-15 12:40:37.875 [CMD] [remote] turn right 20 degree
2026-09-15 12:40:37.875 [STOP] hard stop requested (cancel-all + zero barrage)
2026-09-15 12:40:38.540 [BRAIN] {'steps': [{'action': 'move', 'speech': 'Turning twenty degrees to the right.', 'target': None, 'distance_m': 0.0, 'rotation_deg': -20.0}]}
2026-09-15 12:40:38.540 [STEP] move target=None
2026-09-15 12:40:39.923 [ROBOT] Stopped. The robot is idle.
2026-09-15 12:40:39.923 [STOP] confirmed stopped by odometry after barrage
2026-09-15 12:40:41.983 [ROBOT] Done with that move.
2026-09-15 12:40:45.139 [CMD] [remote] what do you see
2026-09-15 12:40:45.139 [STOP] hard stop requested (cancel-all + zero barrage)
2026-09-15 12:40:45.654 [BRAIN] {'steps': [{'action': 'describe', 'speech': 'I see a chair.', 'target': None}]}
2026-09-15 12:40:45.654 [STEP] describe target=None
2026-09-15 12:40:47.183 [ROBOT] Stopped. The robot is idle.
2026-09-15 12:40:47.183 [STOP] confirmed stopped by odometry after barrage
2026-09-15 12:40:52.563 [CMD] [remote] go to the chair
2026-09-15 12:40:52.564 [STOP] hard stop requested (cancel-all + zero barrage)
2026-09-15 12:40:53.074 [BRAIN] {'steps': [{'action': 'navigate', 'speech': 'Heading back to the chair.', 'target': 'chair'}]}
2026-09-15 12:40:53.074 [STEP] navigate target='chair'
2026-09-15 12:40:54.623 [ROBOT] Stopped. The robot is idle.
2026-09-15 12:40:54.623 [STOP] confirmed stopped by odometry after barrage
2026-09-15 12:40:55.030 [ROBOT] Found the chair — navigating to it.
2026-09-15 12:40:55.030 [SIGHT] chair at (-2.49, 0.36), 2.40 m away
2026-09-15 12:40:55.031 [GOAL] (-1.69, 0.43) yaw=-174deg mode=navigate
2026-09-15 12:41:03.744 [RESULT] nav goal status=4 (ok)
2026-09-15 12:41:04.027 [GOAL] (-1.76, 0.25) yaw=-174deg mode=navigate
2026-09-15 12:41:04.089 [RESULT] nav goal status=4 (ok)
2026-09-15 12:41:05.029 [GOAL] (-1.76, 0.25) yaw=-174deg mode=navigate
2026-09-15 12:41:05.091 [RESULT] nav goal status=4 (ok)
2026-09-15 12:41:06.028 [GOAL] (-1.76, 0.25) yaw=-174deg mode=navigate
2026-09-15 12:41:06.089 [RESULT] nav goal status=4 (ok)
2026-09-15 12:41:07.028 [GOAL] (-1.76, 0.25) yaw=-174deg mode=navigate
2026-09-15 12:41:07.089 [RESULT] nav goal status=4 (ok)
2026-09-15 12:41:08.028 [GOAL] (-1.76, 0.25) yaw=-174deg mode=navigate
2026-09-15 12:41:08.090 [RESULT] nav goal status=4 (ok)
2026-09-15 12:41:09.027 [GOAL] (-1.76, 0.25) yaw=-174deg mode=navigate
2026-09-15 12:41:09.088 [RESULT] nav goal status=4 (ok)
2026-09-15 12:41:10.027 [GOAL] (-1.76, 0.25) yaw=-174deg mode=navigate
2026-09-15 12:41:10.089 [RESULT] nav goal status=4 (ok)
2026-09-15 12:41:11.028 [GOAL] (-1.76, 0.25) yaw=-174deg mode=navigate
2026-09-15 12:41:11.090 [RESULT] nav goal status=4 (ok)
2026-09-15 12:41:12.028 [GOAL] (-1.76, 0.25) yaw=-174deg mode=navigate
2026-09-15 12:41:12.091 [RESULT] nav goal status=4 (ok)
2026-09-15 12:41:13.027 [GOAL] (-1.76, 0.25) yaw=-174deg mode=navigate
2026-09-15 12:41:13.089 [RESULT] nav goal status=4 (ok)
2026-09-15 12:41:14.028 [GOAL] (-1.76, 0.25) yaw=-174deg mode=navigate
2026-09-15 12:41:14.090 [RESULT] nav goal status=4 (ok)
2026-09-15 12:41:15.029 [GOAL] (-1.76, 0.25) yaw=-174deg mode=navigate
2026-09-15 12:41:15.091 [RESULT] nav goal status=4 (ok)
2026-09-15 12:41:16.027 [GOAL] (-1.76, 0.25) yaw=-174deg mode=navigate
2026-09-15 12:41:16.088 [RESULT] nav goal status=4 (ok)
2026-09-15 12:41:16.947 [CMD] [remote] turn right
2026-09-15 12:41:16.947 [STOP] hard stop requested (cancel-all + zero barrage)
2026-09-15 12:41:17.581 [BRAIN] {'steps': [{'action': 'move', 'speech': 'Turning ninety degrees to the right.', 'target': None, 'distance_m': 0.0, 'rotation_deg': -90.0}]}
2026-09-15 12:41:17.581 [STEP] move target=None
2026-09-15 12:41:19.003 [ROBOT] Stopped. The robot is idle.
2026-09-15 12:41:19.003 [STOP] confirmed stopped by odometry after barrage
2026-09-15 12:41:22.370 [CMD] (cancel via remote) stop
2026-09-15 12:41:22.371 [STOP] hard stop requested (cancel-all + zero barrage)
2026-09-15 12:41:24.423 [ROBOT] Stopped. The robot is idle.
2026-09-15 12:41:24.423 [STOP] confirmed stopped by odometry after barrage
2026-09-15 12:41:26.130 [CMD] [remote] what do you see
2026-09-15 12:41:26.130 [STOP] hard stop requested (cancel-all + zero barrage)
2026-09-15 12:41:26.645 [BRAIN] {'steps': [{'action': 'describe', 'speech': 'I see a chair.', 'target': None}]}
2026-09-15 12:41:26.645 [STEP] describe target=None
2026-09-15 12:41:28.183 [ROBOT] Stopped. The robot is idle.
2026-09-15 12:41:28.183 [STOP] confirmed stopped by odometry after barrage
2026-09-15 12:41:33.314 [CMD] [remote] go to the chari
2026-09-15 12:41:33.315 [STOP] hard stop requested (cancel-all + zero barrage)
2026-09-15 12:41:33.833 [BRAIN] {'steps': [{'action': 'navigate', 'speech': 'Heading back to the chair.', 'target': 'chair'}]}
2026-09-15 12:41:33.833 [STEP] navigate target='chair'
2026-09-15 12:41:35.029 [ROBOT] Found the chair — navigating to it.
2026-09-15 12:41:35.029 [SIGHT] chair at (-0.38, 4.30), 4.21 m away
2026-09-15 12:41:35.032 [GOAL] (-0.60, 3.53) yaw=74deg mode=navigate
2026-09-15 12:41:35.463 [ROBOT] Stopped. The robot is idle.
2026-09-15 12:41:35.463 [STOP] confirmed stopped by odometry after barrage
2026-09-15 12:41:48.143 [RESULT] nav goal status=4 (ok)
2026-09-15 12:41:49.035 [GOAL] (-0.78, 3.67) yaw=105deg mode=navigate
2026-09-15 12:41:50.117 [RESULT] nav goal status=4 (ok)
2026-09-15 12:41:51.029 [GOAL] (-0.73, 3.68) yaw=108deg mode=navigate
2026-09-15 12:41:51.091 [RESULT] nav goal status=4 (ok)
2026-09-15 12:41:52.030 [GOAL] (-0.73, 3.68) yaw=108deg mode=navigate
2026-09-15 12:41:52.092 [RESULT] nav goal status=4 (ok)
2026-09-15 12:41:53.030 [GOAL] (-0.75, 3.67) yaw=107deg mode=navigate
2026-09-15 12:41:53.092 [RESULT] nav goal status=4 (ok)
2026-09-15 12:41:54.030 [GOAL] (-0.75, 3.67) yaw=107deg mode=navigate
2026-09-15 12:41:54.092 [RESULT] nav goal status=4 (ok)
2026-09-15 12:41:55.028 [GOAL] (-0.75, 3.67) yaw=107deg mode=navigate
2026-09-15 12:41:55.089 [RESULT] nav goal status=4 (ok)
2026-09-15 12:41:56.030 [GOAL] (-0.75, 3.67) yaw=107deg mode=navigate
2026-09-15 12:41:56.091 [RESULT] nav goal status=4 (ok)
2026-09-15 12:41:57.031 [GOAL] (-0.75, 3.67) yaw=107deg mode=navigate
2026-09-15 12:41:57.093 [RESULT] nav goal status=4 (ok)
2026-09-15 12:41:58.033 [GOAL] (-0.75, 3.67) yaw=107deg mode=navigate
2026-09-15 12:41:58.094 [RESULT] nav goal status=4 (ok)
2026-09-15 12:41:59.030 [GOAL] (-0.75, 3.67) yaw=107deg mode=navigate
2026-09-15 12:41:59.092 [RESULT] nav goal status=4 (ok)
2026-09-15 12:42:00.034 [GOAL] (-0.75, 3.67) yaw=107deg mode=navigate
2026-09-15 12:42:00.096 [RESULT] nav goal status=4 (ok)
2026-09-15 12:42:01.029 [GOAL] (-0.75, 3.67) yaw=107deg mode=navigate
2026-09-15 12:42:01.091 [RESULT] nav goal status=4 (ok)
2026-09-15 12:42:02.029 [GOAL] (-0.75, 3.67) yaw=107deg mode=navigate
2026-09-15 12:42:02.091 [RESULT] nav goal status=4 (ok)
2026-09-15 12:42:03.029 [GOAL] (-0.75, 3.67) yaw=107deg mode=navigate
2026-09-15 12:42:03.091 [RESULT] nav goal status=4 (ok)
2026-09-15 12:42:04.028 [GOAL] (-0.75, 3.67) yaw=107deg mode=navigate
2026-09-15 12:42:04.090 [RESULT] nav goal status=4 (ok)
2026-09-15 12:42:05.029 [GOAL] (-0.75, 3.67) yaw=107deg mode=navigate
2026-09-15 12:42:05.091 [RESULT] nav goal status=4 (ok)
2026-09-15 12:42:06.028 [GOAL] (-0.75, 3.67) yaw=107deg mode=navigate
2026-09-15 12:42:06.089 [RESULT] nav goal status=4 (ok)
2026-09-15 12:42:07.029 [GOAL] (-0.75, 3.67) yaw=107deg mode=navigate
2026-09-15 12:42:07.091 [RESULT] nav goal status=4 (ok)
2026-09-15 12:42:08.031 [GOAL] (-0.75, 3.67) yaw=107deg mode=navigate
2026-09-15 12:42:08.092 [RESULT] nav goal status=4 (ok)
2026-09-15 12:42:09.030 [GOAL] (-0.75, 3.67) yaw=107deg mode=navigate
2026-09-15 12:42:09.092 [RESULT] nav goal status=4 (ok)
2026-09-15 12:42:10.032 [GOAL] (-0.75, 3.67) yaw=107deg mode=navigate
2026-09-15 12:42:10.094 [RESULT] nav goal status=4 (ok)
2026-09-15 12:42:11.031 [GOAL] (-0.75, 3.67) yaw=107deg mode=navigate
2026-09-15 12:42:11.092 [RESULT] nav goal status=4 (ok)
2026-09-15 12:42:12.031 [GOAL] (-0.75, 3.67) yaw=107deg mode=navigate
2026-09-15 12:42:12.093 [RESULT] nav goal status=4 (ok)
2026-09-15 12:42:13.032 [GOAL] (-0.75, 3.67) yaw=107deg mode=navigate
2026-09-15 12:42:13.094 [RESULT] nav goal status=4 (ok)
2026-09-15 12:42:14.030 [GOAL] (-0.75, 3.67) yaw=107deg mode=navigate
2026-09-15 12:42:14.092 [RESULT] nav goal status=4 (ok)
2026-09-15 12:42:15.032 [GOAL] (-0.75, 3.67) yaw=107deg mode=navigate
2026-09-15 12:42:15.093 [RESULT] nav goal status=4 (ok)
2026-09-15 12:42:16.029 [GOAL] (-0.75, 3.67) yaw=107deg mode=navigate
2026-09-15 12:42:16.091 [RESULT] nav goal status=4 (ok)
2026-09-15 12:42:17.029 [GOAL] (-0.75, 3.67) yaw=107deg mode=navigate
2026-09-15 12:42:17.091 [RESULT] nav goal status=4 (ok)
2026-09-15 12:42:18.030 [GOAL] (-0.75, 3.67) yaw=107deg mode=navigate
2026-09-15 12:42:18.092 [RESULT] nav goal status=4 (ok)
2026-09-15 12:42:19.030 [GOAL] (-0.75, 3.67) yaw=107deg mode=navigate
2026-09-15 12:42:19.092 [RESULT] nav goal status=4 (ok)
2026-09-15 12:42:20.030 [GOAL] (-0.75, 3.67) yaw=107deg mode=navigate
2026-09-15 12:42:21.041 [RESULT] nav goal status=4 (ok)
2026-09-15 12:42:22.029 [GOAL] (-0.75, 3.67) yaw=107deg mode=navigate
2026-09-15 12:42:22.583 [ROBOT] I've stopped receiving camera frames (none for over 5s). Check the OAK-D driver — I can still move, but I'm blind until it's back.
2026-09-15 12:42:22.583 [WARN] #32e camera stream stalled (>5s)
2026-09-15 12:42:26.389 [WARN] #32e camera stream RESUMED after 9.0s
2026-09-15 12:42:26.389 [ROBOT] Camera frames are back — the gap was 9.0s.
2026-09-15 12:42:37.983 [STUCK] mode=navigate target='chair'
2026-09-15 12:42:37.984 [ROBOT] I'm stuck trying to reach the chair. Please take MANUAL OVERRIDE or give me a new command.
2026-09-15 12:42:37.985 [STOP] hard stop requested (cancel-all + zero barrage)
2026-09-15 12:42:40.043 [ROBOT] Stopped. The robot is idle.
2026-09-15 12:42:40.043 [STOP] confirmed stopped by odometry after barrage
2026-09-15 12:42:47.858 [CMD] [remote] turn around
2026-09-15 12:42:47.859 [STOP] hard stop requested (cancel-all + zero barrage)
2026-09-15 12:42:48.445 [BRAIN] {'steps': [{'action': 'move', 'speech': 'Turning around.', 'target': None, 'distance_m': 0.0, 'rotation_deg': 180.0}]}
2026-09-15 12:42:48.446 [STEP] move target=None
2026-09-15 12:42:49.903 [ROBOT] Stopped. The robot is idle.
2026-09-15 12:42:49.903 [STOP] confirmed stopped by odometry after barrage
2026-09-15 12:42:55.763 [CMD] (cancel via remote) stop
2026-09-15 12:42:55.763 [STOP] hard stop requested (cancel-all + zero barrage)
2026-09-15 12:42:57.823 [ROBOT] Stopped. The robot is idle.
2026-09-15 12:42:57.823 [STOP] confirmed stopped by odometry after barrage
2026-09-15 12:43:01.139 [CMD] [remote] move 3 meters ahead
2026-09-15 12:43:01.139 [STOP] hard stop requested (cancel-all + zero barrage)
2026-09-15 12:43:01.722 [BRAIN] {'steps': [{'action': 'move', 'speech': 'Moving forward three metres.', 'target': None, 'distance_m': 3.0, 'rotation_deg': 0.0}]}
2026-09-15 12:43:01.722 [STEP] move target=None
2026-09-15 12:43:03.183 [ROBOT] Stopped. The robot is idle.
2026-09-15 12:43:03.184 [STOP] confirmed stopped by odometry after barrage
2026-09-15 12:43:24.983 [ROBOT] Done with that move.
2026-09-15 12:43:37.268 [CMD] [remote] turn left
2026-09-15 12:43:37.269 [STOP] hard stop requested (cancel-all + zero barrage)
2026-09-15 12:43:37.918 [BRAIN] {'steps': [{'action': 'move', 'speech': 'Turning ninety degrees left.', 'target': None, 'distance_m': 0.0, 'rotation_deg': 90.0}]}
2026-09-15 12:43:37.918 [STEP] move target=None
2026-09-15 12:43:39.168 [STOP] hard stop requested (cancel-all + zero barrage)
2026-09-15 12:43:39.168 [RUN] agent shutting down
