2026-08-08 15:06:08.201 [RUN] vla_agent v16  (#47 TF at colour-frame stamp, #48 reject stale depth, #46 one subscription per camera stream, #43 longer cached action-server wait, #44 undock retry-loop breaker, #45 sync slop for 1 Hz depth, #37 /robot1 namespace, #38 stereo depth topic, #39 best-effort sensor QoS, #40 RGB->depth pixel mapping, #41 encoding-based mm/m, #42 explicit namespaced TF, #36 no patrol feed prompt, #35 cancel actually stops the robot, #34 feed publishes to any subscriber, #22 dock no-detect zone, #23 live-first memory, #24 forget, #25 typo-tolerant control words, #26 bare yes/no, #27 context expiry, #28 all-instance distances, #29 Create 3 backup ratchet, #30 sticky goals + range-scaled gate + ring-safe blacklist, #31 incremental off-map hop goals, #32 non-freezing live feed, #33 command/reply/status bridge)
2026-08-08 15:06:08.201 [RUN] agent started (SIGHT_CONFIRM=2, SEARCH_TIMEOUT=45.0s, NO_PROGRESS_LIMIT=60.0s, ROBOT_CLEARANCE=0.25m)
2026-08-08 15:06:15.217 [ROBOT] RGB and depth stopped lining up (1.6s since the last matched pair) — switching to the newest frame of each. Detections stay live; depth accuracy drops a little while they are out of step.
2026-08-08 15:06:15.217 [WARN] #32a stale sync pair dropped after 1.6s
2026-08-08 15:06:20.857 [CMD] [keyboard] what do youwhat do you see
2026-08-08 15:06:20.858 [STOP] hard stop requested (cancel-all + zero barrage)
2026-08-08 15:06:21.555 [BRAIN] {'steps': [{'action': 'describe', 'speech': 'I see a box, a chair, and a person.', 'target': None}]}
2026-08-08 15:06:21.555 [STEP] describe target=None
2026-08-08 15:06:22.916 [ROBOT] Stopped. The robot is idle.
2026-08-08 15:06:22.917 [STOP] confirmed stopped by odometry after barrage
2026-08-08 15:06:29.929 [CMD] [keyboard] give me live feed
2026-08-08 15:06:29.929 [STOP] hard stop requested (cancel-all + zero barrage)
2026-08-08 15:06:30.507 [BRAIN] {'steps': [{'action': 'feed', 'speech': 'Showing you the current view.', 'target': None}]}
2026-08-08 15:06:30.507 [STEP] feed target=None
2026-08-08 15:06:31.976 [ROBOT] Stopped. The robot is idle.
2026-08-08 15:06:31.977 [STOP] confirmed stopped by odometry after barrage
2026-08-08 15:06:44.016 [ROBOT] I've stopped receiving camera frames. Check the OAK-D driver — I can still move, but I'm blind until it's back.
2026-08-08 15:06:44.017 [WARN] #32e camera stream stalled
2026-08-08 15:06:53.617 [ROBOT] The live-feed window closed. Say 'show me the feed' to reopen it — the robot is otherwise unaffected.
2026-08-08 15:06:53.617 [WARN] #32e rqt_image_view exited
2026-08-08 15:07:06.017 [ROBOT] I've stopped receiving camera frames. Check the OAK-D driver — I can still move, but I'm blind until it's back.
2026-08-08 15:07:06.017 [WARN] #32e camera stream stalled
2026-08-08 15:07:29.737 [CMD] [keyboard] what do you see
2026-08-08 15:07:29.737 [STOP] hard stop requested (cancel-all + zero barrage)
2026-08-08 15:07:30.428 [BRAIN] {'steps': [{'action': 'describe', 'speech': 'I see a box, a chair, and a person.', 'target': None}]}
2026-08-08 15:07:30.428 [STEP] describe target=None
2026-08-08 15:07:31.796 [ROBOT] Stopped. The robot is idle.
2026-08-08 15:07:31.797 [STOP] confirmed stopped by odometry after barrage
2026-08-08 15:07:38.713 [CMD] [keyboard] waht do you see
2026-08-08 15:07:38.714 [STOP] hard stop requested (cancel-all + zero barrage)
2026-08-08 15:07:39.398 [BRAIN] {'steps': [{'action': 'describe', 'speech': 'I see a box, a chair, and a person.', 'target': None}]}
2026-08-08 15:07:39.398 [STEP] describe target=None
2026-08-08 15:07:40.757 [ROBOT] Stopped. The robot is idle.
2026-08-08 15:07:40.757 [STOP] confirmed stopped by odometry after barrage
2026-08-08 15:08:05.402 [STOP] hard stop requested (cancel-all + zero barrage)
2026-08-08 15:08:05.402 [RUN] agent shutting down
