2026-09-23 14:38:57.652 [RUN] vla_agent v28  (#63 headless-safe console output, #62 direction-aware collision guard, #61 nearest-cluster LiDAR ranging, #60 manual override teleop, #59 10 Hz collision guard, #58 smoother approach, #57 stand off far enough to keep the object in view, #56 step-and-stare scan, #55 LiDAR failure reasons reported, #54 LiDAR object ranging, #53 seeded depth intrinsics, #52 depth intrinsics rescaled to frame size, #51 compressedDepth transport, #50 compressed RGB transport, #49 annotated feed gated per topic, #47 TF at colour-frame stamp, #48 reject stale depth, #46 one subscription per camera stream, #43 longer cached action-server wait, #44 undock retry-loop breaker, #45 sync slop for 1 Hz depth, #37 /robot1 namespace, #38 stereo depth topic, #39 best-effort sensor QoS, #40 RGB->depth pixel mapping, #41 encoding-based mm/m, #42 explicit namespaced TF, #36 no patrol feed prompt, #35 cancel actually stops the robot, #34 feed publishes to any subscriber, #22 dock no-detect zone, #23 live-first memory, #24 forget, #25 typo-tolerant control words, #26 bare yes/no, #27 context expiry, #28 all-instance distances, #29 Create 3 backup ratchet, #30 sticky goals + range-scaled gate + ring-safe blacklist, #31 incremental off-map hop goals, #32 non-freezing live feed, #33 command/reply/status bridge)
2026-09-23 14:38:57.652 [RUN] agent started (SIGHT_CONFIRM=2, SEARCH_TIMEOUT=120.0s, NO_PROGRESS_LIMIT=60.0s, ROBOT_CLEARANCE=0.25m)
2026-09-23 14:42:11.512 [CMD] [remote] what do you
2026-09-23 14:42:11.512 [STOP] hard stop requested (cancel-all + zero barrage)
2026-09-23 14:42:12.999 [BRAIN] {'steps': [{'action': 'describe', 'speech': 'I see a person.', 'target': None}]}
2026-09-23 14:42:12.999 [STEP] describe target=None
2026-09-23 14:42:13.555 [ROBOT] Stopped. The robot is idle.
2026-09-23 14:42:13.556 [STOP] confirmed stopped by odometry after barrage
2026-09-23 14:42:21.554 [CMD] [remote] what do you see
2026-09-23 14:42:21.555 [STOP] hard stop requested (cancel-all + zero barrage)
2026-09-23 14:42:22.110 [BRAIN] {'steps': [{'action': 'describe', 'speech': 'I see a chair.', 'target': None}]}
2026-09-23 14:42:22.110 [STEP] describe target=None
2026-09-23 14:42:23.596 [ROBOT] Stopped. The robot is idle.
2026-09-23 14:42:23.596 [STOP] confirmed stopped by odometry after barrage
2026-09-23 14:42:29.130 [CMD] [remote] i know you see
2026-09-23 14:42:29.130 [STOP] hard stop requested (cancel-all + zero barrage)
2026-09-23 14:42:29.670 [BRAIN] {'steps': [{'action': 'describe', 'speech': "I'm looking around and seeing nothing new.", 'target': None}]}
2026-09-23 14:42:29.670 [STEP] describe target=None
2026-09-23 14:42:31.175 [ROBOT] Stopped. The robot is idle.
2026-09-23 14:42:31.176 [STOP] confirmed stopped by odometry after barrage
2026-09-23 14:42:39.530 [CMD] [remote] turn left find a jumbo command
2026-09-23 14:42:39.531 [STOP] hard stop requested (cancel-all + zero barrage)
2026-09-23 14:42:40.411 [BRAIN] {'steps': [{'action': 'move', 'speech': 'Turning ninety degrees left.', 'target': None, 'distance_m': 0.0, 'rotation_deg': 90.0}, {'action': 'locate', 'speech': 'Looking for a jumbo command.', 'target': 'jumbo_command'}]}
2026-09-23 14:42:40.411 [STEP] move target=None
2026-09-23 14:42:41.575 [ROBOT] Stopped. The robot is idle.
2026-09-23 14:42:41.576 [STOP] confirmed stopped by odometry after barrage
2026-09-23 14:42:45.333 [CMD] (cancel via remote) cancel
2026-09-23 14:42:45.333 [STOP] hard stop requested (cancel-all + zero barrage)
2026-09-23 14:42:47.375 [ROBOT] Stopped. The robot is idle.
2026-09-23 14:42:47.377 [STOP] confirmed stopped by odometry after barrage
2026-09-23 14:42:55.646 [CMD] [remote] turn right and find a comma
2026-09-23 14:42:55.647 [STOP] hard stop requested (cancel-all + zero barrage)
2026-09-23 14:42:56.507 [BRAIN] {'steps': [{'action': 'move', 'speech': 'Turning ninety degrees to the right.', 'target': None, 'distance_m': 0.0, 'rotation_deg': -90.0}, {'action': 'locate', 'speech': 'Looking for a comma.', 'target': 'comma'}]}
2026-09-23 14:42:56.507 [STEP] move target=None
2026-09-23 14:42:57.695 [ROBOT] Stopped. The robot is idle.
2026-09-23 14:42:57.696 [STOP] confirmed stopped by odometry after barrage
2026-09-23 14:42:59.013 [CMD] (cancel via remote) cancel
2026-09-23 14:42:59.013 [STOP] hard stop requested (cancel-all + zero barrage)
2026-09-23 14:43:01.055 [ROBOT] Stopped. The robot is idle.
2026-09-23 14:43:01.056 [STOP] confirmed stopped by odometry after barrage
2026-09-23 14:43:03.553 [CMD] [remote] what do you
2026-09-23 14:43:03.554 [STOP] hard stop requested (cancel-all + zero barrage)
2026-09-23 14:43:04.173 [BRAIN] {'steps': [{'action': 'describe', 'speech': 'I see a chair and a shelf.', 'target': None}]}
2026-09-23 14:43:04.173 [STEP] describe target=None
2026-09-23 14:43:05.596 [ROBOT] Stopped. The robot is idle.
2026-09-23 14:43:05.596 [STOP] confirmed stopped by odometry after barrage
2026-09-23 14:43:09.165 [CMD] [remote] can't you see a
2026-09-23 14:43:09.165 [STOP] hard stop requested (cancel-all + zero barrage)
2026-09-23 14:43:09.650 [BRAIN] {'steps': [{'action': 'locate', 'speech': 'Looking for a chair.', 'target': 'chair'}]}
2026-09-23 14:43:09.650 [STEP] locate target='chair'
2026-09-23 14:43:09.814 [MEMORY] remembered 3 chair(s) at (0.13, -1.80) d=1.81m, (-2.21, -1.83) d=2.76m, (-1.19, -5.74) d=5.84m
2026-09-23 14:43:09.815 [ROBOT] Yes — I can see 3 chairs at about 1.8 m, 2.8 m and 5.8 m away. I'll remember where they are. (Locating only — not driving to them.)
2026-09-23 14:43:11.215 [ROBOT] Stopped. The robot is idle.
2026-09-23 14:43:11.216 [STOP] confirmed stopped by odometry after barrage
2026-09-23 14:43:19.333 [CMD] [remote] can't you see a person
2026-09-23 14:43:19.333 [STOP] hard stop requested (cancel-all + zero barrage)
2026-09-23 14:43:19.849 [BRAIN] {'steps': [{'action': 'locate', 'speech': "Checking if there's a person.", 'target': 'person'}]}
2026-09-23 14:43:19.849 [STEP] locate target='person'
2026-09-23 14:43:20.806 [MEMORY] remembered 1 person(s) at (-2.39, -4.51) d=5.04m
2026-09-23 14:43:20.806 [ROBOT] Yes — I can see a person about 5.0 m away. I'll remember where it is. (Locating only — not driving to it.)
2026-09-23 14:43:21.375 [ROBOT] Stopped. The robot is idle.
2026-09-23 14:43:21.376 [STOP] confirmed stopped by odometry after barrage
2026-09-23 14:43:21.916 [ROBOT] I've stopped receiving camera frames (none for over 5s). Check the OAK-D driver — I can still move, but I'm blind until it's back.
2026-09-23 14:43:21.916 [WARN] #32e camera stream stalled (>5s)
2026-09-23 14:43:22.032 [WARN] #32e camera stream RESUMED after 5.1s
2026-09-23 14:43:22.032 [ROBOT] Camera frames are back — the gap was 5.1s.
2026-09-23 14:43:25.252 [CMD] [remote] go to the person
2026-09-23 14:43:25.253 [STOP] hard stop requested (cancel-all + zero barrage)
2026-09-23 14:43:25.759 [BRAIN] {'steps': [{'action': 'navigate', 'speech': 'Heading back to the person.', 'target': 'person'}]}
2026-09-23 14:43:25.759 [STEP] navigate target='person'
2026-09-23 14:43:27.295 [ROBOT] Stopped. The robot is idle.
2026-09-23 14:43:27.296 [STOP] confirmed stopped by odometry after barrage
2026-09-23 14:43:27.761 [ROBOT] Found the person — navigating to it.
2026-09-23 14:43:27.762 [SIGHT] person at (-2.21, -4.14), 4.63 m away
2026-09-23 14:43:27.762 [ROBOT] The person is about 4.6 m away, past the edge of what I've mapped. Moving up in short steps and mapping as I go.
2026-09-23 14:43:27.762 [STEP] #31 hop mode engaged for person: object (-2.21, -4.14) at 4.6 m, area_mapped=False
2026-09-23 14:43:27.762 [GOAL] #31 hop 1: 1.50 m toward person (still 4.6 m away)
2026-09-23 14:43:27.762 [GOAL] (-0.81, -1.34) yaw=-117deg mode=navigate
2026-09-23 14:43:29.514 [RESULT] nav goal status=4 (ok)
2026-09-23 14:43:29.514 [STEP] #31 hop 1 complete — re-ranging person
2026-09-23 14:43:29.766 [GOAL] #31 hop 2: 1.50 m toward person (still 4.9 m away)
2026-09-23 14:43:29.766 [GOAL] (-0.84, -1.41) yaw=-117deg mode=navigate
2026-09-23 14:43:30.028 [RESULT] nav goal status=4 (ok)
2026-09-23 14:43:30.028 [STEP] #31 hop 2 complete — re-ranging person
2026-09-23 14:43:30.764 [GOAL] #31 hop 3: 1.50 m toward person (still 3.6 m away)
2026-09-23 14:43:30.765 [GOAL] (-0.88, -1.59) yaw=-114deg mode=navigate
2026-09-23 14:43:35.764 [STEP] person area now mapped after 3 hop(s) — switching to a direct approach
2026-09-23 14:43:35.764 [ROBOT] The area around the person is mapped now — going straight to it.
2026-09-23 14:43:35.765 [GOAL] (-1.59, -2.95) yaw=-117deg mode=navigate
2026-09-23 14:43:35.776 [RESULT] nav goal status=6 (not-succeeded)
2026-09-23 14:43:35.776 [WARN] nav goal (-1.59, -2.95) failed (status=6); trying another approach angle
2026-09-23 14:43:36.767 [GOAL] (-1.33, -3.18) yaw=-142deg mode=navigate
2026-09-23 14:43:36.777 [RESULT] nav goal status=6 (not-succeeded)
2026-09-23 14:43:36.777 [WARN] nav goal (-1.33, -3.18) failed (status=6); trying another approach angle
2026-09-23 14:43:37.762 [GOAL] (-1.90, -3.69) yaw=-86deg mode=navigate
2026-09-23 14:43:37.767 [RESULT] nav goal status=6 (not-succeeded)
2026-09-23 14:43:37.767 [WARN] nav goal (-1.90, -3.69) failed (status=6); trying another approach angle
2026-09-23 14:43:38.762 [GOAL] (-1.11, -4.03) yaw=-161deg mode=navigate
2026-09-23 14:43:38.766 [RESULT] nav goal status=6 (not-succeeded)
2026-09-23 14:43:38.766 [WARN] nav goal (-1.11, -4.03) failed (status=6); trying another approach angle
2026-09-23 14:43:39.762 [GOAL] #31 hop 4: 1.50 m toward person (still 3.5 m away)
2026-09-23 14:43:39.762 [GOAL] (-1.45, -2.68) yaw=-118deg mode=navigate
2026-09-23 14:43:39.766 [RESULT] nav goal status=6 (not-succeeded)
2026-09-23 14:43:39.766 [WARN] nav goal (-1.45, -2.68) failed (status=6); trying another approach angle
2026-09-23 14:43:39.766 [STEP] #31 hop aborted — shortening to 0.75 m and re-aiming
2026-09-23 14:43:40.770 [GOAL] #31 hop 5: 0.75 m toward person (still 2.8 m away)
2026-09-23 14:43:40.771 [GOAL] (-1.12, -2.04) yaw=-120deg mode=navigate
2026-09-23 14:43:40.776 [RESULT] nav goal status=6 (not-succeeded)
2026-09-23 14:43:40.776 [WARN] nav goal (-1.12, -2.04) failed (status=6); trying another approach angle
2026-09-23 14:43:40.776 [STEP] #31 hop aborted — shortening to 0.60 m and re-aiming
2026-09-23 14:43:41.767 [WARN] all approach goals for person refused; clearing the tried-list and retrying
2026-09-23 14:43:41.767 [GOAL] #31 hop 6: 0.60 m toward person (still 2.8 m away)
2026-09-23 14:43:41.768 [GOAL] (-1.05, -1.92) yaw=-120deg mode=navigate
2026-09-23 14:43:41.776 [RESULT] nav goal status=6 (not-succeeded)
2026-09-23 14:43:41.777 [WARN] nav goal (-1.05, -1.92) failed (status=6); trying another approach angle
2026-09-23 14:43:41.777 [STEP] #31 hop aborted — shortening to 0.60 m and re-aiming
2026-09-23 14:43:42.762 [WARN] all approach goals for person refused; clearing the tried-list and retrying
2026-09-23 14:43:42.762 [GOAL] #31 hop 7: 0.60 m toward person (still 2.8 m away)
2026-09-23 14:43:42.763 [GOAL] (-1.06, -1.94) yaw=-120deg mode=navigate
2026-09-23 14:43:42.766 [RESULT] nav goal status=6 (not-succeeded)
2026-09-23 14:43:42.767 [WARN] nav goal (-1.06, -1.94) failed (status=6); trying another approach angle
2026-09-23 14:43:42.767 [STEP] #31 hop aborted — shortening to 0.60 m and re-aiming
2026-09-23 14:43:43.767 [GOAL] #31 hop 8: 0.60 m toward person (still 3.4 m away)
2026-09-23 14:43:43.767 [GOAL] (-1.05, -1.97) yaw=-118deg mode=navigate
2026-09-23 14:43:43.777 [RESULT] nav goal status=6 (not-succeeded)
2026-09-23 14:43:43.777 [WARN] nav goal (-1.05, -1.97) failed (status=6); trying another approach angle
2026-09-23 14:43:43.777 [STEP] #31 hop aborted — shortening to 0.60 m and re-aiming
2026-09-23 14:43:44.762 [WARN] all approach goals for person refused; clearing the tried-list and retrying
2026-09-23 14:43:44.762 [GOAL] #31 hop 9: 0.60 m toward person (still 3.4 m away)
2026-09-23 14:43:44.763 [GOAL] (-1.05, -1.98) yaw=-118deg mode=navigate
2026-09-23 14:43:44.766 [RESULT] nav goal status=6 (not-succeeded)
2026-09-23 14:43:44.767 [WARN] nav goal (-1.05, -1.98) failed (status=6); trying another approach angle
2026-09-23 14:43:44.767 [STEP] #31 hop aborted — shortening to 0.60 m and re-aiming
2026-09-23 14:43:45.764 [STEP] person area now mapped after 9 hop(s) — switching to a direct approach
2026-09-23 14:43:45.764 [ROBOT] The area around the person is mapped now — going straight to it.
2026-09-23 14:43:45.765 [GOAL] (-1.95, -3.68) yaw=-118deg mode=navigate
2026-09-23 14:43:45.767 [RESULT] nav goal status=6 (not-succeeded)
2026-09-23 14:43:45.767 [WARN] nav goal (-1.95, -3.68) failed (status=6); trying another approach angle
2026-09-23 14:43:46.762 [GOAL] (-1.55, -4.56) yaw=167deg mode=navigate
2026-09-23 14:43:46.766 [RESULT] nav goal status=6 (not-succeeded)
2026-09-23 14:43:46.766 [WARN] nav goal (-1.55, -4.56) failed (status=6); trying another approach angle
2026-09-23 14:43:47.772 [GOAL] (-1.69, -3.90) yaw=-143deg mode=navigate
2026-09-23 14:43:47.776 [RESULT] nav goal status=6 (not-succeeded)
2026-09-23 14:43:47.777 [WARN] nav goal (-1.69, -3.90) failed (status=6); trying another approach angle
2026-09-23 14:43:48.769 [GOAL] (-1.74, -4.26) yaw=-168deg mode=navigate
2026-09-23 14:43:48.776 [RESULT] nav goal status=6 (not-succeeded)
2026-09-23 14:43:48.776 [WARN] nav goal (-1.74, -4.26) failed (status=6); trying another approach angle
2026-09-23 14:43:49.764 [GOAL] (-1.70, -4.88) yaw=142deg mode=navigate
2026-09-23 14:43:49.767 [RESULT] nav goal status=6 (not-succeeded)
2026-09-23 14:43:49.767 [WARN] nav goal (-1.70, -4.88) failed (status=6); trying another approach angle
2026-09-23 14:43:49.767 [WARN] every approach to the target failed — dropping sighting, rescanning
2026-09-23 14:44:01.716 [ROBOT] I've stopped receiving camera frames (none for over 5s). Check the OAK-D driver — I can still move, but I'm blind until it's back.
2026-09-23 14:44:01.717 [WARN] #32e camera stream stalled (>5s)
2026-09-23 14:44:16.404 [WARN] #32e camera stream RESUMED after 19.8s
2026-09-23 14:44:16.404 [ROBOT] Camera frames are back — the gap was 19.8s.
2026-09-23 14:44:21.516 [ROBOT] I've stopped receiving camera frames (none for over 5s). Check the OAK-D driver — I can still move, but I'm blind until it's back.
2026-09-23 14:44:21.516 [WARN] #32e camera stream stalled (>5s)
2026-09-23 14:44:48.847 [WARN] #32e camera stream RESUMED after 32.4s
2026-09-23 14:44:48.847 [ROBOT] Camera frames are back — the gap was 32.4s.
2026-09-23 14:44:53.916 [ROBOT] I've stopped receiving camera frames (none for over 5s). Check the OAK-D driver — I can still move, but I'm blind until it's back.
2026-09-23 14:44:53.916 [WARN] #32e camera stream stalled (>5s)
2026-09-23 14:44:54.323 [WARN] #32e camera stream RESUMED after 5.5s
2026-09-23 14:44:54.323 [ROBOT] Camera frames are back — the gap was 5.5s.
2026-09-23 14:44:59.516 [ROBOT] I've stopped receiving camera frames (none for over 5s). Check the OAK-D driver — I can still move, but I'm blind until it's back.
2026-09-23 14:44:59.516 [WARN] #32e camera stream stalled (>5s)
2026-09-23 14:45:06.099 [WARN] #32e camera stream RESUMED after 11.8s
2026-09-23 14:45:06.099 [ROBOT] Camera frames are back — the gap was 11.8s.
2026-09-23 14:45:11.116 [ROBOT] I've stopped receiving camera frames (none for over 5s). Check the OAK-D driver — I can still move, but I'm blind until it's back.
2026-09-23 14:45:11.116 [WARN] #32e camera stream stalled (>5s)
2026-09-23 14:45:15.751 [WARN] #32e camera stream RESUMED after 9.7s
2026-09-23 14:45:15.751 [ROBOT] Camera frames are back — the gap was 9.7s.
2026-09-23 14:45:17.771 [ROBOT] Can't see the person here — moving to look elsewhere.
2026-09-23 14:45:26.716 [ROBOT] I saw the person but lost track of it and couldn't find it again. Try asking me once more.
2026-09-23 14:46:50.389 [CMD] [remote] what do you see
2026-09-23 14:46:50.389 [STOP] hard stop requested (cancel-all + zero barrage)
2026-09-23 14:46:50.444 [CTX] dropping stale context (navigate -> person)
2026-09-23 14:46:50.978 [BRAIN] {'steps': [{'action': 'describe', 'speech': 'I see a chair.', 'target': None}]}
2026-09-23 14:46:50.978 [STEP] describe target=None
2026-09-23 14:46:52.435 [ROBOT] Stopped. The robot is idle.
2026-09-23 14:46:52.436 [STOP] confirmed stopped by odometry after barrage
2026-09-23 14:46:54.210 [CMD] [remote] go to the chair
2026-09-23 14:46:54.211 [STOP] hard stop requested (cancel-all + zero barrage)
2026-09-23 14:46:54.709 [BRAIN] {'steps': [{'action': 'navigate', 'speech': 'Heading to the chair.', 'target': 'chair'}]}
2026-09-23 14:46:54.709 [STEP] navigate target='chair'
2026-09-23 14:46:55.761 [ROBOT] Found the chair — navigating to it.
2026-09-23 14:46:55.761 [SIGHT] chair at (-1.61, 0.05), 3.20 m away
2026-09-23 14:46:55.763 [GOAL] (-1.09, -0.56) yaw=131deg mode=navigate
2026-09-23 14:46:56.256 [ROBOT] Stopped. The robot is idle.
2026-09-23 14:46:56.256 [STOP] confirmed stopped by odometry after barrage
2026-09-23 14:46:57.765 [GOAL] (-1.23, -1.67) yaw=116deg mode=navigate
2026-09-23 14:46:57.775 [RESULT] nav goal status=6 (not-succeeded)
2026-09-23 14:46:57.775 [WARN] nav goal (-1.23, -1.67) failed (status=6); trying another approach angle
2026-09-23 14:46:58.763 [WARN] suspicious chair jump of 7.9 m (occlusion/depth noise?) — waiting for a confirming look (agree radius 2.4 m)
2026-09-23 14:46:58.765 [GOAL] (-1.53, -1.75) yaw=94deg mode=navigate
2026-09-23 14:46:58.775 [RESULT] nav goal status=6 (not-succeeded)
2026-09-23 14:46:58.775 [WARN] nav goal (-1.53, -1.75) failed (status=6); trying another approach angle
2026-09-23 14:46:59.765 [GOAL] (-0.92, -1.42) yaw=144deg mode=navigate
2026-09-23 14:46:59.774 [RESULT] nav goal status=6 (not-succeeded)
2026-09-23 14:46:59.775 [WARN] nav goal (-0.92, -1.42) failed (status=6); trying another approach angle
2026-09-23 14:47:00.762 [GOAL] (-1.17, -0.53) yaw=100deg mode=navigate
2026-09-23 14:47:00.765 [RESULT] nav goal status=6 (not-succeeded)
2026-09-23 14:47:00.765 [WARN] nav goal (-1.17, -0.53) failed (status=6); trying another approach angle
2026-09-23 14:47:01.765 [GOAL] (-1.42, -0.43) yaw=107deg mode=navigate
2026-09-23 14:47:01.775 [RESULT] nav goal status=6 (not-succeeded)
2026-09-23 14:47:01.775 [WARN] nav goal (-1.42, -0.43) failed (status=6); trying another approach angle
2026-09-23 14:47:02.763 [GOAL] (-1.10, -0.25) yaw=133deg mode=navigate
2026-09-23 14:47:02.766 [RESULT] nav goal status=6 (not-succeeded)
2026-09-23 14:47:02.766 [WARN] nav goal (-1.10, -0.25) failed (status=6); trying another approach angle
2026-09-23 14:47:03.761 [GOAL] (-1.72, -0.46) yaw=85deg mode=navigate
2026-09-23 14:47:03.765 [RESULT] nav goal status=6 (not-succeeded)
2026-09-23 14:47:03.765 [WARN] nav goal (-1.72, -0.46) failed (status=6); trying another approach angle
2026-09-23 14:47:04.765 [GOAL] (-1.44, -0.17) yaw=111deg mode=navigate
2026-09-23 14:47:04.774 [RESULT] nav goal status=6 (not-succeeded)
2026-09-23 14:47:04.775 [WARN] nav goal (-1.44, -0.17) failed (status=6); trying another approach angle
2026-09-23 14:47:05.765 [GOAL] (-1.21, 0.14) yaw=100deg mode=navigate
2026-09-23 14:47:05.775 [RESULT] nav goal status=6 (not-succeeded)
2026-09-23 14:47:05.775 [WARN] nav goal (-1.21, 0.14) failed (status=6); trying another approach angle
2026-09-23 14:47:06.767 [GOAL] (-0.85, 0.08) yaw=126deg mode=navigate
2026-09-23 14:47:06.774 [RESULT] nav goal status=6 (not-succeeded)
2026-09-23 14:47:06.777 [WARN] nav goal (-0.85, 0.08) failed (status=6); trying another approach angle
2026-09-23 14:47:07.764 [GOAL] (-0.98, 0.31) yaw=127deg mode=navigate
2026-09-23 14:47:07.775 [RESULT] nav goal status=6 (not-succeeded)
2026-09-23 14:47:07.775 [WARN] nav goal (-0.98, 0.31) failed (status=6); trying another approach angle
2026-09-23 14:47:08.766 [GOAL] (-0.64, 0.51) yaw=153deg mode=navigate
2026-09-23 14:47:08.774 [RESULT] nav goal status=6 (not-succeeded)
2026-09-23 14:47:08.775 [WARN] nav goal (-0.64, 0.51) failed (status=6); trying another approach angle
2026-09-23 14:47:09.764 [GOAL] (-0.76, 0.85) yaw=-180deg mode=navigate
2026-09-23 14:47:09.775 [RESULT] nav goal status=6 (not-succeeded)
2026-09-23 14:47:09.775 [WARN] nav goal (-0.76, 0.85) failed (status=6); trying another approach angle
2026-09-23 14:47:10.765 [GOAL] (-0.84, 1.13) yaw=-152deg mode=navigate
2026-09-23 14:47:10.774 [RESULT] nav goal status=6 (not-succeeded)
2026-09-23 14:47:10.774 [WARN] nav goal (-0.84, 1.13) failed (status=6); trying another approach angle
2026-09-23 14:47:11.767 [GOAL] (-1.56, 1.57) yaw=109deg mode=navigate
2026-09-23 14:47:11.774 [RESULT] nav goal status=6 (not-succeeded)
2026-09-23 14:47:11.775 [WARN] nav goal (-1.56, 1.57) failed (status=6); trying another approach angle
2026-09-23 14:47:12.763 [GOAL] (-1.28, 1.76) yaw=135deg mode=navigate
2026-09-23 14:47:12.775 [RESULT] nav goal status=6 (not-succeeded)
2026-09-23 14:47:12.775 [WARN] nav goal (-1.28, 1.76) failed (status=6); trying another approach angle
2026-09-23 14:47:13.764 [GOAL] (-1.86, 1.55) yaw=85deg mode=navigate
2026-09-23 14:47:13.774 [RESULT] nav goal status=6 (not-succeeded)
2026-09-23 14:47:13.775 [WARN] nav goal (-1.86, 1.55) failed (status=6); trying another approach angle
2026-09-23 14:47:14.766 [GOAL] (-1.54, 1.81) yaw=111deg mode=navigate
2026-09-23 14:47:14.775 [RESULT] nav goal status=6 (not-succeeded)
2026-09-23 14:47:14.775 [WARN] nav goal (-1.54, 1.81) failed (status=6); trying another approach angle
2026-09-23 14:47:15.763 [GOAL] (-1.75, 1.76) yaw=88deg mode=navigate
2026-09-23 14:47:15.766 [RESULT] nav goal status=6 (not-succeeded)
2026-09-23 14:47:15.766 [WARN] nav goal (-1.75, 1.76) failed (status=6); trying another approach angle
2026-09-23 14:47:16.764 [GOAL] (-0.95, 2.16) yaw=165deg mode=navigate
2026-09-23 14:47:16.774 [RESULT] nav goal status=6 (not-succeeded)
2026-09-23 14:47:16.775 [WARN] nav goal (-0.95, 2.16) failed (status=6); trying another approach angle
2026-09-23 14:47:17.764 [GOAL] (-1.06, 1.89) yaw=140deg mode=navigate
2026-09-23 14:47:17.774 [RESULT] nav goal status=6 (not-succeeded)
2026-09-23 14:47:17.775 [WARN] nav goal (-1.06, 1.89) failed (status=6); trying another approach angle
2026-09-23 14:47:18.764 [GOAL] (-0.91, 2.56) yaw=-168deg mode=navigate
2026-09-23 14:47:18.774 [RESULT] nav goal status=6 (not-succeeded)
2026-09-23 14:47:18.775 [WARN] nav goal (-0.91, 2.56) failed (status=6); trying another approach angle
2026-09-23 14:47:19.762 [GOAL] (-1.23, 2.78) yaw=-140deg mode=navigate
2026-09-23 14:47:19.766 [RESULT] nav goal status=6 (not-succeeded)
2026-09-23 14:47:19.766 [WARN] nav goal (-1.23, 2.78) failed (status=6); trying another approach angle
2026-09-23 14:47:20.769 [GOAL] (-1.19, 2.07) yaw=148deg mode=navigate
2026-09-23 14:47:20.774 [RESULT] nav goal status=6 (not-succeeded)
2026-09-23 14:47:20.774 [WARN] nav goal (-1.19, 2.07) failed (status=6); trying another approach angle
2026-09-23 14:47:21.762 [GOAL] (-1.16, 2.99) yaw=-132deg mode=navigate
2026-09-23 14:47:21.765 [RESULT] nav goal status=6 (not-succeeded)
2026-09-23 14:47:21.765 [WARN] nav goal (-1.16, 2.99) failed (status=6); trying another approach angle
2026-09-23 14:47:22.763 [GOAL] (-1.59, 3.19) yaw=-98deg mode=navigate
2026-09-23 14:47:22.775 [RESULT] nav goal status=6 (not-succeeded)
2026-09-23 14:47:22.775 [WARN] nav goal (-1.59, 3.19) failed (status=6); trying another approach angle
2026-09-23 14:47:22.775 [WARN] every approach to the target failed — dropping sighting, rescanning
2026-09-23 14:47:38.324 [RESULT] nav goal status=4 (ok)
2026-09-23 14:47:43.765 [ROBOT] Found the chair — navigating to it.
2026-09-23 14:47:43.765 [SIGHT] chair at (1.10, 1.78), 2.81 m away
2026-09-23 14:47:43.767 [GOAL] (0.40, 2.16) yaw=-28deg mode=navigate
2026-09-23 14:47:45.770 [GOAL] (0.33, 1.22) yaw=-50deg mode=navigate
2026-09-23 14:47:45.779 [RESULT] nav goal status=6 (not-succeeded)
2026-09-23 14:47:45.779 [WARN] nav goal (0.33, 1.22) failed (status=6); trying another approach angle
2026-09-23 14:47:46.769 [GOAL] (0.58, 1.15) yaw=-49deg mode=navigate
2026-09-23 14:47:46.779 [RESULT] nav goal status=6 (not-succeeded)
2026-09-23 14:47:46.779 [WARN] nav goal (0.58, 1.15) failed (status=6); trying another approach angle
2026-09-23 14:47:47.766 [GOAL] (0.76, 1.41) yaw=-39deg mode=navigate
2026-09-23 14:47:47.770 [RESULT] nav goal status=6 (not-succeeded)
2026-09-23 14:47:47.770 [WARN] nav goal (0.76, 1.41) failed (status=6); trying another approach angle
2026-09-23 14:47:48.765 [GOAL] (0.94, 1.28) yaw=-38deg mode=navigate
2026-09-23 14:47:48.769 [RESULT] nav goal status=6 (not-succeeded)
2026-09-23 14:47:48.769 [WARN] nav goal (0.94, 1.28) failed (status=6); trying another approach angle
2026-09-23 14:47:49.765 [GOAL] (0.79, 0.98) yaw=-15deg mode=navigate
2026-09-23 14:47:49.770 [RESULT] nav goal status=6 (not-succeeded)
2026-09-23 14:47:49.770 [WARN] nav goal (0.79, 0.98) failed (status=6); trying another approach angle
2026-09-23 14:47:50.766 [GOAL] (1.13, 1.46) yaw=-62deg mode=navigate
2026-09-23 14:47:50.770 [RESULT] nav goal status=6 (not-succeeded)
2026-09-23 14:47:50.770 [WARN] nav goal (1.13, 1.46) failed (status=6); trying another approach angle
2026-09-23 14:47:51.769 [GOAL] (0.37, 0.98) yaw=-21deg mode=navigate
2026-09-23 14:47:51.779 [RESULT] nav goal status=6 (not-succeeded)
2026-09-23 14:47:51.779 [WARN] nav goal (0.37, 0.98) failed (status=6); trying another approach angle
2026-09-23 14:47:52.764 [WARN] suspicious chair jump of 3.7 m (occlusion/depth noise?) — waiting for a confirming look (agree radius 1.4 m)
2026-09-23 14:47:52.767 [GOAL] (0.32, 0.64) yaw=4deg mode=navigate
2026-09-23 14:47:52.770 [RESULT] nav goal status=6 (not-succeeded)
2026-09-23 14:47:52.770 [WARN] nav goal (0.32, 0.64) failed (status=6); trying another approach angle
2026-09-23 14:47:53.766 [GOAL] (0.91, 1.44) yaw=-31deg mode=navigate
2026-09-23 14:47:53.770 [RESULT] nav goal status=6 (not-succeeded)
2026-09-23 14:47:53.771 [WARN] nav goal (0.91, 1.44) failed (status=6); trying another approach angle
2026-09-23 14:47:54.767 [GOAL] (0.82, 1.12) yaw=-4deg mode=navigate
2026-09-23 14:47:54.769 [RESULT] nav goal status=6 (not-succeeded)
2026-09-23 14:47:54.770 [WARN] nav goal (0.82, 1.12) failed (status=6); trying another approach angle
2026-09-23 14:47:55.766 [GOAL] (1.24, 1.51) yaw=-55deg mode=navigate
2026-09-23 14:47:55.769 [RESULT] nav goal status=6 (not-succeeded)
2026-09-23 14:47:55.770 [WARN] nav goal (1.24, 1.51) failed (status=6); trying another approach angle
2026-09-23 14:47:56.768 [GOAL] (1.45, 1.57) yaw=-81deg mode=navigate
2026-09-23 14:47:56.771 [RESULT] nav goal status=6 (not-succeeded)
2026-09-23 14:47:56.771 [WARN] nav goal (1.45, 1.57) failed (status=6); trying another approach angle
2026-09-23 14:47:57.768 [GOAL] (2.69, 0.21) yaw=-32deg mode=navigate
2026-09-23 14:47:57.779 [RESULT] nav goal status=6 (not-succeeded)
2026-09-23 14:47:57.780 [WARN] nav goal (2.69, 0.21) failed (status=6); trying another approach angle
2026-09-23 14:47:58.766 [GOAL] (2.93, 0.47) yaw=-57deg mode=navigate
2026-09-23 14:47:58.769 [RESULT] nav goal status=6 (not-succeeded)
2026-09-23 14:47:58.770 [WARN] nav goal (2.93, 0.47) failed (status=6); trying another approach angle
2026-09-23 14:47:59.764 [GOAL] (2.76, -0.15) yaw=-7deg mode=navigate
2026-09-23 14:47:59.770 [RESULT] nav goal status=6 (not-succeeded)
2026-09-23 14:47:59.770 [WARN] nav goal (2.76, -0.15) failed (status=6); trying another approach angle
2026-09-23 14:48:00.768 [GOAL] (0.93, 1.26) yaw=6deg mode=navigate
2026-09-23 14:48:00.779 [RESULT] nav goal status=6 (not-succeeded)
2026-09-23 14:48:00.779 [WARN] nav goal (0.93, 1.26) failed (status=6); trying another approach angle
2026-09-23 14:48:01.767 [GOAL] (1.21, 1.03) yaw=31deg mode=navigate
2026-09-23 14:48:01.770 [RESULT] nav goal status=6 (not-succeeded)
2026-09-23 14:48:01.770 [WARN] nav goal (1.21, 1.03) failed (status=6); trying another approach angle
2026-09-23 14:48:02.765 [GOAL] (1.63, 0.75) yaw=81deg mode=navigate
2026-09-23 14:48:02.769 [RESULT] nav goal status=6 (not-succeeded)
2026-09-23 14:48:02.769 [WARN] nav goal (1.63, 0.75) failed (status=6); trying another approach angle
2026-09-23 14:48:03.766 [GOAL] (0.63, 1.06) yaw=-8deg mode=navigate
2026-09-23 14:48:03.768 [RESULT] nav goal status=6 (not-succeeded)
2026-09-23 14:48:03.771 [WARN] nav goal (0.63, 1.06) failed (status=6); trying another approach angle
2026-09-23 14:48:04.770 [GOAL] (0.94, 1.28) yaw=9deg mode=navigate
2026-09-23 14:48:04.779 [RESULT] nav goal status=6 (not-succeeded)
2026-09-23 14:48:04.779 [WARN] nav goal (0.94, 1.28) failed (status=6); trying another approach angle
2026-09-23 14:48:05.765 [GOAL] (1.15, 1.51) yaw=-18deg mode=navigate
2026-09-23 14:48:05.770 [RESULT] nav goal status=6 (not-succeeded)
2026-09-23 14:48:05.770 [WARN] nav goal (1.15, 1.51) failed (status=6); trying another approach angle
2026-09-23 14:48:06.769 [GOAL] (1.64, 0.72) yaw=82deg mode=navigate
2026-09-23 14:48:06.778 [RESULT] nav goal status=6 (not-succeeded)
2026-09-23 14:48:06.778 [WARN] nav goal (1.64, 0.72) failed (status=6); trying another approach angle
2026-09-23 14:48:07.765 [GOAL] (0.62, 1.04) yaw=-8deg mode=navigate
2026-09-23 14:48:07.769 [RESULT] nav goal status=6 (not-succeeded)
2026-09-23 14:48:07.769 [WARN] nav goal (0.62, 1.04) failed (status=6); trying another approach angle
2026-09-23 14:48:08.768 [GOAL] (0.73, 1.36) yaw=-34deg mode=navigate
2026-09-23 14:48:08.779 [RESULT] nav goal status=6 (not-succeeded)
2026-09-23 14:48:08.779 [WARN] nav goal (0.73, 1.36) failed (status=6); trying another approach angle
2026-09-23 14:48:09.774 [GOAL] (1.18, 0.37) yaw=67deg mode=navigate
2026-09-23 14:48:09.780 [RESULT] nav goal status=6 (not-succeeded)
2026-09-23 14:48:09.780 [WARN] nav goal (1.18, 0.37) failed (status=6); trying another approach angle
2026-09-23 14:48:10.770 [GOAL] (1.06, 0.17) yaw=66deg mode=navigate
2026-09-23 14:48:10.779 [RESULT] nav goal status=6 (not-succeeded)
2026-09-23 14:48:10.780 [WARN] nav goal (1.06, 0.17) failed (status=6); trying another approach angle
2026-09-23 14:48:11.773 [GOAL] (1.48, 0.33) yaw=97deg mode=navigate
2026-09-23 14:48:11.780 [RESULT] nav goal status=6 (not-succeeded)
2026-09-23 14:48:11.780 [WARN] nav goal (1.48, 0.33) failed (status=6); trying another approach angle
2026-09-23 14:48:12.766 [GOAL] (2.65, 0.19) yaw=-31deg mode=navigate
2026-09-23 14:48:12.770 [RESULT] nav goal status=6 (not-succeeded)
2026-09-23 14:48:12.770 [WARN] nav goal (2.65, 0.19) failed (status=6); trying another approach angle
2026-09-23 14:48:13.769 [GOAL] (0.95, 1.49) yaw=-18deg mode=navigate
2026-09-23 14:48:13.780 [RESULT] nav goal status=6 (not-succeeded)
2026-09-23 14:48:13.780 [WARN] nav goal (0.95, 1.49) failed (status=6); trying another approach angle
2026-09-23 14:48:14.765 [GOAL] (0.92, 1.14) yaw=7deg mode=navigate
2026-09-23 14:48:14.769 [RESULT] nav goal status=6 (not-succeeded)
2026-09-23 14:48:14.770 [WARN] nav goal (0.92, 1.14) failed (status=6); trying another approach angle
2026-09-23 14:48:15.766 [GOAL] (0.72, 1.33) yaw=-33deg mode=navigate
2026-09-23 14:48:15.769 [RESULT] nav goal status=6 (not-succeeded)
2026-09-23 14:48:15.769 [WARN] nav goal (0.72, 1.33) failed (status=6); trying another approach angle
2026-09-23 14:48:16.766 [GOAL] (0.56, 1.01) yaw=-9deg mode=navigate
2026-09-23 14:48:16.772 [RESULT] nav goal status=6 (not-succeeded)
2026-09-23 14:48:16.772 [WARN] nav goal (0.56, 1.01) failed (status=6); trying another approach angle
2026-09-23 14:48:17.629 [CMD] (cancel via remote) cancel
2026-09-23 14:48:17.629 [STOP] hard stop requested (cancel-all + zero barrage)
2026-09-23 14:48:19.675 [ROBOT] Stopped. The robot is idle.
2026-09-23 14:48:19.676 [STOP] confirmed stopped by odometry after barrage
2026-09-23 14:48:24.758 [CMD] [remote] turn right
2026-09-23 14:48:24.759 [STOP] hard stop requested (cancel-all + zero barrage)
2026-09-23 14:48:25.406 [BRAIN] {'steps': [{'action': 'move', 'speech': 'Turning ninety degrees to the right.', 'target': None, 'distance_m': 0.0, 'rotation_deg': -90.0}]}
2026-09-23 14:48:25.406 [STEP] move target=None
2026-09-23 14:48:26.816 [ROBOT] Stopped. The robot is idle.
2026-09-23 14:48:26.816 [STOP] confirmed stopped by odometry after barrage
2026-09-23 14:48:31.716 [ROBOT] Done with that move.
2026-09-23 14:48:35.171 [CMD] [remote] what do you see
2026-09-23 14:48:35.172 [STOP] hard stop requested (cancel-all + zero barrage)
2026-09-23 14:48:35.749 [BRAIN] {'steps': [{'action': 'describe', 'speech': 'I can see a chair and a shelf.', 'target': None}]}
2026-09-23 14:48:35.749 [STEP] describe target=None
2026-09-23 14:48:37.215 [ROBOT] Stopped. The robot is idle.
2026-09-23 14:48:37.216 [STOP] confirmed stopped by odometry after barrage
2026-09-23 14:48:39.715 [CMD] [remote] turn right
2026-09-23 14:48:39.715 [STOP] hard stop requested (cancel-all + zero barrage)
2026-09-23 14:48:40.349 [BRAIN] {'steps': [{'action': 'move', 'speech': 'Turning ninety degrees to the right.', 'target': None, 'distance_m': 0.0, 'rotation_deg': -90.0}]}
2026-09-23 14:48:40.349 [STEP] move target=None
2026-09-23 14:48:41.755 [ROBOT] Stopped. The robot is idle.
2026-09-23 14:48:41.756 [STOP] confirmed stopped by odometry after barrage
2026-09-23 14:48:42.941 [CMD] (cancel via remote) cancel
2026-09-23 14:48:42.942 [STOP] hard stop requested (cancel-all + zero barrage)
2026-09-23 14:48:44.996 [ROBOT] Stopped. The robot is idle.
2026-09-23 14:48:44.996 [STOP] confirmed stopped by odometry after barrage
2026-09-23 14:48:46.988 [CMD] [remote] what do you see
2026-09-23 14:48:46.989 [STOP] hard stop requested (cancel-all + zero barrage)
2026-09-23 14:48:47.612 [BRAIN] {'steps': [{'action': 'describe', 'speech': 'I see a chair, a person, and a shelf.', 'target': None}]}
2026-09-23 14:48:47.612 [STEP] describe target=None
2026-09-23 14:48:49.035 [ROBOT] Stopped. The robot is idle.
2026-09-23 14:48:49.036 [STOP] confirmed stopped by odometry after barrage
2026-09-23 14:48:51.037 [CMD] [remote] go to the nearest person
2026-09-23 14:48:51.037 [STOP] hard stop requested (cancel-all + zero barrage)
2026-09-23 14:48:51.621 [BRAIN] {'steps': [{'action': 'navigate', 'speech': 'Heading to the closest person.', 'target': 'person', 'qualifier': 'nearest'}]}
2026-09-23 14:48:51.621 [STEP] navigate target='person'
2026-09-23 14:48:52.764 [ROBOT] Found the person — navigating to it.
2026-09-23 14:48:52.764 [SIGHT] person at (-1.40, 0.49), 1.94 m away
2026-09-23 14:48:52.766 [GOAL] (-0.80, 1.02) yaw=-139deg mode=navigate
2026-09-23 14:48:53.095 [ROBOT] Stopped. The robot is idle.
2026-09-23 14:48:53.096 [STOP] confirmed stopped by odometry after barrage
2026-09-23 14:48:54.764 [GOAL] (-1.33, -1.34) yaw=-174deg mode=navigate
2026-09-23 14:48:54.768 [RESULT] nav goal status=6 (not-succeeded)
2026-09-23 14:48:54.768 [WARN] nav goal (-1.33, -1.34) failed (status=6); trying another approach angle
2026-09-23 14:48:55.765 [GOAL] (-2.04, -0.42) yaw=-101deg mode=navigate
2026-09-23 14:48:55.768 [RESULT] nav goal status=6 (not-succeeded)
2026-09-23 14:48:55.768 [WARN] nav goal (-2.04, -0.42) failed (status=6); trying another approach angle
2026-09-23 14:48:56.762 [GOAL] (-1.63, -1.42) yaw=158deg mode=navigate
2026-09-23 14:48:56.768 [RESULT] nav goal status=6 (not-succeeded)
2026-09-23 14:48:56.768 [WARN] nav goal (-1.63, -1.42) failed (status=6); trying another approach angle
2026-09-23 14:48:57.764 [WARN] all approach goals for person refused; clearing the tried-list and retrying
2026-09-23 14:48:57.766 [GOAL] (-2.02, -0.42) yaw=-102deg mode=navigate
2026-09-23 14:48:57.770 [RESULT] nav goal status=6 (not-succeeded)
2026-09-23 14:48:57.770 [WARN] nav goal (-2.02, -0.42) failed (status=6); trying another approach angle
2026-09-23 14:48:58.761 [GOAL] (-1.39, -1.18) yaw=-179deg mode=navigate
2026-09-23 14:48:58.769 [RESULT] nav goal status=6 (not-succeeded)
2026-09-23 14:48:58.769 [WARN] nav goal (-1.39, -1.18) failed (status=6); trying another approach angle
2026-09-23 14:48:59.761 [GOAL] (-1.65, -1.45) yaw=156deg mode=navigate
2026-09-23 14:48:59.768 [RESULT] nav goal status=6 (not-succeeded)
2026-09-23 14:48:59.768 [WARN] nav goal (-1.65, -1.45) failed (status=6); trying another approach angle
2026-09-23 14:48:59.769 [WARN] every approach to the target failed — dropping sighting, rescanning
2026-09-23 14:49:17.309 [CMD] (cancel via remote) cancel
2026-09-23 14:49:17.309 [STOP] hard stop requested (cancel-all + zero barrage)
2026-09-23 14:49:19.355 [ROBOT] Stopped. The robot is idle.
2026-09-23 14:49:19.356 [STOP] confirmed stopped by odometry after barrage
2026-09-23 14:50:10.610 [CMD] [remote] turn right
2026-09-23 14:50:10.611 [STOP] hard stop requested (cancel-all + zero barrage)
2026-09-23 14:50:11.260 [BRAIN] {'steps': [{'action': 'move', 'speech': 'Turning ninety degrees to the right.', 'target': None, 'distance_m': 0.0, 'rotation_deg': -90.0}]}
2026-09-23 14:50:11.260 [STEP] move target=None
2026-09-23 14:50:12.656 [ROBOT] Stopped. The robot is idle.
2026-09-23 14:50:12.656 [STOP] confirmed stopped by odometry after barrage
2026-09-23 14:50:17.716 [ROBOT] Done with that move.
2026-09-23 14:50:19.903 [CMD] [remote] what do you see
2026-09-23 14:50:19.903 [STOP] hard stop requested (cancel-all + zero barrage)
2026-09-23 14:50:20.439 [BRAIN] {'steps': [{'action': 'describe', 'speech': 'I can see a chair.', 'target': None}]}
2026-09-23 14:50:20.439 [STEP] describe target=None
2026-09-23 14:50:21.956 [ROBOT] Stopped. The robot is idle.
2026-09-23 14:50:21.956 [STOP] confirmed stopped by odometry after barrage
2026-09-23 14:50:23.036 [CMD] [remote] go to the chair
2026-09-23 14:50:23.036 [STOP] hard stop requested (cancel-all + zero barrage)
2026-09-23 14:50:23.536 [BRAIN] {'steps': [{'action': 'navigate', 'speech': 'Heading to the chair.', 'target': 'chair'}]}
2026-09-23 14:50:23.537 [STEP] navigate target='chair'
2026-09-23 14:50:23.580 [MEMORY] seeded chair from remembered instance at (-1.58, -0.95)
2026-09-23 14:50:23.764 [ROBOT] I can see the chair now — it's where I remembered.
2026-09-23 14:50:23.765 [SIGHT] memory-seeded chair re-confirmed at (-2.48, 1.15), 2.73 m away
2026-09-23 14:50:23.766 [GOAL] (-1.68, 1.19) yaw=-177deg mode=navigate
2026-09-23 14:50:25.095 [ROBOT] Stopped. The robot is idle.
2026-09-23 14:50:25.096 [STOP] confirmed stopped by odometry after barrage
2026-09-23 14:50:25.765 [GOAL] (-1.32, -0.10) yaw=131deg mode=navigate
2026-09-23 14:50:25.769 [RESULT] nav goal status=6 (not-succeeded)
2026-09-23 14:50:25.769 [WARN] nav goal (-1.32, -0.10) failed (status=6); trying another approach angle
2026-09-23 14:50:26.763 [GOAL] (-1.12, 0.19) yaw=157deg mode=navigate
2026-09-23 14:50:26.768 [RESULT] nav goal status=6 (not-succeeded)
2026-09-23 14:50:26.769 [WARN] nav goal (-1.12, 0.19) failed (status=6); trying another approach angle
2026-09-23 14:50:27.764 [GOAL] (-1.02, 2.06) yaw=91deg mode=navigate
2026-09-23 14:50:27.769 [RESULT] nav goal status=6 (not-succeeded)
2026-09-23 14:50:27.769 [WARN] nav goal (-1.02, 2.06) failed (status=6); trying another approach angle
2026-09-23 14:50:28.767 [GOAL] (-1.66, 1.53) yaw=109deg mode=navigate
2026-09-23 14:50:28.770 [RESULT] nav goal status=6 (not-succeeded)
2026-09-23 14:50:28.770 [WARN] nav goal (-1.66, 1.53) failed (status=6); trying another approach angle
2026-09-23 14:50:29.766 [GOAL] (-1.59, 1.82) yaw=108deg mode=navigate
2026-09-23 14:50:29.768 [RESULT] nav goal status=6 (not-succeeded)
2026-09-23 14:50:29.768 [WARN] nav goal (-1.59, 1.82) failed (status=6); trying another approach angle
2026-09-23 14:50:30.765 [GOAL] (-1.39, 1.65) yaw=107deg mode=navigate
2026-09-23 14:50:30.774 [RESULT] nav goal status=6 (not-succeeded)
2026-09-23 14:50:30.774 [WARN] nav goal (-1.39, 1.65) failed (status=6); trying another approach angle
2026-09-23 14:50:31.763 [GOAL] (-1.05, 1.81) yaw=134deg mode=navigate
2026-09-23 14:50:31.770 [RESULT] nav goal status=6 (not-succeeded)
2026-09-23 14:50:31.770 [WARN] nav goal (-1.05, 1.81) failed (status=6); trying another approach angle
2026-09-23 14:50:32.763 [GOAL] (-0.84, 2.14) yaw=162deg mode=navigate
2026-09-23 14:50:32.769 [RESULT] nav goal status=6 (not-succeeded)
2026-09-23 14:50:32.770 [WARN] nav goal (-0.84, 2.14) failed (status=6); trying another approach angle
2026-09-23 14:50:33.763 [GOAL] (-1.13, 2.01) yaw=141deg mode=navigate
2026-09-23 14:50:33.771 [RESULT] nav goal status=6 (not-succeeded)
2026-09-23 14:50:33.771 [WARN] nav goal (-1.13, 2.01) failed (status=6); trying another approach angle
2026-09-23 14:50:33.861 [CMD] (cancel via remote) cancel
2026-09-23 14:50:33.861 [STOP] hard stop requested (cancel-all + zero barrage)
2026-09-23 14:50:35.915 [ROBOT] Stopped. The robot is idle.
2026-09-23 14:50:35.916 [STOP] confirmed stopped by odometry after barrage
2026-09-23 14:51:21.873 [WARN] #35 cancel-all failed: failed to check service availability: rcl node's context is invalid, at ./src/rcl/node.c:428
2026-09-23 14:51:21.873 [STOP] hard stop requested (cancel-all + zero barrage)
2026-09-23 14:51:21.873 [RUN] agent shutting down
