2026-08-10 11:46:38.923 [RUN] vla_agent v25  (#60 manual override teleop, #59 10 Hz collision guard, #58 smoother approach, #57 stand off far enough to keep the object in view, #56 step-and-stare scan, #55 LiDAR failure reasons reported, #54 LiDAR object ranging, #53 seeded depth intrinsics, #52 depth intrinsics rescaled to frame size, #51 compressedDepth transport, #50 compressed RGB transport, #49 annotated feed gated per topic, #47 TF at colour-frame stamp, #48 reject stale depth, #46 one subscription per camera stream, #43 longer cached action-server wait, #44 undock retry-loop breaker, #45 sync slop for 1 Hz depth, #37 /robot1 namespace, #38 stereo depth topic, #39 best-effort sensor QoS, #40 RGB->depth pixel mapping, #41 encoding-based mm/m, #42 explicit namespaced TF, #36 no patrol feed prompt, #35 cancel actually stops the robot, #34 feed publishes to any subscriber, #22 dock no-detect zone, #23 live-first memory, #24 forget, #25 typo-tolerant control words, #26 bare yes/no, #27 context expiry, #28 all-instance distances, #29 Create 3 backup ratchet, #30 sticky goals + range-scaled gate + ring-safe blacklist, #31 incremental off-map hop goals, #32 non-freezing live feed, #33 command/reply/status bridge)
2026-08-10 11:46:38.923 [RUN] agent started (SIGHT_CONFIRM=2, SEARCH_TIMEOUT=120.0s, NO_PROGRESS_LIMIT=60.0s, ROBOT_CLEARANCE=0.25m)
2026-08-10 11:46:44.709 [CMD] [keyboard] show me the live feed
2026-08-10 11:46:44.709 [STOP] hard stop requested (cancel-all + zero barrage)
2026-08-10 11:46:45.309 [BRAIN] {'steps': [{'action': 'feed', 'speech': 'Showing you the live camera feed.', 'target': None}]}
2026-08-10 11:46:45.309 [STEP] feed target=None
2026-08-10 11:46:46.759 [ROBOT] Stopped. The robot is idle.
2026-08-10 11:46:46.759 [STOP] confirmed stopped by odometry after barrage
2026-08-10 11:46:57.285 [CMD] [keyboard] what do you see
2026-08-10 11:46:57.285 [STOP] hard stop requested (cancel-all + zero barrage)
2026-08-10 11:46:57.861 [BRAIN] {'steps': [{'action': 'describe', 'speech': "I don't see anything right now.", 'target': None}]}
2026-08-10 11:46:57.861 [STEP] describe target=None
2026-08-10 11:46:59.339 [ROBOT] Stopped. The robot is idle.
2026-08-10 11:46:59.339 [STOP] confirmed stopped by odometry after barrage
2026-08-10 11:51:57.014 [CMD] [keyboard] turn right
2026-08-10 11:51:57.015 [STOP] hard stop requested (cancel-all + zero barrage)
2026-08-10 11:51:57.601 [BRAIN] {'steps': [{'action': 'move', 'speech': 'Turning ninety degrees right.', 'target': None, 'distance_m': 0.0, 'rotation_deg': -90.0}]}
2026-08-10 11:51:57.601 [STEP] move target=None
2026-08-10 11:51:59.059 [ROBOT] Stopped. The robot is idle.
2026-08-10 11:51:59.059 [STOP] confirmed stopped by odometry after barrage
2026-08-10 11:52:03.814 [CMD] [keyboard] what do you see
2026-08-10 11:52:03.814 [STOP] hard stop requested (cancel-all + zero barrage)
2026-08-10 11:52:04.386 [BRAIN] {'steps': [{'action': 'describe', 'speech': "I don't see anything right now.", 'target': None}]}
2026-08-10 11:52:04.386 [STEP] describe target=None
2026-08-10 11:52:05.859 [ROBOT] Stopped. The robot is idle.
2026-08-10 11:52:05.859 [STOP] confirmed stopped by odometry after barrage
2026-08-10 11:52:08.566 [CMD] [keyboard] show me
2026-08-10 11:52:08.566 [STOP] hard stop requested (cancel-all + zero barrage)
2026-08-10 11:52:09.056 [BRAIN] {'steps': [{'action': 'describe', 'speech': 'I see nothing right now.', 'target': None}]}
2026-08-10 11:52:09.056 [STEP] describe target=None
2026-08-10 11:52:10.619 [ROBOT] Stopped. The robot is idle.
2026-08-10 11:52:10.619 [STOP] confirmed stopped by odometry after barrage
2026-08-10 11:52:15.110 [CMD] [keyboard] show me the feed
2026-08-10 11:52:15.110 [STOP] hard stop requested (cancel-all + zero barrage)
2026-08-10 11:52:15.580 [BRAIN] {'steps': [{'action': 'feed', 'speech': 'Showing you the live camera feed.', 'target': None}]}
2026-08-10 11:52:15.580 [STEP] feed target=None
2026-08-10 11:52:17.159 [ROBOT] Stopped. The robot is idle.
2026-08-10 11:52:17.159 [STOP] confirmed stopped by odometry after barrage
2026-08-10 11:53:24.630 [STOP] hard stop requested (cancel-all + zero barrage)
2026-08-10 11:53:24.630 [RUN] agent shutting down
