2026-09-03 08:48:12.471 [RUN] vla_agent v28  (#63 headless-safe console output, #62 direction-aware collision guard, #61 nearest-cluster LiDAR ranging, #60 manual override teleop, #59 10 Hz collision guard, #58 smoother approach, #57 stand off far enough to keep the object in view, #56 step-and-stare scan, #55 LiDAR failure reasons reported, #54 LiDAR object ranging, #53 seeded depth intrinsics, #52 depth intrinsics rescaled to frame size, #51 compressedDepth transport, #50 compressed RGB transport, #49 annotated feed gated per topic, #47 TF at colour-frame stamp, #48 reject stale depth, #46 one subscription per camera stream, #43 longer cached action-server wait, #44 undock retry-loop breaker, #45 sync slop for 1 Hz depth, #37 /robot1 namespace, #38 stereo depth topic, #39 best-effort sensor QoS, #40 RGB->depth pixel mapping, #41 encoding-based mm/m, #42 explicit namespaced TF, #36 no patrol feed prompt, #35 cancel actually stops the robot, #34 feed publishes to any subscriber, #22 dock no-detect zone, #23 live-first memory, #24 forget, #25 typo-tolerant control words, #26 bare yes/no, #27 context expiry, #28 all-instance distances, #29 Create 3 backup ratchet, #30 sticky goals + range-scaled gate + ring-safe blacklist, #31 incremental off-map hop goals, #32 non-freezing live feed, #33 command/reply/status bridge)
2026-09-03 08:48:12.471 [RUN] agent started (SIGHT_CONFIRM=2, SEARCH_TIMEOUT=120.0s, NO_PROGRESS_LIMIT=60.0s, ROBOT_CLEARANCE=0.25m)
2026-09-03 08:48:13.173 [INFO] live depth camera_info received 320x240
2026-09-03 08:48:13.445 [DOCK] dock position recorded at (0.01, -0.00); detections within 0.8 m are ignored
2026-09-03 08:48:39.435 [CMD] [remote] undock
2026-09-03 08:48:39.436 [STOP] hard stop requested (cancel-all + zero barrage)
2026-09-03 08:48:39.436 [STEP] undock target=None
2026-09-03 08:48:39.436 [ROBOT] Undocking…
2026-09-03 08:48:43.070 [ROBOT] Stopped. The robot is idle.
2026-09-03 08:48:43.071 [STOP] confirmed stopped by odometry after barrage
2026-09-03 08:48:49.696 [ROBOT] Undocked — ready to move.
2026-09-03 08:48:49.697 [DOCK] undock ok
2026-09-03 08:48:53.568 [CMD] [remote] turn right
2026-09-03 08:48:53.569 [STOP] hard stop requested (cancel-all + zero barrage)
2026-09-03 08:48:55.610 [ROBOT] Stopped. The robot is idle.
2026-09-03 08:48:55.610 [STOP] confirmed stopped by odometry after barrage
2026-09-03 08:49:30.019 [BRAIN] {'steps': [{'action': 'move', 'speech': 'Turning ninety degrees right.', 'target': None, 'distance_m': 0.0, 'rotation_deg': -90.0}]}
2026-09-03 08:49:30.019 [STEP] move target=None
2026-09-03 08:49:30.019 [CMD] [remote] turn right
2026-09-03 08:49:30.020 [STOP] hard stop requested (cancel-all + zero barrage)
2026-09-03 08:49:30.805 [BRAIN] {'steps': [{'action': 'move', 'speech': 'Turning ninety degrees right.', 'target': None, 'distance_m': 0.0, 'rotation_deg': -90.0}]}
2026-09-03 08:49:30.805 [STEP] move target=None
2026-09-03 08:49:30.805 [CMD] [remote] turn right
2026-09-03 08:49:30.806 [STOP] hard stop requested (cancel-all + zero barrage)
2026-09-03 08:49:31.577 [BRAIN] {'steps': [{'action': 'move', 'speech': 'Turning ninety degrees right.', 'target': None, 'distance_m': 0.0, 'rotation_deg': -90.0}]}
2026-09-03 08:49:31.578 [STEP] move target=None
2026-09-03 08:49:32.850 [ROBOT] Stopped. The robot is idle.
2026-09-03 08:49:32.850 [STOP] confirmed stopped by odometry after barrage
2026-09-03 08:49:37.910 [ROBOT] Done with that move.
2026-09-03 08:49:46.785 [CMD] [remote] move forward a little
2026-09-03 08:49:46.785 [STOP] hard stop requested (cancel-all + zero barrage)
2026-09-03 08:49:47.589 [BRAIN] {'steps': [{'action': 'move', 'speech': 'Backing up a little.', 'target': None, 'distance_m': -0.3, 'rotation_deg': 0.0}]}
2026-09-03 08:49:47.589 [STEP] move target=None
2026-09-03 08:49:48.830 [ROBOT] Stopped. The robot is idle.
2026-09-03 08:49:48.830 [STOP] confirmed stopped by odometry after barrage
2026-09-03 08:49:49.912 [MOVE] backup limit at -0.00 m; nudge #1 forward 0.15 m
2026-09-03 08:49:54.912 [MOVE] backup limit at -0.34 m; nudge #2 forward 0.15 m
2026-09-03 08:50:00.912 [MOVE] backup limit at -0.50 m; nudge #3 forward 0.15 m
2026-09-03 08:50:01.473 [CMD] (cancel via remote) stop
2026-09-03 08:50:01.473 [STOP] hard stop requested (cancel-all + zero barrage)
2026-09-03 08:50:03.530 [ROBOT] Stopped. The robot is idle.
2026-09-03 08:50:03.530 [STOP] confirmed stopped by odometry after barrage
2026-09-03 08:50:08.385 [CMD] [remote] move forward
2026-09-03 08:50:08.386 [STOP] hard stop requested (cancel-all + zero barrage)
2026-09-03 08:50:09.169 [BRAIN] {'steps': [{'action': 'move', 'speech': 'Moving forward one meter.', 'target': None, 'distance_m': 1.0, 'rotation_deg': 0.0}]}
2026-09-03 08:50:09.170 [STEP] move target=None
2026-09-03 08:50:10.430 [ROBOT] Stopped. The robot is idle.
2026-09-03 08:50:10.430 [STOP] confirmed stopped by odometry after barrage
2026-09-03 08:50:14.704 [CMD] (cancel via remote) stop
2026-09-03 08:50:14.705 [STOP] hard stop requested (cancel-all + zero barrage)
2026-09-03 08:50:16.750 [ROBOT] Stopped. The robot is idle.
2026-09-03 08:50:16.750 [STOP] confirmed stopped by odometry after barrage
2026-09-03 08:50:18.209 [CMD] [remote] turn right
2026-09-03 08:50:18.210 [STOP] hard stop requested (cancel-all + zero barrage)
2026-09-03 08:50:19.029 [BRAIN] {'steps': [{'action': 'move', 'speech': 'Turning ninety degrees right.', 'target': None, 'distance_m': 0.0, 'rotation_deg': -90.0}]}
2026-09-03 08:50:19.029 [STEP] move target=None
2026-09-03 08:50:24.070 [ROBOT] Stopped. The robot is idle.
2026-09-03 08:50:24.070 [STOP] confirmed stopped by odometry after barrage
2026-09-03 08:50:24.910 [ROBOT] Done with that move.
2026-09-03 08:50:29.089 [CMD] [remote] what do you see
2026-09-03 08:50:29.090 [STOP] hard stop requested (cancel-all + zero barrage)
2026-09-03 08:50:29.854 [BRAIN] {'steps': [{'action': 'describe', 'speech': 'I see a chair.', 'target': None}]}
2026-09-03 08:50:29.854 [STEP] describe target=None
2026-09-03 08:50:29.970 [WARN] lidar ranging unavailable: only 0 valid beams within 1.2 deg of bearing -84.5 deg (scan frame turtlebot4/rplidar_link/rplidar, 640 beams total)
2026-09-03 08:50:29.974 [WARN] lidar ranging unavailable: only 0 valid beams within 1.0 deg of bearing -88.7 deg (scan frame turtlebot4/rplidar_link/rplidar, 640 beams total)
2026-09-03 08:50:31.130 [ROBOT] Stopped. The robot is idle.
2026-09-03 08:50:31.130 [STOP] confirmed stopped by odometry after barrage
2026-09-03 09:00:03.619 [CMD] [remote] what do you see
2026-09-03 09:00:03.620 [STOP] hard stop requested (cancel-all + zero barrage)
2026-09-03 09:00:04.426 [BRAIN] {'steps': [{'action': 'describe', 'speech': 'I see a chair.', 'target': None}]}
2026-09-03 09:00:04.426 [STEP] describe target=None
2026-09-03 09:00:05.670 [ROBOT] Stopped. The robot is idle.
2026-09-03 09:00:05.670 [STOP] confirmed stopped by odometry after barrage
2026-09-03 09:01:35.502 [CMD] [remote] done right
2026-09-03 09:01:35.503 [STOP] hard stop requested (cancel-all + zero barrage)
2026-09-03 09:01:36.013 [BRAIN] {'steps': [{'action': 'clarify', 'target': None, 'speech': "Sorry, I didn't catch that — can you say it another way?"}]}
2026-09-03 09:01:36.013 [STEP] clarify target=None
2026-09-03 09:01:37.550 [ROBOT] Stopped. The robot is idle.
2026-09-03 09:01:37.550 [STOP] confirmed stopped by odometry after barrage
2026-09-03 09:01:41.482 [CMD] [remote] turn right
2026-09-03 09:01:41.483 [STOP] hard stop requested (cancel-all + zero barrage)
2026-09-03 09:01:42.324 [BRAIN] {'steps': [{'action': 'move', 'speech': 'Turning ninety degrees right.', 'target': None, 'distance_m': 0.0, 'rotation_deg': -90.0}]}
2026-09-03 09:01:42.324 [STEP] move target=None
2026-09-03 09:01:43.530 [ROBOT] Stopped. The robot is idle.
2026-09-03 09:01:43.530 [STOP] confirmed stopped by odometry after barrage
2026-09-03 09:01:47.910 [ROBOT] Done with that move.
2026-09-03 09:01:58.825 [CMD] [remote] turn 20 degrees right
2026-09-03 09:01:58.826 [STOP] hard stop requested (cancel-all + zero barrage)
2026-09-03 09:01:59.675 [BRAIN] {'steps': [{'action': 'move', 'speech': 'Turning twenty degrees to the right.', 'target': None, 'distance_m': 0.0, 'rotation_deg': -20.0}]}
2026-09-03 09:01:59.675 [STEP] move target=None
2026-09-03 09:02:00.870 [ROBOT] Stopped. The robot is idle.
2026-09-03 09:02:00.870 [STOP] confirmed stopped by odometry after barrage
2026-09-03 09:02:02.910 [ROBOT] Done with that move.
2026-09-03 09:03:37.789 [CMD] [remote] i'll do it again turn around
2026-09-03 09:03:37.790 [STOP] hard stop requested (cancel-all + zero barrage)
2026-09-03 09:03:38.587 [BRAIN] {'steps': [{'action': 'move', 'speech': 'Turning around.', 'target': None, 'distance_m': 0.0, 'rotation_deg': 180.0}]}
2026-09-03 09:03:38.587 [STEP] move target=None
2026-09-03 09:03:43.810 [ROBOT] I sent the stop but the robot is STILL MOVING (0.00 m/s, 0.50 rad/s). Take manual override now.
2026-09-03 09:03:43.811 [ERROR] #35 robot still moving 6.0s after stop: lin=0.00 ang=0.50
2026-09-03 09:03:47.910 [ROBOT] Done with that move.
2026-09-03 09:04:09.651 [CMD] [remote] right turn right city
2026-09-03 09:04:09.652 [STOP] hard stop requested (cancel-all + zero barrage)
2026-09-03 09:04:10.482 [BRAIN] {'steps': [{'action': 'move', 'speech': 'Turning ninety degrees right.', 'target': None, 'distance_m': 0.0, 'rotation_deg': -90.0}]}
2026-09-03 09:04:10.483 [STEP] move target=None
2026-09-03 09:04:11.710 [ROBOT] Stopped. The robot is idle.
2026-09-03 09:04:11.711 [STOP] confirmed stopped by odometry after barrage
2026-09-03 09:04:15.910 [ROBOT] Done with that move.
2026-09-03 09:04:26.962 [CMD] [remote] then like five
2026-09-03 09:04:26.963 [STOP] hard stop requested (cancel-all + zero barrage)
2026-09-03 09:04:27.724 [BRAIN] {'steps': [{'action': 'move', 'speech': 'Moving forward five meters.', 'target': None, 'distance_m': 5.0, 'rotation_deg': 0.0}]}
2026-09-03 09:04:27.726 [STEP] move target=None
2026-09-03 09:04:29.010 [ROBOT] Stopped. The robot is idle.
2026-09-03 09:04:29.011 [STOP] confirmed stopped by odometry after barrage
2026-09-03 09:04:35.196 [CMD] (cancel via remote) cancel
2026-09-03 09:04:35.196 [STOP] hard stop requested (cancel-all + zero barrage)
2026-09-03 09:04:35.334 [CMD] (cancel via remote) stop
2026-09-03 09:04:35.334 [STOP] hard stop requested (cancel-all + zero barrage)
2026-09-03 09:04:37.391 [ROBOT] Stopped. The robot is idle.
2026-09-03 09:04:37.391 [STOP] confirmed stopped by odometry after barrage
2026-09-03 09:04:41.804 [CMD] [remote] turn right 10 degrees
2026-09-03 09:04:41.805 [STOP] hard stop requested (cancel-all + zero barrage)
2026-09-03 09:04:42.654 [BRAIN] {'steps': [{'action': 'move', 'speech': 'Turning ten degrees to the right.', 'target': None, 'distance_m': 0.0, 'rotation_deg': -10.0}]}
2026-09-03 09:04:42.655 [STEP] move target=None
2026-09-03 09:04:43.850 [ROBOT] Stopped. The robot is idle.
2026-09-03 09:04:43.850 [STOP] confirmed stopped by odometry after barrage
2026-09-03 09:04:45.910 [ROBOT] Done with that move.
2026-09-03 09:04:51.780 [CMD] [remote] turn around 180 degrees
2026-09-03 09:04:51.781 [STOP] hard stop requested (cancel-all + zero barrage)
2026-09-03 09:04:52.574 [BRAIN] {'steps': [{'action': 'move', 'speech': 'Turning around.', 'target': None, 'distance_m': 0.0, 'rotation_deg': 180.0}]}
2026-09-03 09:04:52.575 [STEP] move target=None
2026-09-03 09:04:53.830 [ROBOT] Stopped. The robot is idle.
2026-09-03 09:04:53.830 [STOP] confirmed stopped by odometry after barrage
2026-09-03 09:05:01.910 [ROBOT] Done with that move.
2026-09-03 09:05:19.240 [CMD] [remote] then around
2026-09-03 09:05:19.241 [STOP] hard stop requested (cancel-all + zero barrage)
2026-09-03 09:05:20.040 [BRAIN] {'steps': [{'action': 'move', 'speech': 'Turning around.', 'target': None, 'distance_m': 0.0, 'rotation_deg': 180.0}]}
2026-09-03 09:05:20.040 [STEP] move target=None
2026-09-03 09:05:21.290 [ROBOT] Stopped. The robot is idle.
2026-09-03 09:05:21.291 [STOP] confirmed stopped by odometry after barrage
2026-09-03 09:05:28.910 [ROBOT] Done with that move.
2026-09-03 09:05:33.467 [CMD] [remote] rotate 360 degrees
2026-09-03 09:05:33.468 [STOP] hard stop requested (cancel-all + zero barrage)
2026-09-03 09:05:34.289 [BRAIN] {'steps': [{'action': 'move', 'speech': 'Turning around completely.', 'target': None, 'distance_m': 0.0, 'rotation_deg': 360.0}]}
2026-09-03 09:05:34.289 [STEP] move target=None
2026-09-03 09:05:35.510 [ROBOT] Stopped. The robot is idle.
2026-09-03 09:05:35.511 [STOP] confirmed stopped by odometry after barrage
2026-09-03 09:05:49.910 [ROBOT] Done with that move.
2026-09-03 09:05:58.666 [CMD] [remote] okay what do you
2026-09-03 09:05:58.667 [STOP] hard stop requested (cancel-all + zero barrage)
2026-09-03 09:05:59.490 [BRAIN] {'steps': [{'action': 'describe', 'speech': "I don't see anything right now.", 'target': None}]}
2026-09-03 09:05:59.492 [STEP] describe target=None
2026-09-03 09:06:00.710 [ROBOT] Stopped. The robot is idle.
2026-09-03 09:06:00.711 [STOP] confirmed stopped by odometry after barrage
2026-09-03 09:06:04.038 [CMD] [remote] what do you say
2026-09-03 09:06:04.038 [STOP] hard stop requested (cancel-all + zero barrage)
2026-09-03 09:06:04.748 [BRAIN] {'steps': [{'action': 'answer', 'speech': 'I can see nothing right now.', 'target': None}]}
2026-09-03 09:06:04.748 [STEP] answer target=None
2026-09-03 09:06:06.090 [ROBOT] Stopped. The robot is idle.
2026-09-03 09:06:06.091 [STOP] confirmed stopped by odometry after barrage
2026-09-03 09:06:09.223 [CMD] [remote] what do you see
2026-09-03 09:06:09.224 [STOP] hard stop requested (cancel-all + zero barrage)
2026-09-03 09:06:10.075 [BRAIN] {'steps': [{'action': 'describe', 'speech': "I don't see anything right now.", 'target': None}]}
2026-09-03 09:06:10.076 [STEP] describe target=None
2026-09-03 09:06:11.270 [ROBOT] Stopped. The robot is idle.
2026-09-03 09:06:11.271 [STOP] confirmed stopped by odometry after barrage
2026-09-03 09:06:13.978 [CMD] [remote] turn left 30 degrees
2026-09-03 09:06:13.979 [STOP] hard stop requested (cancel-all + zero barrage)
2026-09-03 09:06:14.809 [BRAIN] {'steps': [{'action': 'move', 'speech': 'Turning thirty degrees left.', 'target': None, 'distance_m': 0.0, 'rotation_deg': 30.0}]}
2026-09-03 09:06:14.809 [STEP] move target=None
2026-09-03 09:06:16.030 [ROBOT] Stopped. The robot is idle.
2026-09-03 09:06:16.030 [STOP] confirmed stopped by odometry after barrage
2026-09-03 09:06:18.910 [ROBOT] Done with that move.
2026-09-03 09:06:21.984 [CMD] [remote] what do you
2026-09-03 09:06:21.985 [STOP] hard stop requested (cancel-all + zero barrage)
2026-09-03 09:06:22.817 [BRAIN] {'steps': [{'action': 'describe', 'speech': "I don't see anything right now.", 'target': None}]}
2026-09-03 09:06:22.817 [STEP] describe target=None
2026-09-03 09:06:24.030 [ROBOT] Stopped. The robot is idle.
2026-09-03 09:06:24.030 [STOP] confirmed stopped by odometry after barrage
2026-09-03 09:06:27.540 [CMD] [remote] move one meter
2026-09-03 09:06:27.541 [STOP] hard stop requested (cancel-all + zero barrage)
2026-09-03 09:06:28.332 [BRAIN] {'steps': [{'action': 'move', 'speech': 'Moving forward one metre.', 'target': None, 'distance_m': 1.0, 'rotation_deg': 0.0}]}
2026-09-03 09:06:28.332 [STEP] move target=None
2026-09-03 09:06:29.590 [ROBOT] Stopped. The robot is idle.
2026-09-03 09:06:29.590 [STOP] confirmed stopped by odometry after barrage
2026-09-03 09:06:35.910 [ROBOT] Done with that move.
2026-09-03 09:06:36.403 [CMD] (cancel via remote) cancel
2026-09-03 09:06:36.403 [STOP] hard stop requested (cancel-all + zero barrage)
2026-09-03 09:06:38.450 [ROBOT] Stopped. The robot is idle.
2026-09-03 09:06:38.450 [STOP] confirmed stopped by odometry after barrage
2026-09-03 09:06:55.293 [CMD] [remote] you lowered one what do you see
2026-09-03 09:06:55.294 [STOP] hard stop requested (cancel-all + zero barrage)
2026-09-03 09:06:56.117 [BRAIN] {'steps': [{'action': 'describe', 'speech': "I don't see anything right now.", 'target': None}]}
2026-09-03 09:06:56.118 [STEP] describe target=None
2026-09-03 09:06:57.350 [ROBOT] Stopped. The robot is idle.
2026-09-03 09:06:57.350 [STOP] confirmed stopped by odometry after barrage
2026-09-03 09:07:00.369 [CMD] [remote] move forward when
2026-09-03 09:07:00.370 [STOP] hard stop requested (cancel-all + zero barrage)
2026-09-03 09:07:01.108 [BRAIN] {'steps': [{'action': 'move', 'speech': 'Moving forward one meter.', 'target': None, 'distance_m': 1.0, 'rotation_deg': 0.0}]}
2026-09-03 09:07:01.109 [STEP] move target=None
2026-09-03 09:07:02.410 [ROBOT] Stopped. The robot is idle.
2026-09-03 09:07:02.411 [STOP] confirmed stopped by odometry after barrage
2026-09-03 09:07:08.910 [ROBOT] Done with that move.
2026-09-03 09:07:12.460 [CMD] [remote] what do you see
2026-09-03 09:07:12.462 [STOP] hard stop requested (cancel-all + zero barrage)
2026-09-03 09:07:13.263 [BRAIN] {'steps': [{'action': 'describe', 'speech': 'I see a chair.', 'target': None}]}
2026-09-03 09:07:13.263 [STEP] describe target=None
2026-09-03 09:07:13.336 [WARN] lidar ranging unavailable: only 1 valid beams within 1.5 deg of bearing -82.5 deg (scan frame turtlebot4/rplidar_link/rplidar, 640 beams total)
2026-09-03 09:07:13.337 [WARN] lidar ranging unavailable: only 0 valid beams within 1.3 deg of bearing -88.0 deg (scan frame turtlebot4/rplidar_link/rplidar, 640 beams total)
2026-09-03 09:07:14.510 [ROBOT] Stopped. The robot is idle.
2026-09-03 09:07:14.511 [STOP] confirmed stopped by odometry after barrage
2026-09-03 09:07:18.700 [CMD] [remote] what do you see
2026-09-03 09:07:18.701 [STOP] hard stop requested (cancel-all + zero barrage)
2026-09-03 09:07:19.463 [BRAIN] {'steps': [{'action': 'describe', 'speech': 'I see a chair.', 'target': None}]}
2026-09-03 09:07:19.463 [STEP] describe target=None
2026-09-03 09:07:20.750 [ROBOT] Stopped. The robot is idle.
2026-09-03 09:07:20.750 [STOP] confirmed stopped by odometry after barrage
2026-09-03 09:07:29.738 [CMD] [remote] turn right 40 degrees
2026-09-03 09:07:29.738 [STOP] hard stop requested (cancel-all + zero barrage)
2026-09-03 09:07:30.608 [BRAIN] {'steps': [{'action': 'move', 'speech': 'Turning forty degrees to the right.', 'target': None, 'distance_m': 0.0, 'rotation_deg': -40.0}]}
2026-09-03 09:07:30.608 [STEP] move target=None
2026-09-03 09:07:31.790 [ROBOT] Stopped. The robot is idle.
2026-09-03 09:07:31.790 [STOP] confirmed stopped by odometry after barrage
2026-09-03 09:07:34.910 [ROBOT] Done with that move.
2026-09-03 09:07:38.316 [CMD] [remote] turn right 40 degrees
2026-09-03 09:07:38.316 [STOP] hard stop requested (cancel-all + zero barrage)
2026-09-03 09:07:39.152 [BRAIN] {'steps': [{'action': 'move', 'speech': 'Turning forty degrees to the right.', 'target': None, 'distance_m': 0.0, 'rotation_deg': -40.0}]}
2026-09-03 09:07:39.153 [STEP] move target=None
2026-09-03 09:07:40.370 [ROBOT] Stopped. The robot is idle.
2026-09-03 09:07:40.370 [STOP] confirmed stopped by odometry after barrage
2026-09-03 09:07:42.910 [ROBOT] Done with that move.
2026-09-03 09:07:46.734 [CMD] [remote] turn rise 10 degrees
2026-09-03 09:07:46.735 [STOP] hard stop requested (cancel-all + zero barrage)
2026-09-03 09:07:47.545 [BRAIN] {'steps': [{'action': 'move', 'speech': 'Turning ten degrees right.', 'target': None, 'distance_m': 0.0, 'rotation_deg': 10.0}]}
2026-09-03 09:07:47.546 [STEP] move target=None
2026-09-03 09:07:48.790 [ROBOT] Stopped. The robot is idle.
2026-09-03 09:07:48.791 [STOP] confirmed stopped by odometry after barrage
2026-09-03 09:07:50.910 [ROBOT] Done with that move.
2026-09-03 09:07:51.044 [CMD] (cancel via remote) cancel
2026-09-03 09:07:51.045 [STOP] hard stop requested (cancel-all + zero barrage)
2026-09-03 09:07:53.090 [ROBOT] Stopped. The robot is idle.
2026-09-03 09:07:53.090 [STOP] confirmed stopped by odometry after barrage
2026-09-03 09:07:55.228 [CMD] [remote] then right
2026-09-03 09:07:55.229 [STOP] hard stop requested (cancel-all + zero barrage)
2026-09-03 09:07:56.016 [BRAIN] {'steps': [{'action': 'move', 'speech': 'Turning ninety degrees right.', 'target': None, 'distance_m': 0.0, 'rotation_deg': -90.0}]}
2026-09-03 09:07:56.017 [STEP] move target=None
2026-09-03 09:07:57.270 [ROBOT] Stopped. The robot is idle.
2026-09-03 09:07:57.270 [STOP] confirmed stopped by odometry after barrage
2026-09-03 09:08:00.147 [CMD] (cancel via remote) cancel
2026-09-03 09:08:00.147 [STOP] hard stop requested (cancel-all + zero barrage)
2026-09-03 09:08:02.190 [ROBOT] Stopped. The robot is idle.
2026-09-03 09:08:02.190 [STOP] confirmed stopped by odometry after barrage
2026-09-03 09:08:04.393 [CMD] [remote] what do you see
2026-09-03 09:08:04.394 [STOP] hard stop requested (cancel-all + zero barrage)
2026-09-03 09:08:05.045 [BRAIN] {'steps': [{'action': 'describe', 'speech': 'I see a person.', 'target': None}]}
2026-09-03 09:08:05.045 [STEP] describe target=None
2026-09-03 09:08:06.450 [ROBOT] Stopped. The robot is idle.
2026-09-03 09:08:06.450 [STOP] confirmed stopped by odometry after barrage
2026-09-03 09:08:13.694 [CMD] (cancel via remote) cancel
2026-09-03 09:08:13.695 [STOP] hard stop requested (cancel-all + zero barrage)
2026-09-03 09:08:14.434 [CMD] [remote] turn left
2026-09-03 09:08:14.435 [STOP] hard stop requested (cancel-all + zero barrage)
2026-09-03 09:08:15.280 [BRAIN] {'steps': [{'action': 'move', 'speech': 'Turning ninety degrees left.', 'target': None, 'distance_m': 0.0, 'rotation_deg': 90.0}]}
2026-09-03 09:08:15.281 [STEP] move target=None
2026-09-03 09:08:16.490 [ROBOT] Stopped. The robot is idle.
2026-09-03 09:08:16.491 [STOP] confirmed stopped by odometry after barrage
2026-09-03 09:08:19.131 [CMD] (cancel via remote) cancel
2026-09-03 09:08:19.132 [STOP] hard stop requested (cancel-all + zero barrage)
2026-09-03 09:08:21.190 [ROBOT] Stopped. The robot is idle.
2026-09-03 09:08:21.190 [STOP] confirmed stopped by odometry after barrage
2026-09-03 09:09:03.736 [CMD] [remote] like come with a map jode basically turn left 30 degrees
2026-09-03 09:09:03.737 [STOP] hard stop requested (cancel-all + zero barrage)
2026-09-03 09:09:04.577 [BRAIN] {'steps': [{'action': 'move', 'speech': 'Turning thirty degrees to the left.', 'target': None, 'distance_m': 0.0, 'rotation_deg': 30.0}]}
2026-09-03 09:09:04.577 [STEP] move target=None
2026-09-03 09:09:05.791 [ROBOT] Stopped. The robot is idle.
2026-09-03 09:09:05.791 [STOP] confirmed stopped by odometry after barrage
2026-09-03 09:09:07.910 [ROBOT] Done with that move.
2026-09-03 09:09:11.053 [CMD] [remote] 12 30 degrees
2026-09-03 09:09:11.054 [STOP] hard stop requested (cancel-all + zero barrage)
2026-09-03 09:09:11.928 [BRAIN] {'steps': [{'action': 'move', 'speech': 'Turning one hundred twenty degrees right.', 'target': None, 'distance_m': 0.0, 'rotation_deg': 120.0}]}
2026-09-03 09:09:11.928 [STEP] move target=None
2026-09-03 09:09:13.110 [ROBOT] Stopped. The robot is idle.
2026-09-03 09:09:13.111 [STOP] confirmed stopped by odometry after barrage
2026-09-03 09:09:17.203 [CMD] (cancel via remote) cancel
2026-09-03 09:09:17.204 [STOP] hard stop requested (cancel-all + zero barrage)
2026-09-03 09:09:19.250 [ROBOT] Stopped. The robot is idle.
2026-09-03 09:09:19.250 [STOP] confirmed stopped by odometry after barrage
2026-09-03 09:09:21.785 [CMD] [remote] turn right 20 degrees
2026-09-03 09:09:21.786 [STOP] hard stop requested (cancel-all + zero barrage)
2026-09-03 09:09:22.624 [BRAIN] {'steps': [{'action': 'move', 'speech': 'Turning twenty degrees to the right.', 'target': None, 'distance_m': 0.0, 'rotation_deg': -20.0}]}
2026-09-03 09:09:22.624 [STEP] move target=None
2026-09-03 09:09:23.830 [ROBOT] Stopped. The robot is idle.
2026-09-03 09:09:23.830 [STOP] confirmed stopped by odometry after barrage
2026-09-03 09:09:25.910 [ROBOT] Done with that move.
2026-09-03 09:09:29.087 [CMD] [remote] what do you see
2026-09-03 09:09:29.088 [STOP] hard stop requested (cancel-all + zero barrage)
2026-09-03 09:09:29.907 [BRAIN] {'steps': [{'action': 'describe', 'speech': "I don't see anything right now.", 'target': None}]}
2026-09-03 09:09:29.907 [STEP] describe target=None
2026-09-03 09:09:31.130 [ROBOT] Stopped. The robot is idle.
2026-09-03 09:09:31.130 [STOP] confirmed stopped by odometry after barrage
2026-09-03 09:09:38.349 [CMD] [remote] move forward
2026-09-03 09:09:38.350 [STOP] hard stop requested (cancel-all + zero barrage)
2026-09-03 09:09:39.155 [BRAIN] {'steps': [{'action': 'move', 'speech': 'Moving forward one meter.', 'target': None, 'distance_m': 1.0, 'rotation_deg': 0.0}]}
2026-09-03 09:09:39.156 [STEP] move target=None
2026-09-03 09:09:40.390 [ROBOT] Stopped. The robot is idle.
2026-09-03 09:09:40.390 [STOP] confirmed stopped by odometry after barrage
2026-09-03 09:09:46.910 [ROBOT] Done with that move.
2026-09-03 09:09:50.323 [CMD] [remote] what is
2026-09-03 09:09:50.324 [STOP] hard stop requested (cancel-all + zero barrage)
2026-09-03 09:09:51.189 [BRAIN] {'steps': [{'action': 'describe', 'speech': 'I see a chair in front of me.', 'target': None}]}
2026-09-03 09:09:51.189 [STEP] describe target=None
2026-09-03 09:09:52.371 [ROBOT] Stopped. The robot is idle.
2026-09-03 09:09:52.371 [STOP] confirmed stopped by odometry after barrage
2026-09-03 09:09:55.490 [CMD] [remote] go to the chair
2026-09-03 09:09:55.491 [STOP] hard stop requested (cancel-all + zero barrage)
2026-09-03 09:09:56.162 [BRAIN] {'steps': [{'action': 'navigate', 'speech': 'Heading to the chair.', 'target': 'chair'}]}
2026-09-03 09:09:56.163 [STEP] navigate target='chair'
2026-09-03 09:09:57.550 [ROBOT] Stopped. The robot is idle.
2026-09-03 09:09:57.550 [STOP] confirmed stopped by odometry after barrage
2026-09-03 09:09:57.971 [ROBOT] Found the chair — navigating to it.
2026-09-03 09:09:57.972 [SIGHT] chair at (15.01, -3.89), 11.35 m away
2026-09-03 09:09:57.972 [ROBOT] The chair is about 11.4 m away, past the edge of what I've mapped. Moving up in short steps and mapping as I go.
2026-09-03 09:09:57.973 [STEP] #31 hop mode engaged for chair: object (15.01, -3.89) at 11.4 m, area_mapped=False
2026-09-03 09:09:57.973 [GOAL] #31 hop 1: 1.50 m toward chair (still 11.4 m away)
2026-09-03 09:09:57.973 [GOAL] (5.66, -0.79) yaw=-18deg mode=navigate
2026-09-03 09:10:01.972 [STEP] chair area now mapped after 1 hop(s) — switching to a direct approach
2026-09-03 09:10:01.972 [ROBOT] The area around the chair is mapped now — going straight to it.
2026-09-03 09:10:01.973 [GOAL] (13.62, -4.23) yaw=-23deg mode=navigate
2026-09-03 09:10:01.977 [RESULT] nav goal status=6 (not-succeeded)
2026-09-03 09:10:01.977 [WARN] nav goal (13.62, -4.23) failed (status=6); trying another approach angle
2026-09-03 09:10:02.974 [GOAL] (14.49, -3.59) yaw=-74deg mode=navigate
2026-09-03 09:10:02.985 [RESULT] nav goal status=6 (not-succeeded)
2026-09-03 09:10:02.985 [WARN] nav goal (14.49, -3.59) failed (status=6); trying another approach angle
2026-09-03 09:10:03.972 [WARN] all approach goals for chair refused; clearing the tried-list and retrying
2026-09-03 09:10:03.973 [GOAL] (13.66, -4.18) yaw=-23deg mode=navigate
2026-09-03 09:10:03.984 [RESULT] nav goal status=6 (not-succeeded)
2026-09-03 09:10:03.985 [WARN] nav goal (13.66, -4.18) failed (status=6); trying another approach angle
2026-09-03 09:10:04.988 [GOAL] (13.39, -3.53) yaw=-49deg mode=navigate
2026-09-03 09:10:04.995 [RESULT] nav goal status=6 (not-succeeded)
2026-09-03 09:10:04.996 [WARN] nav goal (13.39, -3.53) failed (status=6); trying another approach angle
2026-09-03 09:10:05.976 [GOAL] (13.67, -4.32) yaw=-24deg mode=navigate
2026-09-03 09:10:05.985 [RESULT] nav goal status=6 (not-succeeded)
2026-09-03 09:10:05.986 [WARN] nav goal (13.67, -4.32) failed (status=6); trying another approach angle
2026-09-03 09:10:06.971 [GOAL] (13.41, -3.51) yaw=-49deg mode=navigate
2026-09-03 09:10:06.975 [RESULT] nav goal status=6 (not-succeeded)
2026-09-03 09:10:06.975 [WARN] nav goal (13.41, -3.51) failed (status=6); trying another approach angle
2026-09-03 09:10:07.983 [GOAL] (13.71, -4.30) yaw=-24deg mode=navigate
2026-09-03 09:10:07.987 [RESULT] nav goal status=6 (not-succeeded)
2026-09-03 09:10:07.987 [WARN] nav goal (13.71, -4.30) failed (status=6); trying another approach angle
2026-09-03 09:10:08.976 [GOAL] (13.05, -4.00) yaw=-24deg mode=navigate
2026-09-03 09:10:08.985 [RESULT] nav goal status=6 (not-succeeded)
2026-09-03 09:10:08.985 [WARN] nav goal (13.05, -4.00) failed (status=6); trying another approach angle
2026-09-03 09:10:09.983 [GOAL] (13.37, -3.56) yaw=-49deg mode=navigate
2026-09-03 09:10:09.986 [RESULT] nav goal status=6 (not-succeeded)
2026-09-03 09:10:09.986 [WARN] nav goal (13.37, -3.56) failed (status=6); trying another approach angle
2026-09-03 09:10:10.991 [GOAL] (13.77, -4.34) yaw=-24deg mode=navigate
2026-09-03 09:10:10.995 [RESULT] nav goal status=6 (not-succeeded)
2026-09-03 09:10:10.996 [WARN] nav goal (13.77, -4.34) failed (status=6); trying another approach angle
2026-09-03 09:10:11.993 [GOAL] (13.67, -4.90) yaw=1deg mode=navigate
2026-09-03 09:10:11.996 [RESULT] nav goal status=6 (not-succeeded)
2026-09-03 09:10:11.996 [WARN] nav goal (13.67, -4.90) failed (status=6); trying another approach angle
2026-09-03 09:10:12.986 [GOAL] (13.78, -5.48) yaw=26deg mode=navigate
2026-09-03 09:10:12.995 [RESULT] nav goal status=6 (not-succeeded)
2026-09-03 09:10:12.995 [WARN] nav goal (13.78, -5.48) failed (status=6); trying another approach angle
2026-09-03 09:10:13.987 [GOAL] (14.59, -3.68) yaw=-74deg mode=navigate
2026-09-03 09:10:13.995 [RESULT] nav goal status=6 (not-succeeded)
2026-09-03 09:10:13.996 [WARN] nav goal (14.59, -3.68) failed (status=6); trying another approach angle
2026-09-03 09:10:14.986 [GOAL] (13.03, -4.04) yaw=-23deg mode=navigate
2026-09-03 09:10:14.995 [RESULT] nav goal status=6 (not-succeeded)
2026-09-03 09:10:14.995 [WARN] nav goal (13.03, -4.04) failed (status=6); trying another approach angle
2026-09-03 09:10:16.008 [GOAL] (13.75, -4.20) yaw=-22deg mode=navigate
2026-09-03 09:10:16.015 [RESULT] nav goal status=6 (not-succeeded)
2026-09-03 09:10:16.016 [WARN] nav goal (13.75, -4.20) failed (status=6); trying another approach angle
2026-09-03 09:10:16.981 [GOAL] (13.65, -4.81) yaw=2deg mode=navigate
2026-09-03 09:10:16.987 [RESULT] nav goal status=6 (not-succeeded)
2026-09-03 09:10:16.988 [WARN] nav goal (13.65, -4.81) failed (status=6); trying another approach angle
2026-09-03 09:10:17.994 [GOAL] (13.06, -3.97) yaw=-23deg mode=navigate
2026-09-03 09:10:18.006 [RESULT] nav goal status=6 (not-succeeded)
2026-09-03 09:10:18.006 [WARN] nav goal (13.06, -3.97) failed (status=6); trying another approach angle
2026-09-03 09:10:18.987 [GOAL] (12.94, -4.57) yaw=2deg mode=navigate
2026-09-03 09:10:18.996 [RESULT] nav goal status=6 (not-succeeded)
2026-09-03 09:10:18.996 [WARN] nav goal (12.94, -4.57) failed (status=6); trying another approach angle
2026-09-03 09:10:19.987 [GOAL] (13.39, -3.58) yaw=-48deg mode=navigate
2026-09-03 09:10:19.995 [RESULT] nav goal status=6 (not-succeeded)
2026-09-03 09:10:19.995 [WARN] nav goal (13.39, -3.58) failed (status=6); trying another approach angle
2026-09-03 09:10:20.999 [GOAL] (13.33, -4.16) yaw=-23deg mode=navigate
2026-09-03 09:10:21.005 [RESULT] nav goal status=6 (not-succeeded)
2026-09-03 09:10:21.005 [WARN] nav goal (13.33, -4.16) failed (status=6); trying another approach angle
2026-09-03 09:10:22.013 [GOAL] (13.30, -4.49) yaw=3deg mode=navigate
2026-09-03 09:10:22.025 [RESULT] nav goal status=6 (not-succeeded)
2026-09-03 09:10:22.027 [WARN] nav goal (13.30, -4.49) failed (status=6); trying another approach angle
2026-09-03 09:10:22.987 [GOAL] (13.59, -3.73) yaw=-47deg mode=navigate
2026-09-03 09:10:22.995 [RESULT] nav goal status=6 (not-succeeded)
2026-09-03 09:10:22.995 [WARN] nav goal (13.59, -3.73) failed (status=6); trying another approach angle
2026-09-03 09:10:23.987 [GOAL] (13.17, -3.45) yaw=-47deg mode=navigate
2026-09-03 09:10:23.996 [RESULT] nav goal status=6 (not-succeeded)
2026-09-03 09:10:23.996 [WARN] nav goal (13.17, -3.45) failed (status=6); trying another approach angle
2026-09-03 09:10:24.998 [GOAL] (12.88, -3.83) yaw=-21deg mode=navigate
2026-09-03 09:10:25.006 [RESULT] nav goal status=6 (not-succeeded)
2026-09-03 09:10:25.007 [WARN] nav goal (12.88, -3.83) failed (status=6); trying another approach angle
2026-09-03 09:10:25.987 [GOAL] (13.27, -3.81) yaw=-19deg mode=navigate
2026-09-03 09:10:25.996 [RESULT] nav goal status=6 (not-succeeded)
2026-09-03 09:10:25.996 [WARN] nav goal (13.27, -3.81) failed (status=6); trying another approach angle
2026-09-03 09:10:26.993 [GOAL] (13.76, -4.10) yaw=-21deg mode=navigate
2026-09-03 09:10:26.997 [RESULT] nav goal status=6 (not-succeeded)
2026-09-03 09:10:26.997 [WARN] nav goal (13.76, -4.10) failed (status=6); trying another approach angle
2026-09-03 09:10:27.989 [GOAL] (13.66, -4.68) yaw=4deg mode=navigate
2026-09-03 09:10:27.996 [RESULT] nav goal status=6 (not-succeeded)
2026-09-03 09:10:27.996 [WARN] nav goal (13.66, -4.68) failed (status=6); trying another approach angle
2026-09-03 09:10:28.989 [GOAL] (12.88, -3.83) yaw=-22deg mode=navigate
2026-09-03 09:10:28.996 [RESULT] nav goal status=6 (not-succeeded)
2026-09-03 09:10:28.996 [WARN] nav goal (12.88, -3.83) failed (status=6); trying another approach angle
2026-09-03 09:10:29.982 [GOAL] (13.09, -3.96) yaw=-23deg mode=navigate
2026-09-03 09:10:29.987 [RESULT] nav goal status=6 (not-succeeded)
2026-09-03 09:10:29.987 [WARN] nav goal (13.09, -3.96) failed (status=6); trying another approach angle
2026-09-03 09:10:30.991 [GOAL] (12.75, -4.42) yaw=2deg mode=navigate
2026-09-03 09:10:30.997 [RESULT] nav goal status=6 (not-succeeded)
2026-09-03 09:10:30.998 [WARN] nav goal (12.75, -4.42) failed (status=6); trying another approach angle
2026-09-03 09:10:31.996 [GOAL] (13.18, -3.41) yaw=-48deg mode=navigate
2026-09-03 09:10:32.006 [RESULT] nav goal status=6 (not-succeeded)
2026-09-03 09:10:32.006 [WARN] nav goal (13.18, -3.41) failed (status=6); trying another approach angle
2026-09-03 09:10:32.993 [GOAL] (13.32, -4.13) yaw=-24deg mode=navigate
2026-09-03 09:10:33.006 [RESULT] nav goal status=6 (not-succeeded)
2026-09-03 09:10:33.006 [WARN] nav goal (13.32, -4.13) failed (status=6); trying another approach angle
2026-09-03 09:10:33.988 [GOAL] (13.08, -4.37) yaw=4deg mode=navigate
2026-09-03 09:10:33.995 [RESULT] nav goal status=6 (not-succeeded)
2026-09-03 09:10:33.995 [WARN] nav goal (13.08, -4.37) failed (status=6); trying another approach angle
2026-09-03 09:10:34.993 [GOAL] (13.39, -3.59) yaw=-47deg mode=navigate
2026-09-03 09:10:35.005 [RESULT] nav goal status=6 (not-succeeded)
2026-09-03 09:10:35.005 [WARN] nav goal (13.39, -3.59) failed (status=6); trying another approach angle
2026-09-03 09:10:35.989 [GOAL] (12.96, -4.90) yaw=29deg mode=navigate
2026-09-03 09:10:35.995 [RESULT] nav goal status=6 (not-succeeded)
2026-09-03 09:10:35.995 [WARN] nav goal (12.96, -4.90) failed (status=6); trying another approach angle
2026-09-03 09:10:36.993 [GOAL] (13.30, -4.47) yaw=2deg mode=navigate
2026-09-03 09:10:37.005 [RESULT] nav goal status=6 (not-succeeded)
2026-09-03 09:10:37.005 [WARN] nav goal (13.30, -4.47) failed (status=6); trying another approach angle
2026-09-03 09:10:37.993 [GOAL] (12.93, -4.55) yaw=-0deg mode=navigate
2026-09-03 09:10:38.006 [RESULT] nav goal status=6 (not-succeeded)
2026-09-03 09:10:38.006 [WARN] nav goal (12.93, -4.55) failed (status=6); trying another approach angle
2026-09-03 09:10:38.989 [GOAL] (13.58, -3.83) yaw=-50deg mode=navigate
2026-09-03 09:10:38.998 [RESULT] nav goal status=6 (not-succeeded)
2026-09-03 09:10:38.998 [WARN] nav goal (13.58, -3.83) failed (status=6); trying another approach angle
2026-09-03 09:10:40.009 [GOAL] (13.62, -3.22) yaw=-72deg mode=navigate
2026-09-03 09:10:40.017 [RESULT] nav goal status=6 (not-succeeded)
2026-09-03 09:10:40.018 [WARN] nav goal (13.62, -3.22) failed (status=6); trying another approach angle
2026-09-03 09:10:40.987 [GOAL] (13.25, -4.84) yaw=34deg mode=navigate
2026-09-03 09:10:40.997 [RESULT] nav goal status=6 (not-succeeded)
2026-09-03 09:10:40.997 [WARN] nav goal (13.25, -4.84) failed (status=6); trying another approach angle
2026-09-03 09:10:41.987 [GOAL] (13.48, -4.87) yaw=33deg mode=navigate
2026-09-03 09:10:41.997 [RESULT] nav goal status=6 (not-succeeded)
2026-09-03 09:10:41.997 [WARN] nav goal (13.48, -4.87) failed (status=6); trying another approach angle
2026-09-03 09:10:42.992 [GOAL] (13.64, -4.23) yaw=-23deg mode=navigate
2026-09-03 09:10:42.997 [RESULT] nav goal status=6 (not-succeeded)
2026-09-03 09:10:42.998 [WARN] nav goal (13.64, -4.23) failed (status=6); trying another approach angle
2026-09-03 09:10:43.996 [ROBOT] Arrived at the chair.
2026-09-03 09:11:29.464 [CMD] [remote] patrol the area
2026-09-03 09:11:29.465 [STOP] hard stop requested (cancel-all + zero barrage)
2026-09-03 09:11:30.195 [BRAIN] {'steps': [{'action': 'patrol', 'speech': 'Patrolling the area, starting from here.', 'target': None}]}
2026-09-03 09:11:30.197 [STEP] patrol target=None
2026-09-03 09:11:30.915 [GOAL] (14.55, -4.38) yaw=-9deg mode=explore
2026-09-03 09:11:31.530 [ROBOT] Stopped. The robot is idle.
2026-09-03 09:11:31.531 [STOP] confirmed stopped by odometry after barrage
2026-09-03 09:11:39.810 [GUARD] collision guard stopped the robot at 0.70 m (limit 0.7 m, mode=explore)
2026-09-03 09:11:39.810 [ROBOT] Stopping — an obstacle is 0.70 m ahead.
2026-09-03 09:11:39.839 [RESULT] nav goal status=5 (not-succeeded)
2026-09-03 09:11:39.915 [GOAL] (10.82, -6.15) yaw=-145deg mode=explore
2026-09-03 09:12:01.328 [RESULT] nav goal status=4 (ok)
2026-09-03 09:12:01.914 [GOAL] (10.51, -8.03) yaw=-103deg mode=explore
2026-09-03 09:12:10.476 [RESULT] nav goal status=4 (ok)
2026-09-03 09:12:10.916 [GOAL] (9.86, -8.95) yaw=-123deg mode=explore
2026-09-03 09:12:16.184 [RESULT] nav goal status=4 (ok)
2026-09-03 09:12:16.918 [GOAL] (9.03, -10.08) yaw=-126deg mode=explore
2026-09-03 09:12:23.081 [RESULT] nav goal status=4 (ok)
2026-09-03 09:12:23.916 [GOAL] (8.43, -11.03) yaw=-123deg mode=explore
2026-09-03 09:12:29.380 [RESULT] nav goal status=4 (ok)
2026-09-03 09:12:29.915 [GOAL] (7.87, -11.95) yaw=-127deg mode=explore
2026-09-03 09:12:34.110 [GUARD] collision guard stopped the robot at 0.68 m (limit 0.7 m, mode=explore)
2026-09-03 09:12:34.111 [ROBOT] Stopping — an obstacle is 0.68 m ahead.
2026-09-03 09:12:34.140 [RESULT] nav goal status=5 (not-succeeded)
2026-09-03 09:12:34.915 [GOAL] (10.82, -10.52) yaw=20deg mode=explore
2026-09-03 09:12:43.879 [RESULT] nav goal status=4 (ok)
2026-09-03 09:12:43.916 [GOAL] (10.82, -9.52) yaw=79deg mode=explore
2026-09-03 09:12:48.480 [RESULT] nav goal status=4 (ok)
2026-09-03 09:12:48.915 [GOAL] (7.37, -7.93) yaw=152deg mode=explore
2026-09-03 09:12:59.310 [GUARD] collision guard stopped the robot at 0.69 m (limit 0.7 m, mode=explore)
2026-09-03 09:12:59.311 [ROBOT] Stopping — an obstacle is 0.69 m ahead.
2026-09-03 09:12:59.342 [RESULT] nav goal status=5 (not-succeeded)
2026-09-03 09:12:59.915 [GOAL] (4.92, -7.96) yaw=169deg mode=explore
2026-09-03 09:13:46.411 [GUARD] collision guard stopped the robot at 0.58 m (limit 0.7 m, mode=explore)
2026-09-03 09:13:46.411 [ROBOT] Stopping — an obstacle is 0.58 m ahead.
2026-09-03 09:13:46.440 [RESULT] nav goal status=5 (not-succeeded)
2026-09-03 09:13:46.915 [GOAL] (4.04, -9.00) yaw=179deg mode=explore
2026-09-03 09:14:37.911 [GUARD] collision guard stopped the robot at 0.69 m (limit 0.7 m, mode=explore)
2026-09-03 09:14:37.912 [ROBOT] Stopping — an obstacle is 0.69 m ahead.
2026-09-03 09:14:37.940 [RESULT] nav goal status=5 (not-succeeded)
2026-09-03 09:14:38.916 [GOAL] (3.79, -8.08) yaw=-111deg mode=explore
2026-09-03 09:14:44.138 [RESULT] nav goal status=4 (ok)
2026-09-03 09:14:44.916 [GOAL] (4.28, -10.08) yaw=-80deg mode=explore
2026-09-03 09:14:55.680 [RESULT] nav goal status=4 (ok)
2026-09-03 09:14:55.915 [GOAL] (4.55, -11.51) yaw=-76deg mode=explore
2026-09-03 09:15:03.828 [RESULT] nav goal status=4 (ok)
2026-09-03 09:15:03.915 [GOAL] (6.59, -13.93) yaw=-47deg mode=explore
2026-09-03 09:15:43.910 [STUCK] mode=explore target=None
2026-09-03 09:15:43.911 [ROBOT] I got stuck at a frontier — skipping it and trying another route.
2026-09-03 09:15:43.918 [GOAL] (7.12, -13.08) yaw=53deg mode=explore
2026-09-03 09:15:43.924 [RESULT] nav goal status=5 (not-succeeded)
2026-09-03 09:15:44.916 [GOAL] (-1.14, -10.95) yaw=154deg mode=explore
2026-09-03 09:15:44.927 [RESULT] nav goal status=6 (not-succeeded)
2026-09-03 09:15:45.915 [GOAL] (-0.81, -10.13) yaw=148deg mode=explore
2026-09-03 09:15:45.928 [RESULT] nav goal status=6 (not-succeeded)
2026-09-03 09:15:46.917 [GOAL] (-0.36, -9.10) yaw=140deg mode=explore
2026-09-03 09:15:46.927 [RESULT] nav goal status=6 (not-succeeded)
2026-09-03 09:15:47.918 [GOAL] (0.57, -8.05) yaw=130deg mode=explore
2026-09-03 09:15:47.929 [RESULT] nav goal status=6 (not-succeeded)
2026-09-03 09:15:48.914 [GOAL] (3.49, -7.00) yaw=106deg mode=explore
2026-09-03 09:15:48.925 [RESULT] nav goal status=6 (not-succeeded)
2026-09-03 09:15:49.915 [GOAL] (1.55, -7.03) yaw=119deg mode=explore
2026-09-03 09:15:49.925 [RESULT] nav goal status=6 (not-succeeded)
2026-09-03 09:15:50.917 [GOAL] (5.12, -6.53) yaw=90deg mode=explore
2026-09-03 09:15:50.928 [RESULT] nav goal status=6 (not-succeeded)
2026-09-03 09:15:51.916 [GOAL] (2.31, -6.32) yaw=111deg mode=explore
2026-09-03 09:15:51.928 [RESULT] nav goal status=6 (not-succeeded)
2026-09-03 09:15:52.916 [GOAL] (3.05, -5.88) yaw=104deg mode=explore
2026-09-03 09:15:52.930 [RESULT] nav goal status=6 (not-succeeded)
2026-09-03 09:15:53.916 [GOAL] (10.77, -12.00) yaw=9deg mode=explore
2026-09-03 09:15:53.927 [RESULT] nav goal status=6 (not-succeeded)
2026-09-03 09:15:54.915 [GOAL] (10.72, -13.00) yaw=-2deg mode=explore
2026-09-03 09:15:54.932 [RESULT] nav goal status=6 (not-succeeded)
2026-09-03 09:15:55.915 [GOAL] (10.67, -14.50) yaw=-16deg mode=explore
2026-09-03 09:15:55.925 [RESULT] nav goal status=6 (not-succeeded)
2026-09-03 09:15:56.916 [GOAL] (14.31, -15.09) yaw=-13deg mode=explore
2026-09-03 09:15:56.926 [RESULT] nav goal status=6 (not-succeeded)
2026-09-03 09:15:57.915 [GOAL] (0.92, -2.29) yaw=109deg mode=explore
2026-09-03 09:15:57.925 [RESULT] nav goal status=6 (not-succeeded)
2026-09-03 09:15:58.914 [GOAL] (0.04, -2.63) yaw=114deg mode=explore
2026-09-03 09:15:58.925 [RESULT] nav goal status=6 (not-succeeded)
2026-09-03 09:15:59.916 [GOAL] (-1.00, -2.96) yaw=119deg mode=explore
2026-09-03 09:15:59.932 [RESULT] nav goal status=6 (not-succeeded)
2026-09-03 09:16:00.916 [GOAL] (-1.90, -3.21) yaw=124deg mode=explore
2026-09-03 09:16:00.931 [RESULT] nav goal status=6 (not-succeeded)
2026-09-03 09:16:01.917 [GOAL] (-0.50, -1.93) yaw=116deg mode=explore
2026-09-03 09:16:01.927 [RESULT] nav goal status=6 (not-succeeded)
2026-09-03 09:16:02.916 [GOAL] (-3.03, -3.37) yaw=129deg mode=explore
2026-09-03 09:16:02.930 [RESULT] nav goal status=6 (not-succeeded)
2026-09-03 09:16:03.915 [GOAL] (-5.55, -5.98) yaw=146deg mode=explore
2026-09-03 09:16:03.926 [RESULT] nav goal status=6 (not-succeeded)
2026-09-03 09:16:04.916 [GOAL] (-4.84, -5.15) yaw=141deg mode=explore
2026-09-03 09:16:04.932 [RESULT] nav goal status=6 (not-succeeded)
2026-09-03 09:16:05.915 [GOAL] (-4.17, -4.38) yaw=136deg mode=explore
2026-09-03 09:16:05.933 [RESULT] nav goal status=6 (not-succeeded)
2026-09-03 09:16:06.918 [GOAL] (-2.50, -2.50) yaw=124deg mode=explore
2026-09-03 09:16:06.930 [RESULT] nav goal status=6 (not-succeeded)
2026-09-03 09:16:07.917 [GOAL] (-6.46, -7.02) yaw=154deg mode=explore
2026-09-03 09:16:07.929 [RESULT] nav goal status=6 (not-succeeded)
2026-09-03 09:16:08.914 [GOAL] (-7.18, -7.86) yaw=160deg mode=explore
2026-09-03 09:16:08.926 [RESULT] nav goal status=6 (not-succeeded)
2026-09-03 09:16:09.915 [GOAL] (-7.81, -8.60) yaw=166deg mode=explore
2026-09-03 09:16:09.927 [RESULT] nav goal status=6 (not-succeeded)
2026-09-03 09:16:10.917 [GOAL] (-4.05, -0.35) yaw=125deg mode=explore
2026-09-03 09:16:10.928 [RESULT] nav goal status=6 (not-succeeded)
2026-09-03 09:16:11.917 [GOAL] (-4.85, -0.70) yaw=129deg mode=explore
2026-09-03 09:16:11.929 [RESULT] nav goal status=6 (not-succeeded)
2026-09-03 09:16:12.916 [GOAL] (-5.90, -1.18) yaw=134deg mode=explore
2026-09-03 09:16:12.932 [RESULT] nav goal status=6 (not-succeeded)
2026-09-03 09:16:13.916 [GOAL] (-3.70, 1.40) yaw=121deg mode=explore
2026-09-03 09:16:13.923 [RESULT] nav goal status=6 (not-succeeded)
2026-09-03 09:16:14.915 [GOAL] (-5.50, -0.18) yaw=131deg mode=explore
2026-09-03 09:16:14.933 [RESULT] nav goal status=6 (not-succeeded)
2026-09-03 09:16:15.917 [GOAL] (-6.98, -1.66) yaw=141deg mode=explore
2026-09-03 09:16:15.931 [RESULT] nav goal status=6 (not-succeeded)
2026-09-03 09:16:16.917 [GOAL] (-4.88, 1.27) yaw=127deg mode=explore
2026-09-03 09:16:16.931 [RESULT] nav goal status=6 (not-succeeded)
2026-09-03 09:16:17.915 [GOAL] (-6.50, -0.22) yaw=137deg mode=explore
2026-09-03 09:16:17.923 [RESULT] nav goal status=6 (not-succeeded)
2026-09-03 09:16:18.916 [GOAL] (-8.00, -2.12) yaw=147deg mode=explore
2026-09-03 09:16:18.926 [RESULT] nav goal status=6 (not-succeeded)
2026-09-03 09:16:19.918 [GOAL] (8.51, 4.43) yaw=70deg mode=explore
2026-09-03 09:16:19.933 [RESULT] nav goal status=6 (not-succeeded)
2026-09-03 09:16:20.916 [GOAL] (-6.00, 1.17) yaw=133deg mode=explore
2026-09-03 09:16:20.927 [RESULT] nav goal status=6 (not-succeeded)
2026-09-03 09:16:21.917 [GOAL] (-5.48, 2.16) yaw=129deg mode=explore
2026-09-03 09:16:21.933 [RESULT] nav goal status=6 (not-succeeded)
2026-09-03 09:16:22.918 [GOAL] (10.00, 4.28) yaw=63deg mode=explore
2026-09-03 09:16:22.921 [RESULT] nav goal status=6 (not-succeeded)
2026-09-03 09:16:23.916 [GOAL] (-7.33, 0.37) yaw=141deg mode=explore
2026-09-03 09:16:23.930 [RESULT] nav goal status=6 (not-succeeded)
2026-09-03 09:16:24.914 [GOAL] (-6.93, 1.12) yaw=139deg mode=explore
2026-09-03 09:16:24.928 [RESULT] nav goal status=6 (not-succeeded)
2026-09-03 09:16:25.914 [GOAL] (-9.00, -2.56) yaw=157deg mode=explore
2026-09-03 09:16:25.925 [RESULT] nav goal status=6 (not-succeeded)
2026-09-03 09:16:26.917 [GOAL] (9.05, 5.41) yaw=67deg mode=explore
2026-09-03 09:16:26.936 [RESULT] nav goal status=6 (not-succeeded)
2026-09-03 09:16:27.916 [GOAL] (-6.50, 2.58) yaw=135deg mode=explore
2026-09-03 09:16:27.930 [RESULT] nav goal status=6 (not-succeeded)
2026-09-03 09:16:28.918 [GOAL] (9.84, 6.12) yaw=64deg mode=explore
2026-09-03 09:16:28.935 [RESULT] nav goal status=6 (not-succeeded)
2026-09-03 09:16:29.919 [GOAL] (12.57, 3.95) yaw=50deg mode=explore
2026-09-03 09:16:29.935 [RESULT] nav goal status=6 (not-succeeded)
2026-09-03 09:16:30.915 [GOAL] (-9.85, -2.87) yaw=164deg mode=explore
2026-09-03 09:16:30.933 [RESULT] nav goal status=6 (not-succeeded)
2026-09-03 09:16:31.916 [GOAL] (8.45, 7.85) yaw=70deg mode=explore
2026-09-03 09:16:31.928 [RESULT] nav goal status=6 (not-succeeded)
2026-09-03 09:16:32.916 [GOAL] (-7.50, 2.98) yaw=140deg mode=explore
2026-09-03 09:16:32.931 [RESULT] nav goal status=6 (not-succeeded)
2026-09-03 09:16:33.915 [GOAL] (13.52, 4.00) yaw=45deg mode=explore
2026-09-03 09:16:33.933 [RESULT] nav goal status=6 (not-succeeded)
2026-09-03 09:16:34.916 [GOAL] (10.67, 6.81) yaw=60deg mode=explore
2026-09-03 09:16:34.928 [RESULT] nav goal status=6 (not-succeeded)
2026-09-03 09:16:35.917 [GOAL] (11.51, 7.47) yaw=58deg mode=explore
2026-09-03 09:16:35.928 [RESULT] nav goal status=6 (not-succeeded)
2026-09-03 09:16:36.918 [GOAL] (-8.50, 3.39) yaw=144deg mode=explore
2026-09-03 09:16:36.934 [RESULT] nav goal status=6 (not-succeeded)
2026-09-03 09:16:37.915 [GOAL] (-5.34, 7.66) yaw=124deg mode=explore
2026-09-03 09:16:37.924 [RESULT] nav goal status=6 (not-succeeded)
2026-09-03 09:16:38.915 [GOAL] (-9.58, 3.82) yaw=146deg mode=explore
2026-09-03 09:16:38.925 [RESULT] nav goal status=6 (not-succeeded)
2026-09-03 09:16:39.918 [GOAL] (-6.10, 8.40) yaw=126deg mode=explore
2026-09-03 09:16:39.931 [RESULT] nav goal status=6 (not-succeeded)
2026-09-03 09:16:40.916 [GOAL] (-7.58, 7.56) yaw=132deg mode=explore
2026-09-03 09:16:40.935 [RESULT] nav goal status=6 (not-succeeded)
2026-09-03 09:16:41.918 [GOAL] (-10.43, 4.17) yaw=148deg mode=explore
2026-09-03 09:16:41.929 [RESULT] nav goal status=6 (not-succeeded)
2026-09-03 09:16:42.917 [GOAL] (15.36, 4.00) yaw=33deg mode=explore
2026-09-03 09:16:42.928 [RESULT] nav goal status=6 (not-succeeded)
2026-09-03 09:16:43.916 [GOAL] (-8.38, 8.14) yaw=133deg mode=explore
2026-09-03 09:16:43.928 [RESULT] nav goal status=6 (not-succeeded)
2026-09-03 09:16:44.916 [GOAL] (-10.57, 5.40) yaw=146deg mode=explore
2026-09-03 09:16:44.924 [RESULT] nav goal status=6 (not-succeeded)
2026-09-03 09:16:45.917 [ROBOT] Area fully mapped — no frontiers left. Saving the map.
2026-09-03 09:16:47.607 [ROBOT] Map saved to /home/danyalaziz/warehouse_map.yaml
2026-09-03 09:17:18.501 [CMD] (cancel via remote) cancel
2026-09-03 09:17:18.501 [STOP] hard stop requested (cancel-all + zero barrage)
2026-09-03 09:17:20.550 [ROBOT] Stopped. The robot is idle.
2026-09-03 09:17:20.550 [STOP] confirmed stopped by odometry after barrage
