2026-09-14 09:02:38.182 [RUN] vla_agent v28  (#63 headless-safe console output, #62 direction-aware collision guard, #61 nearest-cluster LiDAR ranging, #60 manual override teleop, #59 10 Hz collision guard, #58 smoother approach, #57 stand off far enough to keep the object in view, #56 step-and-stare scan, #55 LiDAR failure reasons reported, #54 LiDAR object ranging, #53 seeded depth intrinsics, #52 depth intrinsics rescaled to frame size, #51 compressedDepth transport, #50 compressed RGB transport, #49 annotated feed gated per topic, #47 TF at colour-frame stamp, #48 reject stale depth, #46 one subscription per camera stream, #43 longer cached action-server wait, #44 undock retry-loop breaker, #45 sync slop for 1 Hz depth, #37 /robot1 namespace, #38 stereo depth topic, #39 best-effort sensor QoS, #40 RGB->depth pixel mapping, #41 encoding-based mm/m, #42 explicit namespaced TF, #36 no patrol feed prompt, #35 cancel actually stops the robot, #34 feed publishes to any subscriber, #22 dock no-detect zone, #23 live-first memory, #24 forget, #25 typo-tolerant control words, #26 bare yes/no, #27 context expiry, #28 all-instance distances, #29 Create 3 backup ratchet, #30 sticky goals + range-scaled gate + ring-safe blacklist, #31 incremental off-map hop goals, #32 non-freezing live feed, #33 command/reply/status bridge)
2026-09-14 09:02:38.182 [RUN] agent started (SIGHT_CONFIRM=2, SEARCH_TIMEOUT=120.0s, NO_PROGRESS_LIMIT=60.0s, ROBOT_CLEARANCE=0.25m)
2026-09-14 09:03:39.144 [CMD] [remote] what do you see
2026-09-14 09:03:39.145 [STOP] hard stop requested (cancel-all + zero barrage)
2026-09-14 09:03:40.712 [BRAIN] {'steps': [{'action': 'describe', 'speech': 'I see a chair and a person.', 'target': None}]}
2026-09-14 09:03:40.712 [STEP] describe target=None
2026-09-14 09:03:41.202 [ROBOT] Stopped. The robot is idle.
2026-09-14 09:03:41.203 [STOP] confirmed stopped by odometry after barrage
2026-09-14 09:04:02.645 [CMD] [remote] go to the chair
2026-09-14 09:04:02.645 [STOP] hard stop requested (cancel-all + zero barrage)
2026-09-14 09:04:03.188 [BRAIN] {'steps': [{'action': 'navigate', 'speech': 'Heading to the chair.', 'target': 'chair'}]}
2026-09-14 09:04:03.188 [STEP] navigate target='chair'
2026-09-14 09:04:04.292 [ROBOT] Found the chair — navigating to it.
2026-09-14 09:04:04.292 [SIGHT] chair at (-2.19, 0.46), 2.11 m away
2026-09-14 09:04:04.292 [GOAL] (-0.92, 0.74) yaw=-168deg mode=navigate
2026-09-14 09:04:04.343 [GUARD] collision guard stopped the robot at 0.57 m (limit 0.7 m, mode=navigate)
2026-09-14 09:04:04.343 [ROBOT] Stopping — something solid is 0.57 m ahead, but I thought the chair was still 2.1 m away. My distance estimate was wrong, so I'm not driving any further.
2026-09-14 09:04:04.343 [WARN] belief/LiDAR mismatch: believed 2.11 m, measured 0.57 m
2026-09-14 09:04:04.702 [ROBOT] Stopped. The robot is idle.
2026-09-14 09:04:04.703 [STOP] confirmed stopped by odometry after barrage
2026-09-14 09:05:25.944 [CMD] [remote] turn right 45
2026-09-14 09:05:25.945 [STOP] hard stop requested (cancel-all + zero barrage)
2026-09-14 09:05:26.638 [BRAIN] {'steps': [{'action': 'move', 'speech': 'Turning forty-five degrees to the right.', 'target': None, 'distance_m': 0.0, 'rotation_deg': -45.0}]}
2026-09-14 09:05:26.638 [STEP] move target=None
2026-09-14 09:05:28.002 [ROBOT] Stopped. The robot is idle.
2026-09-14 09:05:28.003 [STOP] confirmed stopped by odometry after barrage
2026-09-14 09:05:31.243 [ROBOT] Done with that move.
2026-09-14 09:05:41.444 [CMD] [remote] go to the chair
2026-09-14 09:05:41.445 [STOP] hard stop requested (cancel-all + zero barrage)
2026-09-14 09:05:41.961 [BRAIN] {'steps': [{'action': 'navigate', 'speech': 'Heading back to the chair.', 'target': 'chair'}]}
2026-09-14 09:05:41.961 [STEP] navigate target='chair'
2026-09-14 09:05:43.288 [ROBOT] Found the chair — navigating to it.
2026-09-14 09:05:43.289 [SIGHT] chair at (-2.28, 2.47), 3.28 m away
2026-09-14 09:05:43.289 [ROBOT] The chair is about 3.3 m away, past the edge of what I've mapped. Moving up in short steps and mapping as I go.
2026-09-14 09:05:43.289 [STEP] #31 hop mode engaged for chair: object (-2.28, 2.47) at 3.3 m, area_mapped=False
2026-09-14 09:05:43.289 [GOAL] #31 hop 1: 1.50 m toward chair (still 3.3 m away)
2026-09-14 09:05:43.290 [GOAL] (-1.11, 1.12) yaw=131deg mode=navigate
2026-09-14 09:05:43.502 [ROBOT] Stopped. The robot is idle.
2026-09-14 09:05:43.503 [STOP] confirmed stopped by odometry after barrage
2026-09-14 09:05:44.291 [STEP] chair area now mapped after 1 hop(s) — switching to a direct approach
2026-09-14 09:05:44.292 [ROBOT] The area around the chair is mapped now — going straight to it.
2026-09-14 09:05:44.292 [GOAL] (-1.09, 0.53) yaw=154deg mode=navigate
2026-09-14 09:05:44.301 [RESULT] nav goal status=6 (not-succeeded)
2026-09-14 09:05:44.301 [WARN] nav goal (-1.09, 0.53) failed (status=6); trying another approach angle
2026-09-14 09:05:45.293 [GOAL] (-1.43, 0.89) yaw=149deg mode=navigate
2026-09-14 09:05:45.302 [RESULT] nav goal status=6 (not-succeeded)
2026-09-14 09:05:45.302 [WARN] nav goal (-1.43, 0.89) failed (status=6); trying another approach angle
2026-09-14 09:05:46.293 [GOAL] (-1.29, 1.43) yaw=175deg mode=navigate
2026-09-14 09:05:46.301 [RESULT] nav goal status=6 (not-succeeded)
2026-09-14 09:05:46.302 [WARN] nav goal (-1.29, 1.43) failed (status=6); trying another approach angle
2026-09-14 09:05:47.290 [GOAL] (-1.59, 1.45) yaw=175deg mode=navigate
2026-09-14 09:05:47.301 [RESULT] nav goal status=6 (not-succeeded)
2026-09-14 09:05:47.302 [WARN] nav goal (-1.59, 1.45) failed (status=6); trying another approach angle
2026-09-14 09:05:48.289 [GOAL] (-1.68, 1.11) yaw=155deg mode=navigate
2026-09-14 09:05:48.291 [RESULT] nav goal status=6 (not-succeeded)
2026-09-14 09:05:48.291 [WARN] nav goal (-1.68, 1.11) failed (status=6); trying another approach angle
2026-09-14 09:05:49.287 [ROBOT] Arrived at the chair.
2026-09-14 09:11:36.545 [CMD] [remote] turn left
2026-09-14 09:11:36.545 [STOP] hard stop requested (cancel-all + zero barrage)
2026-09-14 09:11:36.592 [CTX] dropping stale context (navigate -> chair)
2026-09-14 09:11:37.162 [BRAIN] {'steps': [{'action': 'move', 'speech': 'Turning ninety degrees left.', 'target': None, 'distance_m': 0.0, 'rotation_deg': 90.0}]}
2026-09-14 09:11:37.162 [STEP] move target=None
2026-09-14 09:11:38.602 [ROBOT] Stopped. The robot is idle.
2026-09-14 09:11:38.602 [STOP] confirmed stopped by odometry after barrage
2026-09-14 09:11:43.243 [ROBOT] Done with that move.
2026-09-14 09:11:44.978 [CMD] [remote] what do you see
2026-09-14 09:11:44.978 [STOP] hard stop requested (cancel-all + zero barrage)
2026-09-14 09:11:45.662 [BRAIN] {'steps': [{'action': 'describe', 'speech': 'I can see a chair, a person, and a shelf.', 'target': None}]}
2026-09-14 09:11:45.663 [STEP] describe target=None
2026-09-14 09:11:47.022 [ROBOT] Stopped. The robot is idle.
2026-09-14 09:11:47.023 [STOP] confirmed stopped by odometry after barrage
2026-09-14 09:11:49.407 [CMD] [remote] go to the furthest
2026-09-14 09:11:49.408 [STOP] hard stop requested (cancel-all + zero barrage)
2026-09-14 09:11:50.013 [BRAIN] {'steps': [{'action': 'navigate', 'speech': 'Heading to the farthest object.', 'target': 'null', 'qualifier': 'farthest'}]}
2026-09-14 09:11:50.013 [STEP] navigate target='null'
2026-09-14 09:11:51.462 [ROBOT] Stopped. The robot is idle.
2026-09-14 09:11:51.463 [STOP] confirmed stopped by odometry after barrage
2026-09-14 09:12:33.926 [CMD] (cancel via remote) cancel
2026-09-14 09:12:33.926 [STOP] hard stop requested (cancel-all + zero barrage)
2026-09-14 09:12:35.982 [ROBOT] Stopped. The robot is idle.
2026-09-14 09:12:35.983 [STOP] confirmed stopped by odometry after barrage
2026-09-14 09:12:36.831 [CMD] [remote] what do you
2026-09-14 09:12:36.831 [STOP] hard stop requested (cancel-all + zero barrage)
2026-09-14 09:12:37.405 [BRAIN] {'steps': [{'action': 'describe', 'speech': 'I see a chair, person, and shelf.', 'target': None}]}
2026-09-14 09:12:37.405 [STEP] describe target=None
2026-09-14 09:12:38.882 [ROBOT] Stopped. The robot is idle.
2026-09-14 09:12:38.883 [STOP] confirmed stopped by odometry after barrage
2026-09-14 09:12:44.714 [CMD] [remote] go to the shelf
2026-09-14 09:12:44.714 [STOP] hard stop requested (cancel-all + zero barrage)
2026-09-14 09:12:45.199 [BRAIN] {'steps': [{'action': 'navigate', 'speech': 'Heading to the shelf.', 'target': 'shelf'}]}
2026-09-14 09:12:45.199 [STEP] navigate target='shelf'
2026-09-14 09:12:46.290 [ROBOT] Found the shelf — navigating to it.
2026-09-14 09:12:46.290 [SIGHT] shelf at (-1.23, -3.70), 4.79 m away
2026-09-14 09:12:46.292 [GOAL] (-1.29, -2.40) yaw=-87deg mode=navigate
2026-09-14 09:12:46.762 [ROBOT] Stopped. The robot is idle.
2026-09-14 09:12:46.763 [STOP] confirmed stopped by odometry after barrage
2026-09-14 09:12:47.298 [GOAL] (-1.37, 0.22) yaw=-84deg mode=navigate
2026-09-14 09:12:47.303 [RESULT] nav goal status=6 (not-succeeded)
2026-09-14 09:12:47.303 [WARN] nav goal (-1.37, 0.22) failed (status=6); trying another approach angle
2026-09-14 09:12:48.290 [GOAL] (-1.43, -2.41) yaw=-90deg mode=navigate
2026-09-14 09:12:48.293 [RESULT] nav goal status=6 (not-succeeded)
2026-09-14 09:12:48.293 [WARN] nav goal (-1.43, -2.41) failed (status=6); trying another approach angle
2026-09-14 09:12:49.290 [GOAL] (-1.45, 0.20) yaw=-93deg mode=navigate
2026-09-14 09:12:49.293 [RESULT] nav goal status=6 (not-succeeded)
2026-09-14 09:12:49.293 [WARN] nav goal (-1.45, 0.20) failed (status=6); trying another approach angle
2026-09-14 09:12:50.291 [ROBOT] Arrived at the shelf.
2026-09-14 09:12:56.616 [CMD] [remote] what do you
2026-09-14 09:12:56.616 [STOP] hard stop requested (cancel-all + zero barrage)
2026-09-14 09:12:57.165 [BRAIN] {'steps': [{'action': 'describe', 'speech': 'I see a chair and a shelf.', 'target': None}]}
2026-09-14 09:12:57.166 [STEP] describe target=None
2026-09-14 09:12:58.662 [ROBOT] Stopped. The robot is idle.
2026-09-14 09:12:58.663 [STOP] confirmed stopped by odometry after barrage
2026-09-14 09:13:05.542 [CMD] [remote] go to the
2026-09-14 09:13:05.542 [STOP] hard stop requested (cancel-all + zero barrage)
2026-09-14 09:13:06.040 [BRAIN] {'steps': [{'action': 'navigate', 'speech': 'Heading back to the shelf.', 'target': 'shelf'}]}
2026-09-14 09:13:06.040 [STEP] navigate target='shelf'
2026-09-14 09:13:07.582 [ROBOT] Stopped. The robot is idle.
2026-09-14 09:13:07.583 [STOP] confirmed stopped by odometry after barrage
2026-09-14 09:13:11.287 [ROBOT] Found the shelf — navigating to it.
2026-09-14 09:13:11.287 [SIGHT] shelf at (0.30, -0.14), 1.79 m away
2026-09-14 09:13:11.289 [GOAL] (-0.94, 0.26) yaw=-18deg mode=navigate
2026-09-14 09:13:12.901 [RESULT] nav goal status=4 (ok)
2026-09-14 09:13:13.290 [GOAL] (1.12, 0.66) yaw=9deg mode=navigate
2026-09-14 09:13:16.351 [CMD] (cancel via remote) stop
2026-09-14 09:13:16.351 [STOP] hard stop requested (cancel-all + zero barrage)
2026-09-14 09:13:18.403 [ROBOT] Stopped. The robot is idle.
2026-09-14 09:13:18.403 [STOP] confirmed stopped by odometry after barrage
2026-09-14 09:13:19.226 [CMD] [remote] for
2026-09-14 09:13:19.227 [STOP] hard stop requested (cancel-all + zero barrage)
2026-09-14 09:13:19.977 [BRAIN] {'steps': [{'action': 'reject', 'speech': "I can't fly or go outdoors, but I can explore the indoor area instead — want to try that?", 'target': None}]}
2026-09-14 09:13:19.977 [STEP] reject target=None
2026-09-14 09:13:20.137 [CMD] [remote] forget about everything
2026-09-14 09:13:20.137 [STOP] hard stop requested (cancel-all + zero barrage)
2026-09-14 09:13:20.663 [BRAIN] {'steps': [{'action': 'forget', 'speech': 'Clearing all my remembered positions.', 'target': None}]}
2026-09-14 09:13:20.663 [STEP] forget target=None
2026-09-14 09:13:20.663 [MEMORY] cleared ALL remembered positions (8)
2026-09-14 09:13:22.182 [ROBOT] Stopped. The robot is idle.
2026-09-14 09:13:22.183 [STOP] confirmed stopped by odometry after barrage
2026-09-14 09:13:25.726 [CMD] [remote] forget about everything
2026-09-14 09:13:25.726 [STOP] hard stop requested (cancel-all + zero barrage)
2026-09-14 09:13:26.237 [BRAIN] {'steps': [{'action': 'forget', 'speech': 'Clearing all my remembered positions.', 'target': None}]}
2026-09-14 09:13:26.237 [STEP] forget target=None
2026-09-14 09:13:26.237 [MEMORY] cleared ALL remembered positions (0)
2026-09-14 09:13:27.782 [ROBOT] Stopped. The robot is idle.
2026-09-14 09:13:27.783 [STOP] confirmed stopped by odometry after barrage
2026-09-14 09:13:33.192 [CMD] [remote] turn right
2026-09-14 09:13:33.192 [STOP] hard stop requested (cancel-all + zero barrage)
2026-09-14 09:13:33.818 [BRAIN] {'steps': [{'action': 'move', 'speech': 'Turning ninety degrees to the right.', 'target': None, 'distance_m': 0.0, 'rotation_deg': -90.0}]}
2026-09-14 09:13:33.818 [STEP] move target=None
2026-09-14 09:13:35.242 [ROBOT] Stopped. The robot is idle.
2026-09-14 09:13:35.243 [STOP] confirmed stopped by odometry after barrage
2026-09-14 09:13:40.243 [ROBOT] Done with that move.
2026-09-14 09:13:42.279 [CMD] [remote] what do you
2026-09-14 09:13:42.279 [STOP] hard stop requested (cancel-all + zero barrage)
2026-09-14 09:13:42.956 [BRAIN] {'steps': [{'action': 'answer', 'speech': 'I can see nothing right now, but I remember the last object was a shelf.', 'target': None}]}
2026-09-14 09:13:42.957 [STEP] answer target=None
2026-09-14 09:13:44.322 [ROBOT] Stopped. The robot is idle.
2026-09-14 09:13:44.323 [STOP] confirmed stopped by odometry after barrage
2026-09-14 09:13:46.358 [CMD] [remote] move one meter
2026-09-14 09:13:46.358 [STOP] hard stop requested (cancel-all + zero barrage)
2026-09-14 09:13:46.935 [BRAIN] {'steps': [{'action': 'move', 'speech': 'Moving forward one metre.', 'target': None, 'distance_m': 1.0, 'rotation_deg': 0.0}]}
2026-09-14 09:13:46.935 [STEP] move target=None
2026-09-14 09:13:48.403 [ROBOT] Stopped. The robot is idle.
2026-09-14 09:13:48.403 [STOP] confirmed stopped by odometry after barrage
2026-09-14 09:13:49.343 [GUARD] collision guard stopped the robot at 0.70 m (limit 0.7 m, mode=move)
2026-09-14 09:13:49.343 [ROBOT] Stopping — an obstacle is 0.70 m ahead.
2026-09-14 09:13:53.242 [ROBOT] There's an obstacle ahead — stopping the move early.
2026-09-14 09:13:53.243 [ROBOT] Done with that move.
2026-09-14 09:14:35.780 [CMD] [remote] move one meter ahead
2026-09-14 09:14:35.780 [STOP] hard stop requested (cancel-all + zero barrage)
2026-09-14 09:14:36.375 [BRAIN] {'steps': [{'action': 'move', 'speech': 'Moving forward one metre.', 'target': None, 'distance_m': 1.0, 'rotation_deg': 0.0}]}
2026-09-14 09:14:36.375 [STEP] move target=None
2026-09-14 09:14:37.243 [GUARD] collision guard stopped the robot at 0.66 m (limit 0.7 m, mode=move)
2026-09-14 09:14:37.244 [ROBOT] Stopping — an obstacle is 0.66 m ahead.
2026-09-14 09:14:37.822 [ROBOT] Stopped. The robot is idle.
2026-09-14 09:14:37.823 [STOP] confirmed stopped by odometry after barrage
2026-09-14 09:14:42.443 [GUARD] collision guard stopped the robot at 0.70 m (limit 0.7 m, mode=move)
2026-09-14 09:14:42.443 [ROBOT] Stopping — an obstacle is 0.70 m ahead.
2026-09-14 09:14:45.243 [ROBOT] Done with that move.
2026-09-14 09:14:53.716 [CMD] [remote] what do you see
2026-09-14 09:14:53.717 [STOP] hard stop requested (cancel-all + zero barrage)
2026-09-14 09:14:54.288 [BRAIN] {'steps': [{'action': 'describe', 'speech': 'I can see a chair and a shelf.', 'target': None}]}
2026-09-14 09:14:54.288 [STEP] describe target=None
2026-09-14 09:14:55.762 [ROBOT] Stopped. The robot is idle.
2026-09-14 09:14:55.763 [STOP] confirmed stopped by odometry after barrage
2026-09-14 09:15:06.716 [CMD] [remote] go to the chair that is at 2 7 meters
2026-09-14 09:15:06.716 [STOP] hard stop requested (cancel-all + zero barrage)
2026-09-14 09:15:07.389 [BRAIN] {'steps': [{'action': 'navigate', 'speech': 'Navigating to the chair at 2.7 meters.', 'target': 'chair'}]}
2026-09-14 09:15:07.389 [STEP] navigate target='chair'
2026-09-14 09:15:08.762 [ROBOT] Stopped. The robot is idle.
2026-09-14 09:15:08.763 [STOP] confirmed stopped by odometry after barrage
2026-09-14 09:15:09.291 [ROBOT] Found the chair — navigating to it.
2026-09-14 09:15:09.291 [SIGHT] chair at (0.15, -2.69), 1.41 m away
2026-09-14 09:15:09.291 [ROBOT] Arrived at the chair.
2026-09-14 09:15:22.917 [CMD] [remote] turn right
2026-09-14 09:15:22.918 [STOP] hard stop requested (cancel-all + zero barrage)
2026-09-14 09:15:23.549 [BRAIN] {'steps': [{'action': 'move', 'speech': 'Turning ninety degrees to the right.', 'target': None, 'distance_m': 0.0, 'rotation_deg': -90.0}]}
2026-09-14 09:15:23.549 [STEP] move target=None
2026-09-14 09:15:24.963 [ROBOT] Stopped. The robot is idle.
2026-09-14 09:15:24.963 [STOP] confirmed stopped by odometry after barrage
2026-09-14 09:15:29.243 [ROBOT] Done with that move.
2026-09-14 09:15:31.276 [CMD] [remote] what do you see
2026-09-14 09:15:31.277 [STOP] hard stop requested (cancel-all + zero barrage)
2026-09-14 09:15:31.845 [BRAIN] {'steps': [{'action': 'describe', 'speech': 'I can see a person and a shelf.', 'target': None}]}
2026-09-14 09:15:31.847 [STEP] describe target=None
2026-09-14 09:15:33.322 [ROBOT] Stopped. The robot is idle.
2026-09-14 09:15:33.323 [STOP] confirmed stopped by odometry after barrage
2026-09-14 09:15:38.330 [CMD] [remote] go to the person
2026-09-14 09:15:38.331 [STOP] hard stop requested (cancel-all + zero barrage)
2026-09-14 09:15:38.820 [BRAIN] {'steps': [{'action': 'navigate', 'speech': 'Heading to the person.', 'target': 'person'}]}
2026-09-14 09:15:38.821 [STEP] navigate target='person'
2026-09-14 09:15:40.292 [ROBOT] Found the person — navigating to it.
2026-09-14 09:15:40.292 [SIGHT] person at (-1.71, -0.96), 1.35 m away
2026-09-14 09:15:40.292 [ROBOT] Arrived at the person.
2026-09-14 09:15:40.382 [ROBOT] Stopped. The robot is idle.
2026-09-14 09:15:40.383 [STOP] confirmed stopped by odometry after barrage
2026-09-14 09:15:49.486 [CMD] [remote] turned
2026-09-14 09:15:49.486 [STOP] hard stop requested (cancel-all + zero barrage)
2026-09-14 09:15:50.067 [BRAIN] {'steps': [{'action': 'move', 'speech': 'Turning around.', 'target': None, 'distance_m': 0.0, 'rotation_deg': 90.0}]}
2026-09-14 09:15:50.067 [STEP] move target=None
2026-09-14 09:15:51.543 [ROBOT] Stopped. The robot is idle.
2026-09-14 09:15:51.543 [STOP] confirmed stopped by odometry after barrage
2026-09-14 09:15:56.242 [ROBOT] Done with that move.
2026-09-14 09:16:01.288 [CMD] [remote] turn right and right
2026-09-14 09:16:01.289 [STOP] hard stop requested (cancel-all + zero barrage)
2026-09-14 09:16:02.232 [BRAIN] {'steps': [{'action': 'move', 'speech': 'Turning ninety degrees right.', 'target': None, 'distance_m': 0.0, 'rotation_deg': -90.0}, {'action': 'move', 'speech': 'Turning another ninety degrees right.', 'target': None, 'distance_m': 0.0, 'rotation_deg': -90.0}]}
2026-09-14 09:16:02.232 [STEP] move target=None
2026-09-14 09:16:03.343 [ROBOT] Stopped. The robot is idle.
2026-09-14 09:16:03.343 [STOP] confirmed stopped by odometry after barrage
2026-09-14 09:16:08.243 [ROBOT] Done with that move.
2026-09-14 09:16:08.243 [STEP] move target=None
2026-09-14 09:16:14.243 [ROBOT] Done with that move.
2026-09-14 09:16:16.820 [CMD] [remote] what do you see
2026-09-14 09:16:16.820 [STOP] hard stop requested (cancel-all + zero barrage)
2026-09-14 09:16:17.326 [BRAIN] {'steps': [{'action': 'describe', 'speech': 'I see a person.', 'target': None}]}
2026-09-14 09:16:17.326 [STEP] describe target=None
2026-09-14 09:16:18.862 [ROBOT] Stopped. The robot is idle.
2026-09-14 09:16:18.863 [STOP] confirmed stopped by odometry after barrage
2026-09-14 09:16:20.725 [CMD] [remote] go to the person
2026-09-14 09:16:20.725 [STOP] hard stop requested (cancel-all + zero barrage)
2026-09-14 09:16:21.229 [BRAIN] {'steps': [{'action': 'navigate', 'speech': 'Heading back to the person.', 'target': 'person'}]}
2026-09-14 09:16:21.229 [STEP] navigate target='person'
2026-09-14 09:16:22.289 [ROBOT] Found the person — navigating to it.
2026-09-14 09:16:22.289 [SIGHT] person at (0.12, 0.02), 1.55 m away
2026-09-14 09:16:22.289 [ROBOT] Arrived at the person.
2026-09-14 09:16:22.782 [ROBOT] Stopped. The robot is idle.
2026-09-14 09:16:22.783 [STOP] confirmed stopped by odometry after barrage
2026-09-14 09:17:08.331 [CMD] [remote] what do you see
2026-09-14 09:17:08.331 [STOP] hard stop requested (cancel-all + zero barrage)
2026-09-14 09:17:08.861 [BRAIN] {'steps': [{'action': 'describe', 'speech': 'I can see a person.', 'target': None}]}
2026-09-14 09:17:08.861 [STEP] describe target=None
2026-09-14 09:17:10.383 [ROBOT] Stopped. The robot is idle.
2026-09-14 09:17:10.383 [STOP] confirmed stopped by odometry after barrage
2026-09-14 09:17:13.695 [CMD] [remote] welcome to our dressing room
2026-09-14 09:17:13.696 [STOP] hard stop requested (cancel-all + zero barrage)
2026-09-14 09:17:14.307 [BRAIN] {'steps': [{'action': 'answer', 'speech': 'Welcome! How can I assist you in the dressing room?', 'target': None}]}
2026-09-14 09:17:14.307 [STEP] answer target=None
2026-09-14 09:17:15.742 [ROBOT] Stopped. The robot is idle.
2026-09-14 09:17:15.743 [STOP] confirmed stopped by odometry after barrage
2026-09-14 09:17:22.023 [CMD] [remote] go to the beach for a test drive
2026-09-14 09:17:22.023 [STOP] hard stop requested (cancel-all + zero barrage)
2026-09-14 09:17:22.762 [BRAIN] {'steps': [{'action': 'reject', 'speech': "I can't go outdoors (no doors), but I can show you the person on camera — want that?", 'target': None}]}
2026-09-14 09:17:22.763 [STEP] reject target=None
2026-09-14 09:17:24.082 [ROBOT] Stopped. The robot is idle.
2026-09-14 09:17:24.083 [STOP] confirmed stopped by odometry after barrage
2026-09-14 09:18:42.743 [CMD] [remote] go to the
2026-09-14 09:18:42.743 [STOP] hard stop requested (cancel-all + zero barrage)
2026-09-14 09:18:43.276 [BRAIN] {'steps': [{'action': 'navigate', 'speech': 'Heading back to the person.', 'target': 'person'}]}
2026-09-14 09:18:43.276 [STEP] navigate target='person'
2026-09-14 09:18:44.803 [ROBOT] Stopped. The robot is idle.
2026-09-14 09:18:44.803 [STOP] confirmed stopped by odometry after barrage
2026-09-14 09:18:45.290 [ROBOT] Found the person — navigating to it.
2026-09-14 09:18:45.290 [SIGHT] person at (0.22, 0.00), 1.58 m away
2026-09-14 09:18:45.290 [ROBOT] Arrived at the person.
2026-09-14 09:18:58.878 [CMD] [remote] turn left
2026-09-14 09:18:58.879 [STOP] hard stop requested (cancel-all + zero barrage)
2026-09-14 09:18:59.504 [BRAIN] {'steps': [{'action': 'move', 'speech': 'Turning ninety degrees left.', 'target': None, 'distance_m': 0.0, 'rotation_deg': 90.0}]}
2026-09-14 09:18:59.504 [STEP] move target=None
2026-09-14 09:19:00.923 [ROBOT] Stopped. The robot is idle.
2026-09-14 09:19:00.923 [STOP] confirmed stopped by odometry after barrage
2026-09-14 09:19:05.243 [ROBOT] Done with that move.
2026-09-14 09:19:12.478 [CMD] (manual override via keyboard) manual override
2026-09-14 09:19:12.479 [STOP] hard stop requested (cancel-all + zero barrage)
2026-09-14 09:19:12.479 [MANUAL] operator took manual control
2026-09-14 09:19:14.522 [ROBOT] Stopped. The robot is idle.
2026-09-14 09:19:14.523 [STOP] confirmed stopped by odometry after barrage
2026-09-14 09:20:20.995 [MANUAL] control handed back to the robot
2026-09-14 09:20:29.374 [CMD] [remote] what ddo you see
2026-09-14 09:20:29.375 [STOP] hard stop requested (cancel-all + zero barrage)
2026-09-14 09:20:29.912 [BRAIN] {'steps': [{'action': 'describe', 'speech': 'I can see a person.', 'target': None}]}
2026-09-14 09:20:29.912 [STEP] describe target=None
2026-09-14 09:20:31.422 [ROBOT] Stopped. The robot is idle.
2026-09-14 09:20:31.422 [STOP] confirmed stopped by odometry after barrage
2026-09-14 09:20:35.839 [CMD] [remote] go to the person
2026-09-14 09:20:35.839 [STOP] hard stop requested (cancel-all + zero barrage)
2026-09-14 09:20:36.348 [BRAIN] {'steps': [{'action': 'navigate', 'speech': 'Heading back to the person.', 'target': 'person'}]}
2026-09-14 09:20:36.348 [STEP] navigate target='person'
2026-09-14 09:20:37.882 [ROBOT] Stopped. The robot is idle.
2026-09-14 09:20:37.883 [STOP] confirmed stopped by odometry after barrage
2026-09-14 09:20:38.290 [ROBOT] Found the person — navigating to it.
2026-09-14 09:20:38.290 [SIGHT] person at (1.61, 2.53), 3.63 m away
2026-09-14 09:20:38.291 [GOAL] (1.22, 1.29) yaw=73deg mode=navigate
2026-09-14 09:20:39.297 [GOAL] (0.74, 2.38) yaw=59deg mode=navigate
2026-09-14 09:20:39.304 [RESULT] nav goal status=6 (not-succeeded)
2026-09-14 09:20:39.304 [WARN] nav goal (0.74, 2.38) failed (status=6); trying another approach angle
2026-09-14 09:20:40.292 [GOAL] (0.87, 2.72) yaw=60deg mode=navigate
2026-09-14 09:20:40.303 [RESULT] nav goal status=6 (not-succeeded)
2026-09-14 09:20:40.304 [WARN] nav goal (0.87, 2.72) failed (status=6); trying another approach angle
2026-09-14 09:20:41.293 [GOAL] (1.12, 1.31) yaw=72deg mode=navigate
2026-09-14 09:20:41.304 [RESULT] nav goal status=6 (not-succeeded)
2026-09-14 09:20:41.304 [WARN] nav goal (1.12, 1.31) failed (status=6); trying another approach angle
2026-09-14 09:20:42.289 [GOAL] (0.62, 1.60) yaw=47deg mode=navigate
2026-09-14 09:20:42.294 [RESULT] nav goal status=6 (not-succeeded)
2026-09-14 09:20:42.294 [WARN] nav goal (0.62, 1.60) failed (status=6); trying another approach angle
2026-09-14 09:20:43.288 [GOAL] (0.31, 2.06) yaw=22deg mode=navigate
2026-09-14 09:20:43.294 [RESULT] nav goal status=6 (not-succeeded)
2026-09-14 09:20:43.294 [WARN] nav goal (0.31, 2.06) failed (status=6); trying another approach angle
2026-09-14 09:20:44.292 [GOAL] (0.70, 2.31) yaw=63deg mode=navigate
2026-09-14 09:20:44.303 [RESULT] nav goal status=6 (not-succeeded)
2026-09-14 09:20:44.303 [WARN] nav goal (0.70, 2.31) failed (status=6); trying another approach angle
2026-09-14 09:20:45.291 [GOAL] (0.98, 2.51) yaw=57deg mode=navigate
2026-09-14 09:20:45.293 [RESULT] nav goal status=6 (not-succeeded)
2026-09-14 09:20:45.293 [WARN] nav goal (0.98, 2.51) failed (status=6); trying another approach angle
2026-09-14 09:20:46.288 [GOAL] (0.52, 2.26) yaw=70deg mode=navigate
2026-09-14 09:20:46.294 [RESULT] nav goal status=6 (not-succeeded)
2026-09-14 09:20:46.294 [WARN] nav goal (0.52, 2.26) failed (status=6); trying another approach angle
2026-09-14 09:20:47.291 [GOAL] (0.76, 2.74) yaw=68deg mode=navigate
2026-09-14 09:20:47.293 [RESULT] nav goal status=6 (not-succeeded)
2026-09-14 09:20:47.293 [WARN] nav goal (0.76, 2.74) failed (status=6); trying another approach angle
2026-09-14 09:20:48.291 [GOAL] (0.37, 2.93) yaw=36deg mode=navigate
2026-09-14 09:20:48.293 [RESULT] nav goal status=6 (not-succeeded)
2026-09-14 09:20:48.294 [WARN] nav goal (0.37, 2.93) failed (status=6); trying another approach angle
2026-09-14 09:20:49.298 [GOAL] (0.41, 2.51) yaw=96deg mode=navigate
2026-09-14 09:20:49.304 [RESULT] nav goal status=6 (not-succeeded)
2026-09-14 09:20:49.304 [WARN] nav goal (0.41, 2.51) failed (status=6); trying another approach angle
2026-09-14 09:20:50.253 [RESULT] nav goal status=4 (ok)
2026-09-14 09:20:50.291 [GOAL] (0.55, 3.00) yaw=85deg mode=navigate
2026-09-14 09:20:52.503 [RESULT] nav goal status=4 (ok)
2026-09-14 09:20:53.290 [GOAL] (0.73, 3.14) yaw=60deg mode=navigate
2026-09-14 09:20:54.292 [ROBOT] Arrived at the person.
2026-09-14 09:21:01.966 [CMD] [remote] turn around
2026-09-14 09:21:01.967 [STOP] hard stop requested (cancel-all + zero barrage)
2026-09-14 09:21:02.579 [BRAIN] {'steps': [{'action': 'move', 'speech': 'Turning around.', 'target': None, 'distance_m': 0.0, 'rotation_deg': 180.0}]}
2026-09-14 09:21:02.579 [STEP] move target=None
2026-09-14 09:21:04.022 [ROBOT] Stopped. The robot is idle.
2026-09-14 09:21:04.023 [STOP] confirmed stopped by odometry after barrage
2026-09-14 09:21:10.302 [CMD] (cancel via remote) stop
2026-09-14 09:21:10.303 [STOP] hard stop requested (cancel-all + zero barrage)
2026-09-14 09:21:12.362 [ROBOT] Stopped. The robot is idle.
2026-09-14 09:21:12.363 [STOP] confirmed stopped by odometry after barrage
2026-09-14 09:21:17.118 [CMD] [remote] what do you see
2026-09-14 09:21:17.119 [STOP] hard stop requested (cancel-all + zero barrage)
2026-09-14 09:21:17.711 [BRAIN] {'steps': [{'action': 'describe', 'speech': 'I see a chair, person, and shelf.', 'target': None}]}
2026-09-14 09:21:17.711 [STEP] describe target=None
2026-09-14 09:21:19.162 [ROBOT] Stopped. The robot is idle.
2026-09-14 09:21:19.163 [STOP] confirmed stopped by odometry after barrage
2026-09-14 09:21:24.751 [CMD] [remote] go o the nearest person
2026-09-14 09:21:24.751 [STOP] hard stop requested (cancel-all + zero barrage)
2026-09-14 09:21:25.329 [BRAIN] {'steps': [{'action': 'navigate', 'speech': 'Heading to the closest person.', 'target': 'person', 'qualifier': 'nearest'}]}
2026-09-14 09:21:25.329 [STEP] navigate target='person'
2026-09-14 09:21:26.802 [ROBOT] Stopped. The robot is idle.
2026-09-14 09:21:26.804 [STOP] confirmed stopped by odometry after barrage
2026-09-14 09:21:27.288 [ROBOT] Found the person — navigating to it.
2026-09-14 09:21:27.288 [SIGHT] person at (-1.77, -0.39), 4.09 m away
2026-09-14 09:21:27.289 [GOAL] (-1.03, 0.68) yaw=-125deg mode=navigate
2026-09-14 09:21:37.501 [RESULT] nav goal status=4 (ok)
2026-09-14 09:21:38.288 [ROBOT] Arrived at the person.
2026-09-14 09:22:11.654 [CMD] [remote] turn left 20 degrees and move
2026-09-14 09:22:11.655 [STOP] hard stop requested (cancel-all + zero barrage)
2026-09-14 09:22:12.658 [BRAIN] {'steps': [{'action': 'move', 'speech': 'Turning twenty degrees to the left.', 'target': None, 'distance_m': 0.0, 'rotation_deg': 20.0}, {'action': 'move', 'speech': 'Moving forward half a meter.', 'target': None, 'distance_m': 0.5, 'rotation_deg': 0.0}]}
2026-09-14 09:22:12.658 [STEP] move target=None
2026-09-14 09:22:13.702 [ROBOT] Stopped. The robot is idle.
2026-09-14 09:22:13.703 [STOP] confirmed stopped by odometry after barrage
2026-09-14 09:22:16.243 [ROBOT] Done with that move.
2026-09-14 09:22:16.244 [STEP] move target=None
2026-09-14 09:22:21.243 [ROBOT] Done with that move.
2026-09-14 09:22:40.559 [CMD] [remote] move 3 meters ahead
2026-09-14 09:22:40.559 [STOP] hard stop requested (cancel-all + zero barrage)
2026-09-14 09:22:41.147 [BRAIN] {'steps': [{'action': 'move', 'speech': 'Moving forward three metres.', 'target': None, 'distance_m': 3.0, 'rotation_deg': 0.0}]}
2026-09-14 09:22:41.147 [STEP] move target=None
2026-09-14 09:22:42.603 [ROBOT] Stopped. The robot is idle.
2026-09-14 09:22:42.603 [STOP] confirmed stopped by odometry after barrage
2026-09-14 09:22:51.551 [CMD] (cancel via remote) stop
2026-09-14 09:22:51.552 [STOP] hard stop requested (cancel-all + zero barrage)
2026-09-14 09:22:53.602 [ROBOT] Stopped. The robot is idle.
2026-09-14 09:22:53.603 [STOP] confirmed stopped by odometry after barrage
2026-09-14 09:22:56.559 [CMD] [remote] turn around
2026-09-14 09:22:56.559 [STOP] hard stop requested (cancel-all + zero barrage)
2026-09-14 09:22:57.169 [BRAIN] {'steps': [{'action': 'move', 'speech': 'Turning around.', 'target': None, 'distance_m': 0.0, 'rotation_deg': 180.0}]}
2026-09-14 09:22:57.169 [STEP] move target=None
2026-09-14 09:22:58.602 [ROBOT] Stopped. The robot is idle.
2026-09-14 09:22:58.603 [STOP] confirmed stopped by odometry after barrage
2026-09-14 09:23:06.243 [ROBOT] Done with that move.
2026-09-14 09:23:08.410 [CMD] [remote] what do you say
2026-09-14 09:23:08.410 [STOP] hard stop requested (cancel-all + zero barrage)
2026-09-14 09:23:09.156 [BRAIN] {'steps': [{'action': 'answer', 'speech': "I was told to go to a person, but I can't find one now. Let me check around.", 'target': None}]}
2026-09-14 09:23:09.156 [STEP] answer target=None
2026-09-14 09:23:10.462 [ROBOT] Stopped. The robot is idle.
2026-09-14 09:23:10.463 [STOP] confirmed stopped by odometry after barrage
2026-09-14 09:23:15.152 [CMD] [remote] look to the further of the channel to see more videos thank you
2026-09-14 09:23:15.153 [STOP] hard stop requested (cancel-all + zero barrage)
2026-09-14 09:23:15.687 [BRAIN] {'steps': [{'action': 'locate', 'speech': 'Locating the farthest channel.', 'target': 'channel'}]}
2026-09-14 09:23:15.688 [STEP] locate target='channel'
2026-09-14 09:23:17.202 [ROBOT] Stopped. The robot is idle.
2026-09-14 09:23:17.203 [STOP] confirmed stopped by odometry after barrage
2026-09-14 09:23:35.039 [CMD] (cancel via remote) cancel
2026-09-14 09:23:35.039 [STOP] hard stop requested (cancel-all + zero barrage)
2026-09-14 09:23:37.082 [ROBOT] Stopped. The robot is idle.
2026-09-14 09:23:37.083 [STOP] confirmed stopped by odometry after barrage
2026-09-14 09:23:37.939 [CMD] [remote] thank you for listening
2026-09-14 09:23:37.939 [STOP] hard stop requested (cancel-all + zero barrage)
2026-09-14 09:23:38.427 [BRAIN] {'steps': [{'action': 'answer', 'speech': "You're welcome!", 'target': None}]}
2026-09-14 09:23:38.427 [STEP] answer target=None
2026-09-14 09:23:39.982 [ROBOT] Stopped. The robot is idle.
2026-09-14 09:23:39.983 [STOP] confirmed stopped by odometry after barrage
2026-09-14 09:23:44.484 [CMD] [remote] what do you see
2026-09-14 09:23:44.484 [STOP] hard stop requested (cancel-all + zero barrage)
2026-09-14 09:23:45.000 [BRAIN] {'steps': [{'action': 'describe', 'speech': 'I can see a chair.', 'target': None}]}
2026-09-14 09:23:45.001 [STEP] describe target=None
2026-09-14 09:23:46.543 [ROBOT] Stopped. The robot is idle.
2026-09-14 09:23:46.543 [STOP] confirmed stopped by odometry after barrage
2026-09-14 09:23:49.443 [CMD] [remote] go to the furthest chair
2026-09-14 09:23:49.444 [STOP] hard stop requested (cancel-all + zero barrage)
2026-09-14 09:23:50.051 [BRAIN] {'steps': [{'action': 'navigate', 'speech': 'Heading to the farthest chair.', 'target': 'chair', 'qualifier': 'farthest'}]}
2026-09-14 09:23:50.051 [STEP] navigate target='chair'
2026-09-14 09:23:51.288 [ROBOT] Found the chair — navigating to it.
2026-09-14 09:23:51.288 [SIGHT] chair at (-1.33, 4.10), 5.62 m away
2026-09-14 09:23:51.291 [GOAL] (-1.17, 2.81) yaw=97deg mode=navigate
2026-09-14 09:23:51.502 [ROBOT] Stopped. The robot is idle.
2026-09-14 09:23:51.504 [STOP] confirmed stopped by odometry after barrage
2026-09-14 09:23:53.290 [GOAL] (-1.33, 5.41) yaw=96deg mode=navigate
2026-09-14 09:23:53.293 [RESULT] nav goal status=6 (not-succeeded)
2026-09-14 09:23:53.293 [WARN] nav goal (-1.33, 5.41) failed (status=6); trying another approach angle
2026-09-14 09:23:54.293 [GOAL] (-0.95, 2.80) yaw=94deg mode=navigate
2026-09-14 09:23:54.302 [RESULT] nav goal status=6 (not-succeeded)
2026-09-14 09:23:54.303 [WARN] nav goal (-0.95, 2.80) failed (status=6); trying another approach angle
2026-09-14 09:23:55.291 [GOAL] (-0.37, 3.07) yaw=119deg mode=navigate
2026-09-14 09:23:55.293 [RESULT] nav goal status=6 (not-succeeded)
2026-09-14 09:23:55.293 [WARN] nav goal (-0.37, 3.07) failed (status=6); trying another approach angle
2026-09-14 09:23:56.293 [GOAL] (0.93, 2.54) yaw=61deg mode=navigate
2026-09-14 09:23:56.303 [RESULT] nav goal status=6 (not-succeeded)
2026-09-14 09:23:56.303 [WARN] nav goal (0.93, 2.54) failed (status=6); trying another approach angle
2026-09-14 09:23:57.289 [WARN] suspicious chair jump of 3.3 m (occlusion/depth noise?) — waiting for a confirming look (agree radius 1.1 m)
2026-09-14 09:23:57.291 [GOAL] (0.49, 2.93) yaw=35deg mode=navigate
2026-09-14 09:23:57.293 [RESULT] nav goal status=6 (not-succeeded)
2026-09-14 09:23:57.293 [WARN] nav goal (0.49, 2.93) failed (status=6); trying another approach angle
2026-09-14 09:23:58.289 [WARN] suspicious chair jump of 5.1 m (occlusion/depth noise?) — waiting for a confirming look (agree radius 1.8 m)
2026-09-14 09:23:58.291 [GOAL] (1.04, 2.82) yaw=59deg mode=navigate
2026-09-14 09:23:58.293 [RESULT] nav goal status=6 (not-succeeded)
2026-09-14 09:23:58.294 [WARN] nav goal (1.04, 2.82) failed (status=6); trying another approach angle
2026-09-14 09:23:59.290 [GOAL] (-0.07, 1.41) yaw=68deg mode=navigate
2026-09-14 09:23:59.293 [RESULT] nav goal status=6 (not-succeeded)
2026-09-14 09:23:59.293 [WARN] nav goal (-0.07, 1.41) failed (status=6); trying another approach angle
2026-09-14 09:24:00.292 [GOAL] (0.04, 1.71) yaw=69deg mode=navigate
2026-09-14 09:24:00.303 [RESULT] nav goal status=6 (not-succeeded)
2026-09-14 09:24:00.303 [WARN] nav goal (0.04, 1.71) failed (status=6); trying another approach angle
2026-09-14 09:24:01.291 [GOAL] (0.48, 1.37) yaw=95deg mode=navigate
2026-09-14 09:24:01.303 [RESULT] nav goal status=6 (not-succeeded)
2026-09-14 09:24:01.303 [WARN] nav goal (0.48, 1.37) failed (status=6); trying another approach angle
2026-09-14 09:24:02.291 [GOAL] (-0.54, 1.75) yaw=45deg mode=navigate
2026-09-14 09:24:02.293 [RESULT] nav goal status=6 (not-succeeded)
2026-09-14 09:24:02.293 [WARN] nav goal (-0.54, 1.75) failed (status=6); trying another approach angle
2026-09-14 09:24:03.292 [GOAL] (-0.32, 1.95) yaw=46deg mode=navigate
2026-09-14 09:24:03.303 [RESULT] nav goal status=6 (not-succeeded)
2026-09-14 09:24:03.303 [WARN] nav goal (-0.32, 1.95) failed (status=6); trying another approach angle
2026-09-14 09:24:04.288 [ROBOT] Arrived at the chair.
2026-09-14 09:24:41.802 [CMD] [remote] turn left 20 degrees
2026-09-14 09:24:41.802 [STOP] hard stop requested (cancel-all + zero barrage)
2026-09-14 09:24:42.441 [BRAIN] {'steps': [{'action': 'move', 'speech': 'Turning twenty degrees to the left.', 'target': None, 'distance_m': 0.0, 'rotation_deg': 20.0}]}
2026-09-14 09:24:42.441 [STEP] move target=None
2026-09-14 09:24:43.843 [ROBOT] Stopped. The robot is idle.
2026-09-14 09:24:43.843 [STOP] confirmed stopped by odometry after barrage
2026-09-14 09:24:46.243 [ROBOT] Done with that move.
2026-09-14 09:24:48.914 [CMD] [remote] what do you
2026-09-14 09:24:48.914 [STOP] hard stop requested (cancel-all + zero barrage)
2026-09-14 09:24:49.498 [BRAIN] {'steps': [{'action': 'answer', 'speech': 'I can see a chair and a person right now.', 'target': None}]}
2026-09-14 09:24:49.498 [STEP] answer target=None
2026-09-14 09:24:50.962 [ROBOT] Stopped. The robot is idle.
2026-09-14 09:24:50.963 [STOP] confirmed stopped by odometry after barrage
2026-09-14 09:24:51.823 [CMD] [remote] go to the
2026-09-14 09:24:51.823 [STOP] hard stop requested (cancel-all + zero barrage)
2026-09-14 09:24:52.332 [BRAIN] {'steps': [{'action': 'navigate', 'speech': 'Heading back to the chair.', 'target': 'chair'}]}
2026-09-14 09:24:52.332 [STEP] navigate target='chair'
2026-09-14 09:24:53.882 [ROBOT] Stopped. The robot is idle.
2026-09-14 09:24:53.883 [STOP] confirmed stopped by odometry after barrage
2026-09-14 09:24:54.289 [ROBOT] Found the chair — navigating to it.
2026-09-14 09:24:54.289 [SIGHT] chair at (0.43, 4.15), 2.43 m away
2026-09-14 09:24:54.292 [GOAL] (0.18, 3.18) yaw=76deg mode=navigate
2026-09-14 09:24:54.783 [CMD] (cancel via remote) cancel
2026-09-14 09:24:54.783 [STOP] hard stop requested (cancel-all + zero barrage)
2026-09-14 09:24:56.842 [ROBOT] Stopped. The robot is idle.
2026-09-14 09:24:56.843 [STOP] confirmed stopped by odometry after barrage
2026-09-14 09:24:57.404 [CMD] [remote] go to the person
2026-09-14 09:24:57.404 [STOP] hard stop requested (cancel-all + zero barrage)
2026-09-14 09:24:57.891 [BRAIN] {'steps': [{'action': 'navigate', 'speech': 'Heading to the person.', 'target': 'person'}]}
2026-09-14 09:24:57.891 [STEP] navigate target='person'
2026-09-14 09:24:57.933 [MEMORY] seeded person from remembered instance at (1.61, 2.53)
2026-09-14 09:24:58.287 [GOAL] (0.38, 2.11) yaw=19deg mode=navigate
2026-09-14 09:24:59.462 [ROBOT] Stopped. The robot is idle.
2026-09-14 09:24:59.463 [STOP] confirmed stopped by odometry after barrage
2026-09-14 09:25:02.286 [ROBOT] I'm at the spot where I last saw the person, but I can't see it from here right now — it may have moved. Say 'go to the person' to search fresh.
2026-09-14 09:25:06.387 [CMD] [remote] bye-bye
2026-09-14 09:25:06.388 [STOP] hard stop requested (cancel-all + zero barrage)
2026-09-14 09:25:06.991 [BRAIN] {'steps': [{'action': 'answer', 'speech': "Goodbye! I'll be here if you need me.", 'target': None}]}
2026-09-14 09:25:06.991 [STEP] answer target=None
2026-09-14 09:25:08.443 [ROBOT] Stopped. The robot is idle.
2026-09-14 09:25:08.443 [STOP] confirmed stopped by odometry after barrage
2026-09-14 09:25:13.741 [CMD] [remote] bye-bye
2026-09-14 09:25:13.741 [STOP] hard stop requested (cancel-all + zero barrage)
2026-09-14 09:25:14.341 [BRAIN] {'steps': [{'action': 'answer', 'speech': "Goodbye! I'll be here if you need me.", 'target': None}]}
2026-09-14 09:25:14.341 [STEP] answer target=None
2026-09-14 09:25:15.782 [ROBOT] Stopped. The robot is idle.
2026-09-14 09:25:15.783 [STOP] confirmed stopped by odometry after barrage
2026-09-14 09:25:19.551 [CMD] [remote] turn lef t
2026-09-14 09:25:19.551 [STOP] hard stop requested (cancel-all + zero barrage)
2026-09-14 09:25:20.123 [BRAIN] {'steps': [{'action': 'move', 'speech': 'Turning left.', 'target': None, 'distance_m': 0.0, 'rotation_deg': 90.0}]}
2026-09-14 09:25:20.123 [STEP] move target=None
2026-09-14 09:25:21.602 [ROBOT] Stopped. The robot is idle.
2026-09-14 09:25:21.603 [STOP] confirmed stopped by odometry after barrage
2026-09-14 09:25:26.243 [ROBOT] Done with that move.
2026-09-14 09:25:31.855 [CMD] [remote] turn left 20
2026-09-14 09:25:31.855 [STOP] hard stop requested (cancel-all + zero barrage)
2026-09-14 09:25:32.484 [BRAIN] {'steps': [{'action': 'move', 'speech': 'Turning twenty degrees to the left.', 'target': None, 'distance_m': 0.0, 'rotation_deg': 20.0}]}
2026-09-14 09:25:32.484 [STEP] move target=None
2026-09-14 09:25:33.902 [ROBOT] Stopped. The robot is idle.
2026-09-14 09:25:33.903 [STOP] confirmed stopped by odometry after barrage
2026-09-14 09:25:36.242 [ROBOT] Done with that move.
2026-09-14 09:25:43.903 [CMD] [remote] go to the person
2026-09-14 09:25:43.903 [STOP] hard stop requested (cancel-all + zero barrage)
2026-09-14 09:25:44.407 [BRAIN] {'steps': [{'action': 'navigate', 'speech': 'Heading back to the person.', 'target': 'person'}]}
2026-09-14 09:25:44.408 [STEP] navigate target='person'
2026-09-14 09:25:45.962 [ROBOT] Stopped. The robot is idle.
2026-09-14 09:25:45.963 [STOP] confirmed stopped by odometry after barrage
2026-09-14 09:25:46.288 [ROBOT] Found the person — navigating to it.
2026-09-14 09:25:46.289 [SIGHT] person at (-1.01, 4.33), 2.42 m away
2026-09-14 09:25:46.291 [GOAL] (-0.39, 3.18) yaw=118deg mode=navigate
2026-09-14 09:25:50.954 [RESULT] nav goal status=4 (ok)
2026-09-14 09:25:51.288 [GOAL] (-0.62, 3.17) yaw=143deg mode=navigate
2026-09-14 09:25:52.250 [RESULT] nav goal status=4 (ok)
2026-09-14 09:25:52.287 [ROBOT] Arrived at the person.
2026-09-14 09:26:40.205 [CMD] [remote] bye bye
2026-09-14 09:26:40.206 [STOP] hard stop requested (cancel-all + zero barrage)
2026-09-14 09:26:40.832 [BRAIN] {'steps': [{'action': 'answer', 'speech': 'Goodbye! If you need anything, just call me back.', 'target': None}]}
2026-09-14 09:26:40.832 [STEP] answer target=None
2026-09-14 09:26:42.262 [ROBOT] Stopped. The robot is idle.
2026-09-14 09:26:42.263 [STOP] confirmed stopped by odometry after barrage
2026-09-14 09:26:57.040 [CMD] (manual override via keyboard) manual
2026-09-14 09:26:57.040 [STOP] hard stop requested (cancel-all + zero barrage)
2026-09-14 09:26:57.040 [MANUAL] operator took manual control
2026-09-14 09:26:59.082 [ROBOT] Stopped. The robot is idle.
2026-09-14 09:26:59.083 [STOP] confirmed stopped by odometry after barrage
2026-09-14 09:27:50.287 [CMD] [remote] dock
2026-09-14 09:27:50.287 [STOP] hard stop requested (cancel-all + zero barrage)
2026-09-14 09:27:50.288 [STEP] dock target=None
2026-09-14 09:27:50.288 [ROBOT] Docking…
2026-09-14 09:27:56.302 [ROBOT] I sent the stop but the robot is STILL MOVING (0.08 m/s, 0.25 rad/s). Take manual override now.
2026-09-14 09:27:56.303 [ERROR] #35 robot still moving 6.0s after stop: lin=0.08 ang=0.25
2026-09-14 09:28:17.409 [DOCK] dock position recorded at (-0.03, -0.09); detections within 0.8 m are ignored
2026-09-14 09:28:17.409 [MEMORY] purged 1 remembered person position(s) that sat on the dock
2026-09-14 09:28:19.115 [DOCK] dock position recorded at (-0.03, -0.09); detections within 0.8 m are ignored
2026-09-14 09:28:19.116 [ROBOT] Docked successfully.
2026-09-14 09:28:19.116 [DOCK] dock ok
2026-09-14 09:28:25.642 [ROBOT] I've stopped receiving camera frames (none for over 5s). Check the OAK-D driver — I can still move, but I'm blind until it's back.
2026-09-14 09:28:25.643 [WARN] #32e camera stream stalled (>5s)
2026-09-14 10:51:06.640 [MANUAL] control handed back to the robot
2026-09-14 10:51:06.640 [WARN] #35 cancel-all failed: failed to check service availability: rcl node's context is invalid, at ./src/rcl/node.c:428
2026-09-14 10:51:06.640 [STOP] hard stop requested (cancel-all + zero barrage)
2026-09-14 10:51:06.640 [RUN] agent shutting down
