2026-08-13 13:21:46.332 [RUN] vla_agent v28  (#63 headless-safe console output, #62 direction-aware collision guard, #61 nearest-cluster LiDAR ranging, #60 manual override teleop, #59 10 Hz collision guard, #58 smoother approach, #57 stand off far enough to keep the object in view, #56 step-and-stare scan, #55 LiDAR failure reasons reported, #54 LiDAR object ranging, #53 seeded depth intrinsics, #52 depth intrinsics rescaled to frame size, #51 compressedDepth transport, #50 compressed RGB transport, #49 annotated feed gated per topic, #47 TF at colour-frame stamp, #48 reject stale depth, #46 one subscription per camera stream, #43 longer cached action-server wait, #44 undock retry-loop breaker, #45 sync slop for 1 Hz depth, #37 /robot1 namespace, #38 stereo depth topic, #39 best-effort sensor QoS, #40 RGB->depth pixel mapping, #41 encoding-based mm/m, #42 explicit namespaced TF, #36 no patrol feed prompt, #35 cancel actually stops the robot, #34 feed publishes to any subscriber, #22 dock no-detect zone, #23 live-first memory, #24 forget, #25 typo-tolerant control words, #26 bare yes/no, #27 context expiry, #28 all-instance distances, #29 Create 3 backup ratchet, #30 sticky goals + range-scaled gate + ring-safe blacklist, #31 incremental off-map hop goals, #32 non-freezing live feed, #33 command/reply/status bridge)
2026-08-13 13:21:46.332 [RUN] agent started (SIGHT_CONFIRM=2, SEARCH_TIMEOUT=120.0s, NO_PROGRESS_LIMIT=60.0s, ROBOT_CLEARANCE=0.25m)
2026-08-13 13:21:47.034 [INFO] live depth camera_info received 320x240
2026-08-13 13:30:23.138 [CMD] [remote] undock
2026-08-13 13:30:23.139 [STOP] hard stop requested (cancel-all + zero barrage)
2026-08-13 13:30:23.139 [STEP] undock target=None
2026-08-13 13:30:23.139 [ROBOT] Undocking…
2026-08-13 13:30:26.882 [ROBOT] Stopped. The robot is idle.
2026-08-13 13:30:26.882 [STOP] confirmed stopped by odometry after barrage
2026-08-13 13:30:33.667 [ROBOT] Undocked — ready to move.
2026-08-13 13:30:33.667 [DOCK] undock ok
2026-08-13 13:31:02.712 [CMD] [remote] earned right
2026-08-13 13:31:02.713 [STOP] hard stop requested (cancel-all + zero barrage)
2026-08-13 13:31:04.762 [ROBOT] Stopped. The robot is idle.
2026-08-13 13:31:04.764 [STOP] confirmed stopped by odometry after barrage
2026-08-13 13:31:06.954 [BRAIN] {'steps': [{'action': 'reject', 'speech': "I can't understand what you mean by 'earned right'. Can you clarify or give more context?", 'target': None}]}
2026-08-13 13:31:06.954 [STEP] reject target=None
2026-08-13 13:31:09.227 [CMD] [remote] turn right
2026-08-13 13:31:09.228 [STOP] hard stop requested (cancel-all + zero barrage)
2026-08-13 13:31:10.056 [BRAIN] {'steps': [{'action': 'move', 'speech': 'Turning ninety degrees right.', 'target': None, 'distance_m': 0.0, 'rotation_deg': -90.0}]}
2026-08-13 13:31:10.056 [STEP] move target=None
2026-08-13 13:31:11.282 [ROBOT] Stopped. The robot is idle.
2026-08-13 13:31:11.283 [STOP] confirmed stopped by odometry after barrage
2026-08-13 13:31:16.362 [ROBOT] Done with that move.
2026-08-13 13:31:19.060 [CMD] [remote] move 1 meter ahead
2026-08-13 13:31:19.061 [STOP] hard stop requested (cancel-all + zero barrage)
2026-08-13 13:31:19.849 [BRAIN] {'steps': [{'action': 'move', 'speech': 'Moving forward one metre.', 'target': None, 'distance_m': 1.0, 'rotation_deg': 0.0}]}
2026-08-13 13:31:19.849 [STEP] move target=None
2026-08-13 13:31:21.102 [ROBOT] Stopped. The robot is idle.
2026-08-13 13:31:21.102 [STOP] confirmed stopped by odometry after barrage
2026-08-13 13:31:27.362 [ROBOT] Done with that move.
