2026-09-17 13:54:20.917 [RUN] vla_agent v28  (#63 headless-safe console output, #62 direction-aware collision guard, #61 nearest-cluster LiDAR ranging, #60 manual override teleop, #59 10 Hz collision guard, #58 smoother approach, #57 stand off far enough to keep the object in view, #56 step-and-stare scan, #55 LiDAR failure reasons reported, #54 LiDAR object ranging, #53 seeded depth intrinsics, #52 depth intrinsics rescaled to frame size, #51 compressedDepth transport, #50 compressed RGB transport, #49 annotated feed gated per topic, #47 TF at colour-frame stamp, #48 reject stale depth, #46 one subscription per camera stream, #43 longer cached action-server wait, #44 undock retry-loop breaker, #45 sync slop for 1 Hz depth, #37 /robot1 namespace, #38 stereo depth topic, #39 best-effort sensor QoS, #40 RGB->depth pixel mapping, #41 encoding-based mm/m, #42 explicit namespaced TF, #36 no patrol feed prompt, #35 cancel actually stops the robot, #34 feed publishes to any subscriber, #22 dock no-detect zone, #23 live-first memory, #24 forget, #25 typo-tolerant control words, #26 bare yes/no, #27 context expiry, #28 all-instance distances, #29 Create 3 backup ratchet, #30 sticky goals + range-scaled gate + ring-safe blacklist, #31 incremental off-map hop goals, #32 non-freezing live feed, #33 command/reply/status bridge)
2026-09-17 13:54:20.917 [RUN] agent started (SIGHT_CONFIRM=2, SEARCH_TIMEOUT=120.0s, NO_PROGRESS_LIMIT=60.0s, ROBOT_CLEARANCE=0.25m)
2026-09-17 13:55:31.535 [CMD] [remote] what do you see
2026-09-17 13:55:31.535 [STOP] hard stop requested (cancel-all + zero barrage)
2026-09-17 13:55:33.144 [BRAIN] {'steps': [{'action': 'describe', 'speech': 'I see a chair and a person.', 'target': None}]}
2026-09-17 13:55:33.144 [STEP] describe target=None
2026-09-17 13:55:33.579 [ROBOT] Stopped. The robot is idle.
2026-09-17 13:55:33.579 [STOP] confirmed stopped by odometry after barrage
2026-09-17 13:58:20.445 [CMD] [remote] dock
2026-09-17 13:58:20.446 [STOP] hard stop requested (cancel-all + zero barrage)
2026-09-17 13:58:20.446 [STEP] dock target=None
2026-09-17 13:58:20.446 [ROBOT] Docking…
2026-09-17 13:58:26.459 [ROBOT] I sent the stop but the robot is STILL MOVING (0.00 m/s, 0.66 rad/s). Take manual override now.
2026-09-17 13:58:26.459 [ERROR] #35 robot still moving 6.0s after stop: lin=0.00 ang=0.66
2026-09-17 13:58:27.864 [CMD] (cancel via remote) cancel
2026-09-17 13:58:27.864 [STOP] hard stop requested (cancel-all + zero barrage)
2026-09-17 13:58:27.942 [ROBOT] The dock action did not complete — please check the robot. (dock_status will keep me updated.)
2026-09-17 13:58:27.942 [DOCK] dock FAILED
2026-09-17 13:58:29.919 [ROBOT] Stopped. The robot is idle.
2026-09-17 13:58:29.919 [STOP] confirmed stopped by odometry after barrage
2026-09-17 13:58:36.063 [STOP] hard stop requested (cancel-all + zero barrage)
2026-09-17 13:58:36.063 [RUN] agent shutting down
