2026-08-04 14:21:59.336 [RUN] vla_agent v11  (#35 cancel actually stops the robot, #34 feed publishes to any subscriber, #22 dock no-detect zone, #23 live-first memory, #24 forget, #25 typo-tolerant control words, #26 bare yes/no, #27 context expiry, #28 all-instance distances, #29 Create 3 backup ratchet, #30 sticky goals + range-scaled gate + ring-safe blacklist, #31 incremental off-map hop goals, #32 non-freezing live feed, #33 command/reply/status bridge)
2026-08-04 14:21:59.336 [RUN] agent started (SIGHT_CONFIRM=2, SEARCH_TIMEOUT=45.0s, NO_PROGRESS_LIMIT=60.0s, ROBOT_CLEARANCE=0.25m)
2026-08-04 14:21:59.405 [RUN] headless mode (no tty)
2026-08-04 14:22:52.824 [CMD] [remote] turn left 90 degree
2026-08-04 14:22:52.825 [STOP] hard stop requested (cancel-all + zero barrage)
2026-08-04 14:22:53.613 [BRAIN] {'steps': [{'action': 'move', 'speech': 'Turning ninety degrees left.', 'target': None, 'distance_m': 0.0, 'rotation_deg': 90.0}]}
2026-08-04 14:22:53.613 [STEP] move target=None
2026-08-04 14:22:54.883 [ROBOT] Stopped. The robot is idle.
2026-08-04 14:22:54.884 [STOP] confirmed stopped by odometry after barrage
2026-08-04 14:23:03.404 [ROBOT] Done with that move.
2026-08-04 14:23:11.406 [CMD] [remote] then move stop stop stop
2026-08-04 14:23:11.406 [STOP] hard stop requested (cancel-all + zero barrage)
2026-08-04 14:23:12.192 [BRAIN] {'steps': [{'action': 'move', 'speech': 'Already stopped.', 'target': None, 'distance_m': 0.0, 'rotation_deg': 0.0}]}
2026-08-04 14:23:12.192 [STEP] move target=None
2026-08-04 14:23:13.464 [ROBOT] Stopped. The robot is idle.
2026-08-04 14:23:13.465 [STOP] confirmed stopped by odometry after barrage
2026-08-04 14:23:20.385 [CMD] [remote] move one meter ahead and turn right
2026-08-04 14:23:20.385 [STOP] hard stop requested (cancel-all + zero barrage)
2026-08-04 14:23:21.280 [BRAIN] {'steps': [{'action': 'move', 'speech': 'Moving forward one metre and turning right.', 'target': None, 'distance_m': 1.0, 'rotation_deg': -90.0}]}
2026-08-04 14:23:21.280 [STEP] move target=None
2026-08-04 14:23:22.444 [ROBOT] Stopped. The robot is idle.
2026-08-04 14:23:22.444 [STOP] confirmed stopped by odometry after barrage
2026-08-04 14:23:27.003 [CMD] [remote] again
2026-08-04 14:23:27.004 [STOP] hard stop requested (cancel-all + zero barrage)
2026-08-04 14:23:27.724 [BRAIN] {'steps': [{'action': 'locate', 'speech': 'Looking for the box again.', 'target': 'box'}]}
2026-08-04 14:23:27.725 [STEP] locate target='box'
2026-08-04 14:23:29.064 [ROBOT] Stopped. The robot is idle.
2026-08-04 14:23:29.064 [STOP] confirmed stopped by odometry after barrage
2026-08-04 14:23:29.526 [MEMORY] remembered 1 box(s) at (-0.75, 7.77) d=7.80m
2026-08-04 14:23:29.526 [ROBOT] Yes — I can see a box about 7.8 m away. I'll remember where it is. (Locating only — not driving to it.)
2026-08-04 14:23:32.264 [CMD] (cancel via remote) stop
2026-08-04 14:23:32.264 [STOP] hard stop requested (cancel-all + zero barrage)
2026-08-04 14:23:34.324 [ROBOT] Stopped. The robot is idle.
2026-08-04 14:23:34.324 [STOP] confirmed stopped by odometry after barrage
2026-08-04 14:23:40.083 [CMD] [remote] move one meter ahead
2026-08-04 14:23:40.084 [STOP] hard stop requested (cancel-all + zero barrage)
2026-08-04 14:23:40.874 [BRAIN] {'steps': [{'action': 'move', 'speech': 'Moving forward one metre.', 'target': None, 'distance_m': 1.0, 'rotation_deg': 0.0}]}
2026-08-04 14:23:40.874 [STEP] move target=None
2026-08-04 14:23:42.144 [ROBOT] Stopped. The robot is idle.
2026-08-04 14:23:42.144 [STOP] confirmed stopped by odometry after barrage
2026-08-04 14:23:49.404 [ROBOT] Done with that move.
2026-08-04 14:23:54.378 [CMD] [remote] done right
2026-08-04 14:23:54.379 [STOP] hard stop requested (cancel-all + zero barrage)
2026-08-04 14:23:55.476 [BRAIN] {'steps': [{'action': 'reject', 'speech': "I can't confirm seeing a box since nothing is in view, but I can re-locate it for you if needed.", 'target': None}]}
2026-08-04 14:23:55.476 [STEP] reject target=None
2026-08-04 14:23:56.424 [ROBOT] Stopped. The robot is idle.
2026-08-04 14:23:56.425 [STOP] confirmed stopped by odometry after barrage
2026-08-04 14:24:05.130 [CMD] [remote] turn right
2026-08-04 14:24:05.131 [STOP] hard stop requested (cancel-all + zero barrage)
2026-08-04 14:24:05.971 [BRAIN] {'steps': [{'action': 'move', 'speech': 'Turning ninety degrees to the right.', 'target': None, 'distance_m': 0.0, 'rotation_deg': -90.0}]}
2026-08-04 14:24:05.971 [STEP] move target=None
2026-08-04 14:24:07.183 [ROBOT] Stopped. The robot is idle.
2026-08-04 14:24:07.184 [STOP] confirmed stopped by odometry after barrage
2026-08-04 14:24:12.404 [ROBOT] Done with that move.
2026-08-04 14:24:15.543 [CMD] [remote] what do you see
2026-08-04 14:24:15.544 [STOP] hard stop requested (cancel-all + zero barrage)
2026-08-04 14:24:16.306 [BRAIN] {'steps': [{'action': 'describe', 'speech': 'I see a chair and a person.', 'target': None}]}
2026-08-04 14:24:16.306 [STEP] describe target=None
2026-08-04 14:24:17.604 [ROBOT] Stopped. The robot is idle.
2026-08-04 14:24:17.604 [STOP] confirmed stopped by odometry after barrage
2026-08-04 14:24:20.817 [CMD] [remote] go to the chair
2026-08-04 14:24:20.818 [STOP] hard stop requested (cancel-all + zero barrage)
2026-08-04 14:24:21.597 [BRAIN] {'steps': [{'action': 'navigate', 'speech': 'Heading to the chair.', 'target': 'chair'}]}
2026-08-04 14:24:21.598 [STEP] navigate target='chair'
2026-08-04 14:24:22.864 [ROBOT] Stopped. The robot is idle.
2026-08-04 14:24:22.864 [STOP] confirmed stopped by odometry after barrage
2026-08-04 14:24:23.477 [ROBOT] Found the chair — navigating to it.
2026-08-04 14:24:23.477 [SIGHT] chair at (13.52, -4.69), 14.39 m away
2026-08-04 14:24:23.477 [ROBOT] The chair is about 14.4 m away, past the edge of what I've mapped. Moving up in short steps and mapping as I go.
2026-08-04 14:24:23.477 [STEP] #31 hop mode engaged for chair: object (13.52, -4.69) at 14.4 m, area_mapped=False
2026-08-04 14:24:23.477 [GOAL] #31 hop 1: 1.50 m toward chair (still 14.4 m away)
2026-08-04 14:24:23.478 [GOAL] (1.70, 0.44) yaw=-23deg mode=navigate
2026-08-04 14:24:28.470 [GOAL] #31 hop 2: 1.50 m toward chair (still 14.0 m away)
2026-08-04 14:24:28.471 [GOAL] (2.73, 0.11) yaw=-19deg mode=navigate
2026-08-04 14:24:28.480 [RESULT] nav goal status=6 (not-succeeded)
2026-08-04 14:24:28.480 [WARN] nav goal (2.73, 0.11) failed (status=6); trying another approach angle
2026-08-04 14:24:28.480 [STEP] #31 hop aborted — shortening to 0.75 m and re-aiming
2026-08-04 14:24:29.510 [WARN] all approach goals for chair refused; clearing the tried-list and retrying
2026-08-04 14:24:29.510 [GOAL] #31 hop 3: 0.75 m toward chair (still 13.8 m away)
2026-08-04 14:24:29.510 [GOAL] (2.19, 0.29) yaw=-19deg mode=navigate
2026-08-04 14:24:29.520 [RESULT] nav goal status=6 (not-succeeded)
2026-08-04 14:24:29.521 [WARN] nav goal (2.19, 0.29) failed (status=6); trying another approach angle
2026-08-04 14:24:29.521 [STEP] #31 hop aborted — shortening to 0.60 m and re-aiming
2026-08-04 14:24:29.934 [CMD] (cancel via remote) stop
2026-08-04 14:24:29.935 [STOP] hard stop requested (cancel-all + zero barrage)
2026-08-04 14:24:31.983 [ROBOT] Stopped. The robot is idle.
2026-08-04 14:24:31.984 [STOP] confirmed stopped by odometry after barrage
2026-08-04 14:24:51.301 [CMD] [remote] what do you see
2026-08-04 14:24:51.302 [STOP] hard stop requested (cancel-all + zero barrage)
2026-08-04 14:24:52.030 [BRAIN] {'steps': [{'action': 'describe', 'speech': 'I can see a person.', 'target': None}]}
2026-08-04 14:24:52.030 [STEP] describe target=None
2026-08-04 14:24:53.344 [ROBOT] Stopped. The robot is idle.
2026-08-04 14:24:53.344 [STOP] confirmed stopped by odometry after barrage
2026-08-04 14:24:56.896 [CMD] [remote] what do you
2026-08-04 14:24:56.896 [STOP] hard stop requested (cancel-all + zero barrage)
2026-08-04 14:24:57.900 [BRAIN] {'steps': [{'action': 'answer', 'speech': "I was previously heading to a chair, but I can tell you about what's in front of me now.", 'target': None}]}
2026-08-04 14:24:57.900 [STEP] answer target=None
2026-08-04 14:24:58.944 [ROBOT] Stopped. The robot is idle.
2026-08-04 14:24:58.944 [STOP] confirmed stopped by odometry after barrage
2026-08-04 14:25:01.068 [CMD] [remote] easier move one meter ahead
2026-08-04 14:25:01.069 [STOP] hard stop requested (cancel-all + zero barrage)
2026-08-04 14:25:01.862 [BRAIN] {'steps': [{'action': 'move', 'speech': 'Moving forward one meter.', 'target': None, 'distance_m': 1.0, 'rotation_deg': 0.0}]}
2026-08-04 14:25:01.862 [STEP] move target=None
2026-08-04 14:25:03.124 [ROBOT] Stopped. The robot is idle.
2026-08-04 14:25:03.124 [STOP] confirmed stopped by odometry after barrage
2026-08-04 14:25:07.607 [CMD] (cancel via remote) stop
2026-08-04 14:25:07.608 [STOP] hard stop requested (cancel-all + zero barrage)
2026-08-04 14:25:09.664 [ROBOT] Stopped. The robot is idle.
2026-08-04 14:25:09.664 [STOP] confirmed stopped by odometry after barrage
2026-08-04 14:25:12.394 [CMD] [remote] what do you see
2026-08-04 14:25:12.395 [STOP] hard stop requested (cancel-all + zero barrage)
2026-08-04 14:25:13.175 [BRAIN] {'steps': [{'action': 'describe', 'speech': "I don't see anything right now.", 'target': None}]}
2026-08-04 14:25:13.175 [STEP] describe target=None
2026-08-04 14:25:14.444 [ROBOT] Stopped. The robot is idle.
2026-08-04 14:25:14.444 [STOP] confirmed stopped by odometry after barrage
2026-08-04 14:25:21.291 [CMD] [remote] turn around turn to stop stop
2026-08-04 14:25:21.292 [STOP] hard stop requested (cancel-all + zero barrage)
2026-08-04 14:25:22.123 [BRAIN] {'steps': [{'action': 'move', 'speech': 'Turning around.', 'target': None, 'distance_m': 0.0, 'rotation_deg': 180.0}]}
2026-08-04 14:25:22.124 [STEP] move target=None
2026-08-04 14:25:23.344 [ROBOT] Stopped. The robot is idle.
2026-08-04 14:25:23.344 [STOP] confirmed stopped by odometry after barrage
2026-08-04 14:25:31.404 [ROBOT] Done with that move.
2026-08-04 14:25:45.959 [CMD] [remote] turn left 30 degrees
2026-08-04 14:25:45.959 [STOP] hard stop requested (cancel-all + zero barrage)
2026-08-04 14:25:46.841 [BRAIN] {'steps': [{'action': 'move', 'speech': 'Turning thirty degrees to the left.', 'target': None, 'distance_m': 0.0, 'rotation_deg': 30.0}]}
2026-08-04 14:25:46.841 [STEP] move target=None
2026-08-04 14:25:48.004 [ROBOT] Stopped. The robot is idle.
2026-08-04 14:25:48.005 [STOP] confirmed stopped by odometry after barrage
2026-08-04 14:25:50.404 [ROBOT] Done with that move.
2026-08-04 14:25:53.307 [CMD] [remote] what do you see
2026-08-04 14:25:53.308 [STOP] hard stop requested (cancel-all + zero barrage)
2026-08-04 14:25:54.045 [BRAIN] {'steps': [{'action': 'describe', 'speech': 'I can see a person.', 'target': None}]}
2026-08-04 14:25:54.045 [STEP] describe target=None
2026-08-04 14:25:55.364 [ROBOT] Stopped. The robot is idle.
2026-08-04 14:25:55.364 [STOP] confirmed stopped by odometry after barrage
2026-08-04 14:25:57.494 [CMD] [remote] go to the person
2026-08-04 14:25:57.495 [STOP] hard stop requested (cancel-all + zero barrage)
2026-08-04 14:25:58.170 [BRAIN] {'steps': [{'action': 'navigate', 'speech': 'Heading to the person.', 'target': 'person'}]}
2026-08-04 14:25:58.170 [STEP] navigate target='person'
2026-08-04 14:25:59.468 [ROBOT] Found the person — navigating to it.
2026-08-04 14:25:59.469 [SIGHT] person at (1.03, -0.90), 1.72 m away
2026-08-04 14:25:59.473 [GOAL] (1.68, -0.28) yaw=-137deg mode=navigate
2026-08-04 14:25:59.544 [ROBOT] Stopped. The robot is idle.
2026-08-04 14:25:59.544 [STOP] confirmed stopped by odometry after barrage
2026-08-04 14:26:02.645 [RESULT] nav goal status=4 (ok)
2026-08-04 14:26:03.482 [GOAL] (1.61, -0.33) yaw=-134deg mode=navigate
2026-08-04 14:26:04.195 [RESULT] nav goal status=4 (ok)
2026-08-04 14:26:04.476 [GOAL] (1.61, -0.33) yaw=-134deg mode=navigate
2026-08-04 14:26:04.537 [RESULT] nav goal status=4 (ok)
2026-08-04 14:26:05.485 [GOAL] (1.61, -0.33) yaw=-134deg mode=navigate
2026-08-04 14:26:05.548 [RESULT] nav goal status=4 (ok)
2026-08-04 14:26:06.471 [GOAL] (1.61, -0.33) yaw=-134deg mode=navigate
2026-08-04 14:26:06.532 [RESULT] nav goal status=4 (ok)
2026-08-04 14:26:07.482 [GOAL] (1.61, -0.33) yaw=-134deg mode=navigate
2026-08-04 14:26:07.544 [RESULT] nav goal status=4 (ok)
2026-08-04 14:26:08.481 [GOAL] (1.61, -0.33) yaw=-134deg mode=navigate
2026-08-04 14:26:08.544 [RESULT] nav goal status=4 (ok)
2026-08-04 14:26:09.473 [GOAL] (1.61, -0.33) yaw=-134deg mode=navigate
2026-08-04 14:26:09.537 [RESULT] nav goal status=4 (ok)
2026-08-04 14:26:10.484 [GOAL] (1.61, -0.33) yaw=-134deg mode=navigate
2026-08-04 14:26:10.547 [RESULT] nav goal status=4 (ok)
2026-08-04 14:26:11.483 [GOAL] (1.61, -0.33) yaw=-134deg mode=navigate
2026-08-04 14:26:11.546 [RESULT] nav goal status=4 (ok)
2026-08-04 14:26:12.471 [GOAL] (1.60, -0.33) yaw=-134deg mode=navigate
2026-08-04 14:26:12.534 [RESULT] nav goal status=4 (ok)
2026-08-04 14:26:13.486 [GOAL] (1.60, -0.33) yaw=-134deg mode=navigate
2026-08-04 14:26:13.549 [RESULT] nav goal status=4 (ok)
2026-08-04 14:26:14.471 [GOAL] (1.61, -0.33) yaw=-134deg mode=navigate
2026-08-04 14:26:14.534 [RESULT] nav goal status=4 (ok)
2026-08-04 14:26:15.483 [GOAL] (1.61, -0.33) yaw=-134deg mode=navigate
2026-08-04 14:26:15.545 [RESULT] nav goal status=4 (ok)
2026-08-04 14:26:16.475 [GOAL] (1.60, -0.33) yaw=-134deg mode=navigate
2026-08-04 14:26:16.536 [RESULT] nav goal status=4 (ok)
2026-08-04 14:26:17.485 [GOAL] (1.60, -0.33) yaw=-134deg mode=navigate
2026-08-04 14:26:17.547 [RESULT] nav goal status=4 (ok)
2026-08-04 14:26:18.475 [GOAL] (1.61, -0.33) yaw=-134deg mode=navigate
2026-08-04 14:26:18.538 [RESULT] nav goal status=4 (ok)
2026-08-04 14:26:19.473 [GOAL] (1.61, -0.33) yaw=-134deg mode=navigate
2026-08-04 14:26:19.535 [RESULT] nav goal status=4 (ok)
2026-08-04 14:26:20.473 [GOAL] (1.61, -0.33) yaw=-134deg mode=navigate
2026-08-04 14:26:20.536 [RESULT] nav goal status=4 (ok)
2026-08-04 14:26:21.472 [GOAL] (1.61, -0.33) yaw=-134deg mode=navigate
2026-08-04 14:26:21.535 [RESULT] nav goal status=4 (ok)
2026-08-04 14:26:22.475 [GOAL] (1.61, -0.33) yaw=-134deg mode=navigate
2026-08-04 14:26:22.538 [RESULT] nav goal status=4 (ok)
2026-08-04 14:26:23.473 [GOAL] (1.61, -0.33) yaw=-134deg mode=navigate
2026-08-04 14:26:23.536 [RESULT] nav goal status=4 (ok)
2026-08-04 14:26:24.476 [GOAL] (1.60, -0.33) yaw=-134deg mode=navigate
2026-08-04 14:26:24.538 [RESULT] nav goal status=4 (ok)
2026-08-04 14:26:25.468 [GOAL] (1.60, -0.33) yaw=-134deg mode=navigate
2026-08-04 14:26:25.530 [RESULT] nav goal status=4 (ok)
2026-08-04 14:26:26.484 [GOAL] (1.61, -0.33) yaw=-134deg mode=navigate
2026-08-04 14:26:26.548 [RESULT] nav goal status=4 (ok)
2026-08-04 14:26:27.475 [GOAL] (1.61, -0.33) yaw=-134deg mode=navigate
2026-08-04 14:26:27.536 [RESULT] nav goal status=4 (ok)
2026-08-04 14:26:28.491 [GOAL] (1.60, -0.33) yaw=-134deg mode=navigate
2026-08-04 14:26:28.556 [RESULT] nav goal status=4 (ok)
2026-08-04 14:26:29.166 [CMD] [remote] done at all
2026-08-04 14:26:29.167 [STOP] hard stop requested (cancel-all + zero barrage)
2026-08-04 14:26:29.990 [BRAIN] {'steps': [{'action': 'reject', 'speech': 'I was just there, no need to go again.', 'target': None}]}
2026-08-04 14:26:29.990 [STEP] reject target=None
2026-08-04 14:26:31.224 [ROBOT] Stopped. The robot is idle.
2026-08-04 14:26:31.224 [STOP] confirmed stopped by odometry after barrage
2026-08-04 14:26:37.078 [CMD] [remote] turn around
2026-08-04 14:26:37.079 [STOP] hard stop requested (cancel-all + zero barrage)
2026-08-04 14:26:37.898 [BRAIN] {'steps': [{'action': 'move', 'speech': 'Turning around.', 'target': None, 'distance_m': 0.0, 'rotation_deg': 180.0}]}
2026-08-04 14:26:37.899 [STEP] move target=None
2026-08-04 14:26:39.124 [ROBOT] Stopped. The robot is idle.
2026-08-04 14:26:39.124 [STOP] confirmed stopped by odometry after barrage
2026-08-04 14:26:44.466 [CMD] (cancel via remote) stop
2026-08-04 14:26:44.466 [STOP] hard stop requested (cancel-all + zero barrage)
2026-08-04 14:26:46.524 [ROBOT] Stopped. The robot is idle.
2026-08-04 14:26:46.524 [STOP] confirmed stopped by odometry after barrage
2026-08-04 14:26:50.484 [CMD] [remote] what do you see
2026-08-04 14:26:50.484 [STOP] hard stop requested (cancel-all + zero barrage)
2026-08-04 14:26:51.192 [BRAIN] {'steps': [{'action': 'describe', 'speech': 'I see a chair.', 'target': None}]}
2026-08-04 14:26:51.192 [STEP] describe target=None
2026-08-04 14:26:52.544 [ROBOT] Stopped. The robot is idle.
2026-08-04 14:26:52.544 [STOP] confirmed stopped by odometry after barrage
2026-08-04 14:26:55.074 [CMD] [remote] go to the chair
2026-08-04 14:26:55.075 [STOP] hard stop requested (cancel-all + zero barrage)
2026-08-04 14:26:55.749 [BRAIN] {'steps': [{'action': 'navigate', 'speech': 'Heading to the chair.', 'target': 'chair'}]}
2026-08-04 14:26:55.749 [STEP] navigate target='chair'
2026-08-04 14:26:57.124 [ROBOT] Stopped. The robot is idle.
2026-08-04 14:26:57.124 [STOP] confirmed stopped by odometry after barrage
2026-08-04 14:26:57.466 [ROBOT] Found the chair — navigating to it.
2026-08-04 14:26:57.467 [SIGHT] chair at (14.27, -2.68), 12.69 m away
2026-08-04 14:26:57.468 [ROBOT] The chair is about 12.7 m away, past the edge of what I've mapped. Moving up in short steps and mapping as I go.
2026-08-04 14:26:57.468 [STEP] #31 hop mode engaged for chair: object (14.27, -2.68) at 12.7 m, area_mapped=False
2026-08-04 14:26:57.469 [GOAL] #31 hop 1: 1.50 m toward chair (still 12.7 m away)
2026-08-04 14:26:57.469 [GOAL] (3.29, -0.47) yaw=-11deg mode=navigate
2026-08-04 14:27:02.472 [GOAL] #31 hop 2: 1.50 m toward chair (still 12.1 m away)
2026-08-04 14:27:02.473 [GOAL] (4.32, -0.82) yaw=-16deg mode=navigate
2026-08-04 14:27:02.481 [RESULT] nav goal status=6 (not-succeeded)
2026-08-04 14:27:02.482 [WARN] nav goal (4.32, -0.82) failed (status=6); trying another approach angle
2026-08-04 14:27:02.483 [STEP] #31 hop aborted — shortening to 0.75 m and re-aiming
2026-08-04 14:27:03.492 [WARN] all approach goals for chair refused; clearing the tried-list and retrying
2026-08-04 14:27:03.493 [GOAL] #31 hop 3: 0.75 m toward chair (still 11.8 m away)
2026-08-04 14:27:03.493 [GOAL] (3.83, -0.62) yaw=-14deg mode=navigate
2026-08-04 14:27:03.502 [RESULT] nav goal status=6 (not-succeeded)
2026-08-04 14:27:03.502 [WARN] nav goal (3.83, -0.62) failed (status=6); trying another approach angle
2026-08-04 14:27:03.503 [STEP] #31 hop aborted — shortening to 0.60 m and re-aiming
2026-08-04 14:27:04.482 [WARN] all approach goals for chair refused; clearing the tried-list and retrying
2026-08-04 14:27:04.484 [GOAL] #31 hop 4: 0.60 m toward chair (still 11.6 m away)
2026-08-04 14:27:04.484 [GOAL] (3.91, -0.60) yaw=-14deg mode=navigate
2026-08-04 14:27:04.493 [RESULT] nav goal status=6 (not-succeeded)
2026-08-04 14:27:04.493 [WARN] nav goal (3.91, -0.60) failed (status=6); trying another approach angle
2026-08-04 14:27:04.493 [STEP] #31 hop aborted — shortening to 0.60 m and re-aiming
2026-08-04 14:27:05.473 [WARN] all approach goals for chair refused; clearing the tried-list and retrying
2026-08-04 14:27:05.473 [GOAL] #31 hop 5: 0.60 m toward chair (still 11.5 m away)
2026-08-04 14:27:05.474 [GOAL] (4.12, -0.65) yaw=-16deg mode=navigate
2026-08-04 14:27:05.482 [RESULT] nav goal status=6 (not-succeeded)
2026-08-04 14:27:05.482 [WARN] nav goal (4.12, -0.65) failed (status=6); trying another approach angle
2026-08-04 14:27:05.482 [STEP] #31 hop aborted — shortening to 0.60 m and re-aiming
2026-08-04 14:27:06.473 [WARN] all approach goals for chair refused; clearing the tried-list and retrying
2026-08-04 14:27:06.473 [GOAL] #31 hop 6: 0.60 m toward chair (still 11.3 m away)
2026-08-04 14:27:06.474 [GOAL] (4.31, -0.70) yaw=-17deg mode=navigate
2026-08-04 14:27:06.483 [RESULT] nav goal status=6 (not-succeeded)
2026-08-04 14:27:06.484 [WARN] nav goal (4.31, -0.70) failed (status=6); trying another approach angle
2026-08-04 14:27:06.484 [STEP] #31 hop aborted — shortening to 0.60 m and re-aiming
2026-08-04 14:27:07.475 [WARN] all approach goals for chair refused; clearing the tried-list and retrying
2026-08-04 14:27:07.475 [GOAL] #31 hop 7: 0.60 m toward chair (still 11.1 m away)
2026-08-04 14:27:07.476 [GOAL] (4.50, -0.75) yaw=-17deg mode=navigate
2026-08-04 14:27:07.482 [RESULT] nav goal status=6 (not-succeeded)
2026-08-04 14:27:07.483 [WARN] nav goal (4.50, -0.75) failed (status=6); trying another approach angle
2026-08-04 14:27:07.483 [STEP] #31 hop aborted — shortening to 0.60 m and re-aiming
2026-08-04 14:27:08.473 [STEP] chair area now mapped after 7 hop(s) — switching to a direct approach
2026-08-04 14:27:08.473 [ROBOT] The area around the chair is mapped now — going straight to it.
2026-08-04 14:27:08.475 [GOAL] (14.18, -3.05) yaw=-67deg mode=navigate
2026-08-04 14:27:08.483 [RESULT] nav goal status=6 (not-succeeded)
2026-08-04 14:27:08.483 [WARN] nav goal (14.18, -3.05) failed (status=6); trying another approach angle
2026-08-04 14:27:09.482 [GOAL] (13.90, -3.27) yaw=-42deg mode=navigate
2026-08-04 14:27:09.492 [RESULT] nav goal status=6 (not-succeeded)
2026-08-04 14:27:09.493 [WARN] nav goal (13.90, -3.27) failed (status=6); trying another approach angle
2026-08-04 14:27:10.485 [GOAL] (14.16, -3.34) yaw=-41deg mode=navigate
2026-08-04 14:27:10.493 [RESULT] nav goal status=6 (not-succeeded)
2026-08-04 14:27:10.493 [WARN] nav goal (14.16, -3.34) failed (status=6); trying another approach angle
2026-08-04 14:27:11.469 [GOAL] (13.86, -4.24) yaw=33deg mode=navigate
2026-08-04 14:27:11.474 [RESULT] nav goal status=6 (not-succeeded)
2026-08-04 14:27:11.474 [WARN] nav goal (13.86, -4.24) failed (status=6); trying another approach angle
2026-08-04 14:27:12.472 [GOAL] (13.74, -3.43) yaw=-16deg mode=navigate
2026-08-04 14:27:12.483 [RESULT] nav goal status=6 (not-succeeded)
2026-08-04 14:27:12.483 [WARN] nav goal (13.74, -3.43) failed (status=6); trying another approach angle
2026-08-04 14:27:13.472 [GOAL] (13.55, -3.68) yaw=-18deg mode=navigate
2026-08-04 14:27:13.483 [RESULT] nav goal status=6 (not-succeeded)
2026-08-04 14:27:13.483 [WARN] nav goal (13.55, -3.68) failed (status=6); trying another approach angle
2026-08-04 14:27:14.472 [GOAL] (13.51, -4.06) yaw=7deg mode=navigate
2026-08-04 14:27:14.484 [RESULT] nav goal status=6 (not-succeeded)
2026-08-04 14:27:14.485 [WARN] nav goal (13.51, -4.06) failed (status=6); trying another approach angle
2026-08-04 14:27:15.471 [GOAL] (13.78, -3.82) yaw=-19deg mode=navigate
2026-08-04 14:27:15.484 [RESULT] nav goal status=6 (not-succeeded)
2026-08-04 14:27:15.484 [WARN] nav goal (13.78, -3.82) failed (status=6); trying another approach angle
2026-08-04 14:27:16.469 [GOAL] (13.59, -4.46) yaw=32deg mode=navigate
2026-08-04 14:27:16.472 [RESULT] nav goal status=6 (not-succeeded)
2026-08-04 14:27:16.473 [WARN] nav goal (13.59, -4.46) failed (status=6); trying another approach angle
2026-08-04 14:27:17.470 [GOAL] (13.90, -4.74) yaw=57deg mode=navigate
2026-08-04 14:27:17.481 [RESULT] nav goal status=6 (not-succeeded)
2026-08-04 14:27:17.481 [WARN] nav goal (13.90, -4.74) failed (status=6); trying another approach angle
2026-08-04 14:27:18.480 [GOAL] (14.23, -4.63) yaw=82deg mode=navigate
2026-08-04 14:27:18.493 [RESULT] nav goal status=6 (not-succeeded)
2026-08-04 14:27:18.493 [WARN] nav goal (14.23, -4.63) failed (status=6); trying another approach angle
2026-08-04 14:27:19.476 [GOAL] (14.45, -4.62) yaw=111deg mode=navigate
2026-08-04 14:27:19.481 [RESULT] nav goal status=6 (not-succeeded)
2026-08-04 14:27:19.482 [WARN] nav goal (14.45, -4.62) failed (status=6); trying another approach angle
2026-08-04 14:27:20.474 [GOAL] (14.74, -4.50) yaw=141deg mode=navigate
2026-08-04 14:27:20.483 [RESULT] nav goal status=6 (not-succeeded)
2026-08-04 14:27:20.483 [WARN] nav goal (14.74, -4.50) failed (status=6); trying another approach angle
2026-08-04 14:27:21.476 [GOAL] (13.41, -3.86) yaw=-18deg mode=navigate
2026-08-04 14:27:21.483 [RESULT] nav goal status=6 (not-succeeded)
2026-08-04 14:27:21.484 [WARN] nav goal (13.41, -3.86) failed (status=6); trying another approach angle
2026-08-04 14:27:22.477 [GOAL] (13.36, -4.26) yaw=7deg mode=navigate
2026-08-04 14:27:22.483 [RESULT] nav goal status=6 (not-succeeded)
2026-08-04 14:27:22.483 [WARN] nav goal (13.36, -4.26) failed (status=6); trying another approach angle
2026-08-04 14:27:23.468 [GOAL] (14.37, -3.17) yaw=-92deg mode=navigate
2026-08-04 14:27:23.473 [RESULT] nav goal status=6 (not-succeeded)
2026-08-04 14:27:23.473 [WARN] nav goal (14.37, -3.17) failed (status=6); trying another approach angle
2026-08-04 14:27:24.481 [GOAL] (14.75, -3.29) yaw=-117deg mode=navigate
2026-08-04 14:27:24.493 [RESULT] nav goal status=6 (not-succeeded)
2026-08-04 14:27:24.493 [WARN] nav goal (14.75, -3.29) failed (status=6); trying another approach angle
2026-08-04 14:27:25.508 [GOAL] (14.49, -2.79) yaw=-89deg mode=navigate
2026-08-04 14:27:25.517 [RESULT] nav goal status=6 (not-succeeded)
2026-08-04 14:27:25.517 [WARN] nav goal (14.49, -2.79) failed (status=6); trying another approach angle
2026-08-04 14:27:26.470 [GOAL] (13.86, -3.02) yaw=-38deg mode=navigate
2026-08-04 14:27:26.482 [RESULT] nav goal status=6 (not-succeeded)
2026-08-04 14:27:26.483 [WARN] nav goal (13.86, -3.02) failed (status=6); trying another approach angle
2026-08-04 14:27:27.478 [GOAL] (14.08, -2.72) yaw=-63deg mode=navigate
2026-08-04 14:27:27.484 [RESULT] nav goal status=6 (not-succeeded)
2026-08-04 14:27:27.484 [WARN] nav goal (14.08, -2.72) failed (status=6); trying another approach angle
2026-08-04 14:27:28.470 [GOAL] (14.00, -3.88) yaw=37deg mode=navigate
2026-08-04 14:27:28.482 [RESULT] nav goal status=6 (not-succeeded)
2026-08-04 14:27:28.482 [WARN] nav goal (14.00, -3.88) failed (status=6); trying another approach angle
2026-08-04 14:27:29.473 [GOAL] (14.73, -2.98) yaw=-114deg mode=navigate
2026-08-04 14:27:29.483 [RESULT] nav goal status=6 (not-succeeded)
2026-08-04 14:27:29.483 [WARN] nav goal (14.73, -2.98) failed (status=6); trying another approach angle
2026-08-04 14:27:30.473 [GOAL] (13.59, -3.19) yaw=-42deg mode=navigate
2026-08-04 14:27:30.482 [RESULT] nav goal status=6 (not-succeeded)
2026-08-04 14:27:30.482 [WARN] nav goal (13.59, -3.19) failed (status=6); trying another approach angle
2026-08-04 14:27:31.477 [GOAL] (14.04, -4.45) yaw=60deg mode=navigate
2026-08-04 14:27:31.481 [RESULT] nav goal status=6 (not-succeeded)
2026-08-04 14:27:31.481 [WARN] nav goal (14.04, -4.45) failed (status=6); trying another approach angle
2026-08-04 14:27:32.486 [WARN] all approach goals for chair refused; clearing the tried-list and retrying
2026-08-04 14:27:32.489 [GOAL] (13.62, -3.36) yaw=-15deg mode=navigate
2026-08-04 14:27:32.494 [RESULT] nav goal status=6 (not-succeeded)
2026-08-04 14:27:32.495 [WARN] nav goal (13.62, -3.36) failed (status=6); trying another approach angle
2026-08-04 14:27:33.472 [GOAL] (13.57, -3.95) yaw=7deg mode=navigate
2026-08-04 14:27:33.483 [RESULT] nav goal status=6 (not-succeeded)
2026-08-04 14:27:33.484 [WARN] nav goal (13.57, -3.95) failed (status=6); trying another approach angle
2026-08-04 14:27:34.473 [GOAL] (13.55, -3.65) yaw=-19deg mode=navigate
2026-08-04 14:27:34.484 [RESULT] nav goal status=6 (not-succeeded)
2026-08-04 14:27:34.484 [WARN] nav goal (13.55, -3.65) failed (status=6); trying another approach angle
2026-08-04 14:27:35.477 [GOAL] (13.83, -3.75) yaw=-18deg mode=navigate
2026-08-04 14:27:35.484 [RESULT] nav goal status=6 (not-succeeded)
2026-08-04 14:27:35.484 [WARN] nav goal (13.83, -3.75) failed (status=6); trying another approach angle
2026-08-04 14:27:36.475 [GOAL] (13.82, -3.99) yaw=7deg mode=navigate
2026-08-04 14:27:36.482 [RESULT] nav goal status=6 (not-succeeded)
2026-08-04 14:27:36.483 [WARN] nav goal (13.82, -3.99) failed (status=6); trying another approach angle
2026-08-04 14:27:37.486 [GOAL] (13.63, -4.42) yaw=32deg mode=navigate
2026-08-04 14:27:37.493 [RESULT] nav goal status=6 (not-succeeded)
2026-08-04 14:27:37.493 [WARN] nav goal (13.63, -4.42) failed (status=6); trying another approach angle
2026-08-04 14:27:38.484 [GOAL] (14.04, -3.13) yaw=-68deg mode=navigate
2026-08-04 14:27:38.493 [RESULT] nav goal status=6 (not-succeeded)
2026-08-04 14:27:38.493 [WARN] nav goal (14.04, -3.13) failed (status=6); trying another approach angle
2026-08-04 14:27:39.498 [GOAL] (13.86, -3.42) yaw=-41deg mode=navigate
2026-08-04 14:27:39.506 [RESULT] nav goal status=6 (not-succeeded)
2026-08-04 14:27:39.506 [WARN] nav goal (13.86, -3.42) failed (status=6); trying another approach angle
2026-08-04 14:27:40.138 [CMD] (cancel via remote) stop
2026-08-04 14:27:40.139 [STOP] hard stop requested (cancel-all + zero barrage)
2026-08-04 14:27:42.183 [ROBOT] Stopped. The robot is idle.
2026-08-04 14:27:42.184 [STOP] confirmed stopped by odometry after barrage
2026-08-04 14:27:44.863 [CMD] [remote] control the area
2026-08-04 14:27:44.864 [STOP] hard stop requested (cancel-all + zero barrage)
2026-08-04 14:27:45.587 [BRAIN] {'steps': [{'action': 'patrol', 'speech': 'Patrolling the area.', 'target': None}]}
2026-08-04 14:27:45.588 [STEP] patrol target=None
2026-08-04 14:27:45.588 [ROBOT] Do you want a live camera feed during the patrol? (yes / no)
2026-08-04 14:27:46.924 [ROBOT] Stopped. The robot is idle.
2026-08-04 14:27:46.925 [STOP] confirmed stopped by odometry after barrage
2026-08-04 14:28:18.712 [CMD] (cancel via remote) cancel
2026-08-04 14:28:18.712 [STOP] hard stop requested (cancel-all + zero barrage)
2026-08-04 14:28:20.764 [ROBOT] Stopped. The robot is idle.
2026-08-04 14:28:20.764 [STOP] confirmed stopped by odometry after barrage
2026-08-04 14:28:24.953 [CMD] [remote] control the area
2026-08-04 14:28:24.954 [STOP] hard stop requested (cancel-all + zero barrage)
2026-08-04 14:28:25.674 [BRAIN] {'steps': [{'action': 'patrol', 'speech': 'Patrolling the area.', 'target': None}]}
2026-08-04 14:28:25.674 [STEP] patrol target=None
2026-08-04 14:28:25.674 [ROBOT] Do you want a live camera feed during the patrol? (yes / no)
2026-08-04 14:28:27.004 [ROBOT] Stopped. The robot is idle.
2026-08-04 14:28:27.004 [STOP] confirmed stopped by odometry after barrage
2026-08-04 14:28:33.424 [CMD] (cancel via remote) cancel
2026-08-04 14:28:33.425 [STOP] hard stop requested (cancel-all + zero barrage)
2026-08-04 14:28:35.484 [ROBOT] Stopped. The robot is idle.
2026-08-04 14:28:35.485 [STOP] confirmed stopped by odometry after barrage
2026-08-04 14:28:39.306 [CMD] [remote] patrol the area
2026-08-04 14:28:39.307 [STOP] hard stop requested (cancel-all + zero barrage)
2026-08-04 14:28:40.034 [BRAIN] {'steps': [{'action': 'patrol', 'speech': 'Patrolling the area.', 'target': None}]}
2026-08-04 14:28:40.034 [STEP] patrol target=None
2026-08-04 14:28:40.035 [ROBOT] Do you want a live camera feed during the patrol? (yes / no)
2026-08-04 14:28:41.364 [ROBOT] Stopped. The robot is idle.
2026-08-04 14:28:41.364 [STOP] confirmed stopped by odometry after barrage
2026-08-04 14:28:50.409 [GOAL] (9.98, -5.07) yaw=-104deg mode=explore
2026-08-04 14:29:01.676 [RESULT] nav goal status=4 (ok)
2026-08-04 14:29:02.410 [GOAL] (9.93, -6.51) yaw=-96deg mode=explore
2026-08-04 14:29:08.927 [RESULT] nav goal status=4 (ok)
2026-08-04 14:29:09.407 [GOAL] (9.69, -7.51) yaw=-100deg mode=explore
2026-08-04 14:29:14.422 [RESULT] nav goal status=4 (ok)
2026-08-04 14:29:15.409 [GOAL] (9.45, -8.52) yaw=-101deg mode=explore
2026-08-04 14:29:20.724 [RESULT] nav goal status=4 (ok)
2026-08-04 14:29:21.408 [GOAL] (9.24, -9.64) yaw=-100deg mode=explore
2026-08-04 14:29:27.373 [RESULT] nav goal status=4 (ok)
2026-08-04 14:29:27.412 [GOAL] (8.99, -10.99) yaw=-99deg mode=explore
2026-08-04 14:29:33.977 [RESULT] nav goal status=4 (ok)
2026-08-04 14:29:34.411 [GOAL] (8.86, -11.98) yaw=-96deg mode=explore
2026-08-04 14:29:38.981 [RESULT] nav goal status=4 (ok)
2026-08-04 14:29:39.408 [GOAL] (8.69, -13.02) yaw=-97deg mode=explore
2026-08-04 14:29:44.075 [RESULT] nav goal status=4 (ok)
2026-08-04 14:29:44.408 [GOAL] (8.54, -14.02) yaw=-96deg mode=explore
2026-08-04 14:29:48.824 [RESULT] nav goal status=4 (ok)
2026-08-04 14:29:49.410 [GOAL] (8.44, -15.05) yaw=-95deg mode=explore
2026-08-04 14:29:53.976 [RESULT] nav goal status=4 (ok)
2026-08-04 14:29:54.414 [GOAL] (8.37, -16.47) yaw=-94deg mode=explore
2026-08-04 14:30:00.483 [RESULT] nav goal status=4 (ok)
2026-08-04 14:30:01.409 [GOAL] (8.19, -17.51) yaw=-100deg mode=explore
2026-08-04 14:30:06.078 [RESULT] nav goal status=4 (ok)
2026-08-04 14:30:06.408 [GOAL] (8.10, -18.51) yaw=-94deg mode=explore
2026-08-04 14:30:10.873 [RESULT] nav goal status=4 (ok)
2026-08-04 14:30:11.409 [GOAL] (8.00, -19.51) yaw=-97deg mode=explore
2026-08-04 14:30:15.773 [RESULT] nav goal status=4 (ok)
2026-08-04 14:30:16.414 [GOAL] (7.71, -20.61) yaw=-105deg mode=explore
2026-08-04 14:30:21.477 [RESULT] nav goal status=4 (ok)
2026-08-04 14:30:22.408 [GOAL] (7.84, -22.01) yaw=-87deg mode=explore
2026-08-04 14:30:28.572 [RESULT] nav goal status=4 (ok)
2026-08-04 14:30:29.408 [GOAL] (7.83, -23.01) yaw=-91deg mode=explore
2026-08-04 14:30:34.125 [RESULT] nav goal status=4 (ok)
2026-08-04 14:30:34.412 [GOAL] (7.84, -24.01) yaw=-90deg mode=explore
2026-08-04 14:30:39.029 [RESULT] nav goal status=4 (ok)
2026-08-04 14:30:39.414 [GOAL] (6.51, -23.50) yaw=168deg mode=explore
2026-08-04 14:30:45.783 [RESULT] nav goal status=4 (ok)
2026-08-04 14:30:46.409 [GOAL] (5.51, -23.50) yaw=174deg mode=explore
2026-08-04 14:30:51.076 [RESULT] nav goal status=4 (ok)
2026-08-04 14:30:51.411 [GOAL] (4.51, -23.31) yaw=172deg mode=explore
2026-08-04 14:30:56.181 [RESULT] nav goal status=4 (ok)
2026-08-04 14:30:56.410 [GOAL] (3.51, -23.13) yaw=171deg mode=explore
2026-08-04 14:31:01.178 [RESULT] nav goal status=4 (ok)
2026-08-04 14:31:01.411 [GOAL] (2.51, -23.03) yaw=175deg mode=explore
2026-08-04 14:31:06.077 [RESULT] nav goal status=4 (ok)
2026-08-04 14:31:06.413 [GOAL] (1.01, -22.89) yaw=175deg mode=explore
2026-08-04 14:31:13.182 [RESULT] nav goal status=4 (ok)
2026-08-04 14:31:13.411 [GOAL] (0.01, -22.99) yaw=-176deg mode=explore
2026-08-04 14:31:18.180 [RESULT] nav goal status=4 (ok)
2026-08-04 14:31:18.413 [GOAL] (-1.01, -22.94) yaw=-178deg mode=explore
2026-08-04 14:31:23.281 [RESULT] nav goal status=4 (ok)
2026-08-04 14:31:23.412 [GOAL] (-2.42, -23.21) yaw=-169deg mode=explore
2026-08-04 14:31:29.879 [RESULT] nav goal status=4 (ok)
2026-08-04 14:31:30.424 [GOAL] (-3.48, -23.37) yaw=-172deg mode=explore
2026-08-04 14:31:35.236 [RESULT] nav goal status=4 (ok)
2026-08-04 14:31:35.420 [GOAL] (-4.02, -24.54) yaw=-124deg mode=explore
2026-08-04 14:31:41.088 [RESULT] nav goal status=4 (ok)
2026-08-04 14:31:41.418 [GOAL] (-5.56, -24.77) yaw=-165deg mode=explore
2026-08-04 14:31:42.222 [CMD] (cancel via remote) stop
2026-08-04 14:31:42.223 [STOP] hard stop requested (cancel-all + zero barrage)
2026-08-04 14:31:44.264 [ROBOT] Stopped. The robot is idle.
2026-08-04 14:31:44.264 [STOP] confirmed stopped by odometry after barrage
2026-08-04 14:31:48.597 [CMD] [remote] thank you so much
2026-08-04 14:31:48.598 [STOP] hard stop requested (cancel-all + zero barrage)
2026-08-04 14:31:48.681 [CTX] dropping stale context (navigate -> chair)
2026-08-04 14:31:49.271 [BRAIN] {'steps': [{'action': 'answer', 'speech': "You're welcome!", 'target': None}]}
2026-08-04 14:31:49.271 [STEP] answer target=None
2026-08-04 14:31:50.644 [ROBOT] Stopped. The robot is idle.
2026-08-04 14:31:50.644 [STOP] confirmed stopped by odometry after barrage
2026-08-04 14:32:00.291 [WARN] #35 cancel-all failed: failed to check service availability: rcl node's context is invalid, at ./src/rcl/node.c:428
2026-08-04 14:32:00.291 [STOP] hard stop requested (cancel-all + zero barrage)
2026-08-04 14:32:00.291 [RUN] agent shutting down
