2026-08-08 14:09:59.955 [RUN] vla_agent v14  (#43 longer cached action-server wait, #44 undock retry-loop breaker, #45 sync slop for 1 Hz depth, #37 /robot1 namespace, #38 stereo depth topic, #39 best-effort sensor QoS, #40 RGB->depth pixel mapping, #41 encoding-based mm/m, #42 explicit namespaced TF, #36 no patrol feed prompt, #35 cancel actually stops the robot, #34 feed publishes to any subscriber, #22 dock no-detect zone, #23 live-first memory, #24 forget, #25 typo-tolerant control words, #26 bare yes/no, #27 context expiry, #28 all-instance distances, #29 Create 3 backup ratchet, #30 sticky goals + range-scaled gate + ring-safe blacklist, #31 incremental off-map hop goals, #32 non-freezing live feed, #33 command/reply/status bridge)
2026-08-08 14:09:59.955 [RUN] agent started (SIGHT_CONFIRM=2, SEARCH_TIMEOUT=45.0s, NO_PROGRESS_LIMIT=60.0s, ROBOT_CLEARANCE=0.25m)
2026-08-08 14:10:10.471 [ROBOT] RGB and depth stopped lining up (1.7s since the last matched pair) — switching to the newest frame of each. Detections stay live; depth accuracy drops a little while they are out of step.
2026-08-08 14:10:10.471 [WARN] #32a stale sync pair dropped after 1.7s
2026-08-08 14:10:17.137 [CMD] [keyboard] what do you see
2026-08-08 14:10:17.138 [STOP] hard stop requested (cancel-all + zero barrage)
2026-08-08 14:10:17.702 [BRAIN] {'steps': [{'action': 'describe', 'speech': 'I see a chair.', 'target': None}]}
2026-08-08 14:10:17.702 [STEP] describe target=None
2026-08-08 14:10:19.191 [ROBOT] Stopped. The robot is idle.
2026-08-08 14:10:19.191 [STOP] confirmed stopped by odometry after barrage
2026-08-08 14:12:45.571 [ROBOT] I've stopped receiving camera frames. Check the OAK-D driver — I can still move, but I'm blind until it's back.
2026-08-08 14:12:45.571 [WARN] #32e camera stream stalled
2026-08-08 14:13:17.571 [ROBOT] I've stopped receiving camera frames. Check the OAK-D driver — I can still move, but I'm blind until it's back.
2026-08-08 14:13:17.571 [WARN] #32e camera stream stalled
2026-08-08 14:14:29.371 [ROBOT] I've stopped receiving camera frames. Check the OAK-D driver — I can still move, but I'm blind until it's back.
2026-08-08 14:14:29.371 [WARN] #32e camera stream stalled
2026-08-08 14:20:49.571 [ROBOT] I've stopped receiving camera frames. Check the OAK-D driver — I can still move, but I'm blind until it's back.
2026-08-08 14:20:49.571 [WARN] #32e camera stream stalled
2026-08-08 14:22:03.771 [ROBOT] I've stopped receiving camera frames. Check the OAK-D driver — I can still move, but I'm blind until it's back.
2026-08-08 14:22:03.771 [WARN] #32e camera stream stalled
2026-08-08 14:22:51.771 [ROBOT] I've stopped receiving camera frames. Check the OAK-D driver — I can still move, but I'm blind until it's back.
2026-08-08 14:22:51.771 [WARN] #32e camera stream stalled
2026-08-08 14:23:42.571 [ROBOT] I've stopped receiving camera frames. Check the OAK-D driver — I can still move, but I'm blind until it's back.
2026-08-08 14:23:42.571 [WARN] #32e camera stream stalled
2026-08-08 14:24:36.548 [STOP] hard stop requested (cancel-all + zero barrage)
2026-08-08 14:24:36.548 [RUN] agent shutting down
