2026-09-24 13:13:28.845 [RUN] vla_agent v28  (#63 headless-safe console output, #62 direction-aware collision guard, #61 nearest-cluster LiDAR ranging, #60 manual override teleop, #59 10 Hz collision guard, #58 smoother approach, #57 stand off far enough to keep the object in view, #56 step-and-stare scan, #55 LiDAR failure reasons reported, #54 LiDAR object ranging, #53 seeded depth intrinsics, #52 depth intrinsics rescaled to frame size, #51 compressedDepth transport, #50 compressed RGB transport, #49 annotated feed gated per topic, #47 TF at colour-frame stamp, #48 reject stale depth, #46 one subscription per camera stream, #43 longer cached action-server wait, #44 undock retry-loop breaker, #45 sync slop for 1 Hz depth, #37 /robot1 namespace, #38 stereo depth topic, #39 best-effort sensor QoS, #40 RGB->depth pixel mapping, #41 encoding-based mm/m, #42 explicit namespaced TF, #36 no patrol feed prompt, #35 cancel actually stops the robot, #34 feed publishes to any subscriber, #22 dock no-detect zone, #23 live-first memory, #24 forget, #25 typo-tolerant control words, #26 bare yes/no, #27 context expiry, #28 all-instance distances, #29 Create 3 backup ratchet, #30 sticky goals + range-scaled gate + ring-safe blacklist, #31 incremental off-map hop goals, #32 non-freezing live feed, #33 command/reply/status bridge)
2026-09-24 13:13:28.845 [RUN] agent started (SIGHT_CONFIRM=2, SEARCH_TIMEOUT=120.0s, NO_PROGRESS_LIMIT=60.0s, ROBOT_CLEARANCE=0.25m)
2026-09-24 13:14:24.629 [CMD] [remote] see
2026-09-24 13:14:24.629 [STOP] hard stop requested (cancel-all + zero barrage)
2026-09-24 13:14:26.200 [BRAIN] {'steps': [{'action': 'locate', 'speech': 'Looking for a chair.', 'target': 'chair'}]}
2026-09-24 13:14:26.201 [STEP] locate target='chair'
2026-09-24 13:14:26.681 [ROBOT] Stopped. The robot is idle.
2026-09-24 13:14:26.685 [STOP] confirmed stopped by odometry after barrage
2026-09-24 13:14:26.958 [MEMORY] remembered 1 chair(s) at (-1.85, 0.54) d=1.71m
2026-09-24 13:14:26.958 [ROBOT] Yes — I can see a chair about 1.7 m away. I'll remember where it is. (Locating only — not driving to it.)
2026-09-24 13:23:12.355 [CMD] [remote] see
2026-09-24 13:23:12.356 [STOP] hard stop requested (cancel-all + zero barrage)
2026-09-24 13:23:12.418 [CTX] dropping stale context (locate -> chair)
2026-09-24 13:23:12.992 [BRAIN] {'steps': [{'action': 'locate', 'speech': 'Looking for a person.', 'target': 'person'}]}
2026-09-24 13:23:12.992 [STEP] locate target='person'
2026-09-24 13:23:14.401 [ROBOT] Stopped. The robot is idle.
2026-09-24 13:23:14.401 [STOP] confirmed stopped by odometry after barrage
2026-09-24 13:23:14.963 [MEMORY] remembered 1 person(s) at (-1.98, 0.20) d=1.79m
2026-09-24 13:23:14.963 [ROBOT] Yes — I can see a person about 1.8 m away. I'll remember where it is. (Locating only — not driving to it.)
2026-09-24 13:23:21.171 [CMD] [remote] see around
2026-09-24 13:23:21.172 [STOP] hard stop requested (cancel-all + zero barrage)
2026-09-24 13:23:21.779 [BRAIN] {'steps': [{'action': 'locate', 'speech': 'Scanning my surroundings for any person or other objects.', 'target': None}]}
2026-09-24 13:23:21.779 [STEP] locate target=None
2026-09-24 13:23:23.221 [ROBOT] Stopped. The robot is idle.
2026-09-24 13:23:23.221 [STOP] confirmed stopped by odometry after barrage
2026-09-24 13:23:31.285 [CMD] [remote] see around
2026-09-24 13:23:31.285 [STOP] hard stop requested (cancel-all + zero barrage)
2026-09-24 13:23:31.852 [BRAIN] {'steps': [{'action': 'locate', 'speech': 'Scanning the area for any persons or objects.', 'target': None}]}
2026-09-24 13:23:31.852 [STEP] locate target=None
2026-09-24 13:23:33.341 [ROBOT] Stopped. The robot is idle.
2026-09-24 13:23:33.341 [STOP] confirmed stopped by odometry after barrage
2026-09-24 13:23:44.485 [CMD] [remote] scan the area
2026-09-24 13:23:44.485 [STOP] hard stop requested (cancel-all + zero barrage)
2026-09-24 13:23:45.052 [BRAIN] {'steps': [{'action': 'locate', 'speech': 'Scanning the area for any objects.', 'target': None}]}
2026-09-24 13:23:45.052 [STEP] locate target=None
2026-09-24 13:23:46.541 [ROBOT] Stopped. The robot is idle.
2026-09-24 13:23:46.541 [STOP] confirmed stopped by odometry after barrage
2026-09-24 13:23:57.252 [CMD] [remote] what do you see
2026-09-24 13:23:57.258 [STOP] hard stop requested (cancel-all + zero barrage)
2026-09-24 13:23:57.830 [BRAIN] {'steps': [{'action': 'describe', 'speech': "I don't see anything right now.", 'target': None}]}
2026-09-24 13:23:57.830 [STEP] describe target=None
2026-09-24 13:23:59.303 [ROBOT] Stopped. The robot is idle.
2026-09-24 13:23:59.303 [STOP] confirmed stopped by odometry after barrage
2026-09-24 13:24:04.630 [CMD] [remote] go to the chair that is the nearest
2026-09-24 13:24:04.631 [STOP] hard stop requested (cancel-all + zero barrage)
2026-09-24 13:24:05.241 [BRAIN] {'steps': [{'action': 'navigate', 'speech': 'Heading to the closest chair.', 'target': 'chair', 'qualifier': 'nearest'}]}
2026-09-24 13:24:05.241 [STEP] navigate target='chair'
2026-09-24 13:24:05.289 [MEMORY] seeded chair from remembered instance at (-1.85, 0.54)
2026-09-24 13:24:05.910 [GOAL] (-1.06, 0.68) yaw=-170deg mode=navigate
2026-09-24 13:24:06.913 [ROBOT] I can see the chair now — it's where I remembered.
2026-09-24 13:24:06.914 [SIGHT] memory-seeded chair re-confirmed at (-1.79, 0.58), 1.62 m away
2026-09-24 13:24:09.912 [ROBOT] Arrived at the chair.
2026-09-24 13:24:10.261 [ROBOT] Stopped. The robot is idle.
2026-09-24 13:24:10.261 [STOP] confirmed stopped by odometry after barrage
2026-09-24 13:24:36.792 [CMD] [remote] turn arund
2026-09-24 13:24:36.792 [STOP] hard stop requested (cancel-all + zero barrage)
2026-09-24 13:24:37.427 [BRAIN] {'steps': [{'action': 'move', 'speech': 'Turning around.', 'target': None, 'distance_m': 0.0, 'rotation_deg': 180.0}]}
2026-09-24 13:24:37.427 [STEP] move target=None
2026-09-24 13:24:38.841 [ROBOT] Stopped. The robot is idle.
2026-09-24 13:24:38.841 [STOP] confirmed stopped by odometry after barrage
2026-09-24 13:24:42.772 [CMD] (cancel via remote) stop
2026-09-24 13:24:42.772 [STOP] hard stop requested (cancel-all + zero barrage)
2026-09-24 13:24:44.821 [ROBOT] Stopped. The robot is idle.
2026-09-24 13:24:44.821 [STOP] confirmed stopped by odometry after barrage
2026-09-24 13:24:46.360 [CMD] [remote] what do you see
2026-09-24 13:24:46.360 [STOP] hard stop requested (cancel-all + zero barrage)
2026-09-24 13:24:47.020 [BRAIN] {'steps': [{'action': 'describe', 'speech': 'I can see a box, a person, and a shelf.', 'target': None}]}
2026-09-24 13:24:47.020 [STEP] describe target=None
2026-09-24 13:24:48.401 [ROBOT] Stopped. The robot is idle.
2026-09-24 13:24:48.401 [STOP] confirmed stopped by odometry after barrage
2026-09-24 13:24:56.660 [CMD] [remote] go to the person
2026-09-24 13:24:56.660 [STOP] hard stop requested (cancel-all + zero barrage)
2026-09-24 13:24:57.179 [BRAIN] {'steps': [{'action': 'navigate', 'speech': 'Heading to the person.', 'target': 'person'}]}
2026-09-24 13:24:57.179 [STEP] navigate target='person'
2026-09-24 13:24:58.701 [ROBOT] Stopped. The robot is idle.
2026-09-24 13:24:58.701 [STOP] confirmed stopped by odometry after barrage
2026-09-24 13:24:58.911 [ROBOT] Found the person — navigating to it.
2026-09-24 13:24:58.911 [SIGHT] person at (-2.27, -1.34), 2.26 m away
2026-09-24 13:24:58.912 [GOAL] (-1.79, -0.70) yaw=-127deg mode=navigate
2026-09-24 13:25:04.523 [RESULT] nav goal status=4 (ok)
2026-09-24 13:25:04.910 [ROBOT] The person is about 1.3 m away, past the edge of what I've mapped. Moving up in short steps and mapping as I go.
2026-09-24 13:25:04.910 [STEP] #31 hop mode engaged for person: object (-2.30, -1.62) at 1.3 m, area_mapped=False
2026-09-24 13:25:04.910 [GOAL] #31 hop 1: 0.67 m toward person (still 1.3 m away)
2026-09-24 13:25:04.911 [GOAL] (-1.32, -1.12) yaw=-121deg mode=navigate
2026-09-24 13:25:06.908 [ROBOT] Arrived at the person.
2026-09-24 13:25:19.108 [CMD] [remote] where is the person
2026-09-24 13:25:19.108 [STOP] hard stop requested (cancel-all + zero barrage)
2026-09-24 13:25:19.630 [BRAIN] {'steps': [{'action': 'locate', 'speech': 'Looking for the person.', 'target': 'person'}]}
2026-09-24 13:25:19.630 [STEP] locate target='person'
2026-09-24 13:25:21.161 [ROBOT] Stopped. The robot is idle.
2026-09-24 13:25:21.161 [STOP] confirmed stopped by odometry after barrage
2026-09-24 13:25:29.956 [MEMORY] remembered 1 person(s) at (-1.78, 0.27) d=1.19m
2026-09-24 13:25:29.956 [ROBOT] Yes — I can see a person about 1.2 m away. I'll remember where it is. (Locating only — not driving to it.)
2026-09-24 13:25:38.692 [CMD] [remote] go to the person
2026-09-24 13:25:38.692 [STOP] hard stop requested (cancel-all + zero barrage)
2026-09-24 13:25:39.246 [BRAIN] {'steps': [{'action': 'navigate', 'speech': 'Heading back to the person.', 'target': 'person'}]}
2026-09-24 13:25:39.246 [STEP] navigate target='person'
2026-09-24 13:25:40.741 [ROBOT] Stopped. The robot is idle.
2026-09-24 13:25:40.741 [STOP] confirmed stopped by odometry after barrage
2026-09-24 13:25:40.914 [ROBOT] Arrived at the person.
2026-09-24 13:25:40.915 [ARRIVE] #64e person in frame at 1.18 m (<= 1.2 m) -- stopping here
2026-09-24 13:25:45.252 [CMD] [remote] go closer
2026-09-24 13:25:45.252 [STOP] hard stop requested (cancel-all + zero barrage)
2026-09-24 13:25:45.907 [BRAIN] {'steps': [{'action': 'move', 'speech': 'Moving closer to the person.', 'target': None, 'distance_m': 0.5, 'rotation_deg': 0.0}]}
2026-09-24 13:25:45.907 [STEP] move target=None
2026-09-24 13:25:47.301 [ROBOT] Stopped. The robot is idle.
2026-09-24 13:25:47.301 [STOP] confirmed stopped by odometry after barrage
2026-09-24 13:25:50.861 [ROBOT] There's an obstacle ahead — stopping the move early.
2026-09-24 13:25:50.862 [ROBOT] Done with that move.
2026-09-24 13:25:55.684 [CMD] [remote] what do you see
2026-09-24 13:25:55.684 [STOP] hard stop requested (cancel-all + zero barrage)
2026-09-24 13:25:56.223 [BRAIN] {'steps': [{'action': 'describe', 'speech': 'I see a person.', 'target': None}]}
2026-09-24 13:25:56.223 [STEP] describe target=None
2026-09-24 13:25:57.741 [ROBOT] Stopped. The robot is idle.
2026-09-24 13:25:57.741 [STOP] confirmed stopped by odometry after barrage
2026-09-24 13:26:01.412 [CMD] [remote] turn right
2026-09-24 13:26:01.412 [STOP] hard stop requested (cancel-all + zero barrage)
2026-09-24 13:26:02.065 [BRAIN] {'steps': [{'action': 'move', 'speech': 'Turning ninety degrees to the right.', 'target': None, 'distance_m': 0.0, 'rotation_deg': -90.0}]}
2026-09-24 13:26:02.065 [STEP] move target=None
2026-09-24 13:26:03.461 [ROBOT] Stopped. The robot is idle.
2026-09-24 13:26:03.462 [STOP] confirmed stopped by odometry after barrage
2026-09-24 13:26:07.861 [ROBOT] Done with that move.
2026-09-24 13:26:12.212 [CMD] [remote] go 1m
2026-09-24 13:26:12.213 [STOP] hard stop requested (cancel-all + zero barrage)
2026-09-24 13:26:12.824 [BRAIN] {'steps': [{'action': 'move', 'speech': 'Moving forward one metre.', 'target': None, 'distance_m': 1.0, 'rotation_deg': 0.0}]}
2026-09-24 13:26:12.824 [STEP] move target=None
2026-09-24 13:26:14.261 [ROBOT] Stopped. The robot is idle.
2026-09-24 13:26:14.262 [STOP] confirmed stopped by odometry after barrage
2026-09-24 13:26:15.861 [ROBOT] There's an obstacle ahead — stopping the move early.
2026-09-24 13:26:15.862 [ROBOT] Done with that move.
2026-09-24 13:26:21.844 [CMD] [remote] turn eight
2026-09-24 13:26:21.844 [STOP] hard stop requested (cancel-all + zero barrage)
2026-09-24 13:26:22.502 [BRAIN] {'steps': [{'action': 'move', 'speech': 'Turning around three times.', 'target': None, 'distance_m': 0.0, 'rotation_deg': -360.0}]}
2026-09-24 13:26:22.502 [STEP] move target=None
2026-09-24 13:26:23.881 [ROBOT] Stopped. The robot is idle.
2026-09-24 13:26:23.881 [STOP] confirmed stopped by odometry after barrage
2026-09-24 13:26:37.332 [CMD] [remote] ststop
2026-09-24 13:26:37.333 [STOP] hard stop requested (cancel-all + zero barrage)
2026-09-24 13:26:38.092 [BRAIN] {'steps': [{'action': 'reject', 'speech': "I didn't understand 'ststop'. Did you mean to stop or go somewhere else?", 'target': None}]}
2026-09-24 13:26:38.093 [STEP] reject target=None
2026-09-24 13:26:39.385 [ROBOT] Stopped. The robot is idle.
2026-09-24 13:26:39.385 [STOP] confirmed stopped by odometry after barrage
2026-09-24 13:26:40.692 [CMD] [remote] move 1m
2026-09-24 13:26:40.693 [STOP] hard stop requested (cancel-all + zero barrage)
2026-09-24 13:26:41.303 [BRAIN] {'steps': [{'action': 'move', 'speech': 'Moving forward one metre.', 'target': None, 'distance_m': 1.0, 'rotation_deg': 0.0}]}
2026-09-24 13:26:41.303 [STEP] move target=None
2026-09-24 13:26:41.864 [ROBOT] There's an obstacle ahead — stopping the move early.
2026-09-24 13:26:41.864 [ROBOT] Done with that move.
2026-09-24 13:26:42.741 [ROBOT] Stopped. The robot is idle.
2026-09-24 13:26:42.741 [STOP] confirmed stopped by odometry after barrage
2026-09-24 13:32:30.958 [WARN] #35 cancel-all failed: failed to check service availability: rcl node's context is invalid, at ./src/rcl/node.c:428
2026-09-24 13:32:30.958 [STOP] hard stop requested (cancel-all + zero barrage)
2026-09-24 13:32:30.958 [RUN] agent shutting down
