2026-08-10 11:53:28.731 [RUN] vla_agent v25  (#60 manual override teleop, #59 10 Hz collision guard, #58 smoother approach, #57 stand off far enough to keep the object in view, #56 step-and-stare scan, #55 LiDAR failure reasons reported, #54 LiDAR object ranging, #53 seeded depth intrinsics, #52 depth intrinsics rescaled to frame size, #51 compressedDepth transport, #50 compressed RGB transport, #49 annotated feed gated per topic, #47 TF at colour-frame stamp, #48 reject stale depth, #46 one subscription per camera stream, #43 longer cached action-server wait, #44 undock retry-loop breaker, #45 sync slop for 1 Hz depth, #37 /robot1 namespace, #38 stereo depth topic, #39 best-effort sensor QoS, #40 RGB->depth pixel mapping, #41 encoding-based mm/m, #42 explicit namespaced TF, #36 no patrol feed prompt, #35 cancel actually stops the robot, #34 feed publishes to any subscriber, #22 dock no-detect zone, #23 live-first memory, #24 forget, #25 typo-tolerant control words, #26 bare yes/no, #27 context expiry, #28 all-instance distances, #29 Create 3 backup ratchet, #30 sticky goals + range-scaled gate + ring-safe blacklist, #31 incremental off-map hop goals, #32 non-freezing live feed, #33 command/reply/status bridge)
2026-08-10 11:53:28.731 [RUN] agent started (SIGHT_CONFIRM=2, SEARCH_TIMEOUT=120.0s, NO_PROGRESS_LIMIT=60.0s, ROBOT_CLEARANCE=0.25m)
2026-08-10 11:53:34.438 [CMD] [keyboard] move 1m ahead
2026-08-10 11:53:34.438 [STOP] hard stop requested (cancel-all + zero barrage)
2026-08-10 11:53:34.992 [BRAIN] {'steps': [{'action': 'move', 'speech': 'Moving forward one metre.', 'target': None, 'distance_m': 1.0, 'rotation_deg': 0.0}]}
2026-08-10 11:53:34.992 [STEP] move target=None
2026-08-10 11:53:36.486 [ROBOT] Stopped. The robot is idle.
2026-08-10 11:53:36.486 [STOP] confirmed stopped by odometry after barrage
2026-08-10 11:53:45.302 [CMD] [keyboard] turn around
2026-08-10 11:53:45.302 [STOP] hard stop requested (cancel-all + zero barrage)
2026-08-10 11:53:45.843 [BRAIN] {'steps': [{'action': 'move', 'speech': 'Turning around.', 'target': None, 'distance_m': 0.0, 'rotation_deg': 180.0}]}
2026-08-10 11:53:45.843 [STEP] move target=None
2026-08-10 11:53:47.346 [ROBOT] Stopped. The robot is idle.
2026-08-10 11:53:47.347 [STOP] confirmed stopped by odometry after barrage
2026-08-10 11:54:03.894 [CMD] (manual override via keyboard) manual override
2026-08-10 11:54:03.895 [STOP] hard stop requested (cancel-all + zero barrage)
2026-08-10 11:54:03.895 [MANUAL] operator took manual control
2026-08-10 11:54:05.946 [ROBOT] Stopped. The robot is idle.
2026-08-10 11:54:05.947 [STOP] confirmed stopped by odometry after barrage
2026-08-10 11:54:10.075 [MANUAL] control handed back to the robot
2026-08-10 11:57:13.547 [ROBOT] I've stopped receiving camera frames. Check the OAK-D driver — I can still move, but I'm blind until it's back.
2026-08-10 11:57:13.547 [WARN] #32e camera stream stalled
