2026-08-09 16:33:29.570 [RUN] vla_agent v24  (#58 smoother approach, #57 stand off far enough to keep the object in view, #56 step-and-stare scan, #55 LiDAR failure reasons reported, #54 LiDAR object ranging, #53 seeded depth intrinsics, #52 depth intrinsics rescaled to frame size, #51 compressedDepth transport, #50 compressed RGB transport, #49 annotated feed gated per topic, #47 TF at colour-frame stamp, #48 reject stale depth, #46 one subscription per camera stream, #43 longer cached action-server wait, #44 undock retry-loop breaker, #45 sync slop for 1 Hz depth, #37 /robot1 namespace, #38 stereo depth topic, #39 best-effort sensor QoS, #40 RGB->depth pixel mapping, #41 encoding-based mm/m, #42 explicit namespaced TF, #36 no patrol feed prompt, #35 cancel actually stops the robot, #34 feed publishes to any subscriber, #22 dock no-detect zone, #23 live-first memory, #24 forget, #25 typo-tolerant control words, #26 bare yes/no, #27 context expiry, #28 all-instance distances, #29 Create 3 backup ratchet, #30 sticky goals + range-scaled gate + ring-safe blacklist, #31 incremental off-map hop goals, #32 non-freezing live feed, #33 command/reply/status bridge)
2026-08-09 16:33:29.570 [RUN] agent started (SIGHT_CONFIRM=2, SEARCH_TIMEOUT=120.0s, NO_PROGRESS_LIMIT=60.0s, ROBOT_CLEARANCE=0.25m)
2026-08-09 16:33:31.981 [DOCK] dock position recorded at (0.23, 0.07); detections within 0.8 m are ignored
2026-08-09 16:33:40.426 [CMD] [keyboard] undock
2026-08-09 16:33:40.427 [STOP] hard stop requested (cancel-all + zero barrage)
2026-08-09 16:33:40.427 [STEP] undock target=None
2026-08-09 16:33:40.427 [ROBOT] Undocking…
2026-08-09 16:33:44.226 [ROBOT] Stopped. The robot is idle.
2026-08-09 16:33:44.226 [STOP] confirmed stopped by odometry after barrage
2026-08-09 16:33:46.098 [ROBOT] Undocked — ready to move.
2026-08-09 16:33:46.098 [DOCK] undock ok
2026-08-09 16:33:47.529 [INFO] depth frames 1280x720, intrinsics 1280x720 from seeded defaults (#53)
2026-08-09 16:33:47.531 [INFO] live depth camera_info received 1280x720
2026-08-09 16:33:50.586 [ROBOT] RGB and depth stopped lining up (2.0s since the last matched pair) — switching to the newest frame of each. Detections stay live; depth accuracy drops a little while they are out of step.
2026-08-09 16:33:50.586 [WARN] #32a stale sync pair dropped after 2.0s
2026-08-09 16:34:07.595 [CMD] [keyboard] turn right 40
2026-08-09 16:34:07.595 [STOP] hard stop requested (cancel-all + zero barrage)
2026-08-09 16:34:08.252 [BRAIN] {'steps': [{'action': 'move', 'speech': 'Turning forty degrees to the right.', 'target': None, 'distance_m': 0.0, 'rotation_deg': -40.0}]}
2026-08-09 16:34:08.252 [STEP] move target=None
2026-08-09 16:34:09.645 [ROBOT] Stopped. The robot is idle.
2026-08-09 16:34:09.646 [STOP] confirmed stopped by odometry after barrage
2026-08-09 16:34:12.585 [ROBOT] Done with that move.
2026-08-09 16:34:17.275 [CMD] [keyboard] what do us ee
2026-08-09 16:34:17.275 [STOP] hard stop requested (cancel-all + zero barrage)
2026-08-09 16:34:17.834 [BRAIN] {'steps': [{'action': 'describe', 'speech': "I don't see anything right now.", 'target': None}]}
2026-08-09 16:34:17.834 [STEP] describe target=None
2026-08-09 16:34:19.325 [ROBOT] Stopped. The robot is idle.
2026-08-09 16:34:19.326 [STOP] confirmed stopped by odometry after barrage
2026-08-09 16:34:24.779 [CMD] [keyboard] what do you see
2026-08-09 16:34:24.779 [STOP] hard stop requested (cancel-all + zero barrage)
2026-08-09 16:34:25.435 [BRAIN] {'steps': [{'action': 'describe', 'speech': "I don't see anything right now.", 'target': None}]}
2026-08-09 16:34:25.436 [STEP] describe target=None
2026-08-09 16:34:26.825 [ROBOT] Stopped. The robot is idle.
2026-08-09 16:34:26.826 [STOP] confirmed stopped by odometry after barrage
2026-08-09 16:34:31.082 [CMD] [keyboard] move foward 0.1
2026-08-09 16:34:31.083 [STOP] hard stop requested (cancel-all + zero barrage)
2026-08-09 16:34:31.722 [BRAIN] {'steps': [{'action': 'move', 'speech': 'Moving forward a little.', 'target': None, 'distance_m': 0.1, 'rotation_deg': 0.0}]}
2026-08-09 16:34:31.722 [STEP] move target=None
2026-08-09 16:34:33.125 [ROBOT] Stopped. The robot is idle.
2026-08-09 16:34:33.126 [STOP] confirmed stopped by odometry after barrage
2026-08-09 16:34:34.585 [ROBOT] Done with that move.
2026-08-09 16:34:39.722 [CMD] [keyboard] what do you se
2026-08-09 16:34:39.723 [STOP] hard stop requested (cancel-all + zero barrage)
2026-08-09 16:34:40.347 [BRAIN] {'steps': [{'action': 'describe', 'speech': "I don't see anything right now.", 'target': None}]}
2026-08-09 16:34:40.347 [STEP] describe target=None
2026-08-09 16:34:41.765 [ROBOT] Stopped. The robot is idle.
2026-08-09 16:34:41.766 [STOP] confirmed stopped by odometry after barrage
2026-08-09 16:34:42.763 [CMD] [keyboard] show me
2026-08-09 16:34:42.763 [STOP] hard stop requested (cancel-all + zero barrage)
2026-08-09 16:34:43.289 [BRAIN] {'steps': [{'action': 'feed', 'speech': 'Showing you what I see.', 'target': None}]}
2026-08-09 16:34:43.289 [STEP] feed target=None
2026-08-09 16:34:44.805 [ROBOT] Stopped. The robot is idle.
2026-08-09 16:34:44.806 [STOP] confirmed stopped by odometry after barrage
2026-08-09 16:35:00.811 [CMD] [keyboard] turn right 10
2026-08-09 16:35:00.811 [STOP] hard stop requested (cancel-all + zero barrage)
2026-08-09 16:35:01.479 [BRAIN] {'steps': [{'action': 'move', 'speech': 'Turning ten degrees to the right.', 'target': None, 'distance_m': 0.0, 'rotation_deg': -10.0}]}
2026-08-09 16:35:01.479 [STEP] move target=None
2026-08-09 16:35:02.865 [ROBOT] Stopped. The robot is idle.
2026-08-09 16:35:02.866 [STOP] confirmed stopped by odometry after barrage
2026-08-09 16:35:04.586 [ROBOT] Done with that move.
2026-08-09 16:35:13.162 [CMD] [keyboard] waht do you see
2026-08-09 16:35:13.163 [STOP] hard stop requested (cancel-all + zero barrage)
2026-08-09 16:35:13.765 [BRAIN] {'steps': [{'action': 'describe', 'speech': 'I see a chair.', 'target': None}]}
2026-08-09 16:35:13.766 [STEP] describe target=None
2026-08-09 16:35:15.205 [ROBOT] Stopped. The robot is idle.
2026-08-09 16:35:15.206 [STOP] confirmed stopped by odometry after barrage
2026-08-09 16:35:23.755 [CMD] [keyboard] go to the chair
2026-08-09 16:35:23.755 [STOP] hard stop requested (cancel-all + zero barrage)
2026-08-09 16:35:24.258 [BRAIN] {'steps': [{'action': 'navigate', 'speech': 'Heading to the chair.', 'target': 'chair'}]}
2026-08-09 16:35:24.258 [STEP] navigate target='chair'
2026-08-09 16:35:25.633 [ROBOT] Found the chair — navigating to it.
2026-08-09 16:35:25.633 [SIGHT] chair at (-0.43, 4.66), 4.44 m away
2026-08-09 16:35:25.635 [GOAL] (-0.32, 3.36) yaw=95deg mode=navigate
2026-08-09 16:35:25.805 [ROBOT] Stopped. The robot is idle.
2026-08-09 16:35:25.806 [STOP] confirmed stopped by odometry after barrage
2026-08-09 16:35:27.634 [GOAL] (-1.34, 3.34) yaw=114deg mode=navigate
2026-08-09 16:35:27.637 [RESULT] nav goal status=6 (not-succeeded)
2026-08-09 16:35:27.637 [WARN] nav goal (-1.34, 3.34) failed (status=6); trying another approach angle
2026-08-09 16:35:28.636 [GOAL] (-1.45, 3.59) yaw=115deg mode=navigate
2026-08-09 16:35:28.646 [RESULT] nav goal status=6 (not-succeeded)
2026-08-09 16:35:28.646 [WARN] nav goal (-1.45, 3.59) failed (status=6); trying another approach angle
2026-08-09 16:35:29.636 [GOAL] (-1.21, 3.15) yaw=114deg mode=navigate
2026-08-09 16:35:29.646 [RESULT] nav goal status=6 (not-succeeded)
2026-08-09 16:35:29.647 [WARN] nav goal (-1.21, 3.15) failed (status=6); trying another approach angle
2026-08-09 16:35:30.640 [GOAL] (-0.83, 3.66) yaw=141deg mode=navigate
2026-08-09 16:35:30.646 [RESULT] nav goal status=6 (not-succeeded)
2026-08-09 16:35:30.647 [WARN] nav goal (-0.83, 3.66) failed (status=6); trying another approach angle
2026-08-09 16:35:31.636 [GOAL] (-1.79, 3.22) yaw=92deg mode=navigate
2026-08-09 16:35:31.646 [RESULT] nav goal status=6 (not-succeeded)
2026-08-09 16:35:31.646 [WARN] nav goal (-1.79, 3.22) failed (status=6); trying another approach angle
2026-08-09 16:35:32.635 [GOAL] (-1.03, 3.91) yaw=143deg mode=navigate
2026-08-09 16:35:32.647 [RESULT] nav goal status=6 (not-succeeded)
2026-08-09 16:35:32.647 [WARN] nav goal (-1.03, 3.91) failed (status=6); trying another approach angle
2026-08-09 16:35:33.633 [GOAL] (-1.76, 3.52) yaw=94deg mode=navigate
2026-08-09 16:35:33.637 [RESULT] nav goal status=6 (not-succeeded)
2026-08-09 16:35:33.637 [WARN] nav goal (-1.76, 3.52) failed (status=6); trying another approach angle
2026-08-09 16:35:34.634 [GOAL] (-0.55, 4.29) yaw=170deg mode=navigate
2026-08-09 16:35:34.640 [RESULT] nav goal status=6 (not-succeeded)
2026-08-09 16:35:34.640 [WARN] nav goal (-0.55, 4.29) failed (status=6); trying another approach angle
2026-08-09 16:35:35.638 [GOAL] (-2.26, 3.29) yaw=70deg mode=navigate
2026-08-09 16:35:35.646 [RESULT] nav goal status=6 (not-succeeded)
2026-08-09 16:35:35.647 [WARN] nav goal (-2.26, 3.29) failed (status=6); trying another approach angle
2026-08-09 16:35:35.647 [WARN] every approach to the target failed — dropping sighting, rescanning
2026-08-09 16:35:45.323 [CMD] (cancel via keyboard) stop
2026-08-09 16:35:45.324 [STOP] hard stop requested (cancel-all + zero barrage)
2026-08-09 16:35:47.365 [ROBOT] Stopped. The robot is idle.
2026-08-09 16:35:47.366 [STOP] confirmed stopped by odometry after barrage
2026-08-09 16:38:11.595 [CMD] [keyboard] manual override
2026-08-09 16:38:11.595 [STOP] hard stop requested (cancel-all + zero barrage)
2026-08-09 16:38:12.317 [BRAIN] {'steps': [{'action': 'reject', 'speech': "I don't understand 'manual override'. Do you want to stop my current task?", 'target': None}]}
2026-08-09 16:38:12.318 [STEP] reject target=None
2026-08-09 16:38:13.645 [ROBOT] Stopped. The robot is idle.
2026-08-09 16:38:13.645 [STOP] confirmed stopped by odometry after barrage
2026-08-09 16:38:16.971 [CMD] (cancel via keyboard) stop
2026-08-09 16:38:16.971 [STOP] hard stop requested (cancel-all + zero barrage)
2026-08-09 16:38:19.026 [ROBOT] Stopped. The robot is idle.
2026-08-09 16:38:19.027 [STOP] confirmed stopped by odometry after barrage
2026-08-09 16:38:24.444 [CMD] [keyboard] manual override
2026-08-09 16:38:24.444 [STOP] hard stop requested (cancel-all + zero barrage)
2026-08-09 16:38:24.492 [CTX] dropping stale context (navigate -> chair)
2026-08-09 16:38:25.419 [BRAIN] {'steps': [{'action': 'answer', 'speech': 'Manual override mode not supported, but I can show you what I see instead.', 'target': None}, {'action': 'describe', 'speech': 'Currently seeing a box and a chair.', 'target': None}]}
2026-08-09 16:38:25.419 [STEP] answer target=None
2026-08-09 16:38:25.419 [STEP] describe target=None
2026-08-09 16:38:26.485 [ROBOT] Stopped. The robot is idle.
2026-08-09 16:38:26.486 [STOP] confirmed stopped by odometry after barrage
2026-08-09 16:39:32.875 [CMD] [keyboard] waht dou see
2026-08-09 16:39:32.876 [STOP] hard stop requested (cancel-all + zero barrage)
2026-08-09 16:39:33.468 [BRAIN] {'steps': [{'action': 'describe', 'speech': 'I see a chair.', 'target': None}]}
2026-08-09 16:39:33.469 [STEP] describe target=None
2026-08-09 16:39:34.925 [ROBOT] Stopped. The robot is idle.
2026-08-09 16:39:34.926 [STOP] confirmed stopped by odometry after barrage
2026-08-09 16:39:41.739 [CMD] [keyboard] go to the chair
2026-08-09 16:39:41.740 [STOP] hard stop requested (cancel-all + zero barrage)
2026-08-09 16:39:42.245 [BRAIN] {'steps': [{'action': 'navigate', 'speech': 'Heading to the chair.', 'target': 'chair'}]}
2026-08-09 16:39:42.245 [STEP] navigate target='chair'
2026-08-09 16:39:43.632 [ROBOT] Found the chair — navigating to it.
2026-08-09 16:39:43.633 [SIGHT] chair at (-0.37, 4.87), 5.11 m away
2026-08-09 16:39:43.634 [GOAL] (-0.44, 3.57) yaw=87deg mode=navigate
2026-08-09 16:39:43.785 [ROBOT] Stopped. The robot is idle.
2026-08-09 16:39:43.786 [STOP] confirmed stopped by odometry after barrage
2026-08-09 16:39:59.631 [ARRIVE] stopped by LiDAR front guard at 0.38 m (believed gap 1.69 m)
2026-08-09 16:39:59.631 [ROBOT] Arrived at the chair.
2026-08-09 16:51:15.186 [ROBOT] I've stopped receiving camera frames. Check the OAK-D driver — I can still move, but I'm blind until it's back.
2026-08-09 16:51:15.186 [WARN] #32e camera stream stalled
2026-08-09 16:51:21.390 [STOP] hard stop requested (cancel-all + zero barrage)
2026-08-09 16:51:21.390 [RUN] agent shutting down
