2026-07-16 20:40:08.037 [RUN] agent started (SIGHT_CONFIRM=2, NAVIGATE_TIMEOUT=60.0s)
2026-07-16 20:40:25.145 [CMD] can you go to the sun
2026-07-16 20:41:01.323 [BRAIN] {'steps': [{'action': 'reject', 'speech': "I can't see a sun indoors, but I can show you what's here — there's a chair.", 'target': None}]}
2026-07-16 20:41:01.323 [STEP] reject target=None
2026-07-16 20:41:14.314 [CMD] undock
2026-07-16 20:41:14.314 [STEP] undock target=None
2026-07-16 20:41:14.315 [ROBOT] Undocking…
2026-07-16 20:41:24.474 [ROBOT] Undocked — ready to move.
2026-07-16 20:41:24.474 [DOCK] undock ok
2026-07-16 20:42:11.386 [CMD] turn 180 degree right
2026-07-16 20:42:12.266 [BRAIN] {'steps': [{'action': 'move', 'speech': 'Turning 180 degrees to the right.', 'target': None, 'distance_m': 0.0, 'rotation_deg': -180.0}]}
2026-07-16 20:42:12.266 [STEP] move target=None
2026-07-16 20:42:20.439 [ROBOT] Done with that move.
2026-07-16 20:42:26.058 [CMD] what do you see
2026-07-16 20:42:26.707 [BRAIN] {'steps': [{'action': 'describe', 'speech': 'I see a person.', 'target': None}]}
2026-07-16 20:42:26.707 [STEP] describe target=None
2026-07-16 20:42:32.218 [CMD] find a chair
2026-07-16 20:42:32.859 [BRAIN] {'steps': [{'action': 'locate', 'speech': 'Looking for a chair.', 'target': 'chair'}]}
2026-07-16 20:42:32.859 [STEP] locate target='chair'
2026-07-16 20:42:34.556 [MEMORY] remembered chair at (14.18, -2.24)
2026-07-16 20:42:34.556 [ROBOT] Yes — I can see a chair about 14.4 m away. I'll remember where it is. (Locating only — not driving to it.)
2026-07-16 20:42:46.169 [CMD] go to the chair
2026-07-16 20:42:47.085 [BRAIN] {'steps': [{'action': 'navigate', 'speech': "There's no chair in view, but I'll check for one.", 'target': 'chair'}]}
2026-07-16 20:42:47.086 [STEP] navigate target='chair'
2026-07-16 20:42:47.086 [MEMORY] seeded chair from remembered instance at (14.18, -2.24)
2026-07-16 20:42:47.509 [GOAL] (0.51, -0.09) yaw=-9deg mode=navigate
2026-07-16 20:42:49.871 [RESULT] nav goal status=4 (ok)
2026-07-16 20:42:50.503 [ROBOT] I can see the chair now — it's where I remembered.
2026-07-16 20:42:50.503 [SIGHT] memory-seeded chair re-confirmed at (14.69, -4.06), 14.97 m away
2026-07-16 20:43:00.498 [ROBOT] I can't find a reachable path toward the chair from here — searching again.
2026-07-16 20:43:00.498 [WARN] dropping unreachable sighting of chair at (14.67, -4.09)
2026-07-16 20:43:23.507 [ROBOT] Found the chair — navigating to it.
2026-07-16 20:43:23.507 [SIGHT] chair at (13.92, -4.96), 14.33 m away
2026-07-16 20:43:23.508 [GOAL] (1.71, -0.70) yaw=-19deg mode=navigate
2026-07-16 20:43:29.169 [RESULT] nav goal status=4 (ok)
2026-07-16 20:43:29.498 [ROBOT] I can't find a reachable path toward the chair from here — searching again.
2026-07-16 20:43:29.498 [WARN] dropping unreachable sighting of chair at (13.92, -4.96)
2026-07-16 20:43:33.521 [ROBOT] Found the chair — navigating to it.
2026-07-16 20:43:33.521 [SIGHT] chair at (14.21, -2.57), 12.84 m away
2026-07-16 20:43:47.439 [ROBOT] I know where the chair is but couldn't reach it within my time limit — try 'go to the chair' again; I'll resume from what I remember.
2026-07-16 20:49:12.926 [RUN] agent shutting down
