2026-08-10 11:36:50.582 [RUN] vla_agent v25  (#60 manual override teleop, #59 10 Hz collision guard, #58 smoother approach, #57 stand off far enough to keep the object in view, #56 step-and-stare scan, #55 LiDAR failure reasons reported, #54 LiDAR object ranging, #53 seeded depth intrinsics, #52 depth intrinsics rescaled to frame size, #51 compressedDepth transport, #50 compressed RGB transport, #49 annotated feed gated per topic, #47 TF at colour-frame stamp, #48 reject stale depth, #46 one subscription per camera stream, #43 longer cached action-server wait, #44 undock retry-loop breaker, #45 sync slop for 1 Hz depth, #37 /robot1 namespace, #38 stereo depth topic, #39 best-effort sensor QoS, #40 RGB->depth pixel mapping, #41 encoding-based mm/m, #42 explicit namespaced TF, #36 no patrol feed prompt, #35 cancel actually stops the robot, #34 feed publishes to any subscriber, #22 dock no-detect zone, #23 live-first memory, #24 forget, #25 typo-tolerant control words, #26 bare yes/no, #27 context expiry, #28 all-instance distances, #29 Create 3 backup ratchet, #30 sticky goals + range-scaled gate + ring-safe blacklist, #31 incremental off-map hop goals, #32 non-freezing live feed, #33 command/reply/status bridge)
2026-08-10 11:36:50.582 [RUN] agent started (SIGHT_CONFIRM=2, SEARCH_TIMEOUT=120.0s, NO_PROGRESS_LIMIT=60.0s, ROBOT_CLEARANCE=0.25m)
2026-08-10 11:36:54.277 [CMD] [keyboard] undock
2026-08-10 11:36:54.277 [STOP] hard stop requested (cancel-all + zero barrage)
2026-08-10 11:36:54.277 [STEP] undock target=None
2026-08-10 11:36:54.277 [ROBOT] Undocking…
2026-08-10 11:36:56.318 [ROBOT] Stopped. The robot is idle.
2026-08-10 11:36:56.318 [STOP] confirmed stopped by odometry after barrage
2026-08-10 11:37:01.964 [DOCK] dock position recorded at (-0.02, 0.20); detections within 0.8 m are ignored
2026-08-10 11:37:01.964 [ROBOT] Undocked — ready to move.
2026-08-10 11:37:01.965 [DOCK] undock ok
2026-08-10 11:37:13.044 [CMD] (manual override via keyboard) manual override
2026-08-10 11:37:13.045 [STOP] hard stop requested (cancel-all + zero barrage)
2026-08-10 11:37:13.045 [MANUAL] operator took manual control
2026-08-10 11:37:15.098 [ROBOT] Stopped. The robot is idle.
2026-08-10 11:37:15.099 [STOP] confirmed stopped by odometry after barrage
2026-08-10 11:38:34.408 [MANUAL] control handed back to the robot
2026-08-10 11:38:37.108 [CMD] [keyboard] dock
2026-08-10 11:38:37.108 [STOP] hard stop requested (cancel-all + zero barrage)
2026-08-10 11:38:37.108 [STEP] dock target=None
2026-08-10 11:38:37.108 [ROBOT] Docking…
2026-08-10 11:38:39.158 [ROBOT] Stopped. The robot is idle.
2026-08-10 11:38:39.158 [STOP] confirmed stopped by odometry after barrage
2026-08-10 11:39:12.042 [DOCK] dock position recorded at (0.07, 0.18); detections within 0.8 m are ignored
2026-08-10 11:39:12.043 [ROBOT] Docked successfully.
2026-08-10 11:39:12.043 [DOCK] dock ok
2026-08-10 11:39:16.598 [ROBOT] I've stopped receiving camera frames. Check the OAK-D driver — I can still move, but I'm blind until it's back.
2026-08-10 11:39:16.599 [WARN] #32e camera stream stalled
2026-08-10 11:40:58.244 [CMD] [keyboard] undock
2026-08-10 11:40:58.245 [STOP] hard stop requested (cancel-all + zero barrage)
2026-08-10 11:40:58.245 [STEP] undock target=None
2026-08-10 11:40:58.245 [ROBOT] Undocking…
2026-08-10 11:41:00.298 [ROBOT] Stopped. The robot is idle.
2026-08-10 11:41:00.299 [STOP] confirmed stopped by odometry after barrage
2026-08-10 11:41:07.295 [ROBOT] Undocked — ready to move.
2026-08-10 11:41:07.295 [DOCK] undock ok
2026-08-10 11:41:40.836 [CMD] [keyboard] show me the feed
2026-08-10 11:41:40.837 [STOP] hard stop requested (cancel-all + zero barrage)
2026-08-10 11:41:42.878 [ROBOT] Stopped. The robot is idle.
2026-08-10 11:41:42.879 [STOP] confirmed stopped by odometry after barrage
2026-08-10 11:41:43.765 [BRAIN] {'steps': [{'action': 'feed', 'speech': 'Showing you the live camera feed.', 'target': None}]}
2026-08-10 11:41:43.765 [STEP] feed target=None
2026-08-10 11:43:56.117 [CMD] [keyboard] what do you see
2026-08-10 11:43:56.117 [STOP] hard stop requested (cancel-all + zero barrage)
2026-08-10 11:43:56.701 [BRAIN] {'steps': [{'action': 'describe', 'speech': "I don't see anything right now.", 'target': None}]}
2026-08-10 11:43:56.702 [STEP] describe target=None
2026-08-10 11:43:58.158 [ROBOT] Stopped. The robot is idle.
2026-08-10 11:43:58.158 [STOP] confirmed stopped by odometry after barrage
2026-08-10 11:44:05.557 [STOP] hard stop requested (cancel-all + zero barrage)
2026-08-10 11:44:05.557 [RUN] agent shutting down
