2026-07-29 13:44:42.693 [RUN] vla_agent v8  (#22 dock no-detect zone, #23 live-first memory, #24 forget, #25 typo-tolerant control words, #26 bare yes/no, #27 context expiry, #28 all-instance distances, #29 Create 3 backup ratchet, #30 sticky goals + range-scaled gate + ring-safe blacklist)
2026-07-29 13:44:42.693 [RUN] agent started (SIGHT_CONFIRM=2, SEARCH_TIMEOUT=45.0s, NO_PROGRESS_LIMIT=60.0s, ROBOT_CLEARANCE=0.25m)
2026-07-29 13:44:43.847 [DOCK] dock position recorded at (0.02, 0.00); detections within 0.8 m are ignored
2026-07-29 13:44:49.167 [CMD] what do you see
2026-07-29 13:45:25.563 [BRAIN] {'steps': [{'action': 'describe', 'speech': 'I see a chair.', 'target': None}]}
2026-07-29 13:45:25.563 [STEP] describe target=None
2026-07-29 13:45:34.320 [CMD] give me live feed
2026-07-29 13:45:35.079 [BRAIN] {'steps': [{'action': 'feed', 'speech': 'Showing you the current view from my camera.', 'target': None}]}
2026-07-29 13:45:35.079 [STEP] feed target=None
2026-07-29 13:45:43.824 [CMD] undock
2026-07-29 13:45:43.824 [STEP] undock target=None
2026-07-29 13:45:43.824 [ROBOT] Undocking…
2026-07-29 13:45:53.655 [ROBOT] Undocked — ready to move.
2026-07-29 13:45:53.655 [DOCK] undock ok
2026-07-29 13:45:57.152 [CMD] turn around
2026-07-29 13:45:57.869 [BRAIN] {'steps': [{'action': 'move', 'speech': 'Turning around.', 'target': None, 'distance_m': 0.0, 'rotation_deg': 180.0}]}
2026-07-29 13:45:57.869 [STEP] move target=None
2026-07-29 13:46:06.087 [ROBOT] Done with that move.
2026-07-29 13:46:16.240 [CMD] what do you see
2026-07-29 13:46:17.086 [BRAIN] {'steps': [{'action': 'describe', 'speech': 'I see a chair and a person.', 'target': None}]}
2026-07-29 13:46:17.086 [STEP] describe target=None
2026-07-29 13:46:28.224 [CMD] go to the person and then to the chair
2026-07-29 13:46:29.187 [BRAIN] {'steps': [{'action': 'navigate', 'speech': 'Heading to the person.', 'target': 'person'}, {'action': 'navigate', 'speech': 'Then to the chair.', 'target': 'chair'}]}
2026-07-29 13:46:29.187 [STEP] navigate target='person'
2026-07-29 13:46:31.146 [ROBOT] Found the person — navigating to it.
2026-07-29 13:46:31.146 [SIGHT] person at (6.67, -3.22), 7.50 m away
2026-07-29 13:46:31.147 [GOAL] (5.85, -3.59) yaw=25deg mode=navigate
2026-07-29 13:46:32.148 [WARN] suspicious person jump of 5.9 m (occlusion/depth noise?) — waiting for a confirming look (agree radius 1.0 m)
2026-07-29 13:46:33.150 [SIGHT] large person jump (5.8 m) confirmed by a second look — accepting
2026-07-29 13:46:33.152 [GOAL] (0.45, -0.75) yaw=-14deg mode=navigate
2026-07-29 13:46:33.160 [RESULT] nav goal status=6 (not-succeeded)
2026-07-29 13:46:33.160 [WARN] nav goal (0.45, -0.75) failed (status=6); trying another approach angle
2026-07-29 13:46:34.146 [GOAL] (0.84, -0.68) yaw=-46deg mode=navigate
2026-07-29 13:46:34.153 [RESULT] nav goal status=6 (not-succeeded)
2026-07-29 13:46:34.153 [WARN] nav goal (0.84, -0.68) failed (status=6); trying another approach angle
2026-07-29 13:46:35.155 [GOAL] (0.42, -1.17) yaw=11deg mode=navigate
2026-07-29 13:46:35.164 [RESULT] nav goal status=6 (not-succeeded)
2026-07-29 13:46:35.164 [WARN] nav goal (0.42, -1.17) failed (status=6); trying another approach angle
2026-07-29 13:46:36.155 [ROBOT] Arrived at the person.
2026-07-29 13:46:36.155 [STEP] navigate target='chair'
2026-07-29 13:46:53.143 [ROBOT] Can't see the chair here — moving to look elsewhere.
2026-07-29 13:47:02.146 [ROBOT] Can't see the chair here — moving to look elsewhere.
2026-07-29 13:47:22.087 [ROBOT] Sorry, I couldn't find any chair in this area.
2026-07-29 13:47:31.951 [CMD] move forward
2026-07-29 13:47:32.731 [BRAIN] {'steps': [{'action': 'move', 'speech': 'Moving forward one metre.', 'target': None, 'distance_m': 1.0, 'rotation_deg': 0.0}]}
2026-07-29 13:47:32.731 [STEP] move target=None
2026-07-29 13:47:40.087 [ROBOT] Done with that move.
2026-07-29 13:47:48.544 [CMD] urn right 15
2026-07-29 13:47:49.384 [BRAIN] {'steps': [{'action': 'move', 'speech': 'Turning fifteen degrees to the right.', 'target': None, 'distance_m': 0.0, 'rotation_deg': -15.0}]}
2026-07-29 13:47:49.384 [STEP] move target=None
2026-07-29 13:47:52.087 [ROBOT] Done with that move.
2026-07-29 13:48:02.463 [CMD] move forward 4m
2026-07-29 13:48:03.244 [BRAIN] {'steps': [{'action': 'move', 'speech': 'Moving forward four meters.', 'target': None, 'distance_m': 4.0, 'rotation_deg': 0.0}]}
2026-07-29 13:48:03.244 [STEP] move target=None
2026-07-29 13:48:09.039 [CMD] (cancel) stop
2026-07-29 13:48:14.847 [CMD] turn right 10
2026-07-29 13:48:15.667 [BRAIN] {'steps': [{'action': 'move', 'speech': 'Turning ten degrees to the right.', 'target': None, 'distance_m': 0.0, 'rotation_deg': -10.0}]}
2026-07-29 13:48:15.667 [STEP] move target=None
2026-07-29 13:48:18.087 [ROBOT] Done with that move.
2026-07-29 13:48:33.391 [CMD] what do you se
2026-07-29 13:48:34.138 [BRAIN] {'steps': [{'action': 'describe', 'speech': 'I see a chair and a person.', 'target': None}]}
2026-07-29 13:48:34.138 [STEP] describe target=None
2026-07-29 13:48:43.887 [CMD] go to the closest chair
2026-07-29 13:48:44.649 [BRAIN] {'steps': [{'action': 'navigate', 'speech': 'Heading to the nearest chair.', 'target': 'chair', 'qualifier': 'nearest'}]}
2026-07-29 13:48:44.649 [STEP] navigate target='chair'
2026-07-29 13:48:46.152 [ROBOT] Found the chair — navigating to it.
2026-07-29 13:48:46.152 [SIGHT] chair at (14.71, -4.01), 14.97 m away
2026-07-29 13:48:46.156 [GOAL] (3.17, -0.48) yaw=-17deg mode=navigate
2026-07-29 13:48:58.368 [RESULT] nav goal status=4 (ok)
2026-07-29 13:49:10.832 [CMD] give live feed
2026-07-29 13:49:11.488 [BRAIN] {'steps': [{'action': 'feed', 'speech': 'Showing live camera feed.', 'target': None}]}
2026-07-29 13:49:11.488 [STEP] feed target=None
2026-07-29 13:49:20.448 [CMD] go to the chair
2026-07-29 13:49:21.067 [BRAIN] {'steps': [{'action': 'navigate', 'speech': 'Heading back to the chair.', 'target': 'chair'}]}
2026-07-29 13:49:21.067 [STEP] navigate target='chair'
2026-07-29 13:49:22.149 [ROBOT] Found the chair — navigating to it.
2026-07-29 13:49:22.150 [SIGHT] chair at (14.59, -4.16), 12.27 m away
2026-07-29 13:49:35.839 [CMD] patrol the area
2026-07-29 13:49:36.527 [BRAIN] {'steps': [{'action': 'patrol', 'speech': 'Starting to patrol the area.', 'target': None}]}
2026-07-29 13:49:36.528 [STEP] patrol target=None
2026-07-29 13:49:36.528 [ROBOT] Do you want a live camera feed during the patrol? (yes / no)
2026-07-29 13:49:40.090 [GOAL] (3.56, -0.66) yaw=-21deg mode=explore
2026-07-29 13:49:42.501 [RESULT] nav goal status=4 (ok)
2026-07-29 13:49:43.091 [GOAL] (4.50, -1.56) yaw=-40deg mode=explore
2026-07-29 13:49:49.202 [RESULT] nav goal status=4 (ok)
2026-07-29 13:49:50.090 [GOAL] (5.47, -2.01) yaw=-25deg mode=explore
2026-07-29 13:49:54.688 [CMD] (cancel) stop
2026-07-29 13:50:03.999 [CMD] go to the chair
2026-07-29 13:50:04.669 [BRAIN] {'steps': [{'action': 'navigate', 'speech': 'Heading back to the chair.', 'target': 'chair'}]}
2026-07-29 13:50:04.670 [STEP] navigate target='chair'
2026-07-29 13:50:06.150 [ROBOT] Found the chair — navigating to it.
2026-07-29 13:50:06.150 [SIGHT] chair at (14.29, -4.34), 9.42 m away
2026-07-29 13:50:06.153 [GOAL] (13.42, -4.11) yaw=-15deg mode=navigate
2026-07-29 13:50:43.715 [RESULT] nav goal status=4 (ok)
2026-07-29 13:50:44.154 [GOAL] (13.61, -4.05) yaw=-2deg mode=navigate
2026-07-29 13:50:45.415 [RESULT] nav goal status=4 (ok)
2026-07-29 13:50:46.148 [GOAL] (13.67, -4.06) yaw=5deg mode=navigate
2026-07-29 13:50:46.709 [RESULT] nav goal status=4 (ok)
2026-07-29 13:50:47.150 [GOAL] (13.67, -4.07) yaw=4deg mode=navigate
2026-07-29 13:50:47.212 [RESULT] nav goal status=4 (ok)
2026-07-29 13:50:48.151 [GOAL] (13.67, -4.07) yaw=4deg mode=navigate
2026-07-29 13:50:48.213 [RESULT] nav goal status=4 (ok)
2026-07-29 13:50:49.151 [GOAL] (13.67, -4.07) yaw=4deg mode=navigate
2026-07-29 13:50:49.212 [RESULT] nav goal status=4 (ok)
2026-07-29 13:50:50.149 [GOAL] (13.67, -4.07) yaw=4deg mode=navigate
2026-07-29 13:50:50.211 [RESULT] nav goal status=4 (ok)
2026-07-29 13:50:51.149 [GOAL] (13.67, -4.07) yaw=4deg mode=navigate
2026-07-29 13:50:51.210 [RESULT] nav goal status=4 (ok)
2026-07-29 13:50:52.161 [GOAL] (13.67, -4.07) yaw=4deg mode=navigate
2026-07-29 13:50:52.222 [RESULT] nav goal status=4 (ok)
2026-07-29 13:50:53.150 [GOAL] (13.67, -4.07) yaw=4deg mode=navigate
2026-07-29 13:50:53.211 [RESULT] nav goal status=4 (ok)
2026-07-29 13:50:54.153 [GOAL] (13.67, -4.08) yaw=3deg mode=navigate
2026-07-29 13:50:54.214 [RESULT] nav goal status=4 (ok)
2026-07-29 13:50:55.152 [GOAL] (13.67, -4.07) yaw=4deg mode=navigate
2026-07-29 13:50:55.214 [RESULT] nav goal status=4 (ok)
2026-07-29 13:50:56.154 [GOAL] (13.67, -4.07) yaw=4deg mode=navigate
2026-07-29 13:50:56.216 [RESULT] nav goal status=4 (ok)
2026-07-29 13:50:57.151 [GOAL] (13.67, -4.08) yaw=3deg mode=navigate
2026-07-29 13:50:57.213 [RESULT] nav goal status=4 (ok)
2026-07-29 13:50:58.149 [GOAL] (13.67, -4.08) yaw=3deg mode=navigate
2026-07-29 13:50:58.211 [RESULT] nav goal status=4 (ok)
2026-07-29 13:50:59.164 [GOAL] (13.67, -4.07) yaw=4deg mode=navigate
2026-07-29 13:50:59.226 [RESULT] nav goal status=4 (ok)
2026-07-29 13:51:00.155 [GOAL] (13.67, -4.07) yaw=4deg mode=navigate
2026-07-29 13:51:00.217 [RESULT] nav goal status=4 (ok)
2026-07-29 13:51:01.152 [GOAL] (13.67, -4.08) yaw=4deg mode=navigate
2026-07-29 13:51:01.214 [RESULT] nav goal status=4 (ok)
2026-07-29 13:51:02.153 [GOAL] (13.67, -4.07) yaw=4deg mode=navigate
2026-07-29 13:51:02.214 [RESULT] nav goal status=4 (ok)
2026-07-29 13:51:03.156 [GOAL] (13.67, -4.07) yaw=4deg mode=navigate
2026-07-29 13:51:03.218 [RESULT] nav goal status=4 (ok)
2026-07-29 13:51:04.149 [GOAL] (13.67, -4.07) yaw=3deg mode=navigate
2026-07-29 13:51:04.211 [RESULT] nav goal status=4 (ok)
2026-07-29 13:51:05.152 [GOAL] (13.67, -4.08) yaw=4deg mode=navigate
2026-07-29 13:51:05.215 [RESULT] nav goal status=4 (ok)
2026-07-29 13:51:06.150 [GOAL] (13.67, -4.07) yaw=4deg mode=navigate
2026-07-29 13:51:06.211 [RESULT] nav goal status=4 (ok)
2026-07-29 13:51:07.150 [GOAL] (13.67, -4.07) yaw=4deg mode=navigate
2026-07-29 13:51:07.213 [RESULT] nav goal status=4 (ok)
2026-07-29 13:51:08.154 [GOAL] (13.67, -4.08) yaw=4deg mode=navigate
2026-07-29 13:51:08.216 [RESULT] nav goal status=4 (ok)
2026-07-29 13:51:09.149 [GOAL] (13.67, -4.08) yaw=4deg mode=navigate
2026-07-29 13:51:09.210 [RESULT] nav goal status=4 (ok)
2026-07-29 13:51:10.159 [GOAL] (13.67, -4.07) yaw=4deg mode=navigate
2026-07-29 13:51:10.221 [RESULT] nav goal status=4 (ok)
2026-07-29 13:51:11.155 [GOAL] (13.67, -4.08) yaw=4deg mode=navigate
2026-07-29 13:51:11.217 [RESULT] nav goal status=4 (ok)
2026-07-29 13:51:12.155 [GOAL] (13.67, -4.08) yaw=4deg mode=navigate
2026-07-29 13:51:12.217 [RESULT] nav goal status=4 (ok)
2026-07-29 13:51:13.151 [GOAL] (13.67, -4.07) yaw=4deg mode=navigate
2026-07-29 13:51:13.212 [RESULT] nav goal status=4 (ok)
2026-07-29 13:51:14.150 [GOAL] (13.67, -4.07) yaw=4deg mode=navigate
2026-07-29 13:51:14.212 [RESULT] nav goal status=4 (ok)
2026-07-29 13:51:15.150 [GOAL] (13.67, -4.08) yaw=3deg mode=navigate
2026-07-29 13:51:15.213 [RESULT] nav goal status=4 (ok)
2026-07-29 13:51:16.252 [GOAL] (13.67, -4.08) yaw=4deg mode=navigate
2026-07-29 13:51:16.315 [RESULT] nav goal status=4 (ok)
2026-07-29 13:51:17.148 [GOAL] (13.67, -4.07) yaw=4deg mode=navigate
2026-07-29 13:51:17.210 [RESULT] nav goal status=4 (ok)
2026-07-29 13:51:18.148 [GOAL] (13.67, -4.08) yaw=4deg mode=navigate
2026-07-29 13:51:18.211 [RESULT] nav goal status=4 (ok)
2026-07-29 13:51:19.157 [GOAL] (13.67, -4.08) yaw=4deg mode=navigate
2026-07-29 13:51:19.218 [RESULT] nav goal status=4 (ok)
2026-07-29 13:51:20.156 [GOAL] (13.67, -4.07) yaw=4deg mode=navigate
2026-07-29 13:51:20.217 [RESULT] nav goal status=4 (ok)
2026-07-29 13:51:21.152 [GOAL] (13.67, -4.07) yaw=4deg mode=navigate
2026-07-29 13:51:21.213 [RESULT] nav goal status=4 (ok)
2026-07-29 13:51:21.663 [CMD] turn around
2026-07-29 13:51:22.471 [BRAIN] {'steps': [{'action': 'move', 'speech': 'Turning around.', 'target': None, 'distance_m': 0.0, 'rotation_deg': 180.0}]}
2026-07-29 13:51:22.471 [STEP] move target=None
2026-07-29 13:51:29.344 [CMD] what do you see
2026-07-29 13:51:30.026 [BRAIN] {'steps': [{'action': 'describe', 'speech': 'I can see a person.', 'target': None}]}
2026-07-29 13:51:30.027 [STEP] describe target=None
2026-07-29 13:51:38.960 [CMD] go to the person
2026-07-29 13:51:39.604 [BRAIN] {'steps': [{'action': 'navigate', 'speech': 'Heading to the person.', 'target': 'person'}]}
2026-07-29 13:51:39.604 [STEP] navigate target='person'
2026-07-29 13:51:41.146 [ROBOT] Found the person — navigating to it.
2026-07-29 13:51:41.146 [SIGHT] person at (-14.89, 3.12), 29.24 m away
2026-07-29 13:51:41.171 [GOAL] (-3.12, 0.12) yaw=166deg mode=navigate
2026-07-29 13:51:42.155 [WARN] suspicious person jump of 16.8 m (occlusion/depth noise?) — waiting for a confirming look (agree radius 3.1 m)
2026-07-29 13:51:43.179 [GOAL] (-4.60, 1.31) yaw=163deg mode=navigate
2026-07-29 13:51:43.185 [RESULT] nav goal status=6 (not-succeeded)
2026-07-29 13:51:43.185 [WARN] nav goal (-4.60, 1.31) failed (status=6); trying another approach angle
2026-07-29 13:51:44.162 [WARN] all approach goals for person refused; clearing the tried-list and retrying
2026-07-29 13:51:44.191 [GOAL] (-4.87, 1.44) yaw=163deg mode=navigate
2026-07-29 13:51:44.197 [RESULT] nav goal status=6 (not-succeeded)
2026-07-29 13:51:44.197 [WARN] nav goal (-4.87, 1.44) failed (status=6); trying another approach angle
2026-07-29 13:51:45.159 [WARN] suspicious person jump of 16.6 m (occlusion/depth noise?) — waiting for a confirming look (agree radius 2.9 m)
2026-07-29 13:51:45.159 [WARN] all approach goals for person refused; clearing the tried-list and retrying
2026-07-29 13:51:45.190 [GOAL] (-4.86, 1.45) yaw=163deg mode=navigate
2026-07-29 13:51:45.195 [RESULT] nav goal status=6 (not-succeeded)
2026-07-29 13:51:45.195 [WARN] nav goal (-4.86, 1.45) failed (status=6); trying another approach angle
2026-07-29 13:51:46.151 [WARN] all approach goals for person refused; clearing the tried-list and retrying
2026-07-29 13:51:46.177 [GOAL] (-5.14, 1.55) yaw=163deg mode=navigate
2026-07-29 13:51:46.184 [RESULT] nav goal status=6 (not-succeeded)
2026-07-29 13:51:46.184 [WARN] nav goal (-5.14, 1.55) failed (status=6); trying another approach angle
2026-07-29 13:51:47.154 [WARN] all approach goals for person refused; clearing the tried-list and retrying
2026-07-29 13:51:47.180 [GOAL] (-4.76, 1.39) yaw=164deg mode=navigate
2026-07-29 13:51:47.186 [RESULT] nav goal status=6 (not-succeeded)
2026-07-29 13:51:47.186 [WARN] nav goal (-4.76, 1.39) failed (status=6); trying another approach angle
2026-07-29 13:51:48.159 [WARN] suspicious person jump of 16.5 m (occlusion/depth noise?) — waiting for a confirming look (agree radius 2.8 m)
2026-07-29 13:51:48.159 [WARN] all approach goals for person refused; clearing the tried-list and retrying
2026-07-29 13:51:48.185 [GOAL] (-4.95, 1.45) yaw=164deg mode=navigate
2026-07-29 13:51:48.194 [RESULT] nav goal status=6 (not-succeeded)
2026-07-29 13:51:48.194 [WARN] nav goal (-4.95, 1.45) failed (status=6); trying another approach angle
2026-07-29 13:51:49.147 [SIGHT] large person jump (16.4 m) confirmed by a second look — accepting
2026-07-29 13:51:49.152 [GOAL] (2.27, -0.69) yaw=164deg mode=navigate
2026-07-29 13:51:49.163 [RESULT] nav goal status=6 (not-succeeded)
2026-07-29 13:51:49.163 [WARN] nav goal (2.27, -0.69) failed (status=6); trying another approach angle
2026-07-29 13:51:50.145 [WARN] suspicious person jump of 16.3 m (occlusion/depth noise?) — waiting for a confirming look (agree radius 6.8 m)
2026-07-29 13:51:50.149 [GOAL] (2.29, -0.30) yaw=-171deg mode=navigate
2026-07-29 13:51:50.155 [RESULT] nav goal status=6 (not-succeeded)
2026-07-29 13:51:50.155 [WARN] nav goal (2.29, -0.30) failed (status=6); trying another approach angle
2026-07-29 13:51:51.154 [GOAL] (2.10, -1.02) yaw=140deg mode=navigate
2026-07-29 13:51:51.164 [RESULT] nav goal status=6 (not-succeeded)
2026-07-29 13:51:51.164 [WARN] nav goal (2.10, -1.02) failed (status=6); trying another approach angle
2026-07-29 13:51:52.148 [WARN] suspicious person jump of 16.3 m (occlusion/depth noise?) — waiting for a confirming look (agree radius 6.7 m)
2026-07-29 13:51:52.154 [GOAL] (2.00, -0.60) yaw=165deg mode=navigate
2026-07-29 13:51:52.164 [RESULT] nav goal status=6 (not-succeeded)
2026-07-29 13:51:52.164 [WARN] nav goal (2.00, -0.60) failed (status=6); trying another approach angle
2026-07-29 13:51:53.152 [GOAL] (1.99, -0.35) yaw=-170deg mode=navigate
2026-07-29 13:51:53.162 [RESULT] nav goal status=6 (not-succeeded)
2026-07-29 13:51:53.162 [WARN] nav goal (1.99, -0.35) failed (status=6); trying another approach angle
2026-07-29 13:51:54.162 [GOAL] (1.91, -0.86) yaw=140deg mode=navigate
2026-07-29 13:51:54.175 [RESULT] nav goal status=6 (not-succeeded)
2026-07-29 13:51:54.175 [WARN] nav goal (1.91, -0.86) failed (status=6); trying another approach angle
2026-07-29 13:51:55.151 [GOAL] (2.11, 0.04) yaw=-144deg mode=navigate
2026-07-29 13:51:55.158 [RESULT] nav goal status=6 (not-succeeded)
2026-07-29 13:51:55.158 [WARN] nav goal (2.11, 0.04) failed (status=6); trying another approach angle
2026-07-29 13:51:56.157 [WARN] suspicious person jump of 16.3 m (occlusion/depth noise?) — waiting for a confirming look (agree radius 6.5 m)
2026-07-29 13:51:56.162 [GOAL] (1.77, -1.29) yaw=116deg mode=navigate
2026-07-29 13:51:56.175 [RESULT] nav goal status=6 (not-succeeded)
2026-07-29 13:51:56.175 [WARN] nav goal (1.77, -1.29) failed (status=6); trying another approach angle
2026-07-29 13:51:57.149 [GOAL] (1.74, -1.03) yaw=116deg mode=navigate
2026-07-29 13:51:57.154 [RESULT] nav goal status=6 (not-succeeded)
2026-07-29 13:51:57.154 [WARN] nav goal (1.74, -1.03) failed (status=6); trying another approach angle
2026-07-29 13:51:58.153 [WARN] suspicious person jump of 16.2 m (occlusion/depth noise?) — waiting for a confirming look (agree radius 6.3 m)
2026-07-29 13:51:58.159 [GOAL] (1.95, -0.14) yaw=-144deg mode=navigate
2026-07-29 13:51:58.165 [RESULT] nav goal status=6 (not-succeeded)
2026-07-29 13:51:58.165 [WARN] nav goal (1.95, -0.14) failed (status=6); trying another approach angle
2026-07-29 13:51:59.150 [SIGHT] large person jump (16.2 m) confirmed by a second look — accepting
2026-07-29 13:51:59.174 [GOAL] (-3.00, 0.61) yaw=167deg mode=navigate
2026-07-29 13:51:59.184 [RESULT] nav goal status=6 (not-succeeded)
2026-07-29 13:51:59.184 [WARN] nav goal (-3.00, 0.61) failed (status=6); trying another approach angle
2026-07-29 13:52:00.148 [WARN] all approach goals for person refused; clearing the tried-list and retrying
2026-07-29 13:52:00.166 [GOAL] (-3.01, 0.59) yaw=167deg mode=navigate
2026-07-29 13:52:00.174 [RESULT] nav goal status=6 (not-succeeded)
2026-07-29 13:52:00.174 [WARN] nav goal (-3.01, 0.59) failed (status=6); trying another approach angle
2026-07-29 13:52:01.153 [WARN] all approach goals for person refused; clearing the tried-list and retrying
2026-07-29 13:52:01.176 [GOAL] (-2.92, 0.52) yaw=167deg mode=navigate
2026-07-29 13:52:01.186 [RESULT] nav goal status=6 (not-succeeded)
2026-07-29 13:52:01.186 [WARN] nav goal (-2.92, 0.52) failed (status=6); trying another approach angle
2026-07-29 13:52:02.153 [WARN] all approach goals for person refused; clearing the tried-list and retrying
2026-07-29 13:52:02.171 [GOAL] (-2.94, 0.46) yaw=168deg mode=navigate
2026-07-29 13:52:02.176 [RESULT] nav goal status=6 (not-succeeded)
2026-07-29 13:52:02.176 [WARN] nav goal (-2.94, 0.46) failed (status=6); trying another approach angle
2026-07-29 13:52:03.150 [WARN] all approach goals for person refused; clearing the tried-list and retrying
2026-07-29 13:52:03.168 [GOAL] (-2.92, 0.51) yaw=168deg mode=navigate
2026-07-29 13:52:03.176 [RESULT] nav goal status=6 (not-succeeded)
2026-07-29 13:52:03.176 [WARN] nav goal (-2.92, 0.51) failed (status=6); trying another approach angle
2026-07-29 13:52:04.151 [WARN] all approach goals for person refused; clearing the tried-list and retrying
2026-07-29 13:52:04.171 [GOAL] (-2.92, 0.50) yaw=168deg mode=navigate
2026-07-29 13:52:04.180 [RESULT] nav goal status=6 (not-succeeded)
2026-07-29 13:52:04.180 [WARN] nav goal (-2.92, 0.50) failed (status=6); trying another approach angle
2026-07-29 13:52:05.148 [WARN] all approach goals for person refused; clearing the tried-list and retrying
2026-07-29 13:52:05.170 [GOAL] (-2.94, 0.40) yaw=169deg mode=navigate
2026-07-29 13:52:05.178 [RESULT] nav goal status=6 (not-succeeded)
2026-07-29 13:52:05.178 [WARN] nav goal (-2.94, 0.40) failed (status=6); trying another approach angle
2026-07-29 13:52:06.157 [WARN] all approach goals for person refused; clearing the tried-list and retrying
2026-07-29 13:52:06.174 [GOAL] (-2.94, 0.38) yaw=169deg mode=navigate
2026-07-29 13:52:06.184 [RESULT] nav goal status=6 (not-succeeded)
2026-07-29 13:52:06.184 [WARN] nav goal (-2.94, 0.38) failed (status=6); trying another approach angle
2026-07-29 13:52:07.158 [WARN] suspicious person jump of 7.8 m (occlusion/depth noise?) — waiting for a confirming look (agree radius 3.9 m)
2026-07-29 13:52:07.158 [WARN] all approach goals for person refused; clearing the tried-list and retrying
2026-07-29 13:52:07.175 [GOAL] (-2.93, 0.40) yaw=169deg mode=navigate
2026-07-29 13:52:07.184 [RESULT] nav goal status=6 (not-succeeded)
2026-07-29 13:52:07.184 [WARN] nav goal (-2.93, 0.40) failed (status=6); trying another approach angle
2026-07-29 13:52:08.149 [SIGHT] large person jump (7.8 m) confirmed by a second look — accepting
2026-07-29 13:52:08.166 [GOAL] (-2.94, 0.35) yaw=170deg mode=navigate
2026-07-29 13:52:08.174 [RESULT] nav goal status=6 (not-succeeded)
2026-07-29 13:52:08.174 [WARN] nav goal (-2.94, 0.35) failed (status=6); trying another approach angle
2026-07-29 13:52:09.153 [GOAL] (-6.66, 0.03) yaw=95deg mode=navigate
2026-07-29 13:52:09.163 [RESULT] nav goal status=6 (not-succeeded)
2026-07-29 13:52:09.163 [WARN] nav goal (-6.66, 0.03) failed (status=6); trying another approach angle
2026-07-29 13:52:10.162 [WARN] all approach goals for person refused; clearing the tried-list and retrying
2026-07-29 13:52:10.181 [GOAL] (-2.96, 0.21) yaw=171deg mode=navigate
2026-07-29 13:52:10.187 [RESULT] nav goal status=6 (not-succeeded)
2026-07-29 13:52:10.187 [WARN] nav goal (-2.96, 0.21) failed (status=6); trying another approach angle
2026-07-29 13:52:11.148 [GOAL] (-6.37, -0.03) yaw=121deg mode=navigate
2026-07-29 13:52:11.155 [RESULT] nav goal status=6 (not-succeeded)
2026-07-29 13:52:11.155 [WARN] nav goal (-6.37, -0.03) failed (status=6); trying another approach angle
2026-07-29 13:52:12.147 [GOAL] (-6.67, 0.02) yaw=97deg mode=navigate
2026-07-29 13:52:12.156 [RESULT] nav goal status=6 (not-succeeded)
2026-07-29 13:52:12.156 [WARN] nav goal (-6.67, 0.02) failed (status=6); trying another approach angle
2026-07-29 13:52:13.151 [WARN] all approach goals for person refused; clearing the tried-list and retrying
2026-07-29 13:52:13.152 [GOAL] (-6.46, 0.02) yaw=122deg mode=navigate
2026-07-29 13:52:13.165 [RESULT] nav goal status=6 (not-succeeded)
2026-07-29 13:52:13.165 [WARN] nav goal (-6.46, 0.02) failed (status=6); trying another approach angle
2026-07-29 13:52:14.177 [GOAL] (-6.03, 0.01) yaw=148deg mode=navigate
2026-07-29 13:52:14.184 [RESULT] nav goal status=6 (not-succeeded)
2026-07-29 13:52:14.184 [WARN] nav goal (-6.03, 0.01) failed (status=6); trying another approach angle
2026-07-29 13:52:15.149 [WARN] all approach goals for person refused; clearing the tried-list and retrying
2026-07-29 13:52:15.150 [GOAL] (-6.02, -0.02) yaw=148deg mode=navigate
2026-07-29 13:52:15.157 [RESULT] nav goal status=6 (not-succeeded)
2026-07-29 13:52:15.157 [WARN] nav goal (-6.02, -0.02) failed (status=6); trying another approach angle
2026-07-29 13:52:16.148 [WARN] all approach goals for person refused; clearing the tried-list and retrying
2026-07-29 13:52:16.148 [GOAL] (-6.06, -0.10) yaw=149deg mode=navigate
2026-07-29 13:52:16.155 [RESULT] nav goal status=6 (not-succeeded)
2026-07-29 13:52:16.155 [WARN] nav goal (-6.06, -0.10) failed (status=6); trying another approach angle
2026-07-29 13:52:17.156 [WARN] suspicious person jump of 7.6 m (occlusion/depth noise?) — waiting for a confirming look (agree radius 5.3 m)
2026-07-29 13:52:17.156 [WARN] all approach goals for person refused; clearing the tried-list and retrying
2026-07-29 13:52:17.157 [GOAL] (-6.06, -0.10) yaw=149deg mode=navigate
2026-07-29 13:52:17.167 [RESULT] nav goal status=6 (not-succeeded)
2026-07-29 13:52:17.167 [WARN] nav goal (-6.06, -0.10) failed (status=6); trying another approach angle
2026-07-29 13:52:18.148 [SIGHT] large person jump (7.6 m) confirmed by a second look — accepting
2026-07-29 13:52:18.170 [GOAL] (-6.68, 0.06) yaw=176deg mode=navigate
2026-07-29 13:52:18.182 [RESULT] nav goal status=6 (not-succeeded)
2026-07-29 13:52:18.182 [WARN] nav goal (-6.68, 0.06) failed (status=6); trying another approach angle
2026-07-29 13:52:19.150 [WARN] all approach goals for person refused; clearing the tried-list and retrying
2026-07-29 13:52:19.170 [GOAL] (-6.68, 0.01) yaw=176deg mode=navigate
2026-07-29 13:52:19.177 [RESULT] nav goal status=6 (not-succeeded)
2026-07-29 13:52:19.177 [WARN] nav goal (-6.68, 0.01) failed (status=6); trying another approach angle
2026-07-29 13:52:20.179 [GOAL] (-2.61, -0.52) yaw=178deg mode=navigate
2026-07-29 13:52:20.188 [RESULT] nav goal status=6 (not-succeeded)
2026-07-29 13:52:20.188 [WARN] nav goal (-2.61, -0.52) failed (status=6); trying another approach angle
2026-07-29 13:52:21.263 [GOAL] (-2.52, -0.76) yaw=180deg mode=navigate
2026-07-29 13:52:21.274 [RESULT] nav goal status=6 (not-succeeded)
2026-07-29 13:52:21.274 [WARN] nav goal (-2.52, -0.76) failed (status=6); trying another approach angle
2026-07-29 13:52:22.157 [WARN] all approach goals for person refused; clearing the tried-list and retrying
2026-07-29 13:52:22.170 [GOAL] (-2.52, -0.75) yaw=180deg mode=navigate
2026-07-29 13:52:22.178 [RESULT] nav goal status=6 (not-succeeded)
2026-07-29 13:52:22.178 [WARN] nav goal (-2.52, -0.75) failed (status=6); trying another approach angle
2026-07-29 13:52:23.150 [WARN] all approach goals for person refused; clearing the tried-list and retrying
2026-07-29 13:52:23.161 [GOAL] (-2.53, -0.80) yaw=-180deg mode=navigate
2026-07-29 13:52:23.168 [RESULT] nav goal status=6 (not-succeeded)
2026-07-29 13:52:23.168 [WARN] nav goal (-2.53, -0.80) failed (status=6); trying another approach angle
2026-07-29 13:52:24.156 [WARN] all approach goals for person refused; clearing the tried-list and retrying
2026-07-29 13:52:24.169 [GOAL] (-2.54, -0.81) yaw=-180deg mode=navigate
2026-07-29 13:52:24.180 [RESULT] nav goal status=6 (not-succeeded)
2026-07-29 13:52:24.180 [WARN] nav goal (-2.54, -0.81) failed (status=6); trying another approach angle
2026-07-29 13:52:25.154 [WARN] all approach goals for person refused; clearing the tried-list and retrying
2026-07-29 13:52:25.167 [GOAL] (-2.55, -0.83) yaw=-179deg mode=navigate
2026-07-29 13:52:25.175 [RESULT] nav goal status=6 (not-succeeded)
2026-07-29 13:52:25.175 [WARN] nav goal (-2.55, -0.83) failed (status=6); trying another approach angle
2026-07-29 13:52:26.149 [WARN] all approach goals for person refused; clearing the tried-list and retrying
2026-07-29 13:52:26.159 [GOAL] (-2.57, -0.86) yaw=-179deg mode=navigate
2026-07-29 13:52:26.166 [RESULT] nav goal status=6 (not-succeeded)
2026-07-29 13:52:26.167 [WARN] nav goal (-2.57, -0.86) failed (status=6); trying another approach angle
2026-07-29 13:52:27.148 [WARN] all approach goals for person refused; clearing the tried-list and retrying
2026-07-29 13:52:27.157 [GOAL] (-2.59, -0.89) yaw=-179deg mode=navigate
2026-07-29 13:52:27.165 [RESULT] nav goal status=6 (not-succeeded)
2026-07-29 13:52:27.165 [WARN] nav goal (-2.59, -0.89) failed (status=6); trying another approach angle
2026-07-29 13:52:28.146 [WARN] all approach goals for person refused; clearing the tried-list and retrying
2026-07-29 13:52:28.160 [GOAL] (-2.62, -0.92) yaw=-178deg mode=navigate
2026-07-29 13:52:28.166 [RESULT] nav goal status=6 (not-succeeded)
2026-07-29 13:52:28.166 [WARN] nav goal (-2.62, -0.92) failed (status=6); trying another approach angle
2026-07-29 13:52:29.150 [WARN] all approach goals for person refused; clearing the tried-list and retrying
2026-07-29 13:52:29.159 [GOAL] (-2.65, -0.97) yaw=-178deg mode=navigate
2026-07-29 13:52:29.166 [RESULT] nav goal status=6 (not-succeeded)
2026-07-29 13:52:29.166 [WARN] nav goal (-2.65, -0.97) failed (status=6); trying another approach angle
2026-07-29 13:52:30.149 [WARN] all approach goals for person refused; clearing the tried-list and retrying
2026-07-29 13:52:30.157 [GOAL] (-2.78, -1.02) yaw=-177deg mode=navigate
2026-07-29 13:52:30.165 [RESULT] nav goal status=6 (not-succeeded)
2026-07-29 13:52:30.165 [WARN] nav goal (-2.78, -1.02) failed (status=6); trying another approach angle
2026-07-29 13:52:31.164 [WARN] all approach goals for person refused; clearing the tried-list and retrying
2026-07-29 13:52:31.173 [GOAL] (-2.71, -1.04) yaw=-177deg mode=navigate
2026-07-29 13:52:31.184 [RESULT] nav goal status=6 (not-succeeded)
2026-07-29 13:52:31.184 [WARN] nav goal (-2.71, -1.04) failed (status=6); trying another approach angle
2026-07-29 13:52:32.151 [WARN] all approach goals for person refused; clearing the tried-list and retrying
2026-07-29 13:52:32.160 [GOAL] (-2.74, -1.02) yaw=-177deg mode=navigate
2026-07-29 13:52:32.168 [RESULT] nav goal status=6 (not-succeeded)
2026-07-29 13:52:32.168 [WARN] nav goal (-2.74, -1.02) failed (status=6); trying another approach angle
2026-07-29 13:52:33.151 [WARN] all approach goals for person refused; clearing the tried-list and retrying
2026-07-29 13:52:33.159 [GOAL] (-2.87, -1.07) yaw=-176deg mode=navigate
2026-07-29 13:52:33.167 [RESULT] nav goal status=6 (not-succeeded)
2026-07-29 13:52:33.167 [WARN] nav goal (-2.87, -1.07) failed (status=6); trying another approach angle
2026-07-29 13:52:34.152 [WARN] all approach goals for person refused; clearing the tried-list and retrying
2026-07-29 13:52:34.160 [GOAL] (-3.10, -1.20) yaw=-175deg mode=navigate
2026-07-29 13:52:34.167 [RESULT] nav goal status=6 (not-succeeded)
2026-07-29 13:52:34.167 [WARN] nav goal (-3.10, -1.20) failed (status=6); trying another approach angle
2026-07-29 13:52:35.151 [WARN] suspicious person jump of 16.0 m (occlusion/depth noise?) — waiting for a confirming look (agree radius 1.0 m)
2026-07-29 13:52:35.151 [WARN] all approach goals for person refused; clearing the tried-list and retrying
2026-07-29 13:52:35.160 [GOAL] (-3.14, -1.18) yaw=-175deg mode=navigate
2026-07-29 13:52:35.171 [RESULT] nav goal status=6 (not-succeeded)
2026-07-29 13:52:35.171 [WARN] nav goal (-3.14, -1.18) failed (status=6); trying another approach angle
2026-07-29 13:52:36.163 [SIGHT] large person jump (16.1 m) confirmed by a second look — accepting
2026-07-29 13:52:36.166 [GOAL] (2.15, -0.72) yaw=-171deg mode=navigate
2026-07-29 13:52:36.174 [RESULT] nav goal status=6 (not-succeeded)
2026-07-29 13:52:36.174 [WARN] nav goal (2.15, -0.72) failed (status=6); trying another approach angle
2026-07-29 13:52:37.157 [GOAL] (1.70, -0.79) yaw=-169deg mode=navigate
2026-07-29 13:52:37.165 [RESULT] nav goal status=6 (not-succeeded)
2026-07-29 13:52:37.165 [WARN] nav goal (1.70, -0.79) failed (status=6); trying another approach angle
2026-07-29 13:52:37.734 [RESULT] nav goal status=4 (ok)
2026-07-29 13:52:38.153 [GOAL] (1.96, -0.35) yaw=-142deg mode=navigate
2026-07-29 13:52:40.146 [ROBOT] Arrived at the person.
