[voice] loading faster-whisper 'small.en' on cuda (float16) ...
[voice] faster-whisper ready in 4.1s
[voice_command v1] publishing to /vla/command
[voice] microphone: [11] pulse  @ 16000 Hz
[voice] No terminal attached — running HEADLESS. Waiting for hold-to-talk on /vla/voice/trigger.
[voice] ● recording (gui) ...
[voice] ■ 1.6s captured (peak 0.843) — transcribing ...
[voice] heard: 'what do you say'  [2.81s]  (avg_logprob -0.36)
[voice] --> SENT: 'what do you say'
[voice] ● recording (gui) ...
[voice] ■ 2.2s captured (peak 1.010) — transcribing ...
[voice] heard: 'beautiful and true'  [0.09s]  (avg_logprob -0.95)
[voice] --> SENT: 'beautiful and true'
[voice] ● recording (gui) ...
[voice] ■ 2.4s captured (peak 1.023) — transcribing ...
[voice] heard: 'do you see a change'  [0.10s]  (avg_logprob -0.59)
[voice] --> SENT: 'do you see a change'
[voice] ● recording (gui) ...
[voice] ■ 1.6s captured (peak 1.070) — transcribing ...
[voice] heard: 'what do you see'  [0.09s]  (avg_logprob -0.51)
[voice] --> SENT: 'what do you see'
[voice] ● recording (gui) ...
[voice] ■ 1.5s captured (peak 1.074) — transcribing ...
[voice] heard: 'done right'  [0.08s]  (avg_logprob -0.45)
[voice] --> SENT: 'done right'
[voice] ● recording (gui) ...
[voice] ■ 1.8s captured (peak 1.139) — transcribing ...
[voice] heard: 'done right'  [0.08s]  (avg_logprob -0.37)
[voice] --> SENT: 'done right'
[voice] ● recording (gui) ...
[voice] ■ 2.0s captured (peak 1.035) — transcribing ...
[voice] heard: 'not right'  [0.10s]  (avg_logprob -0.71)
[voice] --> SENT: 'not right'
[voice] ● recording (gui) ...
[voice] ■ 1.3s captured (peak 1.052) — transcribing ...
[voice] heard: 'what do you see'  [0.08s]  (avg_logprob -0.37)
[voice] --> SENT: 'what do you see'
[voice] ● recording (gui) ...
[voice] ■ 1.4s captured (peak 1.086) — transcribing ...
[voice] heard: 'go be the team'  [0.39s]  (avg_logprob -1.06)
[voice] (low confidence -1.06 < -1.00 — not sent. Say it again?)
[voice] ● recording (gui) ...
[voice] ■ 1.9s captured (peak 1.053) — transcribing ...
[voice] heard: 'go to the chair'  [0.09s]  (avg_logprob -0.38)
[voice] --> SENT: 'go to the chair'
[voice] ● recording (gui) ...
[voice] ■ 1.4s captured (peak 1.118) — transcribing ...
[voice] heard: 'turn right'  [0.09s]  (avg_logprob -0.76)
[voice] --> SENT: 'turn right'
[voice] ● recording (gui) ...
[voice] ■ 1.3s captured (peak 1.086) — transcribing ...
[voice] heard: 'what do you'  [0.08s]  (avg_logprob -0.51)
[voice] --> SENT: 'what do you'
[voice] ● recording (gui) ...
[voice] ■ 1.5s captured (peak 1.040) — transcribing ...
[voice] heard: 'go after the chair'  [0.10s]  (avg_logprob -0.94)
[voice] --> SENT: 'go after the chair'
[voice] ● recording (gui) ...
[voice] ■ 1.8s captured (peak 1.003) — transcribing ...
[voice] heard: 'thank you'  [0.13s]  (avg_logprob -0.84)
[voice] ● recording (gui) ...
[voice] ■ 2.0s captured (peak 1.157) — transcribing ...
[voice] heard: 'go to the chair'  [0.09s]  (avg_logprob -0.48)
[voice] --> SENT: 'go to the chair'
[voice] ● recording (gui) ...
[voice] ■ 1.9s captured (peak 1.065) — transcribing ...
[voice] heard: 'turn around'  [0.09s]  (avg_logprob -0.29)
[voice] --> SENT: 'turn around'
[voice] ● recording (gui) ...
[voice] ■ 2.4s captured (peak 1.203) — transcribing ...
[voice] heard: 'turn right 30 degrees'  [0.08s]  (avg_logprob -0.41)
[voice] --> SENT: 'turn right 30 degrees'
[voice] ● recording (gui) ...
[voice] ■ 1.6s captured (peak 1.087) — transcribing ...
[voice] heard: 'what do you see'  [0.08s]  (avg_logprob -0.10)
[voice] --> SENT: 'what do you see'
[voice] ● recording (gui) ...
[voice] ■ 1.5s captured (peak 1.052) — transcribing ...
[voice] heard: 'go to the person'  [0.08s]  (avg_logprob -0.54)
[voice] --> SENT: 'go to the person'
[voice] ● recording (gui) ...
[voice] ■ 1.3s captured (peak 1.028) — transcribing ...
[voice] heard: 'inaudible'  [0.33s]  (avg_logprob -1.19)
[voice] (low confidence -1.19 < -1.00 — not sent. Say it again?)
[voice] ● recording (gui) ...
[voice] ■ 1.5s captured (peak 0.390) — transcribing ...
[voice] heard: 'bye-bye'  [0.35s]  (avg_logprob -1.15)
[voice] (low confidence -1.15 < -1.00 — not sent. Say it again?)
[voice] ● recording (gui) ...
[voice] ■ 1.3s captured (peak 1.046) — transcribing ...
[voice] heard: 'done at all'  [0.08s]  (avg_logprob -0.24)
[voice] --> SENT: 'done at all'
[voice] ● recording (gui) ...
[voice] ■ 1.7s captured (peak 1.068) — transcribing ...
[voice] heard: 'but i know'  [0.08s]  (avg_logprob -0.97)
[voice] --> SENT: 'but i know'
[voice] ● recording (gui) ...
[voice] ■ 1.9s captured (peak 0.557) — transcribing ...
[voice] heard: 'done'  [0.31s]  (avg_logprob -1.06)
[voice] (low confidence -1.06 < -1.00 — not sent. Say it again?)
[voice] ● recording (gui) ...
[voice] ■ 1.9s captured (peak 0.692) — transcribing ...
[voice] heard: 'done'  [0.31s]  (avg_logprob -1.10)
[voice] (low confidence -1.10 < -1.00 — not sent. Say it again?)
[voice] ● recording (gui) ...
[voice] ■ 0.4s captured (peak 0.002) — transcribing ...
[voice]   ⚠ that was almost silent — is this the right mic, and is it unmuted?
[voice] heard: ''  [0.00s]
[voice] ● recording (gui) ...
[voice] ■ 1.8s captured (peak 0.631) — transcribing ...
[voice] heard: 'thank you bye'  [0.08s]  (avg_logprob -0.84)
[voice] --> SENT: 'thank you bye'
[voice] ● recording (gui) ...
[voice] ■ 2.5s captured (peak 1.028) — transcribing ...
[voice] heard: 'biden biden'  [0.33s]  (avg_logprob -1.20)
[voice] (low confidence -1.20 < -1.00 — not sent. Say it again?)
[voice] ● recording (gui) ...
[voice] ■ 2.2s captured (peak 0.851) — transcribing ...
[voice] heard: 'thank you'  [0.08s]  (avg_logprob -0.99)
Exception in thread Thread-2 (spin):
Traceback (most recent call last):
  File "/usr/lib/python3.10/threading.py", line 1016, in _bootstrap_inner
    self.run()
  File "/usr/lib/python3.10/threading.py", line 953, in run
    self._target(*self._args, **self._kwargs)
  File "/opt/ros/humble/local/lib/python3.10/dist-packages/rclpy/__init__.py", line 229, in spin
    executor.spin_once()
  File "/opt/ros/humble/local/lib/python3.10/dist-packages/rclpy/executors.py", line 808, in spin_once
    self._spin_once_impl(timeout_sec)
  File "/opt/ros/humble/local/lib/python3.10/dist-packages/rclpy/executors.py", line 797, in _spin_once_impl
    handler, entity, node = self.wait_for_ready_callbacks(timeout_sec=timeout_sec)
  File "/opt/ros/humble/local/lib/python3.10/dist-packages/rclpy/executors.py", line 780, in wait_for_ready_callbacks
    return next(self._cb_iter)
  File "/opt/ros/humble/local/lib/python3.10/dist-packages/rclpy/executors.py", line 681, in _wait_for_ready_callbacks
    [voice] stopped.
raise ExternalShutdownException()
rclpy.executors.ExternalShutdownException
