[voice] loading faster-whisper 'medium.en' on cuda (float16) ...
[voice] faster-whisper ready in 12.0s
[voice_command v1] publishing to /vla/command
[voice] microphone: [11] pulse  @ 16000 Hz
[voice] No terminal attached — running HEADLESS. Waiting for hold-to-talk on /vla/voice/trigger.
[voice] ● recording (gui) ...
[voice] ■ 1.4s captured (peak 1.076) — transcribing ...
[voice] heard: 'what do you see'  [3.02s]  (avg_logprob -0.31)
[voice] --> SENT: 'what do you see'
[voice] ● recording (gui) ...
[voice] ■ 1.6s captured (peak 1.076) — transcribing ...
[voice] heard: 'turn right'  [0.16s]  (avg_logprob -0.38)
[voice] --> SENT: 'turn right'
[voice] ● recording (gui) ...
[voice] ■ 1.9s captured (peak 1.058) — transcribing ...
[voice] heard: 'most two meters ahead'  [0.18s]  (avg_logprob -0.55)
[voice] --> SENT: 'most two meters ahead'
[voice] ● recording (gui) ...
[voice] ■ 0.9s captured (peak 1.057) — transcribing ...
[voice] heard: 'stop'  [0.15s]  (avg_logprob -0.34)
[voice] --> SENT: 'stop'
[voice] ● recording (gui) ...
[voice] ■ 1.1s captured (peak 1.079) — transcribing ...
[voice] heard: 'beach a bit'  [2.95s]  (avg_logprob -1.13)
[voice] (low confidence -1.13 < -0.75 — not sent. Say it again?)
[voice] ● recording (gui) ...
[voice] ■ 1.4s captured (peak 1.132) — transcribing ...
[voice] heard: 'turn around'  [0.16s]  (avg_logprob -0.40)
[voice] --> SENT: 'turn around'
[voice] ● recording (gui) ...
[voice] ■ 1.9s captured (peak 1.078) — transcribing ...
[voice] heard: 'turn right ten degrees'  [0.18s]  (avg_logprob -0.26)
[voice] --> SENT: 'turn right ten degrees'
[voice] ● recording (gui) ...
[voice] ■ 1.3s captured (peak 1.046) — transcribing ...
[voice] heard: 'what do you see'  [0.17s]  (avg_logprob -0.16)
[voice] --> SENT: 'what do you see'
[voice] ● recording (gui) ...
[voice] ■ 2.0s captured (peak 1.069) — transcribing ...
[voice] heard: 'go to the nearest person'  [0.18s]  (avg_logprob -0.07)
[voice] --> SENT: 'go to the nearest person'
[voice] ● recording (gui) ...
[voice] ■ 1.4s captured (peak 1.036) — transcribing ...
[voice] heard: 'turn left'  [0.17s]  (avg_logprob -0.21)
[voice] --> SENT: 'turn left'
[voice] ● recording (gui) ...
[voice] ■ 1.3s captured (peak 1.081) — transcribing ...
[voice] heard: 'find a person'  [0.17s]  (avg_logprob -0.16)
[voice] --> SENT: 'find a person'
[voice] ● recording (gui) ...
[voice] ■ 1.6s captured (peak 0.353) — transcribing ...
[voice] heard: 'turn right'  [0.72s]  (avg_logprob -1.06)
[voice] (low confidence -1.06 < -0.75 — not sent. Say it again?)
[voice] ● recording (gui) ...
[voice] ■ 1.4s captured (peak 1.028) — transcribing ...
[voice] heard: 'right'  [0.16s]  (avg_logprob -0.57)
[voice] --> SENT: 'right'
[voice] ● recording (gui) ...
[voice] ■ 1.7s captured (peak 1.001) — transcribing ...
[voice] heard: 'turn right'  [0.17s]  (avg_logprob -0.50)
[voice] --> SENT: 'turn right'
[voice] ● recording (gui) ...
[voice] ■ 1.1s captured (peak 1.018) — transcribing ...
[voice] heard: 'what do you see'  [0.18s]  (avg_logprob -0.30)
[voice] --> SENT: 'what do you see'
[voice] ● recording (gui) ...
[voice] ■ 1.3s captured (peak 1.027) — transcribing ...
[voice] heard: 'go to the person'  [0.18s]  (avg_logprob -0.15)
[voice] --> SENT: 'go to the person'
[voice] ● recording (gui) ...
[voice] ■ 1.1s captured (peak 1.011) — transcribing ...
[voice] heard: 'stop'  [0.17s]  (avg_logprob -0.84)
[voice] --> SENT: 'stop'
[voice] ● recording (gui) ...
[voice] ■ 1.6s captured (peak 1.207) — transcribing ...
[voice] heard: 'turn right'  [0.17s]  (avg_logprob -0.35)
[voice] --> SENT: 'turn right'
[voice] ● recording (gui) ...
[voice] ■ 1.6s captured (peak 1.035) — transcribing ...
[voice] heard: 'turn right standing'  [0.17s]  (avg_logprob -0.20)
[voice] --> SENT: 'turn right standing'
[voice] ● recording (gui) ...
[voice] ■ 3.0s captured (peak 1.070) — transcribing ...
[voice] heard: 'what do you see'  [0.23s]  (avg_logprob -0.44)
[voice] --> SENT: 'what do you see'
[voice] ● recording (gui) ...
[voice] ■ 1.5s captured (peak 1.032) — transcribing ...
[voice] heard: 'go to the person'  [0.17s]  (avg_logprob -0.14)
[voice] --> SENT: 'go to the person'
[voice] ● recording (gui) ...
[voice] ■ 1.2s captured (peak 1.077) — transcribing ...
[voice] heard: 'turn right'  [0.16s]  (avg_logprob -0.26)
[voice] --> SENT: 'turn right'
[voice] ● recording (gui) ...
[voice] ■ 1.0s captured (peak 1.147) — transcribing ...
[voice] heard: 'what do you see'  [0.18s]  (avg_logprob -0.39)
[voice] --> SENT: 'what do you see'
[voice] ● recording (gui) ...
[voice] ■ 1.5s captured (peak 1.208) — transcribing ...
[voice] heard: 'go to the person'  [0.18s]  (avg_logprob -0.10)
[voice] --> SENT: 'go to the person'
[voice] ● recording (gui) ...
[voice] ■ 1.5s captured (peak 1.115) — transcribing ...
[voice] heard: 'turn right'  [0.17s]  (avg_logprob -0.40)
[voice] --> SENT: 'turn right'
[voice] ● recording (gui) ...
[voice] ■ 1.6s captured (peak 1.133) — transcribing ...
[voice] heard: 'go to the person'  [0.19s]  (avg_logprob -0.10)
[voice] --> SENT: 'go to the person'
Exception in thread Thread-2 (spin):
Traceback (most recent call last):
  File "/usr/lib/python3.10/threading.py", line 1016, in _bootstrap_inner
    self.run()
  File "/usr/lib/python3.10/threading.py", line 953, in run
    self._target(*self._args, **self._kwargs)
  File "/opt/ros/humble/local/lib/python3.10/dist-packages/rclpy/__init__.py", line 229, in spin
    executor.spin_once()
  File "/opt/ros/humble/local/lib/python3.10/dist-packages/rclpy/executors.py", line 808, in spin_once
    self._spin_once_impl(timeout_sec)
  File "/opt/ros/humble/local/lib/python3.10/dist-packages/rclpy/executors.py", line 797, in _spin_once_impl
    handler, entity, node = self.wait_for_ready_callbacks(timeout_sec=timeout_sec)
  File "/opt/ros/humble/local/lib/python3.10/dist-packages/rclpy/executors.py", line 780, in wait_for_ready_callbacks
    return next(self._cb_iter)
  File "/opt/ros/humble/local/lib/python3.10/dist-packages/rclpy/executors.py", line 681, in _wait_for_ready_callbacks
    raise ExternalShutdownException()
rclpy.executors.ExternalShutdownException
[voice] stopped.
[voice] loading faster-whisper 'medium.en' on cuda (float16) ...
[voice] faster-whisper ready in 1.6s
[voice_command v1] publishing to /vla/command
[voice] microphone: [11] pulse  @ 16000 Hz
[voice] No terminal attached — running HEADLESS. Waiting for hold-to-talk on /vla/voice/trigger.
[voice] ● recording (gui) ...
[voice] ■ 1.5s captured (peak 1.124) — transcribing ...
[voice] heard: 'what do you see'  [0.39s]  (avg_logprob -0.29)
[voice] --> SENT: 'what do you see'
[voice] ● recording (gui) ...
[voice] ■ 1.7s captured (peak 1.046) — transcribing ...
[voice] heard: 'turn right'  [0.17s]  (avg_logprob -0.41)
[voice] --> SENT: 'turn right'
[voice] ● recording (gui) ...
[voice] ■ 1.1s captured (peak 1.031) — transcribing ...
[voice] heard: 'what do you see'  [0.17s]  (avg_logprob -0.15)
[voice] --> SENT: 'what do you see'
[voice] ● recording (gui) ...
[voice] ■ 2.7s captured (peak 1.055) — transcribing ...
[voice] heard: 'go to the farthest person'  [0.19s]  (avg_logprob -0.11)
[voice] --> SENT: 'go to the farthest person'
[voice] ● recording (gui) ...
[voice] ■ 1.4s captured (peak 1.031) — transcribing ...
[voice] heard: 'turn right'  [0.17s]  (avg_logprob -0.38)
[voice] --> SENT: 'turn right'
[voice] ● recording (gui) ...
[voice] ■ 1.5s captured (peak 1.078) — transcribing ...
[voice] heard: 'what do you see'  [0.19s]  (avg_logprob -0.33)
[voice] --> SENT: 'what do you see'
[voice] ● recording (gui) ...
[voice] ■ 1.3s captured (peak 1.032) — transcribing ...
[voice] heard: 'what do you see'  [0.18s]  (avg_logprob -0.20)
[voice] --> SENT: 'what do you see'
[voice] ● recording (gui) ...
[voice] ■ 1.2s captured (peak 1.089) — transcribing ...
[voice] heard: 'find a door'  [0.16s]  (avg_logprob -0.46)
[voice] --> SENT: 'find a door'
[voice] ● recording (gui) ...
[voice] ■ 1.2s captured (peak 1.012) — transcribing ...
[voice] heard: 'turn left'  [0.17s]  (avg_logprob -0.25)
[voice] --> SENT: 'turn left'
[voice] ● recording (gui) ...
[voice] ■ 1.2s captured (peak 1.020) — transcribing ...
[voice] heard: 'what do you see'  [0.17s]  (avg_logprob -0.22)
[voice] --> SENT: 'what do you see'
[voice] ● recording (gui) ...
[voice] ■ 1.5s captured (peak 1.064) — transcribing ...
[voice] heard: 'go to the farthest person'  [0.18s]  (avg_logprob -0.21)
[voice] --> SENT: 'go to the farthest person'
[voice] ● recording (gui) ...
[voice] ■ 4.0s captured (peak 1.075) — transcribing ...
[voice] heard: 'stop looking for a person forget every'  [0.21s]  (avg_logprob -0.31)
[voice] --> SENT: 'stop looking for a person forget every'
[voice] ● recording (gui) ...
[voice] ■ 1.5s captured (peak 1.082) — transcribing ...
[voice] heard: 'forget every'  [0.17s]  (avg_logprob -0.74)
[voice] --> SENT: 'forget every'
[voice] ● recording (gui) ...
[voice] ■ 1.3s captured (peak 1.037) — transcribing ...
[voice] heard: 'turn at all'  [0.17s]  (avg_logprob -0.51)
[voice] --> SENT: 'turn at all'
[voice] ● recording (gui) ...
[voice] ■ 1.7s captured (peak 1.040) — transcribing ...
[voice] heard: 'turn left'  [0.17s]  (avg_logprob -0.19)
[voice] --> SENT: 'turn left'
[voice] ● recording (gui) ...
[voice] ■ 1.0s captured (peak 1.065) — transcribing ...
[voice] heard: 'what do you see'  [0.18s]  (avg_logprob -0.36)
[voice] --> SENT: 'what do you see'
[voice] ● recording (gui) ...
[voice] ■ 3.1s captured (peak 1.134) — transcribing ...
[voice] heard: 'move forward two meters'  [0.19s]  (avg_logprob -0.48)
[voice] --> SENT: 'move forward two meters'
[voice] ● recording (gui) ...
[voice] ■ 1.5s captured (peak 1.028) — transcribing ...
[voice] heard: 'turn left'  [0.16s]  (avg_logprob -0.39)
[voice] --> SENT: 'turn left'
[voice] ● recording (gui) ...
[voice] ■ 1.7s captured (peak 1.055) — transcribing ...
[voice] heard: 'move forward one meter'  [0.18s]  (avg_logprob -0.24)
[voice] --> SENT: 'move forward one meter'
[voice] ● recording (gui) ...
[voice] ■ 2.5s captured (peak 1.084) — transcribing ...
[voice] heard: 'turn right twenty degrees'  [0.19s]  (avg_logprob -0.47)
[voice] --> SENT: 'turn right twenty degrees'
[voice] ● recording (gui) ...
[voice] ■ 1.3s captured (peak 1.025) — transcribing ...
[voice] heard: 'what do you see'  [0.18s]  (avg_logprob -0.24)
[voice] --> SENT: 'what do you see'
[voice] ● recording (gui) ...
[voice] ■ 2.0s captured (peak 1.195) — transcribing ...
[voice] heard: 'go to the farthest'  [0.19s]  (avg_logprob -0.26)
[voice] --> SENT: 'go to the farthest'
[voice] ● recording (gui) ...
[voice] ■ 1.9s captured (peak 1.102) — transcribing ...
[voice] heard: 'turn right'  [0.17s]  (avg_logprob -0.35)
[voice] --> SENT: 'turn right'
[voice] ● recording (gui) ...
[voice] ■ 1.1s captured (peak 1.051) — transcribing ...
[voice] heard: 'what do you see'  [0.18s]  (avg_logprob -0.37)
[voice] --> SENT: 'what do you see'
[voice] ● recording (gui) ...
[voice] ■ 2.7s captured (peak 1.200) — transcribing ...
[voice] heard: 'go to the farthest person'  [0.20s]  (avg_logprob -0.10)
[voice] --> SENT: 'go to the farthest person'
[voice] ● recording (gui) ...
[voice] ■ 1.9s captured (peak 1.043) — transcribing ...
[voice] heard: 'turn around'  [0.17s]  (avg_logprob -0.40)
[voice] --> SENT: 'turn around'
[voice] ● recording (gui) ...
[voice] ■ 1.6s captured (peak 1.020) — transcribing ...
[voice] heard: 'what do you see'  [0.18s]  (avg_logprob -0.44)
[voice] --> SENT: 'what do you see'
[voice] ● recording (gui) ...
[voice] ■ 2.8s captured (peak 1.146) — transcribing ...
[voice] heard: 'turn right twenty degrees'  [0.19s]  (avg_logprob -0.45)
[voice] --> SENT: 'turn right twenty degrees'
[voice] ● recording (gui) ...
[voice] ■ 3.0s captured (peak 1.081) — transcribing ...
[voice] heard: 'what do you see'  [0.19s]  (avg_logprob -0.37)
[voice] --> SENT: 'what do you see'
[voice] ● recording (gui) ...
[voice] ■ 2.3s captured (peak 1.136) — transcribing ...
[voice] heard: 'go to the person'  [0.18s]  (avg_logprob -0.13)
[voice] --> SENT: 'go to the person'
[voice] ● recording (gui) ...
[voice] ■ 1.8s captured (peak 1.054) — transcribing ...
[voice] heard: 'what can you detect'  [0.20s]  (avg_logprob -0.43)
[voice] --> SENT: 'what can you detect'
[voice] ● recording (gui) ...
[voice] ■ 3.1s captured (peak 1.048) — transcribing ...
[voice] heard: 'what things can you detect'  [0.19s]  (avg_logprob -0.43)
[voice] --> SENT: 'what things can you detect'
[voice] ● recording (gui) ...
[voice] ■ 2.4s captured (peak 1.054) — transcribing ...
[voice] heard: 'which objects can you see'  [0.19s]  (avg_logprob -0.21)
[voice] --> SENT: 'which objects can you see'
[voice] ● recording (gui) ...
[voice] ■ 2.0s captured (peak 1.243) — transcribing ...
[voice] heard: 'what can you search for'  [0.19s]  (avg_logprob -0.27)
[voice] --> SENT: 'what can you search for'
[voice] ● recording (gui) ...
[voice] ■ 2.4s captured (peak 1.094) — transcribing ...
[voice] heard: 'can you find a person'  [0.19s]  (avg_logprob -0.43)
[voice] --> SENT: 'can you find a person'
[voice] ● recording (gui) ...
[voice] ■ 1.8s captured (peak 1.066) — transcribing ...
[voice] heard: 'locate the person'  [0.17s]  (avg_logprob -0.18)
[voice] --> SENT: 'locate the person'
[voice] ● recording (gui) ...
[voice] ■ 1.8s captured (peak 1.028) — transcribing ...
[voice] heard: 'locate the person'  [0.17s]  (avg_logprob -0.17)
[voice] --> SENT: 'locate the person'
[voice] ● recording (gui) ...
[voice] ■ 2.9s captured (peak 1.064) — transcribing ...
[voice] heard: 'at what distance is the person'  [0.20s]  (avg_logprob -0.23)
[voice] --> SENT: 'at what distance is the person'
[voice] ● recording (gui) ...
[voice] ■ 3.2s captured (peak 1.136) — transcribing ...
[voice] heard: 'can you find a docking station'  [0.18s]  (avg_logprob -0.19)
[voice] --> SENT: 'can you find a docking station'
[voice] ● recording (gui) ...
[voice] ■ 1.7s captured (peak 1.002) — transcribing ...
[voice] heard: 'go to the docking station'  [0.19s]  (avg_logprob -0.34)
[voice] --> SENT: 'go to the docking station'
[voice] ● recording (gui) ...
[voice] ■ 2.5s captured (peak 1.027) — transcribing ...
[voice] heard: 'go to the docking station'  [0.19s]  (avg_logprob -0.11)
[voice] --> SENT: 'go to the docking station'
[voice] ● recording (gui) ...
[voice] ■ 1.0s captured (peak 1.049) — transcribing ...
[voice] heard: 'stop'  [0.16s]  (avg_logprob -0.43)
[voice] --> SENT: 'stop'
[voice] ● recording (gui) ...
[voice] ■ 1.7s captured (peak 1.081) — transcribing ...
[voice] heard: 'can you find a box'  [0.18s]  (avg_logprob -0.26)
[voice] --> SENT: 'can you find a box'
[voice] ● recording (gui) ...
[voice] ■ 1.2s captured (peak 1.039) — transcribing ...
[voice] heard: 'turn around'  [0.17s]  (avg_logprob -0.53)
[voice] --> SENT: 'turn around'
[voice] ● recording (gui) ...
[voice] ■ 2.4s captured (peak 1.061) — transcribing ...
[voice] heard: 'what do you see'  [0.18s]  (avg_logprob -0.37)
[voice] --> SENT: 'what do you see'
[voice] ● recording (gui) ...
[voice] ■ 1.8s captured (peak 1.116) — transcribing ...
[voice] heard: 'go to the cardboard box'  [0.19s]  (avg_logprob -0.29)
[voice] --> SENT: 'go to the cardboard box'
[voice] ● recording (gui) ...
[voice] ■ 0.9s captured (peak 1.008) — transcribing ...
[voice] heard: 'stop'  [0.17s]  (avg_logprob -0.30)
[voice] --> SENT: 'stop'
[voice] ● recording (gui) ...
[voice] ■ 1.0s captured (peak 1.039) — transcribing ...
[voice] heard: 'turn around'  [0.17s]  (avg_logprob -0.60)
[voice] --> SENT: 'turn around'
[voice] ● recording (gui) ...
[voice] ■ 1.6s captured (peak 0.000) — transcribing ...
[voice]   ⚠ that was almost silent — is this the right mic, and is it unmuted?
[voice] heard: ''  [0.00s]
[voice] ● recording (gui) ...
[voice] ■ 2.7s captured (peak 0.003) — transcribing ...
[voice]   ⚠ that was almost silent — is this the right mic, and is it unmuted?
[voice] heard: ''  [0.01s]
[voice] ● recording (gui) ...
[voice] ■ 1.8s captured (peak 1.070) — transcribing ...
[voice] heard: 'turn right 20 degrees'  [0.21s]  (avg_logprob -0.42)
[voice] --> SENT: 'turn right 20 degrees'
[voice] ● recording (gui) ...
[voice] ■ 1.8s captured (peak 1.015) — transcribing ...
[voice] heard: 'what do you see'  [0.18s]  (avg_logprob -0.42)
[voice] --> SENT: 'what do you see'
[voice] ● recording (gui) ...
[voice] ■ 2.2s captured (peak 1.028) — transcribing ...
[voice] heard: 'go to the cardboard box'  [0.18s]  (avg_logprob -0.18)
[voice] --> SENT: 'go to the cardboard box'
[voice] ● recording (gui) ...
[voice] ■ 1.0s captured (peak 1.023) — transcribing ...
[voice] heard: 'stop'  [0.17s]  (avg_logprob -0.52)
[voice] --> SENT: 'stop'
[voice] ● recording (gui) ...
[voice] ■ 1.7s captured (peak 1.079) — transcribing ...
[voice] heard: 'turn right'  [0.17s]  (avg_logprob -0.42)
[voice] --> SENT: 'turn right'
[voice] ● recording (gui) ...
[voice] ■ 0.4s captured (peak 0.012) — transcribing ...
[voice] heard: ''  [0.00s]
[voice] ● recording (gui) ...
[voice] ■ 1.5s captured (peak 1.098) — transcribing ...
[voice] heard: 'turn right'  [0.17s]  (avg_logprob -0.41)
[voice] --> SENT: 'turn right'
[voice] ● recording (gui) ...
[voice] ■ 0.9s captured (peak 1.015) — transcribing ...
[voice] heard: 'stop'  [0.16s]  (avg_logprob -0.42)
[voice] --> SENT: 'stop'
[voice] ● recording (gui) ...
[voice] ■ 1.1s captured (peak 1.076) — transcribing ...
[voice] heard: 'what do you see'  [0.17s]  (avg_logprob -0.28)
[voice] --> SENT: 'what do you see'
[voice] ● recording (gui) ...
[voice] ■ 1.7s captured (peak 1.043) — transcribing ...
[voice] heard: 'go to the cardboard box'  [0.19s]  (avg_logprob -0.11)
[voice] --> SENT: 'go to the cardboard box'
[voice] ● recording (gui) ...
[voice] ■ 0.9s captured (peak 0.702) — transcribing ...
[voice] heard: 'stop'  [0.16s]  (avg_logprob -0.32)
[voice] --> SENT: 'stop'
[voice] ● recording (gui) ...
[voice] ■ 1.3s captured (peak 1.039) — transcribing ...
[voice] heard: 'turn left'  [0.17s]  (avg_logprob -0.42)
[voice] --> SENT: 'turn left'
[voice] ● recording (gui) ...
[voice] ■ 0.4s captured (peak 0.368) — transcribing ...
[voice] heard: ''  [0.00s]
[voice] ● recording (gui) ...
[voice] ■ 1.1s captured (peak 1.072) — transcribing ...
[voice] heard: 'what do you see'  [0.20s]  (avg_logprob -0.39)
[voice] --> SENT: 'what do you see'
[voice] ● recording (gui) ...
[voice] ■ 1.1s captured (peak 1.090) — transcribing ...
[voice] heard: 'turn left'  [0.17s]  (avg_logprob -0.46)
[voice] --> SENT: 'turn left'
[voice] ● recording (gui) ...
[voice] ■ 1.2s captured (peak 1.082) — transcribing ...
[voice] heard: 'turn left'  [0.16s]  (avg_logprob -0.42)
[voice] --> SENT: 'turn left'
[voice] ● recording (gui) ...
[voice] ■ 1.7s captured (peak 1.118) — transcribing ...
[voice] heard: 'move 10 centimeter'  [0.17s]  (avg_logprob -0.42)
[voice] --> SENT: 'move 10 centimeter'
Exception in thread Thread-2 (spin):
Traceback (most recent call last):
  File "/usr/lib/python3.10/threading.py", line 1016, in _bootstrap_inner
    self.run()
  File "/usr/lib/python3.10/threading.py", line 953, in run
    self._target(*self._args, **self._kwargs)
  File "/opt/ros/humble/local/lib/python3.10/dist-packages/rclpy/__init__.py", line 229, in spin
    executor.spin_once()
  File "/opt/ros/humble/local/lib/python3.10/dist-packages/rclpy/executors.py", line 808, in spin_once
    self._spin_once_impl(timeout_sec)
  File "/opt/ros/humble/local/lib/python3.10/dist-packages/rclpy/executors.py", line 797, in _spin_once_impl
    handler, entity, node = self.wait_for_ready_callbacks(timeout_sec=timeout_sec)
  File "/opt/ros/humble/local/lib/python3.10/dist-packages/rclpy/executors.py", line 780, in wait_for_ready_callbacks
    return next(self._cb_iter)
  File "/opt/ros/humble/local/lib/python3.10/dist-packages/rclpy/executors.py", line 681, in _wait_for_ready_callbacks
    raise ExternalShutdownException()
rclpy.executors.ExternalShutdownException
[voice] stopped.
[voice] loading faster-whisper 'medium.en' on cuda (float16) ...
[voice] faster-whisper ready in 1.5s
[voice_command v1] publishing to /vla/command
[voice] microphone: [11] pulse  @ 16000 Hz
[voice] No terminal attached — running HEADLESS. Waiting for hold-to-talk on /vla/voice/trigger.
[voice] ● recording (gui) ...
[voice] ■ 1.1s captured (peak 1.044) — transcribing ...
[voice] heard: 'what do you see'  [0.33s]  (avg_logprob -0.21)
[voice] --> SENT: 'what do you see'
[voice] ● recording (gui) ...
[voice] ■ 1.3s captured (peak 1.092) — transcribing ...
[voice] heard: 'go to the chair'  [0.17s]  (avg_logprob -0.20)
[voice] --> SENT: 'go to the chair'
[voice] ● recording (gui) ...
[voice] ■ 1.4s captured (peak 1.030) — transcribing ...
[voice] heard: 'turn around'  [0.16s]  (avg_logprob -0.42)
[voice] --> SENT: 'turn around'
[voice] ● recording (gui) ...
[voice] ■ 3.3s captured (peak 1.079) — transcribing ...
[voice] heard: 'move forward ten centimeter fifty centimeter'  [0.21s]  (avg_logprob -0.54)
[voice] --> SENT: 'move forward ten centimeter fifty centimeter'
[voice] ● recording (gui) ...
[voice] ■ 1.5s captured (peak 1.054) — transcribing ...
[voice] heard: 'turn right'  [0.16s]  (avg_logprob -0.19)
[voice] --> SENT: 'turn right'
[voice] ● recording (gui) ...
[voice] ■ 0.8s captured (peak 1.032) — transcribing ...
[voice] heard: 'dock'  [0.15s]  (avg_logprob -0.52)
[voice] --> SENT: 'dock'
Exception in thread Thread-2 (spin):
Traceback (most recent call last):
  File "/usr/lib/python3.10/threading.py", line 1016, in _bootstrap_inner
    self.run()
  File "/usr/lib/python3.10/threading.py", line 953, in run
    self._target(*self._args, **self._kwargs)
  File "/opt/ros/humble/local/lib/python3.10/dist-packages/rclpy/__init__.py", line 229, in spin
    executor.spin_once()
  File "/opt/ros/humble/local/lib/python3.10/dist-packages/rclpy/executors.py", line 808, in spin_once
    self._spin_once_impl(timeout_sec)
  File "/opt/ros/humble/local/lib/python3.10/dist-packages/rclpy/executors.py", line 797, in _spin_once_impl
    handler, entity, node = self.wait_for_ready_callbacks(timeout_sec=timeout_sec)
  File "/opt/ros/humble/local/lib/python3.10/dist-packages/rclpy/executors.py", line 780, in wait_for_ready_callbacks
    return next(self._cb_iter)
  File "/opt/ros/humble/local/lib/python3.10/dist-packages/rclpy/executors.py", line 681, in _wait_for_ready_callbacks
    raise ExternalShutdownException()
rclpy.executors.ExternalShutdownException
[voice] stopped.
[voice] loading faster-whisper 'medium.en' on cuda (float16) ...
[voice] faster-whisper ready in 1.6s
[voice_command v1] publishing to /vla/command
[voice] microphone: [11] pulse  @ 16000 Hz
[voice] No terminal attached — running HEADLESS. Waiting for hold-to-talk on /vla/voice/trigger.
[voice] ● recording (gui) ...
[voice] ■ 1.5s captured (peak 0.343) — transcribing ...
[voice] heard: 'what do you see'  [0.37s]  (avg_logprob -0.23)
[voice] --> SENT: 'what do you see'
[voice] ● recording (gui) ...
[voice] ■ 1.4s captured (peak 0.567) — transcribing ...
[voice] heard: 'what do you see'  [0.17s]  (avg_logprob -0.20)
[voice] --> SENT: 'what do you see'
[voice] ● recording (gui) ...
[voice] ■ 1.4s captured (peak 0.611) — transcribing ...
[voice] heard: 'turn right'  [0.16s]  (avg_logprob -0.32)
[voice] --> SENT: 'turn right'
[voice] ● recording (gui) ...
[voice] ■ 1.6s captured (peak 0.555) — transcribing ...
[voice] heard: 'turn left'  [0.17s]  (avg_logprob -0.22)
[voice] --> SENT: 'turn left'
[voice] ● recording (gui) ...
[voice] ■ 1.0s captured (peak 0.008) — transcribing ...
[voice] heard: ''  [0.00s]
[voice] ● recording (gui) ...
[voice] ■ 0.7s captured (peak 0.004) — transcribing ...
[voice]   ⚠ that was almost silent — is this the right mic, and is it unmuted?
[voice] heard: ''  [0.00s]
[voice] ● recording (gui) ...
[voice] ■ 1.2s captured (peak 0.484) — transcribing ...
[voice] heard: 'turn left'  [0.17s]  (avg_logprob -0.19)
[voice] --> SENT: 'turn left'
[voice] ● recording (gui) ...
[voice] ■ 0.9s captured (peak 0.427) — transcribing ...
[voice] heard: 'stop'  [0.16s]  (avg_logprob -0.39)
[voice] --> SENT: 'stop'
[voice] ● recording (gui) ...
[voice] ■ 1.4s captured (peak 0.516) — transcribing ...
[voice] heard: 'what do you see'  [0.18s]  (avg_logprob -0.17)
[voice] --> SENT: 'what do you see'
[voice] ● recording (gui) ...
[voice] ■ 2.0s captured (peak 0.760) — transcribing ...
[voice] heard: 'go to the farthest chair'  [0.19s]  (avg_logprob -0.08)
[voice] --> SENT: 'go to the farthest chair'
[voice] ● recording (gui) ...
[voice] ■ 2.0s captured (peak 0.784) — transcribing ...
[voice] heard: 'turn around'  [0.17s]  (avg_logprob -0.18)
[voice] --> SENT: 'turn around'
[voice] ● recording (gui) ...
[voice] ■ 1.4s captured (peak 0.529) — transcribing ...
[voice] heard: 'what do you see'  [0.18s]  (avg_logprob -0.19)
[voice] --> SENT: 'what do you see'
[voice] ● recording (gui) ...
[voice] ■ 2.1s captured (peak 0.597) — transcribing ...
[voice] heard: 'go to the farthest person'  [0.19s]  (avg_logprob -0.07)
[voice] --> SENT: 'go to the farthest person'
[voice] ● recording (gui) ...
[voice] ■ 1.3s captured (peak 0.393) — transcribing ...
[voice] heard: 'turn left'  [0.17s]  (avg_logprob -0.64)
[voice] --> SENT: 'turn left'
[voice] ● recording (gui) ...
[voice] ■ 1.6s captured (peak 0.808) — transcribing ...
[voice] heard: 'turn right'  [0.17s]  (avg_logprob -0.33)
[voice] --> SENT: 'turn right'
[voice] ● recording (gui) ...
[voice] ■ 1.4s captured (peak 0.903) — transcribing ...
[voice] heard: 'find a person'  [0.18s]  (avg_logprob -0.39)
[voice] --> SENT: 'find a person'
[voice] ● recording (gui) ...
[voice] ■ 1.1s captured (peak 0.894) — transcribing ...
[voice] heard: 'turn right'  [0.16s]  (avg_logprob -0.21)
[voice] --> SENT: 'turn right'
[voice] ● recording (gui) ...
[voice] ■ 2.2s captured (peak 1.029) — transcribing ...
[voice] heard: 'turn left 20 degrees'  [0.17s]  (avg_logprob -0.33)
[voice] --> SENT: 'turn left 20 degrees'
[voice] ● recording (gui) ...
[voice] ■ 1.4s captured (peak 0.612) — transcribing ...
[voice] heard: 'what do you see'  [0.18s]  (avg_logprob -0.38)
[voice] --> SENT: 'what do you see'
[voice] ● recording (gui) ...
[voice] ■ 2.2s captured (peak 1.008) — transcribing ...
[voice] heard: 'go to the person'  [0.20s]  (avg_logprob -0.17)
[voice] --> SENT: 'go to the person'
[voice] ● recording (gui) ...
[voice] ■ 1.3s captured (peak 0.651) — transcribing ...
[voice] heard: 'go to the person'  [0.18s]  (avg_logprob -0.09)
[voice] --> SENT: 'go to the person'
[voice] ● recording (gui) ...
[voice] ■ 3.9s captured (peak 1.020) — transcribing ...
[voice] heard: 'stop stop'  [0.19s]  (avg_logprob -0.43)
[voice] --> SENT: 'stop stop'
[voice] ● recording (gui) ...
[voice] ■ 0.8s captured (peak 0.468) — transcribing ...
[voice] heard: 'stop'  [0.18s]  (avg_logprob -0.46)
[voice] --> SENT: 'stop'
[voice] ● recording (gui) ...
[voice] ■ 1.4s captured (peak 0.697) — transcribing ...
[voice] heard: 'what do you see'  [0.17s]  (avg_logprob -0.43)
[voice] --> SENT: 'what do you see'
[voice] ● recording (gui) ...
[voice] ■ 1.4s captured (peak 0.620) — transcribing ...
[voice] heard: 'go to the chair'  [0.18s]  (avg_logprob -0.18)
[voice] --> SENT: 'go to the chair'
[voice] ● recording (gui) ...
[voice] ■ 2.6s captured (peak 0.620) — transcribing ...
[voice] heard: 'turn around and find hamza'  [0.19s]  (avg_logprob -0.30)
[voice] --> SENT: 'turn around and find hamza'
[voice] ● recording (gui) ...
[voice] ■ 1.2s captured (peak 0.572) — transcribing ...
[voice] heard: 'what do you see'  [0.17s]  (avg_logprob -0.30)
[voice] --> SENT: 'what do you see'
[voice] ● recording (gui) ...
[voice] ■ 1.3s captured (peak 0.628) — transcribing ...
[voice] heard: 'find a person'  [0.17s]  (avg_logprob -0.19)
[voice] --> SENT: 'find a person'
[voice] ● recording (gui) ...
[voice] ■ 1.6s captured (peak 0.769) — transcribing ...
[voice] heard: 'go to the human'  [0.17s]  (avg_logprob -0.29)
[voice] --> SENT: 'go to the human'
[voice] ● recording (gui) ...
[voice] ■ 1.7s captured (peak 0.946) — transcribing ...
[voice] heard: 'get close to the human'  [0.18s]  (avg_logprob -0.29)
[voice] --> SENT: 'get close to the human'
[voice] ● recording (gui) ...
[voice] ■ 1.3s captured (peak 0.720) — transcribing ...
[voice] heard: 'turn left'  [0.19s]  (avg_logprob -0.37)
[voice] --> SENT: 'turn left'
[voice] ● recording (gui) ...
[voice] ■ 1.7s captured (peak 0.703) — transcribing ...
[voice] heard: 'turn left ten degrees'  [0.18s]  (avg_logprob -0.25)
[voice] --> SENT: 'turn left ten degrees'
[voice] ● recording (gui) ...
[voice] ■ 2.3s captured (peak 0.787) — transcribing ...
[voice] heard: 'move forward 30 centimeters'  [0.18s]  (avg_logprob -0.28)
[voice] --> SENT: 'move forward 30 centimeters'
[voice] ● recording (gui) ...
[voice] ■ 1.1s captured (peak 1.003) — transcribing ...
[voice] heard: 'dock'  [0.16s]  (avg_logprob -0.29)
[voice] --> SENT: 'dock'
[voice] ● recording (gui) ...
[voice] ■ 0.8s captured (peak 0.618) — transcribing ...
[voice] heard: 'undock the area'  [0.53s]  (avg_logprob -0.94)
[voice] (low confidence -0.94 < -0.75 — not sent. Say it again?)
[voice] ● recording (gui) ...
[voice] ■ 1.2s captured (peak 0.934) — transcribing ...
[voice] heard: 'undock'  [0.16s]  (avg_logprob -0.15)
[voice] --> SENT: 'undock'
[voice] ● recording (gui) ...
[voice] ■ 1.6s captured (peak 0.583) — transcribing ...
[voice] heard: 'can you see a person'  [0.20s]  (avg_logprob -0.22)
[voice] --> SENT: 'can you see a person'
[voice] ● recording (gui) ...
[voice] ■ 2.0s captured (peak 0.792) — transcribing ...
[voice] heard: 'go to the closest person'  [0.18s]  (avg_logprob -0.08)
[voice] --> SENT: 'go to the closest person'
[voice] ● recording (gui) ...
[voice] ■ 1.7s captured (peak 0.997) — transcribing ...
[voice] heard: 'get closer to the person'  [0.19s]  (avg_logprob -0.13)
[voice] --> SENT: 'get closer to the person'
Exception in thread Thread-2 (spin):
Traceback (most recent call last):
  File "/usr/lib/python3.10/threading.py", line 1016, in _bootstrap_inner
    self.run()
  File "/usr/lib/python3.10/threading.py", line 953, in run
    self._target(*self._args, **self._kwargs)
  File "/opt/ros/humble/local/lib/python3.10/dist-packages/rclpy/__init__.py", line 229, in spin
    executor.spin_once()
  File "/opt/ros/humble/local/lib/python3.10/dist-packages/rclpy/executors.py", line 808, in spin_once
    self._spin_once_impl(timeout_sec)
  File "/opt/ros/humble/local/lib/python3.10/dist-packages/rclpy/executors.py", line 797, in _spin_once_impl
    handler, entity, node = self.wait_for_ready_callbacks(timeout_sec=timeout_sec)
  File "/opt/ros/humble/local/lib/python3.10/dist-packages/rclpy/executors.py", line 780, in wait_for_ready_callbacks
    return next(self._cb_iter)
  File "/opt/ros/humble/local/lib/python3.10/dist-packages/rclpy/executors.py", line 681, in _wait_for_ready_callbacks
    raise ExternalShutdownException()
rclpy.executors.ExternalShutdownException
[voice] stopped.
terminate called after throwing an instance of 'std::runtime_error'
  what():  CUDA failed with error driver shutting down
[voice] loading faster-whisper 'medium.en' on cuda (float16) ...
[voice] faster-whisper ready in 1.7s
[voice_command v1] publishing to /vla/command
[voice] microphone: [11] pulse  @ 16000 Hz
[voice] No terminal attached — running HEADLESS. Waiting for hold-to-talk on /vla/voice/trigger.
[voice] ● recording (gui) ...
[voice] ■ 1.4s captured (peak 0.266) — transcribing ...
[voice] heard: 'turn right'  [0.33s]  (avg_logprob -0.19)
[voice] --> SENT: 'turn right'
[voice] ● recording (gui) ...
[voice] ■ 1.4s captured (peak 0.249) — transcribing ...
[voice] heard: 'turn left'  [0.17s]  (avg_logprob -0.36)
[voice] --> SENT: 'turn left'
[voice] ● recording (gui) ...
[voice] ■ 1.7s captured (peak 0.137) — transcribing ...
[voice] heard: 'what do you see'  [0.18s]  (avg_logprob -0.36)
[voice] --> SENT: 'what do you see'
[voice] ● recording (gui) ...
[voice] ■ 2.0s captured (peak 0.185) — transcribing ...
[voice] heard: 'go to the farthest person'  [0.18s]  (avg_logprob -0.12)
[voice] --> SENT: 'go to the farthest person'
[voice] ● recording (gui) ...
[voice] ■ 1.4s captured (peak 0.387) — transcribing ...
[voice] heard: 'get closer'  [0.16s]  (avg_logprob -0.56)
[voice] --> SENT: 'get closer'
[voice] ● recording (gui) ...
[voice] ■ 1.0s captured (peak 0.369) — transcribing ...
[voice] heard: 'stop'  [0.16s]  (avg_logprob -0.30)
[voice] --> SENT: 'stop'
[voice] ● recording (gui) ...
[voice] ■ 1.5s captured (peak 0.354) — transcribing ...
[voice] heard: 'turn around'  [0.16s]  (avg_logprob -0.16)
[voice] --> SENT: 'turn around'
[voice] ● recording (gui) ...
[voice] ■ 3.2s captured (peak 0.286) — transcribing ...
[voice] heard: 'turn right 20 degrees'  [0.24s]  (avg_logprob -0.39)
[voice] --> SENT: 'turn right 20 degrees'
[voice] ● recording (gui) ...
[voice] ■ 1.2s captured (peak 0.142) — transcribing ...
[voice] heard: 'what do you see'  [0.17s]  (avg_logprob -0.27)
[voice] --> SENT: 'what do you see'
[voice] ● recording (gui) ...
[voice] ■ 2.0s captured (peak 0.154) — transcribing ...
[voice] heard: 'how many persons do you see'  [0.18s]  (avg_logprob -0.33)
[voice] --> SENT: 'how many persons do you see'
[voice] ● recording (gui) ...
[voice] ■ 2.1s captured (peak 0.142) — transcribing ...
[voice] heard: 'how many persons do you see now'  [0.20s]  (avg_logprob -0.30)
[voice] --> SENT: 'how many persons do you see now'
[voice] ● recording (gui) ...
[voice] ■ 1.9s captured (peak 0.460) — transcribing ...
[voice] heard: 'go to the nearest person'  [0.18s]  (avg_logprob -0.06)
[voice] --> SENT: 'go to the nearest person'
[voice] ● recording (gui) ...
[voice] ■ 1.5s captured (peak 0.106) — transcribing ...
[voice] heard: 'turn right'  [0.16s]  (avg_logprob -0.21)
[voice] --> SENT: 'turn right'
[voice] ● recording (gui) ...
[voice] ■ 1.1s captured (peak 0.078) — transcribing ...
[voice] heard: 'turn left'  [0.16s]  (avg_logprob -0.19)
[voice] --> SENT: 'turn left'
[voice] ● recording (gui) ...
[voice] ■ 1.0s captured (peak 0.157) — transcribing ...
[voice] heard: 'what do you see'  [0.17s]  (avg_logprob -0.18)
[voice] --> SENT: 'what do you see'
[voice] ● recording (gui) ...
[voice] ■ 1.0s captured (peak 0.153) — transcribing ...
[voice] heard: 'turn left'  [0.16s]  (avg_logprob -0.43)
[voice] --> SENT: 'turn left'
[voice] ● recording (gui) ...
[voice] ■ 0.8s captured (peak 0.183) — transcribing ...
[voice] heard: 'what do you see'  [0.17s]  (avg_logprob -0.44)
[voice] --> SENT: 'what do you see'
[voice] ● recording (gui) ...
[voice] ■ 1.0s captured (peak 0.137) — transcribing ...
[voice] heard: 'go to the next person'  [0.17s]  (avg_logprob -0.70)
[voice] --> SENT: 'go to the next person'
[voice] ● recording (gui) ...
[voice] ■ 1.2s captured (peak 0.259) — transcribing ...
[voice] heard: 'good job'  [0.16s]  (avg_logprob -0.39)
[voice] --> SENT: 'good job'
[voice] ● recording (gui) ...
[voice] ■ 1.2s captured (peak 0.648) — transcribing ...
[voice] heard: 'what do you see'  [0.18s]  (avg_logprob -0.47)
[voice] --> SENT: 'what do you see'
[voice] ● recording (gui) ...
[voice] ■ 1.9s captured (peak 0.574) — transcribing ...
[voice] heard: 'go to the farthest person'  [0.19s]  (avg_logprob -0.10)
[voice] --> SENT: 'go to the farthest person'
[voice] ● recording (gui) ...
[voice] ■ 1.4s captured (peak 0.475) — transcribing ...
[voice] heard: 'turn left'  [0.18s]  (avg_logprob -0.66)
[voice] --> SENT: 'turn left'
[voice] ● recording (gui) ...
[voice] ■ 0.9s captured (peak 0.672) — transcribing ...
[voice] heard: 'turn left'  [0.16s]  (avg_logprob -0.18)
[voice] --> SENT: 'turn left'
[voice] ● recording (gui) ...
[voice] ■ 2.7s captured (peak 0.928) — transcribing ...
[voice] heard: 'at which port are you broadcasting'  [0.21s]  (avg_logprob -0.15)
[voice] --> SENT: 'at which port are you broadcasting'
[voice] ● recording (gui) ...
[voice] ■ 5.8s captured (peak 0.452) — transcribing ...
[voice] heard: "i'm asking you about the yolo model at which port it is broadcast"  [0.27s]  (avg_logprob -0.30)
[voice] --> SENT: "i'm asking you about the yolo model at which port it is broadcast"
[voice] ● recording (gui) ...
[voice] ■ 1.1s captured (peak 0.735) — transcribing ...
[voice] heard: 'toll'  [0.63s]  (avg_logprob -1.01)
[voice] (low confidence -1.01 < -0.75 — not sent. Say it again?)
[voice] ● recording (gui) ...
[voice] ■ 1.0s captured (peak 0.978) — transcribing ...
[voice] heard: 'stop'  [0.15s]  (avg_logprob -0.42)
[voice] --> SENT: 'stop'
[voice] ● recording (gui) ...
[voice] ■ 1.8s captured (peak 0.363) — transcribing ...
[voice] heard: 'docking station measure'  [0.17s]  (avg_logprob -0.44)
[voice] --> SENT: 'docking station measure'
[voice] ● recording (gui) ...
[voice] ■ 1.5s captured (peak 0.415) — transcribing ...
[voice] heard: 'turn left'  [0.19s]  (avg_logprob -0.35)
[voice] --> SENT: 'turn left'
[voice] ● recording (gui) ...
[voice] ■ 2.3s captured (peak 0.578) — transcribing ...
[voice] heard: 'turn right'  [0.19s]  (avg_logprob -0.39)
[voice] --> SENT: 'turn right'
[voice] ● recording (gui) ...
[voice] ■ 3.2s captured (peak 0.786) — transcribing ...
[voice] heard: 'move one meter ahead'  [0.18s]  (avg_logprob -0.14)
[voice] --> SENT: 'move one meter ahead'
[voice] ● recording (gui) ...
[voice] ■ 4.2s captured (peak 0.577) — transcribing ...
[voice] heard: 'move 50 centimeters ahead'  [0.19s]  (avg_logprob -0.44)
[voice] --> SENT: 'move 50 centimeters ahead'
[voice] ● recording (gui) ...
[voice] ■ 4.3s captured (peak 0.376) — transcribing ...
[voice] heard: 'move 20 centimeters'  [0.20s]  (avg_logprob -0.39)
[voice] --> SENT: 'move 20 centimeters'
[voice] ● recording (gui) ...
[voice] ■ 3.3s captured (peak 0.573) — transcribing ...
[voice] heard: 'turn right 40 degrees'  [0.18s]  (avg_logprob -0.35)
[voice] --> SENT: 'turn right 40 degrees'
[voice] ● recording (gui) ...
[voice] ■ 2.5s captured (peak 0.655) — transcribing ...
[voice] heard: 'move one meter ahead'  [0.20s]  (avg_logprob -0.12)
[voice] --> SENT: 'move one meter ahead'
[voice] ● recording (gui) ...
[voice] ■ 1.3s captured (peak 0.790) — transcribing ...
[voice] heard: 'turn around'  [0.17s]  (avg_logprob -0.40)
[voice] --> SENT: 'turn around'
[voice] ● recording (gui) ...
[voice] ■ 1.8s captured (peak 0.652) — transcribing ...
[voice] heard: 'move three meters ahead'  [0.17s]  (avg_logprob -0.44)
[voice] --> SENT: 'move three meters ahead'
[voice] ● recording (gui) ...
[voice] ■ 4.3s captured (peak 0.995) — transcribing ...
[voice] heard: 'turn left 15 degrees and move forward 2 meters'  [0.24s]  (avg_logprob -0.33)
[voice] --> SENT: 'turn left 15 degrees and move forward 2 meters'
[voice] ● recording (gui) ...
[voice] ■ 1.7s captured (peak 0.744) — transcribing ...
[voice] heard: 'move two meters ahead'  [0.19s]  (avg_logprob -0.27)
[voice] --> SENT: 'move two meters ahead'
[voice] ● recording (gui) ...
[voice] ■ 1.9s captured (peak 0.920) — transcribing ...
[voice] heard: 'turn right'  [0.18s]  (avg_logprob -0.45)
[voice] --> SENT: 'turn right'
[voice] ● recording (gui) ...
[voice] ■ 0.9s captured (peak 0.824) — transcribing ...
[voice] heard: 'turn right'  [0.17s]  (avg_logprob -0.42)
[voice] --> SENT: 'turn right'
Exception in thread Thread-2 (spin):
Traceback (most recent call last):
  File "/usr/lib/python3.10/threading.py", line 1016, in _bootstrap_inner
    self.run()
  File "/usr/lib/python3.10/threading.py", line 953, in run
    self._target(*self._args, **self._kwargs)
  File "/opt/ros/humble/local/lib/python3.10/dist-packages/rclpy/__init__.py", line 229, in spin
    executor.spin_once()
  File "/opt/ros/humble/local/lib/python3.10/dist-packages/rclpy/executors.py", line 808, in spin_once
    self._spin_once_impl(timeout_sec)
  File "/opt/ros/humble/local/lib/python3.10/dist-packages/rclpy/executors.py", line 797, in _spin_once_impl
    handler, entity, node = self.wait_for_ready_callbacks(timeout_sec=timeout_sec)
  File "/opt/ros/humble/local/lib/python3.10/dist-packages/rclpy/executors.py", line 780, in wait_for_ready_callbacks
    return next(self._cb_iter)
  File "/opt/ros/humble/local/lib/python3.10/dist-packages/rclpy/executors.py", line 681, in _wait_for_ready_callbacks
    raise ExternalShutdownException()
rclpy.executors.ExternalShutdownException
[voice] stopped.
terminate called after throwing an instance of 'std::runtime_error'
  what():  CUDA failed with error driver shutting down
[voice] loading faster-whisper 'medium.en' on cuda (float16) ...
[voice] faster-whisper ready in 1.5s
[voice_command v1] publishing to /vla/command
[voice] microphone: [11] pulse  @ 16000 Hz
[voice] No terminal attached — running HEADLESS. Waiting for hold-to-talk on /vla/voice/trigger.
[voice] ● recording (gui) ...
[voice] ■ 1.1s captured (peak 0.950) — transcribing ...
[voice] heard: 'what do you see'  [0.40s]  (avg_logprob -0.19)
[voice] --> SENT: 'what do you see'
[voice] ● recording (gui) ...
[voice] ■ 1.5s captured (peak 0.942) — transcribing ...
[voice] heard: 'go to the person'  [0.18s]  (avg_logprob -0.06)
[voice] --> SENT: 'go to the person'
[voice] ● recording (gui) ...
[voice] ■ 1.2s captured (peak 0.542) — transcribing ...
[voice] heard: 'turn left'  [0.18s]  (avg_logprob -0.46)
[voice] --> SENT: 'turn left'
[voice] ● recording (gui) ...
[voice] ■ 1.0s captured (peak 0.580) — transcribing ...
[voice] heard: 'what do you'  [0.17s]  (avg_logprob -0.45)
[voice] --> SENT: 'what do you'
[voice] ● recording (gui) ...
[voice] ■ 1.0s captured (peak 0.710) — transcribing ...
[voice] heard: 'go to the person'  [0.18s]  (avg_logprob -0.65)
[voice] --> SENT: 'go to the person'
[voice] ● recording (gui) ...
[voice] ■ 1.3s captured (peak 0.836) — transcribing ...
[voice] heard: 'get closer'  [0.17s]  (avg_logprob -0.26)
[voice] --> SENT: 'get closer'
[voice] ● recording (gui) ...
[voice] ■ 0.9s captured (peak 0.365) — transcribing ...
[voice] heard: 'run left'  [0.19s]  (avg_logprob -0.58)
[voice] --> SENT: 'run left'
[voice] ● recording (gui) ...
[voice] ■ 2.8s captured (peak 1.005) — transcribing ...
[voice] heard: 'move forward four meters'  [0.19s]  (avg_logprob -0.38)
[voice] --> SENT: 'move forward four meters'
[voice] ● recording (gui) ...
[voice] ■ 1.8s captured (peak 0.897) — transcribing ...
[voice] heard: 'move back'  [0.17s]  (avg_logprob -0.13)
[voice] --> SENT: 'move back'
Exception in thread Thread-2 (spin):
Traceback (most recent call last):
  File "/usr/lib/python3.10/threading.py", line 1016, in _bootstrap_inner
    self.run()
  File "/usr/lib/python3.10/threading.py", line 953, in run
    self._target(*self._args, **self._kwargs)
  File "/opt/ros/humble/local/lib/python3.10/dist-packages/rclpy/__init__.py", line 229, in spin
    executor.spin_once()
  File "/opt/ros/humble/local/lib/python3.10/dist-packages/rclpy/executors.py", line 808, in spin_once
    self._spin_once_impl(timeout_sec)
  File "/opt/ros/humble/local/lib/python3.10/dist-packages/rclpy/executors.py", line 797, in _spin_once_impl
    handler, entity, node = self.wait_for_ready_callbacks(timeout_sec=timeout_sec)
  File "/opt/ros/humble/local/lib/python3.10/dist-packages/rclpy/executors.py", line 780, in wait_for_ready_callbacks
    return next(self._cb_iter)
  File "/opt/ros/humble/local/lib/python3.10/dist-packages/rclpy/executors.py", line 681, in _wait_for_ready_callbacks
    raise ExternalShutdownException()
rclpy.executors.ExternalShutdownException
[voice] stopped.
