[voice] loading faster-whisper 'medium.en' on cuda (float16) ...
[voice] faster-whisper ready in 14.6s
[voice_command v1] publishing to /vla/command
[voice] microphone: [11] pulse  @ 16000 Hz
[voice] No terminal attached — running HEADLESS. Waiting for hold-to-talk on /vla/voice/trigger.
[voice] ● recording (gui) ...
[voice] ■ 1.2s captured (peak 0.603) — transcribing ...
[voice] heard: 'what do you'  [3.03s]  (avg_logprob -0.49)
[voice] --> SENT: 'what do you'
[voice] ● recording (gui) ...
[voice] ■ 1.7s captured (peak 0.666) — transcribing ...
[voice] heard: 'what do you see'  [0.17s]  (avg_logprob -0.17)
[voice] --> SENT: 'what do you see'
[voice] ● recording (gui) ...
[voice] ■ 4.2s captured (peak 0.935) — transcribing ...
[voice] heard: 'i know you see'  [0.18s]  (avg_logprob -0.68)
[voice] --> SENT: 'i know you see'
[voice] ● recording (gui) ...
[voice] ■ 3.5s captured (peak 0.763) — transcribing ...
[voice] heard: 'turn left find a jumbo command'  [0.20s]  (avg_logprob -0.34)
[voice] --> SENT: 'turn left find a jumbo command'
[voice] ● recording (gui) ...
[voice] ■ 2.6s captured (peak 0.472) — transcribing ...
[voice] heard: 'turn right and find a comma'  [0.19s]  (avg_logprob -0.29)
[voice] --> SENT: 'turn right and find a comma'
[voice] ● recording (gui) ...
[voice] ■ 1.5s captured (peak 0.568) — transcribing ...
[voice] heard: 'what do you'  [0.16s]  (avg_logprob -0.38)
[voice] --> SENT: 'what do you'
[voice] ● recording (gui) ...
[voice] ■ 1.7s captured (peak 0.750) — transcribing ...
[voice] heard: "can't you see a"  [0.18s]  (avg_logprob -0.52)
[voice] --> SENT: "can't you see a"
[voice] ● recording (gui) ...
[voice] ■ 1.9s captured (peak 0.652) — transcribing ...
[voice] heard: "can't you see a person"  [0.17s]  (avg_logprob -0.20)
[voice] --> SENT: "can't you see a person"
[voice] ● recording (gui) ...
[voice] ■ 1.7s captured (peak 0.704) — transcribing ...
[voice] heard: 'go to the person'  [0.18s]  (avg_logprob -0.10)
[voice] --> SENT: 'go to the person'
[voice] ● recording (gui) ...
[voice] ■ 1.3s captured (peak 0.395) — transcribing ...
[voice] heard: 'what do you see'  [0.20s]  (avg_logprob -0.26)
[voice] --> SENT: 'what do you see'
[voice] ● recording (gui) ...
[voice] ■ 1.3s captured (peak 0.467) — transcribing ...
[voice] heard: 'go to the chair'  [0.18s]  (avg_logprob -0.14)
[voice] --> SENT: 'go to the chair'
[voice] ● recording (gui) ...
[voice] ■ 0.4s captured (peak 0.000) — transcribing ...
[voice]   ⚠ that was almost silent — is this the right mic, and is it unmuted?
[voice] heard: ''  [0.00s]
[voice] ● recording (gui) ...
[voice] ■ 1.0s captured (peak 0.000) — transcribing ...
[voice]   ⚠ that was almost silent — is this the right mic, and is it unmuted?
[voice] heard: ''  [0.00s]
[voice] ● recording (gui) ...
[voice] ■ 1.4s captured (peak 0.606) — transcribing ...
[voice] heard: 'turn right'  [0.17s]  (avg_logprob -0.14)
[voice] --> SENT: 'turn right'
[voice] ● recording (gui) ...
[voice] ■ 1.2s captured (peak 0.506) — transcribing ...
[voice] heard: 'what do you see'  [0.18s]  (avg_logprob -0.30)
[voice] --> SENT: 'what do you see'
[voice] ● recording (gui) ...
[voice] ■ 1.3s captured (peak 0.569) — transcribing ...
[voice] heard: 'turn right'  [0.17s]  (avg_logprob -0.18)
[voice] --> SENT: 'turn right'
[voice] ● recording (gui) ...
[voice] ■ 2.0s captured (peak 0.438) — transcribing ...
[voice] heard: 'what do you see'  [0.18s]  (avg_logprob -0.22)
[voice] --> SENT: 'what do you see'
[voice] ● recording (gui) ...
[voice] ■ 1.5s captured (peak 0.827) — transcribing ...
[voice] heard: 'go to the nearest person'  [0.18s]  (avg_logprob -0.17)
[voice] --> SENT: 'go to the nearest person'
[voice] ● recording (gui) ...
[voice] ■ 1.6s captured (peak 0.537) — transcribing ...
[voice] heard: 'turn right'  [0.18s]  (avg_logprob -0.15)
[voice] --> SENT: 'turn right'
[voice] ● recording (gui) ...
[voice] ■ 1.5s captured (peak 0.475) — transcribing ...
[voice] heard: 'what do you see'  [0.18s]  (avg_logprob -0.21)
[voice] --> SENT: 'what do you see'
[voice] ● recording (gui) ...
[voice] ■ 1.3s captured (peak 0.411) — transcribing ...
[voice] heard: 'go to the chair'  [0.18s]  (avg_logprob -0.18)
[voice] --> SENT: 'go to the chair'
Exception in thread Thread-2 (spin):
Traceback (most recent call last):
  File "/usr/lib/python3.10/threading.py", line 1016, in _bootstrap_inner
    self.run()
  File "/usr/lib/python3.10/threading.py", line 953, in run
    self._target(*self._args, **self._kwargs)
  File "/opt/ros/humble/local/lib/python3.10/dist-packages/rclpy/__init__.py", line 229, in spin
    executor.spin_once()
  File "/opt/ros/humble/local/lib/python3.10/dist-packages/rclpy/executors.py", line 808, in spin_once
    self._spin_once_impl(timeout_sec)
  File "/opt/ros/humble/local/lib/python3.10/dist-packages/rclpy/executors.py", line 797, in _spin_once_impl
    handler, entity, node = self.wait_for_ready_callbacks(timeout_sec=timeout_sec)
  File "/opt/ros/humble/local/lib/python3.10/dist-packages/rclpy/executors.py", line 780, in wait_for_ready_callbacks
    return next(self._cb_iter)
  File "/opt/ros/humble/local/lib/python3.10/dist-packages/rclpy/executors.py", line 681, in _wait_for_ready_callbacks
    raise ExternalShutdownException()
rclpy.executors.ExternalShutdownException
[voice] stopped.
[voice] loading faster-whisper 'medium.en' on cuda (float16) ...
[voice] faster-whisper ready in 1.7s
[voice_command v1] publishing to /vla/command
[voice] microphone: [11] pulse  @ 16000 Hz
[voice] No terminal attached — running HEADLESS. Waiting for hold-to-talk on /vla/voice/trigger.
[voice] ● recording (gui) ...
[voice] ■ 1.6s captured (peak 0.449) — transcribing ...
[voice] heard: 'what do you see'  [0.38s]  (avg_logprob -0.27)
[voice] --> SENT: 'what do you see'
[voice] ● recording (gui) ...
[voice] ■ 2.2s captured (peak 0.411) — transcribing ...
[voice] heard: 'go to the chair'  [0.19s]  (avg_logprob -0.10)
[voice] --> SENT: 'go to the chair'
[voice] ● recording (gui) ...
[voice] ■ 1.6s captured (peak 0.524) — transcribing ...
[voice] heard: 'get closer'  [0.17s]  (avg_logprob -0.20)
[voice] --> SENT: 'get closer'
[voice] ● recording (gui) ...
[voice] ■ 1.4s captured (peak 0.279) — transcribing ...
[voice] heard: 'turn around'  [0.17s]  (avg_logprob -0.31)
[voice] --> SENT: 'turn around'
[voice] ● recording (gui) ...
[voice] ■ 1.1s captured (peak 0.371) — transcribing ...
[voice] heard: 'what do you see'  [0.18s]  (avg_logprob -0.16)
[voice] --> SENT: 'what do you see'
[voice] ● recording (gui) ...
[voice] ■ 1.8s captured (peak 0.754) — transcribing ...
[voice] heard: 'move forward two meters'  [0.18s]  (avg_logprob -0.24)
[voice] --> SENT: 'move forward two meters'
[voice] ● recording (gui) ...
[voice] ■ 1.1s captured (peak 0.448) — transcribing ...
[voice] heard: 'turn left'  [0.18s]  (avg_logprob -0.32)
[voice] --> SENT: 'turn left'
[voice] ● recording (gui) ...
[voice] ■ 1.3s captured (peak 0.425) — transcribing ...
[voice] heard: 'what do you see'  [0.18s]  (avg_logprob -0.22)
[voice] --> SENT: 'what do you see'
[voice] ● recording (gui) ...
[voice] ■ 1.3s captured (peak 0.488) — transcribing ...
[voice] heard: 'go to the chair'  [0.18s]  (avg_logprob -0.20)
[voice] --> SENT: 'go to the chair'
[voice] ● recording (gui) ...
[voice] ■ 1.5s captured (peak 0.750) — transcribing ...
[voice] heard: 'go to the shelf'  [0.18s]  (avg_logprob -0.10)
[voice] --> SENT: 'go to the shelf'
[voice] ● recording (gui) ...
[voice] ■ 1.3s captured (peak 0.408) — transcribing ...
[voice] heard: 'turn around'  [0.17s]  (avg_logprob -0.31)
[voice] --> SENT: 'turn around'
[voice] ● recording (gui) ...
[voice] ■ 1.4s captured (peak 0.392) — transcribing ...
[voice] heard: 'what do you see'  [0.17s]  (avg_logprob -0.21)
[voice] --> SENT: 'what do you see'
[voice] ● recording (gui) ...
[voice] ■ 1.2s captured (peak 0.333) — transcribing ...
[voice] heard: 'what do you see'  [0.19s]  (avg_logprob -0.27)
[voice] --> SENT: 'what do you see'
[voice] ● recording (gui) ...
[voice] ■ 1.4s captured (peak 0.453) — transcribing ...
[voice] heard: 'go to the person'  [0.18s]  (avg_logprob -0.11)
[voice] --> SENT: 'go to the person'
[voice] ● recording (gui) ...
[voice] ■ 1.3s captured (peak 0.651) — transcribing ...
[voice] heard: 'what do you see'  [0.19s]  (avg_logprob -0.17)
[voice] --> SENT: 'what do you see'
[voice] ● recording (gui) ...
[voice] ■ 1.5s captured (peak 0.466) — transcribing ...
[voice] heard: 'find a chair'  [0.17s]  (avg_logprob -0.15)
[voice] --> SENT: 'find a chair'
[voice] ● recording (gui) ...
[voice] ■ 1.3s captured (peak 0.481) — transcribing ...
[voice] heard: 'go to the chair'  [0.17s]  (avg_logprob -0.09)
[voice] --> SENT: 'go to the chair'
[voice] ● recording (gui) ...
[voice] ■ 1.3s captured (peak 0.292) — transcribing ...
[voice] heard: 'what do you see'  [0.17s]  (avg_logprob -0.34)
[voice] --> SENT: 'what do you see'
[voice] ● recording (gui) ...
[voice] ■ 1.7s captured (peak 0.306) — transcribing ...
[voice] heard: 'turn left'  [0.17s]  (avg_logprob -0.20)
[voice] --> SENT: 'turn left'
[voice] ● recording (gui) ...
[voice] ■ 1.5s captured (peak 0.278) — transcribing ...
[voice] heard: 'what do you see'  [0.18s]  (avg_logprob -0.36)
[voice] --> SENT: 'what do you see'
[voice] ● recording (gui) ...
[voice] ■ 3.2s captured (peak 0.400) — transcribing ...
[voice] heard: 'go to the fart chair'  [0.19s]  (avg_logprob -0.19)
[voice] --> SENT: 'go to the fart chair'
[voice] ● recording (gui) ...
[voice] ■ 2.7s captured (peak 0.452) — transcribing ...
[voice] heard: 'i said to the nearest'  [0.18s]  (avg_logprob -0.29)
[voice] --> SENT: 'i said to the nearest'
[voice] ● recording (gui) ...
[voice] ■ 1.4s captured (peak 0.020) — transcribing ...
[voice] heard: 'turn left'  [0.18s]  (avg_logprob -0.52)
[voice] --> SENT: 'turn left'
[voice] ● recording (gui) ...
[voice] ■ 2.1s captured (peak 1.007) — transcribing ...
[voice] heard: 'turn around'  [0.17s]  (avg_logprob -0.17)
[voice] --> SENT: 'turn around'
[voice] ● recording (gui) ...
[voice] ■ 2.4s captured (peak 0.566) — transcribing ...
[voice] heard: 'turn left twenty degrees'  [0.19s]  (avg_logprob -0.24)
[voice] --> SENT: 'turn left twenty degrees'
[voice] ● recording (gui) ...
[voice] ■ 1.6s captured (peak 0.818) — transcribing ...
[voice] heard: 'turn right 40 degrees'  [0.17s]  (avg_logprob -0.24)
[voice] --> SENT: 'turn right 40 degrees'
[voice] ● recording (gui) ...
[voice] ■ 2.3s captured (peak 0.690) — transcribing ...
[voice] heard: 'move forward three meters'  [0.20s]  (avg_logprob -0.29)
[voice] --> SENT: 'move forward three meters'
[voice] ● recording (gui) ...
[voice] ■ 3.3s captured (peak 0.816) — transcribing ...
[voice] heard: 'what do you see turn right'  [0.22s]  (avg_logprob -0.43)
[voice] --> SENT: 'what do you see turn right'
Exception in thread Thread-2 (spin):
Traceback (most recent call last):
  File "/usr/lib/python3.10/threading.py", line 1016, in _bootstrap_inner
    self.run()
  File "/usr/lib/python3.10/threading.py", line 953, in run
    self._target(*self._args, **self._kwargs)
  File "/opt/ros/humble/local/lib/python3.10/dist-packages/rclpy/__init__.py", line 229, in spin
    executor.spin_once()
  File "/opt/ros/humble/local/lib/python3.10/dist-packages/rclpy/executors.py", line 808, in spin_once
    self._spin_once_impl(timeout_sec)
  File "/opt/ros/humble/local/lib/python3.10/dist-packages/rclpy/executors.py", line 797, in _spin_once_impl
    handler, entity, node = self.wait_for_ready_callbacks(timeout_sec=timeout_sec)
  File "/opt/ros/humble/local/lib/python3.10/dist-packages/rclpy/executors.py", line 780, in wait_for_ready_callbacks
    return next(self._cb_iter)
  File "/opt/ros/humble/local/lib/python3.10/dist-packages/rclpy/executors.py", line 681, in _wait_for_ready_callbacks
    raise ExternalShutdownException()
rclpy.executors.ExternalShutdownException
[voice] stopped.
