[voice] loading faster-whisper 'medium.en' on cuda (float16) ...
[voice] faster-whisper ready in 12.6s
[voice_command v1] publishing to /vla/command
[voice] microphone: [11] pulse  @ 16000 Hz
[voice] No terminal attached — running HEADLESS. Waiting for hold-to-talk on /vla/voice/trigger.
[voice] ● recording (gui) ...
[voice] ■ 1.6s captured (peak 0.778) — transcribing ...
[voice] heard: 'what do you see'  [2.81s]  (avg_logprob -0.18)
[voice] --> SENT: 'what do you see'
[voice] ● recording (gui) ...
[voice] ■ 1.8s captured (peak 0.652) — transcribing ...
[voice] heard: 'go to the chair'  [0.18s]  (avg_logprob -0.13)
[voice] --> SENT: 'go to the chair'
[voice] ● recording (gui) ...
[voice] ■ 1.5s captured (peak 0.903) — transcribing ...
[voice] heard: 'find a chair'  [0.17s]  (avg_logprob -0.47)
[voice] --> SENT: 'find a chair'
[voice] ● recording (gui) ...
[voice] ■ 2.5s captured (peak 0.669) — transcribing ...
[voice] heard: 'forget about the chair'  [0.18s]  (avg_logprob -0.17)
[voice] --> SENT: 'forget about the chair'
[voice] ● recording (gui) ...
[voice] ■ 1.9s captured (peak 0.693) — transcribing ...
[voice] heard: 'turn around'  [0.17s]  (avg_logprob -0.47)
[voice] --> SENT: 'turn around'
[voice] ● recording (gui) ...
[voice] ■ 0.9s captured (peak 0.730) — transcribing ...
[voice] heard: 'stop'  [0.16s]  (avg_logprob -0.29)
[voice] --> SENT: 'stop'
[voice] ● recording (gui) ...
[voice] ■ 1.8s captured (peak 0.802) — transcribing ...
[voice] heard: 'turn right thirty degrees'  [0.18s]  (avg_logprob -0.27)
[voice] --> SENT: 'turn right thirty degrees'
[voice] ● recording (gui) ...
[voice] ■ 1.6s captured (peak 0.562) — transcribing ...
[voice] heard: 'turn right 30 degrees'  [0.19s]  (avg_logprob -0.45)
[voice] --> SENT: 'turn right 30 degrees'
[voice] ● recording (gui) ...
[voice] ■ 1.3s captured (peak 0.744) — transcribing ...
[voice] heard: 'what do you see'  [0.17s]  (avg_logprob -0.24)
[voice] --> SENT: 'what do you see'
[voice] ● recording (gui) ...
[voice] ■ 1.5s captured (peak 0.645) — transcribing ...
[voice] heard: 'go to the chair'  [0.17s]  (avg_logprob -0.08)
[voice] --> SENT: 'go to the chair'
[voice] ● recording (gui) ...
[voice] ■ 1.3s captured (peak 0.532) — transcribing ...
[voice] heard: 'no no no'  [0.19s]  (avg_logprob -0.62)
[voice] --> SENT: 'no no no'
[voice] ● recording (gui) ...
[voice] ■ 1.6s captured (peak 0.508) — transcribing ...
[voice] heard: 'turn around'  [0.17s]  (avg_logprob -0.38)
[voice] --> SENT: 'turn around'
[voice] ● recording (gui) ...
[voice] ■ 2.0s captured (peak 0.627) — transcribing ...
[voice] heard: 'move forward 3 meters ahead'  [0.19s]  (avg_logprob -0.30)
[voice] --> SENT: 'move forward 3 meters ahead'
[voice] ● recording (gui) ...
[voice] ■ 1.8s captured (peak 0.611) — transcribing ...
[voice] heard: 'what do you see'  [0.18s]  (avg_logprob -0.20)
[voice] --> SENT: 'what do you see'
[voice] ● recording (gui) ...
[voice] ■ 1.5s captured (peak 0.589) — transcribing ...
[voice] heard: 'done at all'  [0.17s]  (avg_logprob -0.48)
[voice] --> SENT: 'done at all'
[voice] ● recording (gui) ...
[voice] ■ 1.6s captured (peak 0.643) — transcribing ...
[voice] heard: 'turn around'  [0.17s]  (avg_logprob -0.69)
[voice] --> SENT: 'turn around'
[voice] ● recording (gui) ...
[voice] ■ 1.3s captured (peak 0.432) — transcribing ...
[voice] heard: 'what do you see'  [0.17s]  (avg_logprob -0.42)
[voice] --> SENT: 'what do you see'
[voice] ● recording (gui) ...
[voice] ■ 1.7s captured (peak 0.600) — transcribing ...
[voice] heard: 'go to the person'  [0.18s]  (avg_logprob -0.13)
[voice] --> SENT: 'go to the person'
[voice] ● recording (gui) ...
[voice] ■ 1.5s captured (peak 0.674) — transcribing ...
[voice] heard: 'turn around'  [0.17s]  (avg_logprob -0.36)
[voice] --> SENT: 'turn around'
[voice] ● recording (gui) ...
[voice] ■ 1.4s captured (peak 0.498) — transcribing ...
[voice] heard: 'turn left'  [0.17s]  (avg_logprob -0.86)
[voice] (low confidence -0.86 < -0.75 — not sent. Say it again?)
[voice] ● recording (gui) ...
[voice] ■ 2.1s captured (peak 0.402) — transcribing ...
[voice] heard: 'turn right 30 degrees'  [0.19s]  (avg_logprob -0.22)
[voice] --> SENT: 'turn right 30 degrees'
[voice] ● recording (gui) ...
[voice] ■ 2.1s captured (peak 0.553) — transcribing ...
[voice] heard: 'move forward three meters'  [0.19s]  (avg_logprob -0.23)
[voice] --> SENT: 'move forward three meters'
[voice] ● recording (gui) ...
[voice] ■ 0.8s captured (peak 0.508) — transcribing ...
[voice] heard: 'stop'  [0.15s]  (avg_logprob -0.21)
[voice] --> SENT: 'stop'
[voice] ● recording (gui) ...
[voice] ■ 2.3s captured (peak 0.603) — transcribing ...
[voice] heard: 'turn left 50 degrees'  [0.18s]  (avg_logprob -0.33)
[voice] --> SENT: 'turn left 50 degrees'
[voice] ● recording (gui) ...
[voice] ■ 1.0s captured (peak 0.958) — transcribing ...
[voice] heard: 'dock'  [0.17s]  (avg_logprob -0.33)
[voice] --> SENT: 'dock'
Exception in thread Thread-2 (spin):
Traceback (most recent call last):
  File "/usr/lib/python3.10/threading.py", line 1016, in _bootstrap_inner
[voice] stopped.
[voice] loading faster-whisper 'medium.en' on cuda (float16) ...
[voice] faster-whisper ready in 1.6s
[voice_command v1] publishing to /vla/command
[voice] microphone: [11] pulse  @ 16000 Hz
[voice] No terminal attached — running HEADLESS. Waiting for hold-to-talk on /vla/voice/trigger.
[voice] ● recording (gui) ...
[voice] ■ 1.7s captured (peak 0.035) — transcribing ...
[voice] heard: ''  [0.02s]
[voice] ● recording (gui) ...
[voice] ■ 1.2s captured (peak 0.945) — transcribing ...
[voice] heard: 'undock'  [0.33s]  (avg_logprob -0.17)
[voice] --> SENT: 'undock'
[voice] ● recording (gui) ...
[voice] ■ 2.4s captured (peak 0.017) — transcribing ...
[voice] heard: 'turn left'  [0.17s]  (avg_logprob -0.16)
[voice] --> SENT: 'turn left'
[voice] ● recording (gui) ...
[voice] ■ 3.3s captured (peak 0.444) — transcribing ...
[voice] heard: ''  [0.01s]
[voice] ● recording (gui) ...
[voice] ■ 3.1s captured (peak 0.015) — transcribing ...
[voice] heard: ''  [0.01s]
[voice] ● recording (gui) ...
[voice] ■ 2.1s captured (peak 0.082) — transcribing ...
[voice] heard: ''  [0.00s]
[voice] ● recording (gui) ...
[voice] ■ 3.4s captured (peak 1.040) — transcribing ...
[voice] heard: 'everything a 5 meter part'  [0.21s]  (avg_logprob -0.93)
[voice] (low confidence -0.93 < -0.75 — not sent. Say it again?)
[voice] ● recording (gui) ...
[voice] ■ 1.4s captured (peak 1.168) — transcribing ...
[voice] heard: 'turn right'  [0.17s]  (avg_logprob -0.34)
[voice] --> SENT: 'turn right'
[voice] ● recording (gui) ...
[voice] ■ 3.5s captured (peak 0.333) — transcribing ...
[voice] heard: 'turn left'  [0.18s]  (avg_logprob -0.86)
[voice] (low confidence -0.86 < -0.75 — not sent. Say it again?)
[voice] ● recording (gui) ...
[voice] ■ 2.3s captured (peak 1.011) — transcribing ...
[voice] heard: 'turn left'  [0.20s]  (avg_logprob -0.31)
[voice] --> SENT: 'turn left'
[voice] ● recording (gui) ...
[voice] ■ 2.6s captured (peak 0.274) — transcribing ...
[voice] heard: 'find a chair'  [0.18s]  (avg_logprob -0.68)
[voice] --> SENT: 'find a chair'
[voice] ● recording (gui) ...
[voice] ■ 1.6s captured (peak 1.031) — transcribing ...
[voice] heard: ''  [0.00s]
[voice] ● recording (gui) ...
[voice] ■ 1.2s captured (peak 1.170) — transcribing ...
[voice] heard: 'turn right'  [0.17s]  (avg_logprob -0.40)
[voice] --> SENT: 'turn right'
[voice] ● recording (gui) ...
[voice] ■ 0.9s captured (peak 1.154) — transcribing ...
[voice] heard: 'stop'  [0.17s]  (avg_logprob -0.25)
[voice] --> SENT: 'stop'
[voice] ● recording (gui) ...
[voice] ■ 1.0s captured (peak 1.144) — transcribing ...
[voice] heard: 'turn right'  [0.17s]  (avg_logprob -0.49)
[voice] --> SENT: 'turn right'
[voice] ● recording (gui) ...
[voice] ■ 3.1s captured (peak 1.134) — transcribing ...
[voice] heard: 'move 5 meter forward'  [0.18s]  (avg_logprob -0.30)
[voice] --> SENT: 'move 5 meter forward'
[voice] ● recording (gui) ...
[voice] ■ 1.2s captured (peak 1.094) — transcribing ...
[voice] heard: 'stop'  [0.18s]  (avg_logprob -0.35)
[voice] --> SENT: 'stop'
[voice] ● recording (gui) ...
[voice] ■ 2.8s captured (peak 1.067) — transcribing ...
[voice] heard: 'right'  [0.16s]  (avg_logprob -0.66)
[voice] --> SENT: 'right'
[voice] ● recording (gui) ...
[voice] ■ 3.2s captured (peak 1.104) — transcribing ...
[voice] heard: 'what do you see'  [0.18s]  (avg_logprob -0.28)
[voice] --> SENT: 'what do you see'
[voice] ● recording (gui) ...
[voice] ■ 1.7s captured (peak 1.044) — transcribing ...
[voice] heard: 'go to the chair'  [0.18s]  (avg_logprob -0.18)
[voice] --> SENT: 'go to the chair'
[voice] ● recording (gui) ...
[voice] ■ 3.5s captured (peak 1.055) — transcribing ...
[voice] heard: 'turn left'  [0.18s]  (avg_logprob -0.83)
[voice] (low confidence -0.83 < -0.75 — not sent. Say it again?)
[voice] ● recording (gui) ...
[voice] ■ 5.5s captured (peak 1.043) — transcribing ...
[voice] heard: 'turn left'  [0.17s]  (avg_logprob -0.20)
[voice] --> SENT: 'turn left'
[voice] ● recording (gui) ...
[voice] ■ 4.6s captured (peak 1.044) — transcribing ...
[voice] heard: 'turn right'  [0.18s]  (avg_logprob -0.19)
[voice] --> SENT: 'turn right'
[voice] ● recording (gui) ...
[voice] ■ 2.7s captured (peak 1.016) — transcribing ...
[voice] heard: 'good job'  [0.17s]  (avg_logprob -0.66)
[voice] --> SENT: 'good job'
[voice] ● recording (gui) ...
[voice] ■ 5.8s captured (peak 1.036) — transcribing ...
[voice] ● recording (gui) ...
[voice] heard: 'go to the office'  [0.18s]  (avg_logprob -0.82)
[voice] (low confidence -0.82 < -0.75 — not sent. Say it again?)
[voice] ■ 1.2s captured (peak 0.506) — transcribing ...
[voice] heard: 'stop slow down'  [0.16s]  (avg_logprob -0.55)
[voice] --> SENT: 'stop slow down'
[voice] ● recording (gui) ...
[voice] ■ 2.7s captured (peak 0.428) — transcribing ...
[voice] heard: 'die now'  [0.17s]  (avg_logprob -0.64)
[voice] --> SENT: 'die now'
[voice] ● recording (gui) ...
[voice] ■ 2.5s captured (peak 1.062) — transcribing ...
[voice] heard: 'stop'  [0.17s]  (avg_logprob -0.51)
[voice] --> SENT: 'stop'
[voice] ● recording (gui) ...
[voice] ■ 1.7s captured (peak 1.107) — transcribing ...
[voice] heard: 'turn around'  [0.17s]  (avg_logprob -0.51)
[voice] --> SENT: 'turn around'
[voice] ● recording (gui) ...
[voice] ■ 2.9s captured (peak 1.127) — transcribing ...
[voice] heard: 'move two meters ahead'  [0.18s]  (avg_logprob -0.21)
[voice] --> SENT: 'move two meters ahead'
[voice] ● recording (gui) ...
[voice] ■ 2.0s captured (peak 1.079) — transcribing ...
[voice] heard: 'move forward one meter'  [0.20s]  (avg_logprob -0.32)
[voice] --> SENT: 'move forward one meter'
[voice] ● recording (gui) ...
[voice] ■ 1.9s captured (peak 1.140) — transcribing ...
[voice] heard: 'move forward one meter'  [0.19s]  (avg_logprob -0.32)
[voice] --> SENT: 'move forward one meter'
[voice] ● recording (gui) ...
[voice] ■ 2.1s captured (peak 1.115) — transcribing ...
[voice] heard: 'turn right'  [0.18s]  (avg_logprob -0.23)
[voice] --> SENT: 'turn right'
[voice] ● recording (gui) ...
[voice] ■ 1.0s captured (peak 1.098) — transcribing ...
[voice] heard: 'stop'  [0.16s]  (avg_logprob -0.31)
[voice] --> SENT: 'stop'
[voice] ● recording (gui) ...
[voice] ■ 1.6s captured (peak 1.112) — transcribing ...
[voice] heard: 'move forward one meter'  [0.19s]  (avg_logprob -0.29)
[voice] --> SENT: 'move forward one meter'
[voice] ● recording (gui) ...
[voice] ■ 1.7s captured (peak 1.102) — transcribing ...
[voice] heard: 'stop'  [0.16s]  (avg_logprob -0.29)
[voice] --> SENT: 'stop'
[voice] ● recording (gui) ...
[voice] ■ 1.1s captured (peak 1.105) — transcribing ...
[voice] heard: 'turn left'  [0.16s]  (avg_logprob -0.44)
[voice] --> SENT: 'turn left'
[voice] ● recording (gui) ...
[voice] ■ 1.9s captured (peak 1.125) — transcribing ...
[voice] heard: 'move forward two meters'  [0.18s]  (avg_logprob -0.46)
[voice] --> SENT: 'move forward two meters'
[voice] ● recording (gui) ...
[voice] ■ 1.0s captured (peak 1.137) — transcribing ...
[voice] heard: 'stop'  [0.16s]  (avg_logprob -0.39)
[voice] --> SENT: 'stop'
[voice] ● recording (gui) ...
[voice] ■ 1.2s captured (peak 1.138) — transcribing ...
[voice] heard: 'what do you see'  [0.18s]  (avg_logprob -0.41)
[voice] --> SENT: 'what do you see'
[voice] ● recording (gui) ...
[voice] ■ 1.4s captured (peak 1.099) — transcribing ...
[voice] heard: 'go to the person'  [0.18s]  (avg_logprob -0.11)
[voice] --> SENT: 'go to the person'
[voice] ● recording (gui) ...
[voice] ■ 1.6s captured (peak 1.081) — transcribing ...
[voice] heard: 'done'  [0.18s]  (avg_logprob -0.43)
[voice] --> SENT: 'done'
[voice] ● recording (gui) ...
[voice] ■ 1.6s captured (peak 1.079) — transcribing ...
[voice] heard: 'turn right'  [0.17s]  (avg_logprob -0.52)
[voice] --> SENT: 'turn right'
[voice] ● recording (gui) ...
[voice] ■ 1.4s captured (peak 1.294) — transcribing ...
[voice] heard: 'turn right'  [0.16s]  (avg_logprob -0.41)
[voice] --> SENT: 'turn right'
[voice] ● recording (gui) ...
[voice] ■ 0.9s captured (peak 1.044) — transcribing ...
[voice] heard: 'dock'  [0.16s]  (avg_logprob -0.34)
[voice] --> SENT: 'dock'
[voice] ● recording (gui) ...
[voice] ■ 1.1s captured (peak 1.216) — transcribing ...
[voice] heard: 'dock'  [0.18s]  (avg_logprob -0.24)
[voice] --> SENT: 'dock'
Exception in thread Thread-2 (spin):
Traceback (most recent call last):
  File "/usr/lib/python3.10/threading.py", line 1016, in _bootstrap_inner
    self.run()
  File "/usr/lib/python3.10/threading.py", line 953, in run
    self._target(*self._args, **self._kwargs)
  File "/opt/ros/humble/local/lib/python3.10/dist-packages/rclpy/__init__.py", line 229, in spin
    executor.spin_once()
  File "/opt/ros/humble/local/lib/python3.10/dist-packages/rclpy/executors.py", line 808, in spin_once
    self._spin_once_impl(timeout_sec)
  File "/opt/ros/humble/local/lib/python3.10/dist-packages/rclpy/executors.py", line 797, in _spin_once_impl
    handler, entity, node = self.wait_for_ready_callbacks(timeout_sec=timeout_sec)
  File "/opt/ros/humble/local/lib/python3.10/dist-packages/rclpy/executors.py", line 780, in wait_for_ready_callbacks
    return next(self._cb_iter)
  File "/opt/ros/humble/local/lib/python3.10/dist-packages/rclpy/executors.py", line 681, in _wait_for_ready_callbacks
    raise ExternalShutdownException()
rclpy.executors.ExternalShutdownException
[voice] stopped.
terminate called after throwing an instance of 'std::runtime_error'
  what():  CUDA failed with error driver shutting down
[voice] loading faster-whisper 'medium.en' on cuda (float16) ...
[voice] faster-whisper ready in 1.7s
[voice_command v1] publishing to /vla/command
[voice] microphone: [11] pulse  @ 16000 Hz
[voice] No terminal attached — running HEADLESS. Waiting for hold-to-talk on /vla/voice/trigger.
Exception in thread Thread-2 (spin):
Traceback (most recent call last):
  File "/usr/lib/python3.10/threading.py", line 1016, in _bootstrap_inner
    self.run()
  File "/usr/lib/python3.10/threading.py", line 953, in run
    self._target(*self._args, **self._kwargs)
  File "/opt/ros/humble/local/lib/python3.10/dist-packages/rclpy/__init__.py", line 229, in spin
    executor.spin_once()
  File "/opt/ros/humble/local/lib/python3.10/dist-packages/rclpy/executors.py", line 808, in spin_once
    self._spin_once_impl(timeout_sec)
  File "/opt/ros/humble/local/lib/python3.10/dist-packages/rclpy/executors.py", line 797, in _spin_once_impl
    handler, entity, node = self.wait_for_ready_callbacks(timeout_sec=timeout_sec)
  File "/opt/ros/humble/local/lib/python3.10/dist-packages/rclpy/executors.py", line 780, in wait_for_ready_callbacks
    return next(self._cb_iter)
  File "/opt/ros/humble/local/lib/python3.10/dist-packages/rclpy/executors.py", line 681, in _wait_for_ready_callbacks
    raise ExternalShutdownException()
rclpy.executors.ExternalShutdownException
[voice] stopped.
[voice] loading faster-whisper 'medium.en' on cuda (float16) ...
[voice] faster-whisper ready in 1.6s
[voice_command v1] publishing to /vla/command
[voice] microphone: [11] pulse  @ 16000 Hz
[voice] No terminal attached — running HEADLESS. Waiting for hold-to-talk on /vla/voice/trigger.
[voice] ● recording (gui) ...
[voice] ■ 0.4s captured (peak 0.002) — transcribing ...
[voice]   ⚠ that was almost silent — is this the right mic, and is it unmuted?
[voice] heard: ''  [0.02s]
[voice] ● recording (gui) ...
[voice] ■ 1.4s captured (peak 1.140) — transcribing ...
[voice] heard: 'what do you see'  [0.35s]  (avg_logprob -0.19)
[voice] --> SENT: 'what do you see'
[voice] ● recording (gui) ...
[voice] ■ 1.7s captured (peak 1.039) — transcribing ...
[voice] heard: 'move forward one meter'  [0.18s]  (avg_logprob -0.22)
[voice] --> SENT: 'move forward one meter'
[voice] ● recording (gui) ...
[voice] ■ 1.1s captured (peak 1.103) — transcribing ...
[voice] heard: 'stop'  [0.16s]  (avg_logprob -0.56)
[voice] --> SENT: 'stop'
[voice] ● recording (gui) ...
[voice] ■ 1.0s captured (peak 1.111) — transcribing ...
[voice] heard: 'what do you see'  [0.17s]  (avg_logprob -0.27)
[voice] --> SENT: 'what do you see'
[voice] ● recording (gui) ...
[voice] ■ 1.7s captured (peak 1.064) — transcribing ...
[voice] heard: 'move forward one meter'  [0.18s]  (avg_logprob -0.29)
[voice] --> SENT: 'move forward one meter'
[voice] ● recording (gui) ...
[voice] ■ 0.4s captured (peak 0.180) — transcribing ...
[voice] heard: ''  [0.00s]
[voice] ● recording (gui) ...
[voice] ■ 1.0s captured (peak 1.024) — transcribing ...
[voice] heard: 'stop'  [0.16s]  (avg_logprob -0.46)
[voice] --> SENT: 'stop'
[voice] ● recording (gui) ...
[voice] ■ 1.2s captured (peak 1.090) — transcribing ...
[voice] heard: 'what do you see'  [0.18s]  (avg_logprob -0.42)
[voice] --> SENT: 'what do you see'
[voice] ● recording (gui) ...
[voice] ■ 0.4s captured (peak 0.003) — transcribing ...
[voice]   ⚠ that was almost silent — is this the right mic, and is it unmuted?
[voice] heard: ''  [0.00s]
[voice] ● recording (gui) ...
[voice] ■ 3.5s captured (peak 1.098) — transcribing ...
[voice] heard: 'what do you see'  [0.21s]  (avg_logprob -0.16)
[voice] --> SENT: 'what do you see'
[voice] ● recording (gui) ...
[voice] ■ 1.5s captured (peak 1.095) — transcribing ...
[voice] heard: 'turn right'  [0.17s]  (avg_logprob -0.36)
[voice] --> SENT: 'turn right'
[voice] ● recording (gui) ...
[voice] ■ 1.5s captured (peak 1.144) — transcribing ...
[voice] heard: ''  [0.00s]
[voice] ● recording (gui) ...
[voice] (too short: 0.33s — ignored)
[voice] ● recording (gui) ...
[voice] ■ 1.1s captured (peak 1.008) — transcribing ...
[voice] heard: ''  [0.00s]
[voice] ● recording (gui) ...
[voice] ■ 1.2s captured (peak 1.058) — transcribing ...
[voice] heard: 'move turn right'  [0.17s]  (avg_logprob -0.47)
[voice] --> SENT: 'move turn right'
[voice] ● recording (gui) ...
[voice] ■ 0.8s captured (peak 0.213) — transcribing ...
[voice] heard: ''  [0.00s]
[voice] ● recording (gui) ...
[voice] ■ 3.2s captured (peak 1.083) — transcribing ...
[voice] heard: 'move forward one meter turn left'  [0.20s]  (avg_logprob -0.28)
[voice] --> SENT: 'move forward one meter turn left'
[voice] ● recording (gui) ...
[voice] ■ 1.1s captured (peak 1.152) — transcribing ...
[voice] heard: ''  [0.00s]
[voice] ● recording (gui) ...
[voice] ■ 1.0s captured (peak 0.617) — transcribing ...
[voice] heard: ''  [0.00s]
[voice] ● recording (gui) ...
[voice] ■ 1.0s captured (peak 1.076) — transcribing ...
[voice] heard: 'stop'  [0.16s]  (avg_logprob -0.35)
[voice] --> SENT: 'stop'
[voice] ● recording (gui) ...
[voice] ■ 1.3s captured (peak 1.061) — transcribing ...
[voice] heard: 'turn right'  [0.17s]  (avg_logprob -0.38)
[voice] --> SENT: 'turn right'
[voice] ● recording (gui) ...
[voice] ■ 3.3s captured (peak 1.063) — transcribing ...
[voice] heard: 'move forward 60 centimeters'  [0.19s]  (avg_logprob -0.49)
[voice] --> SENT: 'move forward 60 centimeters'
[voice] ● recording (gui) ...
[voice] ■ 2.1s captured (peak 1.178) — transcribing ...
[voice] heard: 'move forward 60 centimeters'  [0.19s]  (avg_logprob -0.43)
[voice] --> SENT: 'move forward 60 centimeters'
[voice] ● recording (gui) ...
[voice] ■ 1.3s captured (peak 1.135) — transcribing ...
[voice] heard: 'what do you see'  [0.18s]  (avg_logprob -0.37)
[voice] --> SENT: 'what do you see'
[voice] ● recording (gui) ...
[voice] ■ 1.2s captured (peak 1.103) — transcribing ...
[voice] heard: 'turn left'  [0.17s]  (avg_logprob -0.36)
[voice] --> SENT: 'turn left'
[voice] ● recording (gui) ...
[voice] ■ 1.3s captured (peak 1.024) — transcribing ...
[voice] heard: 'stop'  [0.16s]  (avg_logprob -0.55)
[voice] --> SENT: 'stop'
[voice] ● recording (gui) ...
[voice] ■ 1.2s captured (peak 1.077) — transcribing ...
[voice] heard: 'what do you see'  [0.18s]  (avg_logprob -0.31)
[voice] --> SENT: 'what do you see'
[voice] ● recording (gui) ...
[voice] ■ 1.3s captured (peak 1.077) — transcribing ...
[voice] heard: 'what can you do'  [0.20s]  (avg_logprob -0.46)
[voice] --> SENT: 'what can you do'
[voice] ● recording (gui) ...
[voice] ■ 1.1s captured (peak 1.100) — transcribing ...
[voice] heard: 'what do you see'  [0.19s]  (avg_logprob -0.30)
[voice] --> SENT: 'what do you see'
[voice] ● recording (gui) ...
[voice] ■ 1.4s captured (peak 1.172) — transcribing ...
[voice] heard: 'find a chair'  [0.18s]  (avg_logprob -0.44)
[voice] --> SENT: 'find a chair'
[voice] ● recording (gui) ...
[voice] ■ 1.4s captured (peak 1.085) — transcribing ...
[voice] heard: 'what do you see'  [0.18s]  (avg_logprob -0.38)
[voice] --> SENT: 'what do you see'
[voice] ● recording (gui) ...
[voice] ■ 1.8s captured (peak 1.163) — transcribing ...
[voice] heard: 'find a chair'  [0.18s]  (avg_logprob -0.39)
[voice] --> SENT: 'find a chair'
[voice] ● recording (gui) ...
[voice] ■ 1.2s captured (peak 1.114) — transcribing ...
[voice] heard: 'go to the chair'  [0.18s]  (avg_logprob -0.21)
[voice] --> SENT: 'go to the chair'
[voice] ● recording (gui) ...
[voice] ■ 1.8s captured (peak 1.087) — transcribing ...
[voice] heard: 'find a person'  [0.19s]  (avg_logprob -0.46)
[voice] --> SENT: 'find a person'
[voice] ● recording (gui) ...
[voice] ■ 1.4s captured (peak 1.065) — transcribing ...
[voice] heard: 'patrol the area'  [0.18s]  (avg_logprob -0.12)
[voice] --> SENT: 'patrol the area'
[voice] ● recording (gui) ...
[voice] ■ 1.0s captured (peak 1.045) — transcribing ...
[voice] heard: 'stop'  [0.17s]  (avg_logprob -0.29)
[voice] --> SENT: 'stop'
[voice] ● recording (gui) ...
[voice] ■ 1.1s captured (peak 1.108) — transcribing ...
[voice] heard: 'turn right'  [0.18s]  (avg_logprob -0.36)
[voice] --> SENT: 'turn right'
[voice] ● recording (gui) ...
[voice] ■ 0.9s captured (peak 1.069) — transcribing ...
[voice] heard: 'what do you see'  [0.18s]  (avg_logprob -0.41)
[voice] --> SENT: 'what do you see'
[voice] ● recording (gui) ...
[voice] ■ 4.7s captured (peak 1.047) — transcribing ...
[voice] heard: 'move stop'  [0.19s]  (avg_logprob -0.48)
[voice] --> SENT: 'move stop'
[voice] ● recording (gui) ...
[voice] ■ 3.6s captured (peak 1.077) — transcribing ...
[voice] heard: 'turn right 40 degrees and move 2 meters ahead'  [0.23s]  (avg_logprob -0.33)
[voice] --> SENT: 'turn right 40 degrees and move 2 meters ahead'
[voice] ● recording (gui) ...
[voice] ■ 0.7s captured (peak 0.357) — transcribing ...
[voice] heard: ''  [0.00s]
[voice] ● recording (gui) ...
[voice] ■ 1.3s captured (peak 1.047) — transcribing ...
[voice] heard: 'stop'  [0.17s]  (avg_logprob -0.49)
[voice] --> SENT: 'stop'
[voice] ● recording (gui) ...
[voice] ■ 1.2s captured (peak 1.082) — transcribing ...
[voice] heard: 'what do you see'  [0.20s]  (avg_logprob -0.35)
[voice] --> SENT: 'what do you see'
[voice] ● recording (gui) ...
[voice] ■ 1.1s captured (peak 1.110) — transcribing ...
[voice] heard: 'go to the chair'  [0.19s]  (avg_logprob -0.22)
[voice] --> SENT: 'go to the chair'
[voice] ● recording (gui) ...
[voice] ■ 1.1s captured (peak 1.031) — transcribing ...
[voice] heard: 'go to the chair'  [0.18s]  (avg_logprob -0.28)
[voice] --> SENT: 'go to the chair'
[voice] ● recording (gui) ...
[voice] ■ 1.6s captured (peak 1.096) — transcribing ...
[voice] heard: 'go to the farthest person'  [0.20s]  (avg_logprob -0.34)
[voice] --> SENT: 'go to the farthest person'
[voice] ● recording (gui) ...
[voice] ■ 1.4s captured (peak 1.169) — transcribing ...
[voice] heard: 'go to the person'  [0.19s]  (avg_logprob -0.26)
[voice] --> SENT: 'go to the person'
[voice] ● recording (gui) ...
[voice] ■ 1.0s captured (peak 1.079) — transcribing ...
[voice] heard: 'turn right'  [0.17s]  (avg_logprob -0.36)
[voice] --> SENT: 'turn right'
[voice] ● recording (gui) ...
[voice] ■ 1.0s captured (peak 0.363) — transcribing ...
[voice] heard: ''  [0.00s]
[voice] ● recording (gui) ...
[voice] ■ 0.7s captured (peak 0.447) — transcribing ...
[voice] heard: ''  [0.00s]
[voice] ● recording (gui) ...
[voice] ■ 1.3s captured (peak 1.072) — transcribing ...
[voice] heard: ''  [0.00s]
[voice] ● recording (gui) ...
[voice] ■ 1.2s captured (peak 1.060) — transcribing ...
[voice] heard: 'turn left'  [0.18s]  (avg_logprob -0.41)
[voice] --> SENT: 'turn left'
[voice] ● recording (gui) ...
[voice] ■ 0.8s captured (peak 1.074) — transcribing ...
[voice] heard: 'stop'  [0.17s]  (avg_logprob -0.53)
[voice] --> SENT: 'stop'
[voice] ● recording (gui) ...
[voice] ■ 1.1s captured (peak 1.037) — transcribing ...
[voice] heard: 'what do you see'  [0.18s]  (avg_logprob -0.31)
[voice] --> SENT: 'what do you see'
[voice] ● recording (gui) ...
[voice] ■ 1.5s captured (peak 1.200) — transcribing ...
[voice] heard: 'go to the chair'  [0.19s]  (avg_logprob -0.13)
[voice] --> SENT: 'go to the chair'
[voice] ● recording (gui) ...
[voice] ■ 0.8s captured (peak 1.030) — transcribing ...
[voice] heard: 'stop'  [0.17s]  (avg_logprob -0.43)
[voice] --> SENT: 'stop'
[voice] ● recording (gui) ...
[voice] ■ 1.1s captured (peak 1.079) — transcribing ...
[voice] heard: 'what do you see'  [0.19s]  (avg_logprob -0.31)
[voice] --> SENT: 'what do you see'
[voice] ● recording (gui) ...
[voice] ■ 0.9s captured (peak 1.043) — transcribing ...
[voice] heard: 'what do you see'  [0.18s]  (avg_logprob -0.38)
[voice] --> SENT: 'what do you see'
[voice] ● recording (gui) ...
[voice] ■ 1.1s captured (peak 1.035) — transcribing ...
[voice] heard: 'turn left'  [0.17s]  (avg_logprob -0.44)
[voice] --> SENT: 'turn left'
[voice] ● recording (gui) ...
[voice] ■ 0.7s captured (peak 0.614) — transcribing ...
[voice] heard: 'stop'  [0.18s]  (avg_logprob -0.85)
[voice] --> SENT: 'stop'
[voice] ● recording (gui) ...
[voice] ■ 1.0s captured (peak 1.077) — transcribing ...
[voice] heard: 'what do you see'  [0.19s]  (avg_logprob -0.29)
[voice] --> SENT: 'what do you see'
[voice] ● recording (gui) ...
[voice] ■ 1.7s captured (peak 1.317) — transcribing ...
[voice] heard: 'find a person'  [0.18s]  (avg_logprob -0.28)
[voice] --> SENT: 'find a person'
[voice] ● recording (gui) ...
[voice] ■ 1.4s captured (peak 1.127) — transcribing ...
[voice] heard: 'go to the person'  [0.19s]  (avg_logprob -0.15)
[voice] --> SENT: 'go to the person'
[voice] ● recording (gui) ...
[voice] ■ 3.4s captured (peak 1.116) — transcribing ...
[voice] heard: 'move forward ten centimeters'  [0.20s]  (avg_logprob -0.59)
[voice] --> SENT: 'move forward ten centimeters'
[voice] ● recording (gui) ...
[voice] ■ 1.1s captured (peak 1.033) — transcribing ...
[voice] heard: 'turn left'  [0.18s]  (avg_logprob -0.36)
[voice] --> SENT: 'turn left'
[voice] ● recording (gui) ...
[voice] ■ 0.8s captured (peak 1.021) — transcribing ...
[voice] heard: 'stop'  [0.17s]  (avg_logprob -0.26)
[voice] --> SENT: 'stop'
[voice] ● recording (gui) ...
[voice] ■ 1.0s captured (peak 1.113) — transcribing ...
[voice] heard: 'what do you see'  [0.19s]  (avg_logprob -0.34)
[voice] --> SENT: 'what do you see'
[voice] ● recording (gui) ...
[voice] ■ 1.1s captured (peak 1.027) — transcribing ...
[voice] heard: 'what do you see'  [0.20s]  (avg_logprob -0.51)
[voice] --> SENT: 'what do you see'
[voice] ● recording (gui) ...
[voice] ■ 1.6s captured (peak 1.049) — transcribing ...
[voice] heard: 'find a cell phone'  [0.19s]  (avg_logprob -0.43)
[voice] --> SENT: 'find a cell phone'
[voice] ● recording (gui) ...
[voice] ■ 1.9s captured (peak 0.747) — transcribing ...
[voice] heard: 'go to the cell phone'  [0.20s]  (avg_logprob -0.18)
[voice] --> SENT: 'go to the cell phone'
[voice] ● recording (gui) ...
[voice] ■ 2.0s captured (peak 1.209) — transcribing ...
[voice] heard: 'forget about everything'  [0.19s]  (avg_logprob -0.36)
[voice] --> SENT: 'forget about everything'
[voice] ● recording (gui) ...
[voice] ■ 1.4s captured (peak 1.054) — transcribing ...
[voice] heard: 'find a cell phone'  [0.19s]  (avg_logprob -0.46)
[voice] --> SENT: 'find a cell phone'
[voice] ● recording (gui) ...
[voice] ■ 1.9s captured (peak 1.013) — transcribing ...
[voice] heard: 'move to the next area'  [0.20s]  (avg_logprob -0.14)
[voice] --> SENT: 'move to the next area'
[voice] ● recording (gui) ...
[voice] ■ 1.3s captured (peak 0.562) — transcribing ...
[voice] heard: 'stop'  [0.17s]  (avg_logprob -0.49)
[voice] --> SENT: 'stop'
[voice] ● recording (gui) ...
[voice] ■ 1.5s captured (peak 0.582) — transcribing ...
[voice] heard: 'find a cell phone'  [0.18s]  (avg_logprob -0.24)
[voice] --> SENT: 'find a cell phone'
[voice] ● recording (gui) ...
[voice] ■ 1.5s captured (peak 0.150) — transcribing ...
[voice] heard: 'what do you see'  [0.19s]  (avg_logprob -0.16)
[voice] --> SENT: 'what do you see'
[voice] ● recording (gui) ...
[voice] ■ 1.7s captured (peak 0.021) — transcribing ...
[voice] heard: 'go to the cell phone'  [0.19s]  (avg_logprob -0.17)
[voice] --> SENT: 'go to the cell phone'
[voice] ● recording (gui) ...
[voice] ■ 1.9s captured (peak 0.639) — transcribing ...
[voice] heard: 'what do you see'  [0.18s]  (avg_logprob -0.13)
[voice] --> SENT: 'what do you see'
[voice] ● recording (gui) ...
[voice] ■ 2.7s captured (peak 0.035) — transcribing ...
[voice] heard: 'what do you see'  [0.18s]  (avg_logprob -0.15)
[voice] --> SENT: 'what do you see'
[voice] ● recording (gui) ...
[voice] ■ 2.3s captured (peak 0.015) — transcribing ...
[voice] heard: 'what do you see'  [0.18s]  (avg_logprob -0.17)
[voice] --> SENT: 'what do you see'
[voice] ● recording (gui) ...
[voice] ■ 2.1s captured (peak 0.017) — transcribing ...
[voice] heard: 'go to the cell phone'  [0.19s]  (avg_logprob -0.47)
[voice] --> SENT: 'go to the cell phone'
[voice] ● recording (gui) ...
[voice] ■ 1.2s captured (peak 1.085) — transcribing ...
[voice] heard: 'done at all'  [0.19s]  (avg_logprob -0.57)
[voice] --> SENT: 'done at all'
[voice] ● recording (gui) ...
[voice] ■ 1.6s captured (peak 1.120) — transcribing ...
[voice] heard: 'done at all'  [0.18s]  (avg_logprob -0.64)
[voice] --> SENT: 'done at all'
[voice] ● recording (gui) ...
[voice] ■ 1.4s captured (peak 1.104) — transcribing ...
[voice] heard: 'turn right'  [0.17s]  (avg_logprob -0.55)
[voice] --> SENT: 'turn right'
[voice] ● recording (gui) ...
[voice] ■ 0.8s captured (peak 1.034) — transcribing ...
[voice] heard: 'stop'  [0.17s]  (avg_logprob -0.37)
[voice] --> SENT: 'stop'
[voice] ● recording (gui) ...
[voice] ■ 1.2s captured (peak 1.113) — transcribing ...
[voice] heard: 'turn right'  [0.18s]  (avg_logprob -0.35)
[voice] --> SENT: 'turn right'
[voice] ● recording (gui) ...
[voice] ■ 1.4s captured (peak 1.051) — transcribing ...
[voice] heard: 'stop'  [0.17s]  (avg_logprob -0.32)
[voice] --> SENT: 'stop'
[voice] ● recording (gui) ...
[voice] ■ 0.8s captured (peak 1.020) — transcribing ...
[voice] heard: 'turn right'  [0.18s]  (avg_logprob -0.22)
[voice] --> SENT: 'turn right'
[voice] ● recording (gui) ...
[voice] ■ 1.6s captured (peak 1.099) — transcribing ...
[voice] heard: 'turn right 20 degrees'  [0.20s]  (avg_logprob -0.47)
[voice] --> SENT: 'turn right 20 degrees'
[voice] ● recording (gui) ...
[voice] ■ 1.1s captured (peak 1.036) — transcribing ...
[voice] heard: 'dock'  [0.17s]  (avg_logprob -0.26)
[voice] --> SENT: 'dock'
[voice] ● recording (gui) ...
[voice] ■ 1.3s captured (peak 1.021) — transcribing ...
[voice] heard: 'stop'  [0.18s]  (avg_logprob -0.37)
[voice] --> SENT: 'stop'
[voice] ● recording (gui) ...
[voice] ■ 1.2s captured (peak 1.097) — transcribing ...
[voice] heard: 'find a person'  [0.18s]  (avg_logprob -0.33)
[voice] --> SENT: 'find a person'
[voice] ● recording (gui) ...
[voice] ■ 1.3s captured (peak 1.193) — transcribing ...
[voice] heard: 'find another person'  [0.17s]  (avg_logprob -0.55)
[voice] --> SENT: 'find another person'
[voice] ● recording (gui) ...
[voice] ■ 2.1s captured (peak 1.022) — transcribing ...
[voice] heard: 'how many persons do you see'  [0.20s]  (avg_logprob -0.30)
[voice] --> SENT: 'how many persons do you see'
[voice] ● recording (gui) ...
[voice] (too short: 0.30s — ignored)
[voice] ● recording (gui) ...
[voice] ■ 3.0s captured (peak 1.102) — transcribing ...
[voice] heard: 'how many percent do you'  [0.20s]  (avg_logprob -0.58)
[voice] --> SENT: 'how many percent do you'
[voice] ● recording (gui) ...
[voice] ■ 1.1s captured (peak 1.053) — transcribing ...
[voice] heard: 'turn left'  [0.17s]  (avg_logprob -0.22)
[voice] --> SENT: 'turn left'
[voice] ● recording (gui) ...
[voice] ■ 1.1s captured (peak 1.055) — transcribing ...
[voice] heard: 'stop'  [0.17s]  (avg_logprob -0.49)
[voice] --> SENT: 'stop'
[voice] ● recording (gui) ...
[voice] ■ 1.9s captured (peak 1.039) — transcribing ...
[voice] heard: 'how many persons do you see'  [0.20s]  (avg_logprob -0.27)
[voice] --> SENT: 'how many persons do you see'
[voice] ● recording (gui) ...
[voice] ■ 1.6s captured (peak 1.132) — transcribing ...
[voice] heard: 'find a cell phone'  [0.20s]  (avg_logprob -0.37)
[voice] --> SENT: 'find a cell phone'
[voice] ● recording (gui) ...
[voice] ■ 1.9s captured (peak 0.219) — transcribing ...
[voice] heard: 'find another cell phone'  [0.19s]  (avg_logprob -0.17)
[voice] --> SENT: 'find another cell phone'
[voice] ● recording (gui) ...
[voice] ■ 0.7s captured (peak 1.020) — transcribing ...
[voice] heard: ''  [0.00s]
[voice] ● recording (gui) ...
[voice] ■ 0.9s captured (peak 1.037) — transcribing ...
[voice] heard: 'stop'  [0.17s]  (avg_logprob -0.39)
[voice] --> SENT: 'stop'
[voice] ● recording (gui) ...
[voice] ■ 3.2s captured (peak 1.069) — transcribing ...
[voice] heard: 'patrol the area'  [0.18s]  (avg_logprob -0.21)
[voice] --> SENT: 'patrol the area'
[voice] ● recording (gui) ...
[voice] ■ 0.9s captured (peak 1.022) — transcribing ...
[voice] heard: 'stop'  [0.18s]  (avg_logprob -0.40)
[voice] --> SENT: 'stop'
[voice] ● recording (gui) ...
[voice] ■ 1.2s captured (peak 1.042) — transcribing ...
[voice] heard: 'turn right'  [0.20s]  (avg_logprob -0.68)
[voice] --> SENT: 'turn right'
[voice] ● recording (gui) ...
[voice] ■ 3.5s captured (peak 1.176) — transcribing ...
[voice] heard: 'turn right 40 degrees and move 3 meters'  [0.21s]  (avg_logprob -0.39)
[voice] --> SENT: 'turn right 40 degrees and move 3 meters'
[voice] ● recording (gui) ...
[voice] ■ 1.1s captured (peak 1.029) — transcribing ...
[voice] heard: 'stop'  [0.16s]  (avg_logprob -0.56)
[voice] --> SENT: 'stop'
[voice] ● recording (gui) ...
[voice] ■ 1.0s captured (peak 1.045) — transcribing ...
[voice] heard: 'what do you see'  [0.17s]  (avg_logprob -0.34)
[voice] --> SENT: 'what do you see'
[voice] ● recording (gui) ...
[voice] ■ 1.6s captured (peak 1.083) — transcribing ...
[voice] heard: 'go to the nearest person'  [0.19s]  (avg_logprob -0.10)
[voice] --> SENT: 'go to the nearest person'
[voice] ● recording (gui) ...
[voice] ■ 2.4s captured (peak 1.043) — transcribing ...
[voice] heard: 'done at all'  [0.18s]  (avg_logprob -0.61)
[voice] --> SENT: 'done at all'
[voice] ● recording (gui) ...
[voice] ■ 1.5s captured (peak 1.125) — transcribing ...
[voice] heard: 'turn around'  [0.16s]  (avg_logprob -0.26)
[voice] --> SENT: 'turn around'
[voice] ● recording (gui) ...
[voice] ■ 0.8s captured (peak 1.018) — transcribing ...
[voice] heard: 'stop'  [0.16s]  (avg_logprob -0.34)
[voice] --> SENT: 'stop'
[voice] ● recording (gui) ...
[voice] ■ 0.9s captured (peak 1.041) — transcribing ...
[voice] heard: 'dock'  [0.16s]  (avg_logprob -0.27)
[voice] --> SENT: 'dock'
[voice] ● recording (gui) ...
[voice] ■ 1.0s captured (peak 1.148) — transcribing ...
[voice] heard: 'undock'  [0.17s]  (avg_logprob -0.33)
[voice] --> SENT: 'undock'
[voice] ● recording (gui) ...
[voice] ■ 0.4s captured (peak 0.002) — transcribing ...
[voice]   ⚠ that was almost silent — is this the right mic, and is it unmuted?
[voice] heard: ''  [0.00s]
[voice] ● recording (gui) ...
[voice] ■ 1.8s captured (peak 1.135) — transcribing ...
[voice] heard: 'what do you see'  [0.19s]  (avg_logprob -0.35)
[voice] --> SENT: 'what do you see'
[voice] ● recording (gui) ...
[voice] ■ 1.1s captured (peak 1.070) — transcribing ...
[voice] heard: 'what do you see'  [0.19s]  (avg_logprob -0.47)
[voice] --> SENT: 'what do you see'
[voice] ● recording (gui) ...
[voice] ■ 2.3s captured (peak 1.061) — transcribing ...
[voice] heard: 'turn right and move two meters'  [0.20s]  (avg_logprob -0.30)
[voice] --> SENT: 'turn right and move two meters'
[voice] ● recording (gui) ...
[voice] ■ 1.1s captured (peak 1.104) — transcribing ...
[voice] heard: 'what do you see'  [0.18s]  (avg_logprob -0.54)
[voice] --> SENT: 'what do you see'
[voice] ● recording (gui) ...
[voice] ■ 1.3s captured (peak 1.212) — transcribing ...
[voice] heard: 'go to the chair'  [0.17s]  (avg_logprob -0.37)
[voice] --> SENT: 'go to the chair'
[voice] ● recording (gui) ...
[voice] ■ 1.0s captured (peak 0.088) — transcribing ...
[voice] heard: ''  [0.00s]
[voice] ● recording (gui) ...
[voice] ■ 1.5s captured (peak 1.091) — transcribing ...
[voice] heard: 'forget about'  [0.16s]  (avg_logprob -0.64)
[voice] --> SENT: 'forget about'
[voice] ● recording (gui) ...
[voice] ■ 1.4s captured (peak 1.041) — transcribing ...
[voice] heard: 'turn left'  [0.16s]  (avg_logprob -0.56)
[voice] --> SENT: 'turn left'
[voice] ● recording (gui) ...
[voice] ■ 3.4s captured (peak 1.041) — transcribing ...
[voice] heard: 'turn around'  [0.17s]  (avg_logprob -0.38)
[voice] --> SENT: 'turn around'
[voice] ● recording (gui) ...
[voice] ■ 1.9s captured (peak 1.080) — transcribing ...
[voice] heard: 'turn left 30 degrees'  [0.17s]  (avg_logprob -0.31)
[voice] --> SENT: 'turn left 30 degrees'
[voice] ● recording (gui) ...
[voice] ■ 1.6s captured (peak 1.026) — transcribing ...
[voice] heard: 'turn right'  [0.17s]  (avg_logprob -0.22)
[voice] --> SENT: 'turn right'
[voice] ● recording (gui) ...
[voice] ■ 1.4s captured (peak 1.124) — transcribing ...
[voice] heard: 'what do you see'  [0.18s]  (avg_logprob -0.48)
[voice] --> SENT: 'what do you see'
[voice] ● recording (gui) ...
[voice] ■ 1.4s captured (peak 1.049) — transcribing ...
[voice] heard: 'go to the chair'  [0.17s]  (avg_logprob -0.16)
[voice] --> SENT: 'go to the chair'
[voice] ● recording (gui) ...
[voice] ■ 3.0s captured (peak 1.110) — transcribing ...
[voice] heard: 'go to the patrol area'  [0.20s]  (avg_logprob -0.66)
[voice] --> SENT: 'go to the patrol area'
[voice] ● recording (gui) ...
[voice] ■ 1.7s captured (peak 1.049) — transcribing ...
[voice] heard: 'patrol the area'  [0.16s]  (avg_logprob -0.19)
[voice] --> SENT: 'patrol the area'
[voice] ● recording (gui) ...
[voice] ■ 1.4s captured (peak 1.029) — transcribing ...
[voice] heard: 'turn right'  [0.16s]  (avg_logprob -0.35)
[voice] --> SENT: 'turn right'
[voice] ● recording (gui) ...
[voice] ■ 1.0s captured (peak 1.099) — transcribing ...
[voice] heard: 'what do you see'  [0.19s]  (avg_logprob -0.35)
[voice] --> SENT: 'what do you see'
[voice] ● recording (gui) ...
[voice] ■ 1.5s captured (peak 1.117) — transcribing ...
[voice] heard: 'move forward three meters'  [0.19s]  (avg_logprob -0.53)
[voice] --> SENT: 'move forward three meters'
[voice] ● recording (gui) ...
[voice] ■ 1.0s captured (peak 1.048) — transcribing ...
[voice] heard: 'stop'  [0.17s]  (avg_logprob -0.36)
[voice] --> SENT: 'stop'
[voice] ● recording (gui) ...
[voice] ■ 2.8s captured (peak 1.033) — transcribing ...
[voice] heard: 'turn left'  [0.17s]  (avg_logprob -0.21)
[voice] --> SENT: 'turn left'
[voice] ● recording (gui) ...
[voice] ■ 2.2s captured (peak 1.134) — transcribing ...
[voice] heard: 'move 50 centimeters'  [0.17s]  (avg_logprob -0.37)
[voice] --> SENT: 'move 50 centimeters'
[voice] ● recording (gui) ...
[voice] ■ 1.0s captured (peak 1.033) — transcribing ...
[voice] heard: 'stop'  [0.15s]  (avg_logprob -0.34)
[voice] --> SENT: 'stop'
[voice] ● recording (gui) ...
[voice] ■ 2.1s captured (peak 1.023) — transcribing ...
[voice] heard: 'turn left 40 degrees'  [0.17s]  (avg_logprob -0.36)
[voice] --> SENT: 'turn left 40 degrees'
[voice] ● recording (gui) ...
[voice] ■ 1.2s captured (peak 1.033) — transcribing ...
[voice] heard: 'turn right'  [0.15s]  (avg_logprob -0.18)
[voice] --> SENT: 'turn right'
Exception in thread Thread-2 (spin):
Traceback (most recent call last):
  File "/usr/lib/python3.10/threading.py", line 1016, in _bootstrap_inner
    self.run()
  File "/usr/lib/python3.10/threading.py", line 953, in run
    self._target(*self._args, **self._kwargs)
  File "/opt/ros/humble/local/lib/python3.10/dist-packages/rclpy/__init__.py", line 229, in spin
    executor.spin_once()
  File "/opt/ros/humble/local/lib/python3.10/dist-packages/rclpy/executors.py", line 808, in spin_once
    self._spin_once_impl(timeout_sec)
  File "/opt/ros/humble/local/lib/python3.10/dist-packages/rclpy/executors.py", line 797, in _spin_once_impl
    handler, entity, node = self.wait_for_ready_callbacks(timeout_sec=timeout_sec)
  File "/opt/ros/humble/local/lib/python3.10/dist-packages/rclpy/executors.py", line 780, in wait_for_ready_callbacks
    return next(self._cb_iter)
  File "/opt/ros/humble/local/lib/python3.10/dist-packages/rclpy/executors.py", line 681, in _wait_for_ready_callbacks
    raise ExternalShutdownException()
rclpy.executors.ExternalShutdownException
[voice] stopped.
