[voice] loading faster-whisper 'medium.en' on cuda (float16) ...
[voice] faster-whisper ready in 12.0s
[voice_command v1] publishing to /vla/command
[voice] microphone: [11] pulse  @ 16000 Hz
[voice] No terminal attached — running HEADLESS. Waiting for hold-to-talk on /vla/voice/trigger.
[voice] ● recording (gui) ...
[voice] ■ 1.1s captured (peak 1.050) — transcribing ...
[voice] heard: 'turn left'  [2.94s]  (avg_logprob -0.32)
[voice] --> SENT: 'turn left'
[voice] ● recording (gui) ...
[voice] ■ 1.3s captured (peak 1.070) — transcribing ...
[voice] heard: 'what do you see'  [0.17s]  (avg_logprob -0.41)
[voice] --> SENT: 'what do you see'
Exception in thread Thread-2 (spin):
Traceback (most recent call last):
  File "/usr/lib/python3.10/threading.py", line 1016, in _bootstrap_inner
[voice] stopped.
[voice] loading faster-whisper 'medium.en' on cuda (float16) ...
[voice] faster-whisper ready in 1.6s
[voice_command v1] publishing to /vla/command
[voice] microphone: [11] pulse  @ 16000 Hz
[voice] No terminal attached — running HEADLESS. Waiting for hold-to-talk on /vla/voice/trigger.
[voice] ● recording (gui) ...
[voice] ■ 1.2s captured (peak 0.481) — transcribing ...
[voice] heard: 'turn around'  [0.38s]  (avg_logprob -0.30)
[voice] --> SENT: 'turn around'
[voice] ● recording (gui) ...
[voice] ■ 1.3s captured (peak 0.497) — transcribing ...
[voice] heard: 'what do you see'  [0.18s]  (avg_logprob -0.20)
[voice] --> SENT: 'what do you see'
[voice] ● recording (gui) ...
[voice] ■ 1.5s captured (peak 0.407) — transcribing ...
[voice] heard: 'go to the person'  [0.17s]  (avg_logprob -0.07)
[voice] --> SENT: 'go to the person'
[voice] ● recording (gui) ...
[voice] ■ 1.3s captured (peak 0.357) — transcribing ...
[voice] heard: 'turn left'  [0.18s]  (avg_logprob -0.23)
[voice] --> SENT: 'turn left'
[voice] ● recording (gui) ...
[voice] ■ 1.5s captured (peak 0.356) — transcribing ...
[voice] heard: 'what do you see'  [0.19s]  (avg_logprob -0.19)
[voice] --> SENT: 'what do you see'
[voice] ● recording (gui) ...
[voice] ■ 2.1s captured (peak 1.001) — transcribing ...
[voice] heard: 'move forward one meter'  [0.20s]  (avg_logprob -0.47)
[voice] --> SENT: 'move forward one meter'
[voice] ● recording (gui) ...
[voice] ■ 1.3s captured (peak 0.351) — transcribing ...
[voice] heard: 'what do you see'  [0.18s]  (avg_logprob -0.36)
[voice] --> SENT: 'what do you see'
[voice] ● recording (gui) ...
[voice] ■ 2.8s captured (peak 0.394) — transcribing ...
[voice] heard: 'go to the farthest person'  [0.19s]  (avg_logprob -0.09)
[voice] --> SENT: 'go to the farthest person'
[voice] ● recording (gui) ...
[voice] ■ 1.2s captured (peak 0.605) — transcribing ...
[voice] heard: 'turn right'  [0.16s]  (avg_logprob -0.16)
[voice] --> SENT: 'turn right'
[voice] ● recording (gui) ...
[voice] ■ 1.9s captured (peak 0.314) — transcribing ...
[voice] heard: 'move forward one meter'  [0.18s]  (avg_logprob -0.34)
[voice] --> SENT: 'move forward one meter'
[voice] ● recording (gui) ...
[voice] ■ 1.4s captured (peak 0.440) — transcribing ...
[voice] heard: 'control the area'  [0.19s]  (avg_logprob -0.23)
[voice] --> SENT: 'control the area'
[voice] ● recording (gui) ...
[voice] ■ 1.3s captured (peak 0.314) — transcribing ...
[voice] heard: 'what do you see'  [0.19s]  (avg_logprob -0.15)
[voice] --> SENT: 'what do you see'
[voice] ● recording (gui) ...
[voice] ■ 1.3s captured (peak 0.194) — transcribing ...
[voice] heard: 'what do you see'  [0.16s]  (avg_logprob -0.20)
[voice] --> SENT: 'what do you see'
[voice] ● recording (gui) ...
[voice] ■ 1.3s captured (peak 0.321) — transcribing ...
[voice] heard: 'how many chairs'  [0.17s]  (avg_logprob -0.63)
[voice] --> SENT: 'how many chairs'
[voice] ● recording (gui) ...
[voice] ■ 1.5s captured (peak 0.261) — transcribing ...
[voice] heard: 'can you find another person'  [0.18s]  (avg_logprob -0.42)
[voice] --> SENT: 'can you find another person'
[voice] ● recording (gui) ...
[voice] ■ 2.1s captured (peak 0.448) — transcribing ...
[voice] heard: 'wait forget everything'  [0.18s]  (avg_logprob -0.50)
[voice] --> SENT: 'wait forget everything'
[voice] ● recording (gui) ...
[voice] ■ 1.6s captured (peak 0.263) — transcribing ...
[voice] heard: 'what do you see'  [0.17s]  (avg_logprob -0.17)
[voice] --> SENT: 'what do you see'
[voice] ● recording (gui) ...
[voice] ■ 1.7s captured (peak 0.275) — transcribing ...
[voice] heard: 'find another person'  [0.17s]  (avg_logprob -0.18)
[voice] --> SENT: 'find another person'
[voice] ● recording (gui) ...
[voice] ■ 2.1s captured (peak 0.323) — transcribing ...
[voice] heard: 'look for another person'  [0.18s]  (avg_logprob -0.17)
[voice] --> SENT: 'look for another person'
[voice] ● recording (gui) ...
[voice] ■ 1.9s captured (peak 0.308) — transcribing ...
[voice] heard: 'turn right'  [0.18s]  (avg_logprob -0.35)
[voice] --> SENT: 'turn right'
[voice] ● recording (gui) ...
[voice] ■ 2.8s captured (peak 0.335) — transcribing ...
[voice] heard: 'move forward two meters'  [0.18s]  (avg_logprob -0.46)
[voice] --> SENT: 'move forward two meters'
[voice] ● recording (gui) ...
[voice] ■ 2.8s captured (peak 0.400) — transcribing ...
[voice] heard: 'turn right'  [0.17s]  (avg_logprob -0.21)
[voice] --> SENT: 'turn right'
[voice] ● recording (gui) ...
[voice] ■ 4.3s captured (peak 0.220) — transcribing ...
[voice] heard: 'what do you see'  [0.18s]  (avg_logprob -0.18)
[voice] --> SENT: 'what do you see'
[voice] ● recording (gui) ...
[voice] ■ 1.6s captured (peak 0.369) — transcribing ...
[voice] heard: 'move forward two meters'  [0.18s]  (avg_logprob -0.37)
[voice] --> SENT: 'move forward two meters'
[voice] ● recording (gui) ...
[voice] ■ 3.5s captured (peak 0.464) — transcribing ...
[voice] heard: 'turn right 30 degrees'  [0.17s]  (avg_logprob -0.44)
[voice] --> SENT: 'turn right 30 degrees'
[voice] ● recording (gui) ...
[voice] ■ 2.5s captured (peak 0.427) — transcribing ...
[voice] heard: 'move forward 10 centimeters'  [0.18s]  (avg_logprob -0.48)
[voice] --> SENT: 'move forward 10 centimeters'
[voice] ● recording (gui) ...
[voice] ■ 4.2s captured (peak 0.504) — transcribing ...
[voice] heard: 'turn left 20 degrees'  [0.18s]  (avg_logprob -0.38)
[voice] --> SENT: 'turn left 20 degrees'
[voice] ● recording (gui) ...
[voice] ■ 2.1s captured (peak 0.350) — transcribing ...
[voice] heard: 'move forward two meters'  [0.18s]  (avg_logprob -0.19)
[voice] --> SENT: 'move forward two meters'
[voice] ● recording (gui) ...
[voice] ■ 1.1s captured (peak 0.389) — transcribing ...
[voice] heard: 'what do you see'  [0.19s]  (avg_logprob -0.17)
[voice] --> SENT: 'what do you see'
[voice] ● recording (gui) ...
[voice] ■ 2.0s captured (peak 0.447) — transcribing ...
[voice] heard: 'go to the farthest person'  [0.19s]  (avg_logprob -0.11)
[voice] --> SENT: 'go to the farthest person'
[voice] ● recording (gui) ...
[voice] ■ 0.4s captured (peak 0.002) — transcribing ...
[voice]   ⚠ that was almost silent — is this the right mic, and is it unmuted?
[voice] heard: ''  [0.00s]
[voice] ● recording (gui) ...
[voice] ■ 1.3s captured (peak 0.330) — transcribing ...
[voice] heard: 'turn that off'  [0.17s]  (avg_logprob -0.45)
[voice] --> SENT: 'turn that off'
[voice] ● recording (gui) ...
[voice] ■ 1.3s captured (peak 0.199) — transcribing ...
[voice] heard: 'one base'  [0.16s]  (avg_logprob -1.00)
[voice] (low confidence -1.00 < -0.75 — not sent. Say it again?)
[voice] ● recording (gui) ...
[voice] ■ 1.3s captured (peak 0.241) — transcribing ...
[voice] heard: 'what do you see'  [0.17s]  (avg_logprob -0.23)
[voice] --> SENT: 'what do you see'
[voice] ● recording (gui) ...
[voice] ■ 1.7s captured (peak 0.521) — transcribing ...
[voice] heard: 'find another person'  [0.17s]  (avg_logprob -0.27)
[voice] --> SENT: 'find another person'
[voice] ● recording (gui) ...
[voice] ■ 1.6s captured (peak 0.773) — transcribing ...
[voice] heard: 'look for another one'  [0.18s]  (avg_logprob -0.45)
[voice] --> SENT: 'look for another one'
[voice] ● recording (gui) ...
[voice] ■ 2.7s captured (peak 0.498) — transcribing ...
[voice] heard: 'forget about person'  [0.17s]  (avg_logprob -0.19)
[voice] --> SENT: 'forget about person'
[voice] ● recording (gui) ...
[voice] ■ 2.4s captured (peak 0.695) — transcribing ...
[voice] heard: 'look for a'  [0.17s]  (avg_logprob -0.57)
[voice] --> SENT: 'look for a'
[voice] ● recording (gui) ...
[voice] ■ 2.2s captured (peak 0.694) — transcribing ...
[voice] heard: 'look for another person'  [0.17s]  (avg_logprob -0.37)
[voice] --> SENT: 'look for another person'
[voice] ● recording (gui) ...
[voice] ■ 1.3s captured (peak 0.318) — transcribing ...
[voice] heard: 'turn left'  [0.16s]  (avg_logprob -0.47)
[voice] --> SENT: 'turn left'
[voice] ● recording (gui) ...
[voice] ■ 1.1s captured (peak 0.227) — transcribing ...
[voice] heard: 'stop'  [0.16s]  (avg_logprob -0.51)
[voice] --> SENT: 'stop'
[voice] ● recording (gui) ...
[voice] ■ 1.4s captured (peak 0.305) — transcribing ...
[voice] heard: 'what do you see'  [0.18s]  (avg_logprob -0.34)
[voice] --> SENT: 'what do you see'
[voice] ● recording (gui) ...
[voice] ■ 1.7s captured (peak 0.512) — transcribing ...
[voice] heard: 'go to the shelf'  [0.18s]  (avg_logprob -0.12)
[voice] --> SENT: 'go to the shelf'
[voice] ● recording (gui) ...
[voice] ■ 1.7s captured (peak 0.502) — transcribing ...
[voice] heard: 'what do you see'  [0.17s]  (avg_logprob -0.17)
[voice] --> SENT: 'what do you see'
[voice] ● recording (gui) ...
[voice] ■ 1.9s captured (peak 0.831) — transcribing ...
[voice] heard: 'can you find a box'  [0.19s]  (avg_logprob -0.51)
[voice] --> SENT: 'can you find a box'
[voice] ● recording (gui) ...
[voice] ■ 2.3s captured (peak 0.396) — transcribing ...
[voice] heard: 'turn left'  [0.16s]  (avg_logprob -0.08)
[voice] --> SENT: 'turn left'
[voice] ● recording (gui) ...
[voice] ■ 1.4s captured (peak 0.368) — transcribing ...
[voice] heard: 'what do you see'  [0.18s]  (avg_logprob -0.18)
[voice] --> SENT: 'what do you see'
[voice] ● recording (gui) ...
[voice] ■ 1.2s captured (peak 0.392) — transcribing ...
[voice] heard: 'what do you see'  [0.17s]  (avg_logprob -0.28)
[voice] --> SENT: 'what do you see'
[voice] ● recording (gui) ...
[voice] ■ 2.0s captured (peak 0.528) — transcribing ...
[voice] heard: 'go to the box and stop'  [0.20s]  (avg_logprob -0.25)
[voice] --> SENT: 'go to the box and stop'
[voice] ● recording (gui) ...
[voice] ■ 1.1s captured (peak 0.271) — transcribing ...
[voice] heard: 'what do you'  [0.18s]  (avg_logprob -0.46)
[voice] --> SENT: 'what do you'
[voice] ● recording (gui) ...
[voice] ■ 2.2s captured (peak 0.443) — transcribing ...
[voice] heard: 'can you find me another bo-'  [0.19s]  (avg_logprob -0.34)
[voice] --> SENT: 'can you find me another bo-'
[voice] ● recording (gui) ...
[voice] ■ 1.8s captured (peak 0.329) — transcribing ...
[voice] heard: 'forget box'  [0.17s]  (avg_logprob -0.53)
[voice] --> SENT: 'forget box'
[voice] ● recording (gui) ...
[voice] ■ 1.4s captured (peak 0.107) — transcribing ...
[voice] heard: 'go to the next person'  [0.36s]  (avg_logprob -0.95)
[voice] (low confidence -0.95 < -0.75 — not sent. Say it again?)
[voice] ● recording (gui) ...
[voice] ■ 1.4s captured (peak 0.343) — transcribing ...
[voice] heard: 'what do you see'  [0.17s]  (avg_logprob -0.23)
[voice] --> SENT: 'what do you see'
[voice] ● recording (gui) ...
[voice] ■ 2.1s captured (peak 0.584) — transcribing ...
[voice] heard: 'can you find another box'  [0.18s]  (avg_logprob -0.42)
[voice] --> SENT: 'can you find another box'
[voice] ● recording (gui) ...
[voice] ■ 1.7s captured (peak 0.737) — transcribing ...
[voice] heard: 'look for another'  [0.17s]  (avg_logprob -0.49)
[voice] --> SENT: 'look for another'
[voice] ● recording (gui) ...
[voice] ■ 2.3s captured (peak 0.925) — transcribing ...
[voice] heard: 'what is the current battery percentage'  [0.21s]  (avg_logprob -0.23)
[voice] --> SENT: 'what is the current battery percentage'
[voice] ● recording (gui) ...
[voice] ■ 2.9s captured (peak 0.405) — transcribing ...
[voice] heard: 'what can you do'  [0.20s]  (avg_logprob -0.35)
[voice] --> SENT: 'what can you do'
[voice] ● recording (gui) ...
[voice] ■ 1.7s captured (peak 0.650) — transcribing ...
[voice] heard: 'what more can you do'  [0.19s]  (avg_logprob -0.40)
[voice] --> SENT: 'what more can you do'
Exception in thread Thread-2 (spin):
Traceback (most recent call last):
  File "/usr/lib/python3.10/threading.py", line 1016, in _bootstrap_inner
    self.run()
  File "/usr/lib/python3.10/threading.py", line 953, in run
    self._target(*self._args, **self._kwargs)
  File "/opt/ros/humble/local/lib/python3.10/dist-packages/rclpy/__init__.py", line 229, in spin
    executor.spin_once()
  File "/opt/ros/humble/local/lib/python3.10/dist-packages/rclpy/executors.py", line 808, in spin_once
    self._spin_once_impl(timeout_sec)
  File "/opt/ros/humble/local/lib/python3.10/dist-packages/rclpy/executors.py", line 797, in _spin_once_impl
    handler, entity, node = self.wait_for_ready_callbacks(timeout_sec=timeout_sec)
  File "/opt/ros/humble/local/lib/python3.10/dist-packages/rclpy/executors.py", line 780, in wait_for_ready_callbacks
    return next(self._cb_iter)
  File "/opt/ros/humble/local/lib/python3.10/dist-packages/rclpy/executors.py", line 681, in _wait_for_ready_callbacks
    raise ExternalShutdownException()
rclpy.executors.ExternalShutdownException
[voice] stopped.
