[voice] loading faster-whisper 'small.en' on cuda (float16) ...
[voice] faster-whisper ready in 5.5s
[voice_command v1] publishing to /vla/command
[voice] microphone: [11] pulse  @ 16000 Hz
[voice] No terminal attached — running HEADLESS. Waiting for hold-to-talk on /vla/voice/trigger.
[voice] ● recording (gui) ...
[voice] ■ 1.7s captured (peak 0.986) — transcribing ...
[voice] heard: 'what do you see'  [0.39s]  (avg_logprob -0.46)
[voice] --> SENT: 'what do you see'
[voice] ● recording (gui) ...
[voice] ■ 1.4s captured (peak 0.551) — transcribing ...
[voice] heard: 'what'  [0.08s]  (avg_logprob -0.21)
[voice] --> SENT: 'what'
[voice] ● recording (gui) ...
[voice] ■ 1.4s captured (peak 1.016) — transcribing ...
[voice] heard: 'go about that'  [0.08s]  (avg_logprob -0.87)
[voice] --> SENT: 'go about that'
[voice] ● recording (gui) ...
[voice] ■ 3.7s captured (peak 1.047) — transcribing ...
[voice] heard: 'turn right for the'  [0.09s]  (avg_logprob -0.96)
[voice] --> SENT: 'turn right for the'
[voice] ● recording (gui) ...
[voice] ■ 1.1s captured (peak 0.872) — transcribing ...
[voice] heard: 'stop'  [0.08s]  (avg_logprob -0.44)
[voice] --> SENT: 'stop'
[voice] ● recording (gui) ...
[voice] ■ 2.3s captured (peak 1.009) — transcribing ...
[voice] heard: 'i love tundigrees'  [0.11s]  (avg_logprob -0.71)
[voice] --> SENT: 'i love tundigrees'
[voice] ● recording (gui) ...
[voice] ■ 2.4s captured (peak 1.035) — transcribing ...
[voice] heard: 'turn left 10 degrees'  [0.13s]  (avg_logprob -0.60)
[voice] --> SENT: 'turn left 10 degrees'
[voice] ● recording (gui) ...
[voice] ■ 2.8s captured (peak 1.018) — transcribing ...
[voice] heard: 'turn left 20 degrees'  [0.09s]  (avg_logprob -0.41)
[voice] --> SENT: 'turn left 20 degrees'
[voice] ● recording (gui) ...
[voice] ■ 1.3s captured (peak 1.045) — transcribing ...
[voice] heard: 'what do you see'  [0.10s]  (avg_logprob -0.52)
[voice] --> SENT: 'what do you see'
[voice] ● recording (gui) ...
[voice] ■ 1.3s captured (peak 1.021) — transcribing ...
[voice] heard: 'go to the chair'  [0.08s]  (avg_logprob -0.38)
[voice] --> SENT: 'go to the chair'
[voice] ● recording (gui) ...
[voice] ■ 2.6s captured (peak 1.040) — transcribing ...
[voice] heard: 'start patrolling the area'  [0.08s]  (avg_logprob -0.12)
[voice] --> SENT: 'start patrolling the area'
[voice] ● recording (gui) ...
[voice] ■ 3.1s captured (peak 1.019) — transcribing ...
[voice] heard: 'factorize the area'  [1.26s]  (avg_logprob -1.21)
[voice] (low confidence -1.21 < -1.00 — not sent. Say it again?)
[voice] ● recording (gui) ...
[voice] ■ 1.3s captured (peak 1.046) — transcribing ...
[voice] heard: 'that all the'  [0.09s]  (avg_logprob -0.83)
[voice] --> SENT: 'that all the'
[voice] ● recording (gui) ...
[voice] ■ 0.7s captured (peak 0.002) — transcribing ...
[voice]   ⚠ that was almost silent — is this the right mic, and is it unmuted?
[voice] heard: ''  [0.00s]
[voice] ● recording (gui) ...
[voice] ■ 2.2s captured (peak 1.050) — transcribing ...
[voice] heard: 'stop looking for a change'  [0.09s]  (avg_logprob -0.97)
[voice] --> SENT: 'stop looking for a change'
[voice] ● recording (gui) ...
[voice] ■ 3.4s captured (peak 1.087) — transcribing ...
[voice] heard: 'stop looking for a gene forget about a gene'  [0.12s]  (avg_logprob -0.57)
[voice] --> SENT: 'stop looking for a gene forget about a gene'
[voice] ● recording (gui) ...
[voice] ■ 6.8s captured (peak 1.049) — transcribing ...
[voice] heard: "don't forget about the chair"  [0.12s]  (avg_logprob -0.69)
[voice] --> SENT: "don't forget about the chair"
[voice] ● recording (gui) ...
[voice] ■ 2.9s captured (peak 1.029) — transcribing ...
[voice] heard: 'forget about the chain'  [0.08s]  (avg_logprob -0.22)
[voice] --> SENT: 'forget about the chain'
[voice] ● recording (gui) ...
[voice] ■ 3.6s captured (peak 1.115) — transcribing ...
[voice] heard: 'forget about the chair'  [0.10s]  (avg_logprob -0.55)
[voice] --> SENT: 'forget about the chair'
[voice] ● recording (gui) ...
[voice] ■ 2.2s captured (peak 1.033) — transcribing ...
[voice] heard: 'petrol the area'  [0.08s]  (avg_logprob -0.29)
[voice] --> SENT: 'petrol the area'
[voice] ● recording (gui) ...
[voice] ■ 1.3s captured (peak 1.021) — transcribing ...
[voice] heard: "don't know"  [0.10s]  (avg_logprob -0.69)
[voice] --> SENT: "don't know"
[voice] ● recording (gui) ...
[voice] ■ 1.6s captured (peak 1.032) — transcribing ...
[voice] heard: 'turn around'  [0.08s]  (avg_logprob -0.67)
[voice] --> SENT: 'turn around'
[voice] ● recording (gui) ...
[voice] ■ 2.5s captured (peak 1.030) — transcribing ...
[voice] heard: 'one meter ahead'  [0.08s]  (avg_logprob -0.61)
[voice] --> SENT: 'one meter ahead'
[voice] ● recording (gui) ...
[voice] ■ 2.3s captured (peak 1.082) — transcribing ...
[voice] heard: 'move one meter ahead'  [0.08s]  (avg_logprob -0.24)
[voice] --> SENT: 'move one meter ahead'
[voice] ● recording (gui) ...
[voice] ■ 1.6s captured (peak 1.128) — transcribing ...
[voice] heard: 'move forward'  [0.07s]  (avg_logprob -0.76)
[voice] --> SENT: 'move forward'
[voice] ● recording (gui) ...
[voice] ■ 1.9s captured (peak 1.020) — transcribing ...
[voice] heard: 'turn right'  [0.07s]  (avg_logprob -0.64)
[voice] --> SENT: 'turn right'
[voice] ● recording (gui) ...
[voice] ■ 1.7s captured (peak 1.034) — transcribing ...
[voice] heard: 'move one meter ahead'  [0.08s]  (avg_logprob -0.42)
[voice] --> SENT: 'move one meter ahead'
[voice] ● recording (gui) ...
[voice] ■ 1.2s captured (peak 1.068) — transcribing ...
[voice] heard: "don't write"  [0.07s]  (avg_logprob -0.27)
[voice] --> SENT: "don't write"
[voice] ● recording (gui) ...
[voice] ■ 3.7s captured (peak 1.085) — transcribing ...
[voice] heard: 'turn right 40 degrees'  [0.09s]  (avg_logprob -0.58)
[voice] --> SENT: 'turn right 40 degrees'
[voice] ● recording (gui) ...
[voice] ■ 1.4s captured (peak 1.029) — transcribing ...
[voice] heard: 'what do you see'  [0.09s]  (avg_logprob -0.40)
[voice] --> SENT: 'what do you see'
[voice] ● recording (gui) ...
[voice] ■ 1.6s captured (peak 1.054) — transcribing ...
[voice] heard: 'find a chair'  [0.07s]  (avg_logprob -0.46)
[voice] --> SENT: 'find a chair'
[voice] ● recording (gui) ...
[voice] ■ 1.6s captured (peak 1.029) — transcribing ...
[voice] heard: 'find a person'  [0.08s]  (avg_logprob -0.15)
[voice] --> SENT: 'find a person'
[voice] ● recording (gui) ...
[voice] ■ 1.5s captured (peak 1.051) — transcribing ...
[voice] heard: 'go to the person'  [0.08s]  (avg_logprob -0.52)
[voice] --> SENT: 'go to the person'
[voice] ● recording (gui) ...
[voice] ■ 3.1s captured (peak 1.146) — transcribing ...
[voice] heard: 'go to the furthest person'  [0.12s]  (avg_logprob -0.45)
[voice] --> SENT: 'go to the furthest person'
[voice] ● recording (gui) ...
[voice] ■ 1.4s captured (peak 1.039) — transcribing ...
[voice] heard: "don't wait"  [0.08s]  (avg_logprob -0.87)
[voice] --> SENT: "don't wait"
[voice] ● recording (gui) ...
[voice] ■ 1.6s captured (peak 1.121) — transcribing ...
[voice] heard: ''  [0.00s]
[voice] ● recording (gui) ...
[voice] ■ 1.6s captured (peak 1.022) — transcribing ...
[voice] heard: 'turn right'  [0.09s]  (avg_logprob -0.76)
[voice] --> SENT: 'turn right'
[voice] ● recording (gui) ...
[voice] ■ 3.5s captured (peak 1.003) — transcribing ...
[voice] heard: 'pardon me pardon me'  [0.11s]  (avg_logprob -0.85)
[voice] --> SENT: 'pardon me pardon me'
[voice] ● recording (gui) ...
[voice] ■ 2.6s captured (peak 1.032) — transcribing ...
[voice] heard: 'forget about the person'  [0.08s]  (avg_logprob -0.45)
[voice] --> SENT: 'forget about the person'
[voice] ● recording (gui) ...
[voice] ■ 3.0s captured (peak 1.063) — transcribing ...
[voice] heard: 'move forward 2 meters'  [0.08s]  (avg_logprob -0.28)
[voice] --> SENT: 'move forward 2 meters'
[voice] ● recording (gui) ...
[voice] ■ 1.2s captured (peak 1.041) — transcribing ...
[voice] heard: 'd o p'  [0.30s]  (avg_logprob -1.38)
[voice] (low confidence -1.38 < -1.00 — not sent. Say it again?)
[voice] ● recording (gui) ...
[voice] ■ 1.6s captured (peak 1.039) — transcribing ...
[voice] heard: 'not terrible'  [0.08s]  (avg_logprob -0.98)
[voice] --> SENT: 'not terrible'
[voice] ● recording (gui) ...
[voice] ■ 0.9s captured (peak 1.027) — transcribing ...
[voice] heard: 'd-'  [0.28s]  (avg_logprob -1.21)
[voice] ● recording (gui) ...
[voice] ■ 1.3s captured (peak 1.046) — transcribing ...
[voice] heard: 'dr o'  [0.07s]  (avg_logprob -0.95)
[voice] --> SENT: 'dr o'
[voice] ● recording (gui) ...
[voice] ■ 1.7s captured (peak 1.060) — transcribing ...
[voice] heard: 'dr ogo'  [0.37s]  (avg_logprob -1.11)
[voice] (low confidence -1.11 < -1.00 — not sent. Say it again?)
[voice] ● recording (gui) ...
[voice] ■ 3.7s captured (peak 1.085) — transcribing ...
[voice] heard: 'move forward 5 centimeter'  [0.11s]  (avg_logprob -0.76)
[voice] --> SENT: 'move forward 5 centimeter'
[voice] ● recording (gui) ...
[voice] ■ 1.6s captured (peak 1.058) — transcribing ...
[voice] heard: 'turn around'  [0.08s]  (avg_logprob -0.75)
[voice] --> SENT: 'turn around'
[voice] ● recording (gui) ...
[voice] ■ 4.2s captured (peak 1.049) — transcribing ...
[voice] heard: 'turn right 3 degrees'  [0.10s]  (avg_logprob -0.69)
[voice] --> SENT: 'turn right 3 degrees'
[voice] ● recording (gui) ...
[voice] ■ 1.8s captured (peak 1.049) — transcribing ...
[voice] heard: 'doc the robot'  [0.08s]  (avg_logprob -0.87)
[voice] --> SENT: 'doc the robot'
Exception in thread Thread-2 (spin):
Traceback (most recent call last):
  File "/usr/lib/python3.10/threading.py", line 1016, in _bootstrap_inner
    self.run()
  File "/usr/lib/python3.10/threading.py", line 953, in run
    self._target(*self._args, **self._kwargs)
  File "/opt/ros/humble/local/lib/python3.10/dist-packages/rclpy/__init__.py", line 229, in spin
    executor.spin_once()
  File "/opt/ros/humble/local/lib/python3.10/dist-packages/rclpy/executors.py", line 808, in spin_once
    self._spin_once_impl(timeout_sec)
  File "/opt/ros/humble/local/lib/python3.10/dist-packages/rclpy/executors.py", line 797, in _spin_once_impl
    handler, entity, node = self.wait_for_ready_callbacks(timeout_sec=timeout_sec)
  File "/opt/ros/humble/local/lib/python3.10/dist-packages/rclpy/executors.py", line 780, in wait_for_ready_callbacks
    return next(self._cb_iter)
  File "/opt/ros/humble/local/lib/python3.10/dist-packages/rclpy/executors.py", line 681, in _wait_for_ready_callbacks
    raise ExternalShutdownException()
rclpy.executors.ExternalShutdownException
[voice] stopped.
terminate called after throwing an instance of 'std::runtime_error'
  what():  CUDA failed with error driver shutting down
