[voice] loading faster-whisper 'medium.en' on cuda (float16) ...
[voice] faster-whisper ready in 12.3s
[voice_command v1] publishing to /vla/command
[voice] microphone: [11] pulse  @ 16000 Hz
[voice] LAZY MIC: the microphone is closed until you hold the talk button (keeps the robot's Wi-Fi clear).
[voice] No terminal attached — running HEADLESS. Waiting for hold-to-talk on /vla/voice/trigger.
Exception in thread Thread-2 (spin):
Traceback (most recent call last):
  File "/usr/lib/python3.10/threading.py", line 1016, in _bootstrap_inner
[voice] stopped.
    self.run()
  File "/usr/lib/python3.10/threading.py", line 953, in run
    self._target(*self._args, **self._kwargs)
  File "/opt/ros/humble/local/lib/python3.10/dist-packages/rclpy/__init__.py", line 229, in spin
    executor.spin_once()
  File "/opt/ros/humble/local/lib/python3.10/dist-packages/rclpy/executors.py", line 808, in spin_once
[voice] loading faster-whisper 'medium.en' on cuda (float16) ...
[voice] faster-whisper ready in 1.9s
[voice_command v1] publishing to /vla/command
[voice] microphone: [11] pulse  @ 16000 Hz
[voice] LAZY MIC: the microphone is closed until you hold the talk button (keeps the robot's Wi-Fi clear).
[voice] No terminal attached — running HEADLESS. Waiting for hold-to-talk on /vla/voice/trigger.
[voice] ● recording (gui) ...
[voice] ■ 0.6s captured (peak 0.000) — transcribing ...
[voice]   ⚠ that was almost silent — is this the right mic, and is it unmuted?
[voice] heard: ''  [0.30s]
[voice] ● recording (gui) ...
[voice] ■ 1.1s captured (peak 0.014) — transcribing ...
[voice] heard: 'what do you see'  [2.54s]  (avg_logprob -0.14)
[voice] --> SENT: 'what do you see'
[voice] ● recording (gui) ...
[voice] ■ 1.7s captured (peak 0.018) — transcribing ...
[voice] heard: 'go to the farthest chair'  [0.19s]  (avg_logprob -0.07)
[voice] --> SENT: 'go to the farthest chair'
[voice] ● recording (gui) ...
[voice] ■ 0.5s captured (peak 0.008) — transcribing ...
[voice] heard: 'go to the nearest person'  [0.18s]  (avg_logprob -0.90)
[voice] (low confidence -0.90 < -0.75 — not sent. Say it again?)
[voice] ● recording (gui) ...
[voice] ■ 0.6s captured (peak 0.759) — transcribing ...
[voice] heard: 'good'  [0.15s]  (avg_logprob -0.56)
[voice] --> SENT: 'good'
[voice] ● recording (gui) ...
[voice] ■ 1.7s captured (peak 0.850) — transcribing ...
[voice] heard: 'turn right'  [0.16s]  (avg_logprob -0.34)
[voice] --> SENT: 'turn right'
[voice] ● recording (gui) ...
[voice] ■ 0.5s captured (peak 0.011) — transcribing ...
[voice] heard: 'stop'  [0.18s]  (avg_logprob -0.91)
[voice] --> SENT: 'stop'
[voice] ● recording (gui) ...
[voice] ■ 1.0s captured (peak 0.845) — transcribing ...
[voice] heard: 'turn right'  [0.16s]  (avg_logprob -0.24)
[voice] --> SENT: 'turn right'
[voice] ● recording (gui) ...
[voice] ■ 0.6s captured (peak 0.800) — transcribing ...
[voice] heard: 'stop'  [0.15s]  (avg_logprob -0.54)
[voice] --> SENT: 'stop'
[voice] ● recording (gui) ...
[voice] ■ 0.8s captured (peak 0.533) — transcribing ...
[voice] heard: 'what do you see'  [0.17s]  (avg_logprob -0.46)
[voice] --> SENT: 'what do you see'
[voice] ● recording (gui) ...
[voice] ■ 1.0s captured (peak 0.654) — transcribing ...
[voice] heard: 'find a person'  [0.16s]  (avg_logprob -0.35)
[voice] --> SENT: 'find a person'
[voice] ● recording (gui) ...
[voice] ■ 1.1s captured (peak 0.012) — transcribing ...
[voice] heard: 'go to the nearest person'  [0.17s]  (avg_logprob -0.50)
[voice] --> SENT: 'go to the nearest person'
[voice] ● recording (gui) ...
[voice] ■ 0.9s captured (peak 0.008) — transcribing ...
[voice] heard: 'what do you see'  [0.18s]  (avg_logprob -0.52)
[voice] --> SENT: 'what do you see'
[voice] ● recording (gui) ...
[voice] ■ 0.8s captured (peak 0.937) — transcribing ...
[voice] heard: 'turn right'  [0.16s]  (avg_logprob -0.44)
[voice] --> SENT: 'turn right'
[voice] ● recording (gui) ...
[voice] (too short: 0.30s — ignored)
[voice] ● recording (gui) ...
[voice] ■ 0.8s captured (peak 0.539) — transcribing ...
[voice] heard: 'what do you see'  [0.17s]  (avg_logprob -0.18)
[voice] --> SENT: 'what do you see'
[voice] ● recording (gui) ...
[voice] ■ 1.6s captured (peak 0.519) — transcribing ...
[voice] heard: 'go to the chair'  [0.17s]  (avg_logprob -0.07)
[voice] --> SENT: 'go to the chair'
[voice] ● recording (gui) ...
[voice] ■ 1.1s captured (peak 0.756) — transcribing ...
[voice] heard: 'turn left'  [0.18s]  (avg_logprob -0.42)
[voice] --> SENT: 'turn left'
[voice] ● recording (gui) ...
[voice] ■ 2.9s captured (peak 0.897) — transcribing ...
[voice] heard: 'turn right thirty degrees'  [0.20s]  (avg_logprob -0.28)
[voice] --> SENT: 'turn right thirty degrees'
[voice] ● recording (gui) ...
[voice] ■ 1.5s captured (peak 1.000) — transcribing ...
[voice] heard: 'what do you see'  [0.19s]  (avg_logprob -0.20)
[voice] --> SENT: 'what do you see'
[voice] ● recording (gui) ...
[voice] ■ 1.0s captured (peak 1.001) — transcribing ...
[voice] heard: 'move forward one meter'  [0.19s]  (avg_logprob -0.20)
[voice] --> SENT: 'move forward one meter'
[voice] ● recording (gui) ...
[voice] ■ 0.4s captured (peak 0.760) — transcribing ...
[voice] heard: 'stop'  [0.16s]  (avg_logprob -0.22)
[voice] --> SENT: 'stop'
[voice] ● recording (gui) ...
[voice] ■ 0.9s captured (peak 1.012) — transcribing ...
[voice] heard: 'what do you see'  [0.18s]  (avg_logprob -0.14)
[voice] --> SENT: 'what do you see'
[voice] ● recording (gui) ...
[voice] ■ 1.6s captured (peak 0.795) — transcribing ...
[voice] heard: 'go to the nearest person'  [0.19s]  (avg_logprob -0.06)
[voice] --> SENT: 'go to the nearest person'
[voice] ● recording (gui) ...
[voice] ■ 1.0s captured (peak 0.826) — transcribing ...
[voice] heard: 'that closes'  [0.16s]  (avg_logprob -0.54)
[voice] --> SENT: 'that closes'
[voice] ● recording (gui) ...
[voice] ■ 0.6s captured (peak 0.640) — transcribing ...
[voice] heard: 'stop'  [0.16s]  (avg_logprob -0.49)
[voice] --> SENT: 'stop'
[voice] ● recording (gui) ...
[voice] ■ 1.6s captured (peak 1.016) — transcribing ...
[voice] heard: 'get closer to the person'  [0.18s]  (avg_logprob -0.10)
[voice] --> SENT: 'get closer to the person'
[voice] ● recording (gui) ...
[voice] ■ 3.2s captured (peak 0.647) — transcribing ...
[voice] heard: 'find the docking station'  [0.21s]  (avg_logprob -0.19)
[voice] --> SENT: 'find the docking station'
[voice] ● recording (gui) ...
[voice] ■ 0.5s captured (peak 0.001) — transcribing ...
[voice]   ⚠ that was almost silent — is this the right mic, and is it unmuted?
[voice] heard: ''  [0.00s]
[voice] ● recording (gui) ...
[voice] ■ 0.6s captured (peak 0.275) — transcribing ...
[voice] heard: 'stop'  [0.18s]  (avg_logprob -0.45)
[voice] --> SENT: 'stop'
[voice] ● recording (gui) ...
[voice] ■ 1.1s captured (peak 0.764) — transcribing ...
[voice] heard: 'turn right'  [0.17s]  (avg_logprob -0.42)
[voice] --> SENT: 'turn right'
[voice] ● recording (gui) ...
[voice] ■ 1.8s captured (peak 0.857) — transcribing ...
[voice] heard: 'move forward two meters'  [0.18s]  (avg_logprob -0.18)
[voice] --> SENT: 'move forward two meters'
[voice] ● recording (gui) ...
[voice] ■ 0.7s captured (peak 1.012) — transcribing ...
[voice] heard: 'stop'  [0.16s]  (avg_logprob -0.26)
[voice] --> SENT: 'stop'
[voice] ● recording (gui) ...
[voice] ■ 0.5s captured (peak 0.000) — transcribing ...
[voice]   ⚠ that was almost silent — is this the right mic, and is it unmuted?
[voice] heard: ''  [0.00s]
[voice] ● recording (gui) ...
[voice] ■ 0.6s captured (peak 1.013) — transcribing ...
[voice] heard: 'dock'  [0.17s]  (avg_logprob -0.27)
[voice] --> SENT: 'dock'
Exception in thread Thread-2 (spin):
Traceback (most recent call last):
  File "/usr/lib/python3.10/threading.py", line 1016, in _bootstrap_inner
    self.run()
[voice] stopped.
  File "/usr/lib/python3.10/threading.py", line 953, in run
    self._target(*self._args, **self._kwargs)
  File "/opt/ros/humble/local/lib/python3.10/dist-packages/rclpy/__init__.py", line 229, in spin
    executor.spin_once()
  File "/opt/ros/humble/local/lib/python3.10/dist-packages/rclpy/executors.py", line 808, in spin_once
    self._spin_once_impl(timeout_sec)
  File "/opt/ros/humble/local/lib/python3.10/dist-packages/rclpy/executors.py", line 797, in _spin_once_impl
    handler, entity, node = self.wait_for_ready_callbacks(timeout_sec=timeout_sec)
  File "/opt/ros/humble/local/lib/python3.10/dist-packages/rclpy/executors.py", line 780, in wait_for_ready_callbacks
    return next(self._cb_iter)
  File "/opt/ros/humble/local/lib/python3.10/dist-packages/rclpy/executors.py", line 681, in _wait_for_ready_callbacks
[voice] loading faster-whisper 'medium.en' on cuda (float16) ...
[voice] faster-whisper ready in 1.6s
[voice_command v1] publishing to /vla/command
[voice] microphone: [11] pulse  @ 16000 Hz
[voice] LAZY MIC: the microphone is closed until you hold the talk button (keeps the robot's Wi-Fi clear).
[voice] No terminal attached — running HEADLESS. Waiting for hold-to-talk on /vla/voice/trigger.
[voice] ● recording (gui) ...
[voice] ■ 0.7s captured (peak 0.789) — transcribing ...
[voice] heard: 'undock'  [0.34s]  (avg_logprob -0.20)
[voice] --> SENT: 'undock'
[voice] ● recording (gui) ...
[voice] ■ 0.7s captured (peak 1.007) — transcribing ...
[voice] heard: 'what do you see'  [0.16s]  (avg_logprob -0.16)
[voice] --> SENT: 'what do you see'
[voice] ● recording (gui) ...
[voice] ■ 0.9s captured (peak 1.033) — transcribing ...
[voice] heard: 'find a chair'  [0.22s]  (avg_logprob -0.17)
[voice] --> SENT: 'find a chair'
[voice] ● recording (gui) ...
[voice] ■ 2.1s captured (peak 1.017) — transcribing ...
[voice] heard: 'control the area'  [0.17s]  (avg_logprob -0.21)
[voice] --> SENT: 'control the area'
[voice] ● recording (gui) ...
[voice] ■ 1.2s captured (peak 1.089) — transcribing ...
[voice] heard: 'do you see a person'  [0.20s]  (avg_logprob -0.53)
[voice] --> SENT: 'do you see a person'
[voice] ● recording (gui) ...
[voice] ■ 1.2s captured (peak 1.029) — transcribing ...
[voice] heard: 'go to the person'  [0.18s]  (avg_logprob -0.10)
[voice] --> SENT: 'go to the person'
[voice] ● recording (gui) ...
[voice] ■ 0.9s captured (peak 1.086) — transcribing ...
[voice] heard: 'close the area'  [0.18s]  (avg_logprob -0.79)
[voice] (low confidence -0.79 < -0.75 — not sent. Say it again?)
[voice] ● recording (gui) ...
[voice] ■ 0.9s captured (peak 1.046) — transcribing ...
[voice] heard: 'get closer'  [0.16s]  (avg_logprob -0.65)
[voice] --> SENT: 'get closer'
[voice] ● recording (gui) ...
[voice] ■ 0.8s captured (peak 1.028) — transcribing ...
[voice] heard: 'turn right'  [0.17s]  (avg_logprob -0.38)
[voice] --> SENT: 'turn right'
[voice] ● recording (gui) ...
[voice] ■ 0.5s captured (peak 0.709) — transcribing ...
[voice] heard: 'stop'  [0.15s]  (avg_logprob -0.45)
[voice] --> SENT: 'stop'
[voice] ● recording (gui) ...
[voice] ■ 1.7s captured (peak 1.007) — transcribing ...
[voice] heard: 'move forward two meters'  [0.18s]  (avg_logprob -0.36)
[voice] --> SENT: 'move forward two meters'
[voice] ● recording (gui) ...
[voice] ■ 0.7s captured (peak 1.007) — transcribing ...
[voice] heard: 'stop'  [0.16s]  (avg_logprob -0.61)
[voice] --> SENT: 'stop'
[voice] ● recording (gui) ...
[voice] ■ 0.5s captured (peak 1.021) — transcribing ...
[voice] heard: 'dock'  [0.15s]  (avg_logprob -0.25)
[voice] --> SENT: 'dock'
[voice] ● recording (gui) ...
[voice] ■ 1.8s captured (peak 1.065) — transcribing ...
[voice] heard: 'move forward fifty cents'  [0.20s]  (avg_logprob -0.55)
[voice] --> SENT: 'move forward fifty cents'
[voice] ● recording (gui) ...
[voice] ■ 0.7s captured (peak 1.066) — transcribing ...
[voice] heard: 'turn right'  [0.17s]  (avg_logprob -0.45)
[voice] --> SENT: 'turn right'
[voice] ● recording (gui) ...
[voice] ■ 0.6s captured (peak 1.057) — transcribing ...
[voice] heard: 'dock'  [0.16s]  (avg_logprob -0.29)
[voice] --> SENT: 'dock'
Exception in thread Thread-2 (spin):
Traceback (most recent call last):
  File "/usr/lib/python3.10/threading.py", line 1016, in _bootstrap_inner
    self.run()
  File "/usr/lib/python3.10/threading.py", line 953, in run
    self._target(*self._args, **self._kwargs)
  File "/opt/ros/humble/local/lib/python3.10/dist-packages/rclpy/__init__.py", line 229, in spin
    executor.spin_once()
  File "/opt/ros/humble/local/lib/python3.10/dist-packages/rclpy/executors.py", line 808, in spin_once
[voice] stopped.
    self._spin_once_impl(timeout_sec)
  File "/opt/ros/humble/local/lib/python3.10/dist-packages/rclpy/executors.py", line 797, in _spin_once_impl
    handler, entity, node = self.wait_for_ready_callbacks(timeout_sec=timeout_sec)
  File "/opt/ros/humble/local/lib/python3.10/dist-packages/rclpy/executors.py", line 780, in wait_for_ready_callbacks
    return next(self._cb_iter)
  File "/opt/ros/humble/local/lib/python3.10/dist-packages/rclpy/executors.py", line 681, in _wait_for_ready_callbacks
    raise ExternalShutdownException()
rclpy.executors.ExternalShutdownException
