[voice] loading faster-whisper 'medium.en' on cuda (float16) ...
[voice] faster-whisper ready in 12.0s
[voice_command v1] publishing to /vla/command
[voice] microphone: [11] pulse  @ 16000 Hz
[voice] LAZY MIC: the microphone is closed until you hold the talk button (keeps the robot's Wi-Fi clear).
[voice] No terminal attached — running HEADLESS. Waiting for hold-to-talk on /vla/voice/trigger.
[voice] ● recording (gui) ...
[voice] ■ 0.8s captured (peak 1.009) — transcribing ...
[voice] heard: 'undock'  [3.82s]  (avg_logprob -0.12)
[voice] --> SENT: 'undock'
[voice] ● recording (gui) ...
[voice] ■ 1.0s captured (peak 0.759) — transcribing ...
[voice] heard: 'what do you see'  [0.18s]  (avg_logprob -0.22)
[voice] --> SENT: 'what do you see'
[voice] ● recording (gui) ...
[voice] ■ 1.3s captured (peak 0.734) — transcribing ...
[voice] heard: 'go to the person'  [0.17s]  (avg_logprob -0.05)
[voice] --> SENT: 'go to the person'
[voice] ● recording (gui) ...
[voice] ■ 1.1s captured (peak 0.874) — transcribing ...
[voice] heard: 'turn right'  [0.15s]  (avg_logprob -0.33)
[voice] --> SENT: 'turn right'
[voice] ● recording (gui) ...
[voice] ■ 1.1s captured (peak 1.015) — transcribing ...
[voice] heard: 'find a chair'  [0.20s]  (avg_logprob -0.20)
[voice] --> SENT: 'find a chair'
[voice] ● recording (gui) ...
[voice] ■ 1.2s captured (peak 0.947) — transcribing ...
[voice] heard: 'go to the chair'  [0.17s]  (avg_logprob -0.08)
[voice] --> SENT: 'go to the chair'
[voice] ● recording (gui) ...
[voice] ■ 1.1s captured (peak 0.024) — transcribing ...
[voice] heard: ''  [0.00s]
[voice] ● recording (gui) ...
[voice] ■ 1.0s captured (peak 0.000) — transcribing ...
[voice]   ⚠ that was almost silent — is this the right mic, and is it unmuted?
[voice] heard: ''  [0.00s]
[voice] ● recording (gui) ...
[voice] ■ 1.2s captured (peak 0.014) — transcribing ...
[voice] heard: 'focus the camera'  [0.19s]  (avg_logprob -0.53)
[voice] --> SENT: 'focus the camera'
[voice] ● recording (gui) ...
[voice] ■ 1.3s captured (peak 0.738) — transcribing ...
[voice] heard: 'forget about everything'  [0.18s]  (avg_logprob -0.52)
[voice] --> SENT: 'forget about everything'
[voice] ● recording (gui) ...
[voice] ■ 3.6s captured (peak 0.717) — transcribing ...
[voice] heard: 'turn right and find a chair'  [0.19s]  (avg_logprob -0.14)
[voice] --> SENT: 'turn right and find a chair'
[voice] ● recording (gui) ...
[voice] ■ 1.2s captured (peak 0.013) — transcribing ...
[voice] heard: 'go to the chair'  [0.17s]  (avg_logprob -0.11)
[voice] --> SENT: 'go to the chair'
[voice] ● recording (gui) ...
[voice] ■ 1.5s captured (peak 0.026) — transcribing ...
[voice] heard: 'turn left'  [0.16s]  (avg_logprob -0.16)
[voice] --> SENT: 'turn left'
[voice] ● recording (gui) ...
[voice] ■ 0.6s captured (peak 0.684) — transcribing ...
[voice] heard: 'stop'  [0.15s]  (avg_logprob -0.32)
[voice] --> SENT: 'stop'
[voice] ● recording (gui) ...
[voice] ■ 0.7s captured (peak 0.314) — transcribing ...
[voice] heard: 'what do you see'  [0.17s]  (avg_logprob -0.16)
[voice] --> SENT: 'what do you see'
[voice] ● recording (gui) ...
[voice] ■ 1.4s captured (peak 0.477) — transcribing ...
[voice] heard: 'go to the closest person'  [0.18s]  (avg_logprob -0.10)
[voice] --> SENT: 'go to the closest person'
[voice] ● recording (gui) ...
[voice] ■ 2.7s captured (peak 0.073) — transcribing ...
[voice] heard: 'turn right and find a person'  [0.19s]  (avg_logprob -0.39)
[voice] --> SENT: 'turn right and find a person'
[voice] ● recording (gui) ...
[voice] ■ 1.2s captured (peak 0.013) — transcribing ...
[voice] heard: 'go to the person'  [0.17s]  (avg_logprob -0.13)
[voice] --> SENT: 'go to the person'
[voice] ● recording (gui) ...
[voice] ■ 1.1s captured (peak 0.015) — transcribing ...
[voice] heard: 'turn around'  [0.17s]  (avg_logprob -0.22)
[voice] --> SENT: 'turn around'
[voice] ● recording (gui) ...
[voice] ■ 0.4s captured (peak 0.000) — transcribing ...
[voice]   ⚠ that was almost silent — is this the right mic, and is it unmuted?
[voice] heard: ''  [0.00s]
[voice] ● recording (gui) ...
[voice] ■ 1.0s captured (peak 0.273) — transcribing ...
[voice] heard: 'what do you see'  [0.17s]  (avg_logprob -0.11)
[voice] --> SENT: 'what do you see'
[voice] ● recording (gui) ...
[voice] ■ 1.5s captured (peak 0.502) — transcribing ...
[voice] heard: 'go to the farthest person'  [0.18s]  (avg_logprob -0.09)
[voice] --> SENT: 'go to the farthest person'
[voice] ● recording (gui) ...
[voice] ■ 1.8s captured (peak 0.013) — transcribing ...
[voice] heard: 'go to the first'  [0.18s]  (avg_logprob -0.40)
[voice] --> SENT: 'go to the first'
[voice] ● recording (gui) ...
[voice] ■ 2.4s captured (peak 0.008) — transcribing ...
[voice] heard: 'turn left and find a person'  [0.18s]  (avg_logprob -0.15)
[voice] --> SENT: 'turn left and find a person'
[voice] ● recording (gui) ...
[voice] ■ 2.8s captured (peak 0.020) — transcribing ...
[voice] heard: 'turn right'  [0.16s]  (avg_logprob -0.46)
[voice] --> SENT: 'turn right'
[voice] ● recording (gui) ...
[voice] ■ 2.9s captured (peak 0.552) — transcribing ...
[voice] heard: 'turn right'  [0.17s]  (avg_logprob -0.11)
[voice] --> SENT: 'turn right'
[voice] ● recording (gui) ...
[voice] ■ 0.8s captured (peak 0.005) — transcribing ...
[voice] heard: ''  [0.00s]
[voice] ● recording (gui) ...
[voice] ■ 2.7s captured (peak 0.434) — transcribing ...
[voice] heard: 'turn left and move one meter'  [0.19s]  (avg_logprob -0.15)
[voice] --> SENT: 'turn left and move one meter'
[voice] ● recording (gui) ...
[voice] ■ 3.2s captured (peak 0.344) — transcribing ...
[voice] heard: 'turn right 20 degrees'  [0.20s]  (avg_logprob -0.41)
[voice] --> SENT: 'turn right 20 degrees'
[voice] ● recording (gui) ...
[voice] ■ 1.5s captured (peak 0.396) — transcribing ...
[voice] heard: 'do you see a chair'  [0.18s]  (avg_logprob -0.38)
[voice] --> SENT: 'do you see a chair'
[voice] ● recording (gui) ...
[voice] ■ 5.2s captured (peak 0.980) — transcribing ...
[voice] heard: 'go to the chair and stop at one meter away from the chair'  [0.23s]  (avg_logprob -0.11)
[voice] --> SENT: 'go to the chair and stop at one meter away from the chair'
[voice] ● recording (gui) ...
[voice] ■ 0.9s captured (peak 0.022) — transcribing ...
[voice] heard: 'left'  [0.15s]  (avg_logprob -0.28)
[voice] --> SENT: 'left'
[voice] ● recording (gui) ...
[voice] ■ 1.6s captured (peak 0.015) — transcribing ...
[voice] heard: 'go to the nearest person'  [0.18s]  (avg_logprob -0.08)
[voice] --> SENT: 'go to the nearest person'
[voice] ● recording (gui) ...
[voice] ■ 0.8s captured (peak 0.003) — transcribing ...
[voice]   ⚠ that was almost silent — is this the right mic, and is it unmuted?
[voice] heard: ''  [0.00s]
[voice] ● recording (gui) ...
[voice] ■ 1.2s captured (peak 0.707) — transcribing ...
[voice] heard: 'what do you see'  [0.19s]  (avg_logprob -0.16)
[voice] --> SENT: 'what do you see'
[voice] ● recording (gui) ...
[voice] ■ 2.3s captured (peak 0.206) — transcribing ...
[voice] heard: 'turn left'  [0.16s]  (avg_logprob -0.16)
[voice] --> SENT: 'turn left'
[voice] ● recording (gui) ...
[voice] ■ 1.0s captured (peak 0.014) — transcribing ...
[voice] heard: 'cancel the area'  [0.17s]  (avg_logprob -0.70)
[voice] --> SENT: 'cancel the area'
[voice] ● recording (gui) ...
[voice] ■ 1.9s captured (peak 0.747) — transcribing ...
[voice] heard: 'patrol the area'  [0.17s]  (avg_logprob -0.08)
[voice] --> SENT: 'patrol the area'
[voice] ● recording (gui) ...
[voice] ■ 0.9s captured (peak 0.002) — transcribing ...
[voice]   ⚠ that was almost silent — is this the right mic, and is it unmuted?
[voice] heard: ''  [0.00s]
[voice] ● recording (gui) ...
[voice] ■ 0.8s captured (peak 0.045) — transcribing ...
[voice] heard: 'turn around'  [0.17s]  (avg_logprob -0.26)
[voice] --> SENT: 'turn around'
[voice] ● recording (gui) ...
[voice] ■ 0.6s captured (peak 0.018) — transcribing ...
[voice] heard: 'go to the left'  [0.17s]  (avg_logprob -0.97)
[voice] (low confidence -0.97 < -0.75 — not sent. Say it again?)
[voice] ● recording (gui) ...
[voice] ■ 1.1s captured (peak 0.645) — transcribing ...
[voice] heard: 'go to the chair'  [0.17s]  (avg_logprob -0.08)
[voice] --> SENT: 'go to the chair'
[voice] ● recording (gui) ...
[voice] ■ 1.6s captured (peak 0.015) — transcribing ...
[voice] heard: 'patrol the area'  [0.18s]  (avg_logprob -0.12)
[voice] --> SENT: 'patrol the area'
[voice] ● recording (gui) ...
[voice] ■ 0.5s captured (peak 0.000) — transcribing ...
[voice]   ⚠ that was almost silent — is this the right mic, and is it unmuted?
[voice] heard: ''  [0.00s]
[voice] ● recording (gui) ...
[voice] ■ 1.1s captured (peak 0.839) — transcribing ...
[voice] heard: 'stop'  [0.18s]  (avg_logprob -0.51)
[voice] --> SENT: 'stop'
[voice] ● recording (gui) ...
[voice] ■ 0.9s captured (peak 0.041) — transcribing ...
[voice] heard: 'lock the robot'  [0.18s]  (avg_logprob -0.74)
[voice] --> SENT: 'lock the robot'
[voice] ● recording (gui) ...
[voice] ■ 0.5s captured (peak 1.014) — transcribing ...
[voice] heard: 'stop'  [0.16s]  (avg_logprob -0.29)
[voice] --> SENT: 'stop'
[voice] ● recording (gui) ...
[voice] ■ 1.0s captured (peak 0.997) — transcribing ...
[voice] heard: 'dock'  [0.15s]  (avg_logprob -0.20)
[voice] --> SENT: 'dock'
Exception in thread Thread-2 (spin):
Traceback (most recent call last):
  File "/usr/lib/python3.10/threading.py", line 1016, in _bootstrap_inner
[voice] stopped.
    self.run()
  File "/usr/lib/python3.10/threading.py", line 953, in run
    self._target(*self._args, **self._kwargs)
  File "/opt/ros/humble/local/lib/python3.10/dist-packages/rclpy/__init__.py", line 229, in spin
    executor.spin_once()
  File "/opt/ros/humble/local/lib/python3.10/dist-packages/rclpy/executors.py", line 808, in spin_once
    self._spin_once_impl(timeout_sec)
  File "/opt/ros/humble/local/lib/python3.10/dist-packages/rclpy/executors.py", line 797, in _spin_once_impl
    handler, entity, node = self.wait_for_ready_callbacks(timeout_sec=timeout_sec)
  File "/opt/ros/humble/local/lib/python3.10/dist-packages/rclpy/executors.py", line 780, in wait_for_ready_callbacks
    return next(self._cb_iter)
  File "/opt/ros/humble/local/lib/python3.10/dist-packages/rclpy/executors.py", line 681, in _wait_for_ready_callbacks
    raise ExternalShutdownException()
rclpy.executors.ExternalShutdownException
[voice] loading faster-whisper 'medium.en' on cuda (float16) ...
[voice] faster-whisper ready in 1.5s
[voice_command v1] publishing to /vla/command
[voice] microphone: [11] pulse  @ 16000 Hz
[voice] LAZY MIC: the microphone is closed until you hold the talk button (keeps the robot's Wi-Fi clear).
[voice] No terminal attached — running HEADLESS. Waiting for hold-to-talk on /vla/voice/trigger.
Exception in thread Thread-2 (spin):
Traceback (most recent call last):
  File "/usr/lib/python3.10/threading.py", line 1016, in _bootstrap_inner
[voice] stopped.
    self.run()
  File "/usr/lib/python3.10/threading.py", line 953, in run
    self._target(*self._args, **self._kwargs)
  File "/opt/ros/humble/local/lib/python3.10/dist-packages/rclpy/__init__.py", line 229, in spin
    executor.spin_once()
  File "/opt/ros/humble/local/lib/python3.10/dist-packages/rclpy/executors.py", line 808, in spin_once
    self._spin_once_impl(timeout_sec)
  File "/opt/ros/humble/local/lib/python3.10/dist-packages/rclpy/executors.py", line 797, in _spin_once_impl
    [voice] loading faster-whisper 'medium.en' on cuda (float16) ...
[voice] faster-whisper ready in 1.5s
[voice_command v1] publishing to /vla/command
[voice] microphone: [11] pulse  @ 16000 Hz
[voice] LAZY MIC: the microphone is closed until you hold the talk button (keeps the robot's Wi-Fi clear).
[voice] No terminal attached — running HEADLESS. Waiting for hold-to-talk on /vla/voice/trigger.
[voice] ● recording (gui) ...
[voice] ■ 0.7s captured (peak 0.044) — transcribing ...
[voice] heard: 'turn right'  [0.37s]  (avg_logprob -0.28)
[voice] --> SENT: 'turn right'
[voice] ● recording (gui) ...
[voice] ■ 1.6s captured (peak 0.043) — transcribing ...
[voice] heard: 'turn left twenty degrees'  [0.18s]  (avg_logprob -0.26)
[voice] --> SENT: 'turn left twenty degrees'
[voice] ● recording (gui) ...
[voice] ■ 0.9s captured (peak 1.007) — transcribing ...
[voice] heard: 'what do you see'  [0.18s]  (avg_logprob -0.17)
[voice] --> SENT: 'what do you see'
[voice] ● recording (gui) ...
[voice] ■ 1.3s captured (peak 1.001) — transcribing ...
[voice] heard: 'go to the farthest person'  [0.20s]  (avg_logprob -0.10)
[voice] --> SENT: 'go to the farthest person'
[voice] ● recording (gui) ...
[voice] ■ 0.9s captured (peak 0.009) — transcribing ...
[voice] heard: ''  [0.00s]
[voice] ● recording (gui) ...
[voice] ■ 0.8s captured (peak 1.006) — transcribing ...
[voice] heard: 'turn around'  [0.18s]  (avg_logprob -0.41)
[voice] --> SENT: 'turn around'
[voice] ● recording (gui) ...
[voice] (too short: 0.33s — ignored)
[voice] ● recording (gui) ...
[voice] ■ 0.7s captured (peak 1.001) — transcribing ...
[voice] heard: 'turn right'  [0.17s]  (avg_logprob -0.37)
[voice] --> SENT: 'turn right'
[voice] ● recording (gui) ...
[voice] (too short: 0.30s — ignored)
[voice] ● recording (gui) ...
[voice] ■ 1.2s captured (peak 1.013) — transcribing ...
[voice] heard: 'turn left 40 degrees'  [0.17s]  (avg_logprob -0.20)
[voice] --> SENT: 'turn left 40 degrees'
[voice] ● recording (gui) ...
[voice] ■ 0.7s captured (peak 0.879) — transcribing ...
[voice] heard: 'what do you see'  [0.17s]  (avg_logprob -0.21)
[voice] --> SENT: 'what do you see'
[voice] ● recording (gui) ...
[voice] ■ 1.5s captured (peak 0.733) — transcribing ...
[voice] heard: 'go to the closest person'  [0.19s]  (avg_logprob -0.15)
[voice] --> SENT: 'go to the closest person'
[voice] ● recording (gui) ...
[voice] ■ 1.4s captured (peak 0.082) — transcribing ...
[voice] heard: 'turn left thirty degrees'  [0.18s]  (avg_logprob -0.32)
[voice] --> SENT: 'turn left thirty degrees'
[voice] ● recording (gui) ...
[voice] ■ 0.8s captured (peak 0.891) — transcribing ...
[voice] heard: 'what do you see'  [0.18s]  (avg_logprob -0.39)
[voice] --> SENT: 'what do you see'
[voice] ● recording (gui) ...
[voice] ■ 1.7s captured (peak 0.787) — transcribing ...
[voice] heard: 'go to the farthest chair'  [0.20s]  (avg_logprob -0.09)
[voice] --> SENT: 'go to the farthest chair'
[voice] ● recording (gui) ...
[voice] ■ 1.1s captured (peak 0.031) — transcribing ...
[voice] heard: ''  [0.18s]
[voice] ● recording (gui) ...
[voice] ■ 0.8s captured (peak 0.833) — transcribing ...
[voice] heard: 'turn around'  [0.17s]  (avg_logprob -0.28)
[voice] --> SENT: 'turn around'
[voice] ● recording (gui) ...
[voice] ■ 0.5s captured (peak 1.018) — transcribing ...
[voice] heard: 'stop'  [0.16s]  (avg_logprob -0.26)
[voice] --> SENT: 'stop'
[voice] ● recording (gui) ...
[voice] ■ 1.3s captured (peak 0.784) — transcribing ...
[voice] heard: 'what do you see'  [0.18s]  (avg_logprob -0.28)
[voice] --> SENT: 'what do you see'
[voice] ● recording (gui) ...
[voice] ■ 0.7s captured (peak 0.864) — transcribing ...
[voice] heard: 'turn left'  [0.17s]  (avg_logprob -0.43)
[voice] --> SENT: 'turn left'
[voice] ● recording (gui) ...
[voice] ■ 0.4s captured (peak 0.726) — transcribing ...
[voice] heard: 'stop'  [0.16s]  (avg_logprob -0.30)
[voice] --> SENT: 'stop'
[voice] ● recording (gui) ...
[voice] ■ 1.5s captured (peak 0.579) — transcribing ...
[voice] heard: 'turn right 30 degrees'  [0.17s]  (avg_logprob -0.33)
[voice] --> SENT: 'turn right 30 degrees'
[voice] ● recording (gui) ...
[voice] ■ 1.9s captured (peak 0.186) — transcribing ...
[voice] heard: 'what do you see'  [0.18s]  (avg_logprob -0.30)
[voice] --> SENT: 'what do you see'
[voice] ● recording (gui) ...
[voice] ■ 1.1s captured (peak 0.919) — transcribing ...
[voice] heard: 'go to the chair'  [0.18s]  (avg_logprob -0.14)
[voice] --> SENT: 'go to the chair'
[voice] ● recording (gui) ...
[voice] ■ 1.5s captured (peak 0.040) — transcribing ...
[voice] heard: 'now go to the person'  [0.18s]  (avg_logprob -0.14)
[voice] --> SENT: 'now go to the person'
[voice] ● recording (gui) ...
[voice] ■ 1.3s captured (peak 0.017) — transcribing ...
[voice] heard: 'go to the next person'  [0.18s]  (avg_logprob -0.91)
[voice] (low confidence -0.91 < -0.75 — not sent. Say it again?)
[voice] ● recording (gui) ...
[voice] ■ 1.8s captured (peak 1.005) — transcribing ...
[voice] heard: 'go to the nearest person'  [0.19s]  (avg_logprob -0.10)
[voice] --> SENT: 'go to the nearest person'
[voice] ● recording (gui) ...
[voice] ■ 2.2s captured (peak 1.009) — transcribing ...
[voice] heard: 'go to the farthest person'  [0.20s]  (avg_logprob -0.10)
[voice] --> SENT: 'go to the farthest person'
[voice] ● recording (gui) ...
[voice] ■ 0.6s captured (peak 0.100) — transcribing ...
[voice] heard: 'right'  [0.18s]  (avg_logprob -0.54)
[voice] --> SENT: 'right'
[voice] ● recording (gui) ...
[voice] ■ 1.0s captured (peak 0.015) — transcribing ...
[voice] heard: 'turn left'  [0.17s]  (avg_logprob -0.68)
[voice] --> SENT: 'turn left'
[voice] ● recording (gui) ...
[voice] ■ 1.0s captured (peak 1.049) — transcribing ...
[voice] heard: 'turn right'  [0.15s]  (avg_logprob -0.16)
[voice] --> SENT: 'turn right'
[voice] ● recording (gui) ...
[voice] ■ 0.7s captured (peak 0.038) — transcribing ...
[voice] heard: 'stop'  [0.16s]  (avg_logprob -0.34)
[voice] --> SENT: 'stop'
[voice] ● recording (gui) ...
[voice] ■ 0.7s captured (peak 1.013) — transcribing ...
[voice] heard: 'dock'  [0.16s]  (avg_logprob -0.30)
[voice] --> SENT: 'dock'
[voice] ● recording (gui) ...
[voice] ■ 1.6s captured (peak 0.031) — transcribing ...
[voice] heard: 'what do you see'  [0.20s]  (avg_logprob -0.17)
[voice] --> SENT: 'what do you see'
[voice] ● recording (gui) ...
[voice] ■ 3.8s captured (peak 1.045) — transcribing ...
[voice] heard: 'turn left 20 degrees'  [0.18s]  (avg_logprob -0.29)
[voice] --> SENT: 'turn left 20 degrees'
[voice] ● recording (gui) ...
[voice] ■ 0.9s captured (peak 0.025) — transcribing ...
[voice] heard: 'what do you see'  [0.18s]  (avg_logprob -0.14)
[voice] --> SENT: 'what do you see'
[voice] ● recording (gui) ...
[voice] ■ 1.3s captured (peak 1.005) — transcribing ...
[voice] heard: 'go to the person'  [0.18s]  (avg_logprob -0.08)
[voice] --> SENT: 'go to the person'
[voice] ● recording (gui) ...
[voice] ■ 1.3s captured (peak 0.050) — transcribing ...
[voice] heard: 'find another person'  [0.17s]  (avg_logprob -0.21)
[voice] --> SENT: 'find another person'
[voice] ● recording (gui) ...
[voice] ■ 1.8s captured (peak 0.050) — transcribing ...
[voice] heard: 'locate another person'  [0.18s]  (avg_logprob -0.13)
[voice] --> SENT: 'locate another person'
[voice] ● recording (gui) ...
[voice] (too short: 0.30s — ignored)
[voice] ● recording (gui) ...
[voice] ■ 2.1s captured (peak 0.000) — transcribing ...
[voice]   ⚠ that was almost silent — is this the right mic, and is it unmuted?
[voice] heard: ''  [0.00s]
[voice] ● recording (gui) ...
[voice] ■ 1.1s captured (peak 0.000) — transcribing ...
[voice]   ⚠ that was almost silent — is this the right mic, and is it unmuted?
[voice] heard: ''  [0.00s]
Exception in thread Thread-2 (spin):
Traceback (most recent call last):
  File "/usr/lib/python3.10/threading.py", line 1016, in _bootstrap_inner
    self.run()
  File "/usr/lib/python3.10/threading.py", line 953, in run
    self._target(*self._args, **self._kwargs)
  File "/opt/ros/humble/local/lib/python3.10/dist-packages/rclpy/__init__.py", line 229, in spin
    executor.spin_once()
  File "/opt/ros/humble/local/lib/python3.10/dist-packages/rclpy/executors.py", line 808, in spin_once
    self._spin_once_impl(timeout_sec)
  File "/opt/ros/humble/local/lib/python3.10/dist-packages/rclpy/executors.py", line 797, in _spin_once_impl
    handler, entity, node = self.wait_for_ready_callbacks(timeout_sec=timeout_sec)
  File "/opt/ros/humble/local/lib/python3.10/dist-packages/rclpy/executors.py", line 780, in wait_for_ready_callbacks
    return next(self._cb_iter)
  File "/opt/ros/humble/local/lib/python3.10/dist-packages/rclpy/executors.py", line 681, in _wait_for_ready_callbacks
[voice] stopped.
    raise ExternalShutdownException()
rclpy.executors.ExternalShutdownException
terminate called after throwing an instance of 'std::runtime_error'
  what():  CUDA failed with error driver shutting down
