2026-09-15 11:47:27.476 [RUN] vla_agent v28  (#63 headless-safe console output, #62 direction-aware collision guard, #61 nearest-cluster LiDAR ranging, #60 manual override teleop, #59 10 Hz collision guard, #58 smoother approach, #57 stand off far enough to keep the object in view, #56 step-and-stare scan, #55 LiDAR failure reasons reported, #54 LiDAR object ranging, #53 seeded depth intrinsics, #52 depth intrinsics rescaled to frame size, #51 compressedDepth transport, #50 compressed RGB transport, #49 annotated feed gated per topic, #47 TF at colour-frame stamp, #48 reject stale depth, #46 one subscription per camera stream, #43 longer cached action-server wait, #44 undock retry-loop breaker, #45 sync slop for 1 Hz depth, #37 /robot1 namespace, #38 stereo depth topic, #39 best-effort sensor QoS, #40 RGB->depth pixel mapping, #41 encoding-based mm/m, #42 explicit namespaced TF, #36 no patrol feed prompt, #35 cancel actually stops the robot, #34 feed publishes to any subscriber, #22 dock no-detect zone, #23 live-first memory, #24 forget, #25 typo-tolerant control words, #26 bare yes/no, #27 context expiry, #28 all-instance distances, #29 Create 3 backup ratchet, #30 sticky goals + range-scaled gate + ring-safe blacklist, #31 incremental off-map hop goals, #32 non-freezing live feed, #33 command/reply/status bridge)
2026-09-15 11:47:27.476 [RUN] agent started (SIGHT_CONFIRM=2, SEARCH_TIMEOUT=120.0s, NO_PROGRESS_LIMIT=60.0s, ROBOT_CLEARANCE=0.25m)
2026-09-15 11:48:13.097 [ROBOT] I've stopped receiving camera frames (none for over 5s). Check the OAK-D driver — I can still move, but I'm blind until it's back.
2026-09-15 11:48:13.097 [WARN] #32e camera stream stalled (>5s)
2026-09-15 11:48:17.311 [WARN] #32e camera stream RESUMED after 9.4s
2026-09-15 11:48:17.311 [ROBOT] Camera frames are back — the gap was 9.4s.
2026-09-15 11:48:18.069 [CMD] [remote] done
2026-09-15 11:48:18.070 [STOP] hard stop requested (cancel-all + zero barrage)
2026-09-15 11:48:18.365 [BRAIN] {'steps': [{'action': 'clarify', 'target': None, 'speech': "Sorry, I didn't catch that — can you say it another way?"}]}
2026-09-15 11:48:18.365 [STEP] clarify target=None
2026-09-15 11:48:20.117 [ROBOT] Stopped. The robot is idle.
2026-09-15 11:48:20.117 [STOP] confirmed stopped by odometry after barrage
2026-09-15 11:48:22.497 [ROBOT] I've stopped receiving camera frames (none for over 5s). Check the OAK-D driver — I can still move, but I'm blind until it's back.
2026-09-15 11:48:22.497 [WARN] #32e camera stream stalled (>5s)
2026-09-15 11:48:22.959 [WARN] #32e camera stream RESUMED after 5.6s
2026-09-15 11:48:22.959 [ROBOT] Camera frames are back — the gap was 5.6s.
2026-09-15 11:48:23.106 [CMD] [remote] turn right
2026-09-15 11:48:23.107 [STOP] hard stop requested (cancel-all + zero barrage)
2026-09-15 11:48:23.704 [BRAIN] {'steps': [{'action': 'move', 'speech': 'Turning ninety degrees right.', 'target': None, 'distance_m': 0.0, 'rotation_deg': -90.0}]}
2026-09-15 11:48:23.704 [STEP] move target=None
2026-09-15 11:48:25.157 [ROBOT] Stopped. The robot is idle.
2026-09-15 11:48:25.157 [STOP] confirmed stopped by odometry after barrage
2026-09-15 11:48:30.497 [ROBOT] Done with that move.
2026-09-15 11:48:38.348 [CMD] (cancel via remote) stop
2026-09-15 11:48:38.348 [STOP] hard stop requested (cancel-all + zero barrage)
2026-09-15 11:48:40.397 [ROBOT] Stopped. The robot is idle.
2026-09-15 11:48:40.397 [STOP] confirmed stopped by odometry after barrage
2026-09-15 11:48:43.935 [CMD] [remote] run
2026-09-15 11:48:43.935 [STOP] hard stop requested (cancel-all + zero barrage)
2026-09-15 11:48:44.687 [BRAIN] {'steps': [{'action': 'reject', 'speech': "I can't run (no legs), but I can drive forward — want me to go somewhere specific?", 'target': None}]}
2026-09-15 11:48:44.688 [STEP] reject target=None
2026-09-15 11:48:45.977 [ROBOT] Stopped. The robot is idle.
2026-09-15 11:48:45.977 [STOP] confirmed stopped by odometry after barrage
2026-09-15 11:48:51.311 [CMD] (cancel via remote) stop
2026-09-15 11:48:51.311 [STOP] hard stop requested (cancel-all + zero barrage)
2026-09-15 11:48:53.357 [ROBOT] Stopped. The robot is idle.
2026-09-15 11:48:53.357 [STOP] confirmed stopped by odometry after barrage
2026-09-15 11:49:02.621 [CMD] [remote] turn around
2026-09-15 11:49:02.621 [STOP] hard stop requested (cancel-all + zero barrage)
2026-09-15 11:49:03.238 [BRAIN] {'steps': [{'action': 'move', 'speech': 'Turning around.', 'target': None, 'distance_m': 0.0, 'rotation_deg': 180.0}]}
2026-09-15 11:49:03.238 [STEP] move target=None
2026-09-15 11:49:04.677 [ROBOT] Stopped. The robot is idle.
2026-09-15 11:49:04.677 [STOP] confirmed stopped by odometry after barrage
2026-09-15 11:49:07.897 [ROBOT] I've stopped receiving camera frames (none for over 5s). Check the OAK-D driver — I can still move, but I'm blind until it's back.
2026-09-15 11:49:07.897 [WARN] #32e camera stream stalled (>5s)
2026-09-15 11:49:12.085 [WARN] #32e camera stream RESUMED after 9.2s
2026-09-15 11:49:12.085 [ROBOT] Camera frames are back — the gap was 9.2s.
2026-09-15 11:49:12.497 [ROBOT] Done with that move.
2026-09-15 11:49:18.697 [ROBOT] I've stopped receiving camera frames (none for over 5s). Check the OAK-D driver — I can still move, but I'm blind until it's back.
2026-09-15 11:49:18.697 [WARN] #32e camera stream stalled (>5s)
2026-09-15 11:49:22.347 [WARN] #32e camera stream RESUMED after 8.7s
2026-09-15 11:49:22.347 [ROBOT] Camera frames are back — the gap was 8.7s.
2026-09-15 11:49:38.794 [CMD] [remote] what do you see
2026-09-15 11:49:38.795 [STOP] hard stop requested (cancel-all + zero barrage)
2026-09-15 11:49:39.520 [BRAIN] {'steps': [{'action': 'describe', 'speech': 'I can see a chair, a person, and a shelf.', 'target': None}]}
2026-09-15 11:49:39.520 [STEP] describe target=None
2026-09-15 11:49:40.837 [ROBOT] Stopped. The robot is idle.
2026-09-15 11:49:40.837 [STOP] confirmed stopped by odometry after barrage
2026-09-15 11:49:43.986 [CMD] [remote] go to the next person
2026-09-15 11:49:43.987 [STOP] hard stop requested (cancel-all + zero barrage)
2026-09-15 11:49:44.577 [BRAIN] {'steps': [{'action': 'navigate', 'speech': 'Heading to the next person.', 'target': 'person'}]}
2026-09-15 11:49:44.578 [STEP] navigate target='person'
2026-09-15 11:49:46.037 [ROBOT] Stopped. The robot is idle.
2026-09-15 11:49:46.037 [STOP] confirmed stopped by odometry after barrage
2026-09-15 11:49:46.543 [ROBOT] Found the person — navigating to it.
2026-09-15 11:49:46.544 [SIGHT] person at (-1.82, -3.23), 3.64 m away
2026-09-15 11:49:46.544 [ROBOT] The person is about 3.6 m away, past the edge of what I've mapped. Moving up in short steps and mapping as I go.
2026-09-15 11:49:46.544 [STEP] #31 hop mode engaged for person: object (-1.82, -3.23) at 3.6 m, area_mapped=False
2026-09-15 11:49:46.544 [GOAL] #31 hop 1: 1.50 m toward person (still 3.6 m away)
2026-09-15 11:49:46.544 [GOAL] (-0.84, -1.32) yaw=-117deg mode=navigate
2026-09-15 11:49:48.543 [STEP] person area now mapped after 1 hop(s) — switching to a direct approach
2026-09-15 11:49:48.543 [ROBOT] The area around the person is mapped now — going straight to it.
2026-09-15 11:49:48.544 [GOAL] (-0.96, -3.03) yaw=-135deg mode=navigate
2026-09-15 11:49:48.546 [RESULT] nav goal status=6 (not-succeeded)
2026-09-15 11:49:48.546 [WARN] nav goal (-0.96, -3.03) failed (status=6); trying another approach angle
2026-09-15 11:49:49.543 [GOAL] (-1.25, -2.85) yaw=-110deg mode=navigate
2026-09-15 11:49:49.546 [RESULT] nav goal status=6 (not-succeeded)
2026-09-15 11:49:49.546 [WARN] nav goal (-1.25, -2.85) failed (status=6); trying another approach angle
2026-09-15 11:49:50.544 [GOAL] (-1.46, -2.44) yaw=-121deg mode=navigate
2026-09-15 11:49:50.546 [RESULT] nav goal status=6 (not-succeeded)
2026-09-15 11:49:50.546 [WARN] nav goal (-1.46, -2.44) failed (status=6); trying another approach angle
2026-09-15 11:49:51.544 [GOAL] (-1.14, -3.05) yaw=-141deg mode=navigate
2026-09-15 11:49:51.546 [RESULT] nav goal status=6 (not-succeeded)
2026-09-15 11:49:51.546 [WARN] nav goal (-1.14, -3.05) failed (status=6); trying another approach angle
2026-09-15 11:49:52.544 [GOAL] (-0.98, -3.36) yaw=-167deg mode=navigate
2026-09-15 11:49:52.546 [RESULT] nav goal status=6 (not-succeeded)
2026-09-15 11:49:52.546 [WARN] nav goal (-0.98, -3.36) failed (status=6); trying another approach angle
2026-09-15 11:49:53.545 [GOAL] (-1.38, -2.84) yaw=-118deg mode=navigate
2026-09-15 11:49:53.556 [RESULT] nav goal status=6 (not-succeeded)
2026-09-15 11:49:53.556 [WARN] nav goal (-1.38, -2.84) failed (status=6); trying another approach angle
2026-09-15 11:49:54.544 [GOAL] (-1.30, -2.62) yaw=-125deg mode=navigate
2026-09-15 11:49:54.547 [RESULT] nav goal status=6 (not-succeeded)
2026-09-15 11:49:54.547 [WARN] nav goal (-1.30, -2.62) failed (status=6); trying another approach angle
2026-09-15 11:49:55.544 [GOAL] (-1.07, -4.07) yaw=-164deg mode=navigate
2026-09-15 11:49:55.546 [RESULT] nav goal status=6 (not-succeeded)
2026-09-15 11:49:55.546 [WARN] nav goal (-1.07, -4.07) failed (status=6); trying another approach angle
2026-09-15 11:49:56.541 [GOAL] (-1.04, -4.40) yaw=172deg mode=navigate
2026-09-15 11:49:56.546 [RESULT] nav goal status=6 (not-succeeded)
2026-09-15 11:49:56.546 [WARN] nav goal (-1.04, -4.40) failed (status=6); trying another approach angle
2026-09-15 11:49:57.541 [WARN] all approach goals for person refused; clearing the tried-list and retrying
2026-09-15 11:49:57.542 [GOAL] (-1.06, -4.08) yaw=-165deg mode=navigate
2026-09-15 11:49:57.546 [RESULT] nav goal status=6 (not-succeeded)
2026-09-15 11:49:57.546 [WARN] nav goal (-1.06, -4.08) failed (status=6); trying another approach angle
2026-09-15 11:49:58.545 [GOAL] (-1.77, -3.49) yaw=-95deg mode=navigate
2026-09-15 11:49:58.556 [RESULT] nav goal status=6 (not-succeeded)
2026-09-15 11:49:58.556 [WARN] nav goal (-1.77, -3.49) failed (status=6); trying another approach angle
2026-09-15 11:49:59.544 [WARN] all approach goals for person refused; clearing the tried-list and retrying
2026-09-15 11:49:59.545 [GOAL] (-1.04, -4.21) yaw=-175deg mode=navigate
2026-09-15 11:49:59.556 [RESULT] nav goal status=6 (not-succeeded)
2026-09-15 11:49:59.556 [WARN] nav goal (-1.04, -4.21) failed (status=6); trying another approach angle
2026-09-15 11:49:59.556 [WARN] every approach to the target failed — dropping sighting, rescanning
2026-09-15 11:50:10.532 [CMD] (cancel via remote) cancel
2026-09-15 11:50:10.533 [STOP] hard stop requested (cancel-all + zero barrage)
2026-09-15 11:50:12.577 [ROBOT] Stopped. The robot is idle.
2026-09-15 11:50:12.577 [STOP] confirmed stopped by odometry after barrage
2026-09-15 11:52:14.447 [CMD] [remote] turn right
2026-09-15 11:52:14.447 [STOP] hard stop requested (cancel-all + zero barrage)
2026-09-15 11:52:15.094 [BRAIN] {'steps': [{'action': 'move', 'speech': 'Turning ninety degrees to the right.', 'target': None, 'distance_m': 0.0, 'rotation_deg': -90.0}]}
2026-09-15 11:52:15.094 [STEP] move target=None
2026-09-15 11:52:16.497 [ROBOT] Stopped. The robot is idle.
2026-09-15 11:52:16.497 [STOP] confirmed stopped by odometry after barrage
2026-09-15 11:52:21.497 [ROBOT] Done with that move.
2026-09-15 11:52:27.342 [CMD] [remote] move forward one meter
2026-09-15 11:52:27.343 [STOP] hard stop requested (cancel-all + zero barrage)
2026-09-15 11:52:27.945 [BRAIN] {'steps': [{'action': 'move', 'speech': 'Moving forward one metre.', 'target': None, 'distance_m': 1.0, 'rotation_deg': 0.0}]}
2026-09-15 11:52:27.945 [STEP] move target=None
2026-09-15 11:52:29.397 [ROBOT] Stopped. The robot is idle.
2026-09-15 11:52:29.397 [STOP] confirmed stopped by odometry after barrage
2026-09-15 11:52:35.497 [ROBOT] Done with that move.
2026-09-15 11:52:40.109 [CMD] [remote] turn left
2026-09-15 11:52:40.109 [STOP] hard stop requested (cancel-all + zero barrage)
2026-09-15 11:52:40.730 [BRAIN] {'steps': [{'action': 'move', 'speech': 'Turning ninety degrees left.', 'target': None, 'distance_m': 0.0, 'rotation_deg': 90.0}]}
2026-09-15 11:52:40.731 [STEP] move target=None
2026-09-15 11:52:42.157 [ROBOT] Stopped. The robot is idle.
2026-09-15 11:52:42.157 [STOP] confirmed stopped by odometry after barrage
2026-09-15 11:52:42.285 [CMD] (cancel via remote) cancel
2026-09-15 11:52:42.285 [STOP] hard stop requested (cancel-all + zero barrage)
2026-09-15 11:52:44.337 [ROBOT] Stopped. The robot is idle.
2026-09-15 11:52:44.338 [STOP] confirmed stopped by odometry after barrage
2026-09-15 11:52:47.294 [CMD] [remote] bye last time
2026-09-15 11:52:47.295 [STOP] hard stop requested (cancel-all + zero barrage)
2026-09-15 11:52:47.339 [CTX] dropping stale context (navigate -> person)
2026-09-15 11:52:47.994 [BRAIN] {'steps': [{'action': 'answer', 'speech': 'Goodbye! If you need anything, just call me back.', 'target': None}]}
2026-09-15 11:52:47.994 [STEP] answer target=None
2026-09-15 11:52:49.013 [CMD] (cancel via remote) cancel
2026-09-15 11:52:49.013 [STOP] hard stop requested (cancel-all + zero barrage)
2026-09-15 11:52:51.057 [ROBOT] Stopped. The robot is idle.
2026-09-15 11:52:51.057 [STOP] confirmed stopped by odometry after barrage
2026-09-15 11:52:53.459 [CMD] [remote] turn left
2026-09-15 11:52:53.459 [STOP] hard stop requested (cancel-all + zero barrage)
2026-09-15 11:52:54.082 [BRAIN] {'steps': [{'action': 'move', 'speech': 'Turning ninety degrees left.', 'target': None, 'distance_m': 0.0, 'rotation_deg': 90.0}]}
2026-09-15 11:52:54.082 [STEP] move target=None
2026-09-15 11:52:55.517 [ROBOT] Stopped. The robot is idle.
2026-09-15 11:52:55.517 [STOP] confirmed stopped by odometry after barrage
2026-09-15 11:52:56.757 [CMD] (cancel via remote) cancel
2026-09-15 11:52:56.757 [STOP] hard stop requested (cancel-all + zero barrage)
2026-09-15 11:52:58.817 [ROBOT] Stopped. The robot is idle.
2026-09-15 11:52:58.817 [STOP] confirmed stopped by odometry after barrage
2026-09-15 11:53:02.709 [CMD] [remote] move forward one meter
2026-09-15 11:53:02.709 [STOP] hard stop requested (cancel-all + zero barrage)
2026-09-15 11:53:03.303 [BRAIN] {'steps': [{'action': 'move', 'speech': 'Moving forward one metre.', 'target': None, 'distance_m': 1.0, 'rotation_deg': 0.0}]}
2026-09-15 11:53:03.303 [STEP] move target=None
2026-09-15 11:53:04.757 [ROBOT] Stopped. The robot is idle.
2026-09-15 11:53:04.757 [STOP] confirmed stopped by odometry after barrage
2026-09-15 11:53:11.497 [ROBOT] Done with that move.
2026-09-15 11:53:12.661 [CMD] (cancel via remote) cancel
2026-09-15 11:53:12.661 [STOP] hard stop requested (cancel-all + zero barrage)
2026-09-15 11:53:14.717 [ROBOT] Stopped. The robot is idle.
2026-09-15 11:53:14.717 [STOP] confirmed stopped by odometry after barrage
2026-09-15 11:53:18.555 [CMD] (cancel via remote) stop right turn left
2026-09-15 11:53:18.555 [STOP] hard stop requested (cancel-all + zero barrage)
2026-09-15 11:53:20.597 [ROBOT] Stopped. The robot is idle.
2026-09-15 11:53:20.597 [STOP] confirmed stopped by odometry after barrage
2026-09-15 11:53:21.021 [CMD] (cancel via remote) cancel
2026-09-15 11:53:21.021 [STOP] hard stop requested (cancel-all + zero barrage)
2026-09-15 11:53:23.077 [ROBOT] Stopped. The robot is idle.
2026-09-15 11:53:23.077 [STOP] confirmed stopped by odometry after barrage
2026-09-15 11:53:34.669 [CMD] [remote] turn right 30 degrees
2026-09-15 11:53:34.669 [STOP] hard stop requested (cancel-all + zero barrage)
2026-09-15 11:53:35.325 [BRAIN] {'steps': [{'action': 'move', 'speech': 'Turning thirty degrees to the right.', 'target': None, 'distance_m': 0.0, 'rotation_deg': -30.0}]}
2026-09-15 11:53:35.325 [STEP] move target=None
2026-09-15 11:53:36.717 [ROBOT] Stopped. The robot is idle.
2026-09-15 11:53:36.717 [STOP] confirmed stopped by odometry after barrage
2026-09-15 11:53:39.497 [ROBOT] Done with that move.
2026-09-15 11:53:45.672 [CMD] [remote] move forward one meter
2026-09-15 11:53:45.672 [STOP] hard stop requested (cancel-all + zero barrage)
2026-09-15 11:53:46.280 [BRAIN] {'steps': [{'action': 'move', 'speech': 'Moving forward one metre.', 'target': None, 'distance_m': 1.0, 'rotation_deg': 0.0}]}
2026-09-15 11:53:46.280 [STEP] move target=None
2026-09-15 11:53:47.717 [ROBOT] Stopped. The robot is idle.
2026-09-15 11:53:47.717 [STOP] confirmed stopped by odometry after barrage
2026-09-15 11:53:54.497 [ROBOT] Done with that move.
2026-09-15 11:53:57.746 [CMD] [remote] dock
2026-09-15 11:53:57.747 [STOP] hard stop requested (cancel-all + zero barrage)
2026-09-15 11:53:57.747 [STEP] dock target=None
2026-09-15 11:53:57.747 [ROBOT] Docking…
2026-09-15 11:54:03.757 [ROBOT] I sent the stop but the robot is STILL MOVING (0.00 m/s, 0.65 rad/s). Take manual override now.
2026-09-15 11:54:03.757 [ERROR] #35 robot still moving 6.0s after stop: lin=0.00 ang=0.65
2026-09-15 11:54:59.864 [ROBOT] The dock action did not complete — please check the robot. (dock_status will keep me updated.)
2026-09-15 11:54:59.865 [DOCK] dock FAILED
2026-09-15 11:55:07.932 [CMD] [remote] dock
2026-09-15 11:55:07.933 [STOP] hard stop requested (cancel-all + zero barrage)
2026-09-15 11:55:07.933 [STEP] dock target=None
2026-09-15 11:55:07.933 [ROBOT] Docking…
2026-09-15 11:55:13.937 [ROBOT] I sent the stop but the robot is STILL MOVING (0.01 m/s, 0.58 rad/s). Take manual override now.
2026-09-15 11:55:13.937 [ERROR] #35 robot still moving 6.0s after stop: lin=0.01 ang=0.58
2026-09-15 11:55:27.345 [DOCK] dock position recorded at (-0.04, 0.01); detections within 0.8 m are ignored
2026-09-15 11:55:29.591 [DOCK] dock position recorded at (-0.04, 0.01); detections within 0.8 m are ignored
2026-09-15 11:55:29.591 [ROBOT] Docked successfully.
2026-09-15 11:55:29.591 [DOCK] dock ok
2026-09-15 11:55:33.897 [ROBOT] I've stopped receiving camera frames (none for over 5s). Check the OAK-D driver — I can still move, but I'm blind until it's back.
2026-09-15 11:55:33.897 [WARN] #32e camera stream stalled (>5s)
2026-09-15 11:56:09.845 [STOP] hard stop requested (cancel-all + zero barrage)
2026-09-15 11:56:09.845 [RUN] agent shutting down
