2026-09-10 10:13:25.322 [RUN] vla_agent v28  (#63 headless-safe console output, #62 direction-aware collision guard, #61 nearest-cluster LiDAR ranging, #60 manual override teleop, #59 10 Hz collision guard, #58 smoother approach, #57 stand off far enough to keep the object in view, #56 step-and-stare scan, #55 LiDAR failure reasons reported, #54 LiDAR object ranging, #53 seeded depth intrinsics, #52 depth intrinsics rescaled to frame size, #51 compressedDepth transport, #50 compressed RGB transport, #49 annotated feed gated per topic, #47 TF at colour-frame stamp, #48 reject stale depth, #46 one subscription per camera stream, #43 longer cached action-server wait, #44 undock retry-loop breaker, #45 sync slop for 1 Hz depth, #37 /robot1 namespace, #38 stereo depth topic, #39 best-effort sensor QoS, #40 RGB->depth pixel mapping, #41 encoding-based mm/m, #42 explicit namespaced TF, #36 no patrol feed prompt, #35 cancel actually stops the robot, #34 feed publishes to any subscriber, #22 dock no-detect zone, #23 live-first memory, #24 forget, #25 typo-tolerant control words, #26 bare yes/no, #27 context expiry, #28 all-instance distances, #29 Create 3 backup ratchet, #30 sticky goals + range-scaled gate + ring-safe blacklist, #31 incremental off-map hop goals, #32 non-freezing live feed, #33 command/reply/status bridge)
2026-09-10 10:13:25.322 [RUN] agent started (SIGHT_CONFIRM=2, SEARCH_TIMEOUT=120.0s, NO_PROGRESS_LIMIT=60.0s, ROBOT_CLEARANCE=0.25m)
2026-09-10 10:13:31.400 [INFO] depth frames 1280x720, intrinsics 1280x720 from seeded defaults (#53)
2026-09-10 10:13:31.462 [INFO] live depth camera_info received 1280x720
2026-09-10 10:13:31.881 [ROBOT] RGB and depth timestamps never match (slop 0.6s) — using unsynchronized frames. Check the camera driver's stamps.
2026-09-10 10:13:31.881 [WARN] RGB-depth sync failed; raw fallback in use
2026-09-10 10:13:58.280 [CMD] (manual override via keyboard) manual override
2026-09-10 10:13:58.281 [STOP] hard stop requested (cancel-all + zero barrage)
2026-09-10 10:13:58.281 [MANUAL] operator took manual control
2026-09-10 10:14:00.541 [ROBOT] Stopped. The robot is idle.
2026-09-10 10:14:00.541 [STOP] confirmed stopped by odometry after barrage
2026-09-10 10:15:41.196 [MANUAL] control handed back to the robot
2026-09-10 10:16:41.601 [CMD] [remote] what do you see
2026-09-10 10:16:41.602 [STOP] hard stop requested (cancel-all + zero barrage)
2026-09-10 10:16:43.149 [BRAIN] {'steps': [{'action': 'describe', 'speech': 'I see a person.', 'target': None}]}
2026-09-10 10:16:43.149 [STEP] describe target=None
2026-09-10 10:16:43.661 [ROBOT] Stopped. The robot is idle.
2026-09-10 10:16:43.661 [STOP] confirmed stopped by odometry after barrage
2026-09-10 10:17:30.535 [CMD] [remote] what do you see
2026-09-10 10:17:30.536 [STOP] hard stop requested (cancel-all + zero barrage)
2026-09-10 10:17:31.140 [BRAIN] {'steps': [{'action': 'describe', 'speech': 'I see a chair.', 'target': None}]}
2026-09-10 10:17:31.141 [STEP] describe target=None
2026-09-10 10:17:32.581 [ROBOT] Stopped. The robot is idle.
2026-09-10 10:17:32.581 [STOP] confirmed stopped by odometry after barrage
2026-09-10 10:17:55.450 [CMD] [remote] what do you see
2026-09-10 10:17:55.450 [STOP] hard stop requested (cancel-all + zero barrage)
2026-09-10 10:17:56.070 [BRAIN] {'steps': [{'action': 'describe', 'speech': 'I see a person.', 'target': None}]}
2026-09-10 10:17:56.070 [STEP] describe target=None
2026-09-10 10:17:57.501 [ROBOT] Stopped. The robot is idle.
2026-09-10 10:17:57.501 [STOP] confirmed stopped by odometry after barrage
2026-09-10 10:18:07.415 [CMD] [remote] go to the chair
2026-09-10 10:18:07.416 [STOP] hard stop requested (cancel-all + zero barrage)
2026-09-10 10:18:08.000 [BRAIN] {'steps': [{'action': 'navigate', 'speech': 'Heading to the chair.', 'target': 'chair'}]}
2026-09-10 10:18:08.000 [STEP] navigate target='chair'
2026-09-10 10:18:09.426 [ROBOT] Found the chair — navigating to it.
2026-09-10 10:18:09.426 [SIGHT] chair at (0.65, 2.88), 3.06 m away
2026-09-10 10:18:09.428 [GOAL] (0.30, 1.62) yaw=74deg mode=navigate
2026-09-10 10:18:09.461 [ROBOT] Stopped. The robot is idle.
2026-09-10 10:18:09.461 [STOP] confirmed stopped by odometry after barrage
2026-09-10 10:18:10.430 [GOAL] (0.03, 0.70) yaw=74deg mode=navigate
2026-09-10 10:18:10.440 [RESULT] nav goal status=6 (not-succeeded)
2026-09-10 10:18:10.440 [WARN] nav goal (0.03, 0.70) failed (status=6); trying another approach angle
2026-09-10 10:18:11.432 [GOAL] (-0.02, 0.48) yaw=74deg mode=navigate
2026-09-10 10:18:11.440 [RESULT] nav goal status=6 (not-succeeded)
2026-09-10 10:18:11.440 [WARN] nav goal (-0.02, 0.48) failed (status=6); trying another approach angle
2026-09-10 10:18:12.430 [GOAL] (0.54, 0.44) yaw=99deg mode=navigate
2026-09-10 10:18:12.440 [RESULT] nav goal status=6 (not-succeeded)
2026-09-10 10:18:12.440 [WARN] nav goal (0.54, 0.44) failed (status=6); trying another approach angle
2026-09-10 10:18:13.431 [GOAL] (-0.01, 1.80) yaw=87deg mode=navigate
2026-09-10 10:18:13.440 [RESULT] nav goal status=6 (not-succeeded)
2026-09-10 10:18:13.440 [WARN] nav goal (-0.01, 1.80) failed (status=6); trying another approach angle
2026-09-10 10:18:14.430 [GOAL] (0.54, 1.80) yaw=112deg mode=navigate
2026-09-10 10:18:14.440 [RESULT] nav goal status=6 (not-succeeded)
2026-09-10 10:18:14.440 [WARN] nav goal (0.54, 1.80) failed (status=6); trying another approach angle
2026-09-10 10:18:15.429 [GOAL] (-0.56, 1.86) yaw=62deg mode=navigate
2026-09-10 10:18:15.440 [RESULT] nav goal status=6 (not-succeeded)
2026-09-10 10:18:15.440 [WARN] nav goal (-0.56, 1.86) failed (status=6); trying another approach angle
2026-09-10 10:18:16.434 [GOAL] (-1.10, 1.61) yaw=126deg mode=navigate
2026-09-10 10:18:16.439 [RESULT] nav goal status=6 (not-succeeded)
2026-09-10 10:18:16.440 [WARN] nav goal (-1.10, 1.61) failed (status=6); trying another approach angle
2026-09-10 10:18:17.429 [GOAL] (-1.29, 1.84) yaw=127deg mode=navigate
2026-09-10 10:18:17.440 [RESULT] nav goal status=6 (not-succeeded)
2026-09-10 10:18:17.440 [WARN] nav goal (-1.29, 1.84) failed (status=6); trying another approach angle
2026-09-10 10:18:18.430 [GOAL] (-0.75, 2.03) yaw=152deg mode=navigate
2026-09-10 10:18:18.440 [RESULT] nav goal status=6 (not-succeeded)
2026-09-10 10:18:18.440 [WARN] nav goal (-0.75, 2.03) failed (status=6); trying another approach angle
2026-09-10 10:18:19.433 [GOAL] (-1.63, 1.38) yaw=102deg mode=navigate
2026-09-10 10:18:19.440 [RESULT] nav goal status=6 (not-succeeded)
2026-09-10 10:18:19.440 [WARN] nav goal (-1.63, 1.38) failed (status=6); trying another approach angle
2026-09-10 10:18:20.431 [GOAL] (-1.02, 2.18) yaw=152deg mode=navigate
2026-09-10 10:18:20.440 [RESULT] nav goal status=6 (not-succeeded)
2026-09-10 10:18:20.440 [WARN] nav goal (-1.02, 2.18) failed (status=6); trying another approach angle
2026-09-10 10:18:21.429 [GOAL] (-1.68, 1.66) yaw=102deg mode=navigate
2026-09-10 10:18:21.440 [RESULT] nav goal status=6 (not-succeeded)
2026-09-10 10:18:21.440 [WARN] nav goal (-1.68, 1.66) failed (status=6); trying another approach angle
2026-09-10 10:18:22.428 [GOAL] (-0.47, 2.40) yaw=177deg mode=navigate
2026-09-10 10:18:22.430 [RESULT] nav goal status=6 (not-succeeded)
2026-09-10 10:18:22.431 [WARN] nav goal (-0.47, 2.40) failed (status=6); trying another approach angle
2026-09-10 10:18:23.431 [GOAL] (-0.72, 2.48) yaw=175deg mode=navigate
2026-09-10 10:18:23.439 [RESULT] nav goal status=6 (not-succeeded)
2026-09-10 10:18:23.440 [WARN] nav goal (-0.72, 2.48) failed (status=6); trying another approach angle
2026-09-10 10:18:24.430 [GOAL] (-0.89, 0.12) yaw=-173deg mode=navigate
2026-09-10 10:18:24.440 [RESULT] nav goal status=6 (not-succeeded)
2026-09-10 10:18:24.440 [WARN] nav goal (-0.89, 0.12) failed (status=6); trying another approach angle
2026-09-10 10:18:25.429 [GOAL] (-0.78, 0.69) yaw=-148deg mode=navigate
2026-09-10 10:18:25.440 [RESULT] nav goal status=6 (not-succeeded)
2026-09-10 10:18:25.440 [WARN] nav goal (-0.78, 0.69) failed (status=6); trying another approach angle
2026-09-10 10:18:26.426 [GOAL] (-0.64, -0.40) yaw=162deg mode=navigate
2026-09-10 10:18:26.430 [RESULT] nav goal status=6 (not-succeeded)
2026-09-10 10:18:26.430 [WARN] nav goal (-0.64, -0.40) failed (status=6); trying another approach angle
2026-09-10 10:18:27.428 [GOAL] (-0.96, -0.27) yaw=160deg mode=navigate
2026-09-10 10:18:27.430 [RESULT] nav goal status=6 (not-succeeded)
2026-09-10 10:18:27.430 [WARN] nav goal (-0.96, -0.27) failed (status=6); trying another approach angle
2026-09-10 10:18:28.429 [GOAL] (-1.15, 1.13) yaw=-125deg mode=navigate
2026-09-10 10:18:28.440 [RESULT] nav goal status=6 (not-succeeded)
2026-09-10 10:18:28.440 [WARN] nav goal (-1.15, 1.13) failed (status=6); trying another approach angle
2026-09-10 10:18:29.427 [GOAL] (-0.98, -0.85) yaw=135deg mode=navigate
2026-09-10 10:18:29.430 [RESULT] nav goal status=6 (not-succeeded)
2026-09-10 10:18:29.430 [WARN] nav goal (-0.98, -0.85) failed (status=6); trying another approach angle
2026-09-10 10:18:30.427 [GOAL] (-1.32, 0.89) yaw=-125deg mode=navigate
2026-09-10 10:18:30.429 [RESULT] nav goal status=6 (not-succeeded)
2026-09-10 10:18:30.429 [WARN] nav goal (-1.32, 0.89) failed (status=6); trying another approach angle
2026-09-10 10:18:31.428 [GOAL] (-1.72, 1.05) yaw=-100deg mode=navigate
2026-09-10 10:18:31.431 [RESULT] nav goal status=6 (not-succeeded)
2026-09-10 10:18:31.431 [WARN] nav goal (-1.72, 1.05) failed (status=6); trying another approach angle
2026-09-10 10:18:31.431 [WARN] every approach to the target failed — dropping sighting, rescanning
2026-09-10 10:18:33.429 [ROBOT] Found the chair — navigating to it.
2026-09-10 10:18:33.429 [SIGHT] chair at (-1.64, -0.39), 1.66 m away
2026-09-10 10:18:33.430 [GOAL] (-0.71, -0.02) yaw=-158deg mode=navigate
2026-09-10 10:18:33.440 [RESULT] nav goal status=6 (not-succeeded)
2026-09-10 10:18:33.440 [WARN] nav goal (-0.71, -0.02) failed (status=6); trying another approach angle
2026-09-10 10:18:34.427 [GOAL] (-0.34, -0.46) yaw=177deg mode=navigate
2026-09-10 10:18:34.430 [RESULT] nav goal status=6 (not-succeeded)
2026-09-10 10:18:34.430 [WARN] nav goal (-0.34, -0.46) failed (status=6); trying another approach angle
2026-09-10 10:18:35.433 [GOAL] (-0.64, -0.44) yaw=177deg mode=navigate
2026-09-10 10:18:35.440 [RESULT] nav goal status=6 (not-succeeded)
2026-09-10 10:18:35.440 [WARN] nav goal (-0.64, -0.44) failed (status=6); trying another approach angle
2026-09-10 10:18:36.427 [GOAL] (-0.96, -0.71) yaw=140deg mode=navigate
2026-09-10 10:18:36.430 [RESULT] nav goal status=6 (not-succeeded)
2026-09-10 10:18:36.430 [WARN] nav goal (-0.96, -0.71) failed (status=6); trying another approach angle
2026-09-10 10:18:37.432 [GOAL] (-0.23, 0.00) yaw=-120deg mode=navigate
2026-09-10 10:18:37.440 [RESULT] nav goal status=6 (not-succeeded)
2026-09-10 10:18:37.440 [WARN] nav goal (-0.23, 0.00) failed (status=6); trying another approach angle
2026-09-10 10:18:38.433 [GOAL] (-0.52, -0.29) yaw=-129deg mode=navigate
2026-09-10 10:18:38.439 [RESULT] nav goal status=6 (not-succeeded)
2026-09-10 10:18:38.439 [WARN] nav goal (-0.52, -0.29) failed (status=6); trying another approach angle
2026-09-10 10:18:39.433 [GOAL] (-0.83, 0.20) yaw=-104deg mode=navigate
2026-09-10 10:18:39.440 [RESULT] nav goal status=6 (not-succeeded)
2026-09-10 10:18:39.440 [WARN] nav goal (-0.83, 0.20) failed (status=6); trying another approach angle
2026-09-10 10:18:40.432 [GOAL] (-0.07, -0.40) yaw=-154deg mode=navigate
2026-09-10 10:18:40.439 [RESULT] nav goal status=6 (not-succeeded)
2026-09-10 10:18:40.439 [WARN] nav goal (-0.07, -0.40) failed (status=6); trying another approach angle
2026-09-10 10:18:40.550 [RESULT] nav goal status=6 (not-succeeded)
2026-09-10 10:18:41.429 [ROBOT] Arrived at the chair.
2026-09-10 10:20:06.328 [CMD] [remote] what do you see
2026-09-10 10:20:06.329 [STOP] hard stop requested (cancel-all + zero barrage)
2026-09-10 10:20:06.936 [BRAIN] {'steps': [{'action': 'describe', 'speech': 'I can see a chair and a shelf.', 'target': None}]}
2026-09-10 10:20:06.937 [STEP] describe target=None
2026-09-10 10:20:08.381 [ROBOT] Stopped. The robot is idle.
2026-09-10 10:20:08.381 [STOP] confirmed stopped by odometry after barrage
2026-09-10 10:23:40.680 [CMD] [remote] turn right
2026-09-10 10:23:40.681 [STOP] hard stop requested (cancel-all + zero barrage)
2026-09-10 10:23:40.745 [CTX] dropping stale context (navigate -> chair)
2026-09-10 10:23:41.325 [BRAIN] {'steps': [{'action': 'move', 'speech': 'Turning ninety degrees right.', 'target': None, 'distance_m': 0.0, 'rotation_deg': -90.0}]}
2026-09-10 10:23:41.325 [STEP] move target=None
2026-09-10 10:23:42.721 [ROBOT] Stopped. The robot is idle.
2026-09-10 10:23:42.721 [STOP] confirmed stopped by odometry after barrage
2026-09-10 10:23:47.381 [ROBOT] Done with that move.
2026-09-10 10:23:53.416 [CMD] [remote] move 5 cm
2026-09-10 10:23:53.417 [STOP] hard stop requested (cancel-all + zero barrage)
2026-09-10 10:23:54.073 [BRAIN] {'steps': [{'action': 'move', 'speech': 'Moving forward five centimeters.', 'target': None, 'distance_m': 0.05, 'rotation_deg': 0.0}]}
2026-09-10 10:23:54.074 [STEP] move target=None
2026-09-10 10:23:55.461 [ROBOT] Stopped. The robot is idle.
2026-09-10 10:23:55.461 [STOP] confirmed stopped by odometry after barrage
2026-09-10 10:23:56.381 [ROBOT] Done with that move.
2026-09-10 10:24:06.472 [CMD] [remote] move 10 cm
2026-09-10 10:24:06.473 [STOP] hard stop requested (cancel-all + zero barrage)
2026-09-10 10:24:07.115 [BRAIN] {'steps': [{'action': 'move', 'speech': 'Moving forward ten centimeters.', 'target': None, 'distance_m': 0.1, 'rotation_deg': 0.0}]}
2026-09-10 10:24:07.115 [STEP] move target=None
2026-09-10 10:24:08.521 [ROBOT] Stopped. The robot is idle.
2026-09-10 10:24:08.521 [STOP] confirmed stopped by odometry after barrage
2026-09-10 10:24:09.381 [ROBOT] Done with that move.
2026-09-10 10:24:16.088 [CMD] [remote] what do you see
2026-09-10 10:24:16.089 [STOP] hard stop requested (cancel-all + zero barrage)
2026-09-10 10:24:16.678 [BRAIN] {'steps': [{'action': 'describe', 'speech': 'I see a chair.', 'target': None}]}
2026-09-10 10:24:16.678 [STEP] describe target=None
2026-09-10 10:24:18.141 [ROBOT] Stopped. The robot is idle.
2026-09-10 10:24:18.141 [STOP] confirmed stopped by odometry after barrage
2026-09-10 10:24:24.601 [CMD] [remote] go to the chair
2026-09-10 10:24:24.601 [STOP] hard stop requested (cancel-all + zero barrage)
2026-09-10 10:24:25.102 [BRAIN] {'steps': [{'action': 'navigate', 'speech': 'Heading to the chair.', 'target': 'chair'}]}
2026-09-10 10:24:25.102 [STEP] navigate target='chair'
2026-09-10 10:24:26.427 [ROBOT] Found the chair — navigating to it.
2026-09-10 10:24:26.427 [SIGHT] chair at (-2.55, 1.19), 2.31 m away
2026-09-10 10:24:26.428 [GOAL] (-1.61, 0.83) yaw=159deg mode=navigate
2026-09-10 10:24:26.661 [ROBOT] Stopped. The robot is idle.
2026-09-10 10:24:26.661 [STOP] confirmed stopped by odometry after barrage
2026-09-10 10:24:28.427 [GOAL] (-2.08, 1.65) yaw=-174deg mode=navigate
2026-09-10 10:24:28.430 [RESULT] nav goal status=6 (not-succeeded)
2026-09-10 10:24:28.430 [WARN] nav goal (-2.08, 1.65) failed (status=6); trying another approach angle
2026-09-10 10:24:29.432 [GOAL] (-1.76, 1.04) yaw=165deg mode=navigate
2026-09-10 10:24:29.440 [RESULT] nav goal status=6 (not-succeeded)
2026-09-10 10:24:29.440 [WARN] nav goal (-1.76, 1.04) failed (status=6); trying another approach angle
2026-09-10 10:24:30.428 [GOAL] (-0.99, 1.20) yaw=142deg mode=navigate
2026-09-10 10:24:30.432 [RESULT] nav goal status=6 (not-succeeded)
2026-09-10 10:24:30.432 [WARN] nav goal (-0.99, 1.20) failed (status=6); trying another approach angle
2026-09-10 10:24:31.089 [RESULT] nav goal status=4 (ok)
2026-09-10 10:24:31.429 [GOAL] (-1.25, 1.35) yaw=140deg mode=navigate
2026-09-10 10:24:32.431 [ROBOT] Arrived at the chair.
2026-09-10 10:25:40.488 [CMD] [remote] turn right
2026-09-10 10:25:40.489 [STOP] hard stop requested (cancel-all + zero barrage)
2026-09-10 10:25:41.167 [BRAIN] {'steps': [{'action': 'move', 'speech': 'Turning ninety degrees to the right.', 'target': None, 'distance_m': 0.0, 'rotation_deg': -90.0}]}
2026-09-10 10:25:41.167 [STEP] move target=None
2026-09-10 10:25:42.541 [ROBOT] Stopped. The robot is idle.
2026-09-10 10:25:42.541 [STOP] confirmed stopped by odometry after barrage
2026-09-10 10:25:47.381 [ROBOT] Done with that move.
2026-09-10 10:25:55.625 [CMD] [remote] turn left 30 degree
2026-09-10 10:25:55.625 [STOP] hard stop requested (cancel-all + zero barrage)
2026-09-10 10:25:56.286 [BRAIN] {'steps': [{'action': 'move', 'speech': 'Turning thirty degrees to the left.', 'target': None, 'distance_m': 0.0, 'rotation_deg': 30.0}]}
2026-09-10 10:25:56.286 [STEP] move target=None
2026-09-10 10:25:57.681 [ROBOT] Stopped. The robot is idle.
2026-09-10 10:25:57.682 [STOP] confirmed stopped by odometry after barrage
2026-09-10 10:26:00.381 [ROBOT] Done with that move.
2026-09-10 10:26:23.689 [CMD] [remote] what to do you see
2026-09-10 10:26:23.689 [STOP] hard stop requested (cancel-all + zero barrage)
2026-09-10 10:26:24.233 [BRAIN] {'steps': [{'action': 'describe', 'speech': 'I see a person.', 'target': None}]}
2026-09-10 10:26:24.233 [STEP] describe target=None
2026-09-10 10:26:25.741 [ROBOT] Stopped. The robot is idle.
2026-09-10 10:26:25.741 [STOP] confirmed stopped by odometry after barrage
2026-09-10 10:26:34.105 [CMD] [remote] go to that person
2026-09-10 10:26:34.105 [STOP] hard stop requested (cancel-all + zero barrage)
2026-09-10 10:26:34.629 [BRAIN] {'steps': [{'action': 'navigate', 'speech': 'Heading to the person.', 'target': 'person'}]}
2026-09-10 10:26:34.629 [STEP] navigate target='person'
2026-09-10 10:26:36.161 [ROBOT] Stopped. The robot is idle.
2026-09-10 10:26:36.161 [STOP] confirmed stopped by odometry after barrage
2026-09-10 10:26:36.427 [ROBOT] Found the person — navigating to it.
2026-09-10 10:26:36.427 [SIGHT] person at (0.42, 6.96), 5.96 m away
2026-09-10 10:26:36.428 [GOAL] (0.10, 5.70) yaw=76deg mode=navigate
2026-09-10 10:26:37.436 [GOAL] (-0.34, 4.00) yaw=76deg mode=navigate
2026-09-10 10:26:37.439 [RESULT] nav goal status=6 (not-succeeded)
2026-09-10 10:26:37.440 [WARN] nav goal (-0.34, 4.00) failed (status=6); trying another approach angle
2026-09-10 10:26:38.444 [GOAL] (-0.41, 3.74) yaw=75deg mode=navigate
2026-09-10 10:26:38.450 [RESULT] nav goal status=6 (not-succeeded)
2026-09-10 10:26:38.450 [WARN] nav goal (-0.41, 3.74) failed (status=6); trying another approach angle
2026-09-10 10:26:39.429 [GOAL] (-0.96, 3.83) yaw=49deg mode=navigate
2026-09-10 10:26:39.441 [RESULT] nav goal status=6 (not-succeeded)
2026-09-10 10:26:39.441 [WARN] nav goal (-0.96, 3.83) failed (status=6); trying another approach angle
2026-09-10 10:26:40.432 [GOAL] (-0.50, 3.47) yaw=73deg mode=navigate
2026-09-10 10:26:40.440 [RESULT] nav goal status=6 (not-succeeded)
2026-09-10 10:26:40.440 [WARN] nav goal (-0.50, 3.47) failed (status=6); trying another approach angle
2026-09-10 10:26:41.433 [GOAL] (-0.03, 3.40) yaw=99deg mode=navigate
2026-09-10 10:26:41.440 [RESULT] nav goal status=6 (not-succeeded)
2026-09-10 10:26:41.440 [WARN] nav goal (-0.03, 3.40) failed (status=6); trying another approach angle
2026-09-10 10:26:42.434 [GOAL] (-0.45, 4.02) yaw=74deg mode=navigate
2026-09-10 10:26:42.440 [RESULT] nav goal status=6 (not-succeeded)
2026-09-10 10:26:42.441 [WARN] nav goal (-0.45, 4.02) failed (status=6); trying another approach angle
2026-09-10 10:26:43.431 [GOAL] (0.10, 3.87) yaw=101deg mode=navigate
2026-09-10 10:26:43.440 [RESULT] nav goal status=6 (not-succeeded)
2026-09-10 10:26:43.440 [WARN] nav goal (0.10, 3.87) failed (status=6); trying another approach angle
2026-09-10 10:26:44.428 [GOAL] (-0.29, 4.80) yaw=79deg mode=navigate
2026-09-10 10:26:44.432 [RESULT] nav goal status=6 (not-succeeded)
2026-09-10 10:26:44.432 [WARN] nav goal (-0.29, 4.80) failed (status=6); trying another approach angle
2026-09-10 10:26:45.431 [GOAL] (-0.44, 3.54) yaw=69deg mode=navigate
2026-09-10 10:26:45.440 [RESULT] nav goal status=6 (not-succeeded)
2026-09-10 10:26:45.440 [WARN] nav goal (-0.44, 3.54) failed (status=6); trying another approach angle
2026-09-10 10:26:46.429 [GOAL] (-0.30, 3.93) yaw=68deg mode=navigate
2026-09-10 10:26:46.440 [RESULT] nav goal status=6 (not-succeeded)
2026-09-10 10:26:46.440 [WARN] nav goal (-0.30, 3.93) failed (status=6); trying another approach angle
2026-09-10 10:26:47.430 [GOAL] (0.14, 3.76) yaw=101deg mode=navigate
2026-09-10 10:26:47.441 [RESULT] nav goal status=6 (not-succeeded)
2026-09-10 10:26:47.441 [WARN] nav goal (0.14, 3.76) failed (status=6); trying another approach angle
2026-09-10 10:26:48.426 [ROBOT] Arrived at the person.
2026-09-10 10:27:15.801 [CMD] [remote] turn around
2026-09-10 10:27:15.801 [STOP] hard stop requested (cancel-all + zero barrage)
2026-09-10 10:27:16.441 [BRAIN] {'steps': [{'action': 'move', 'speech': 'Turning around.', 'target': None, 'distance_m': 0.0, 'rotation_deg': 180.0}]}
2026-09-10 10:27:16.442 [STEP] move target=None
2026-09-10 10:27:17.861 [ROBOT] Stopped. The robot is idle.
2026-09-10 10:27:17.861 [STOP] confirmed stopped by odometry after barrage
2026-09-10 10:27:26.381 [ROBOT] Done with that move.
2026-09-10 10:27:36.425 [CMD] [remote] turn right 10
2026-09-10 10:27:36.425 [STOP] hard stop requested (cancel-all + zero barrage)
2026-09-10 10:27:37.120 [BRAIN] {'steps': [{'action': 'move', 'speech': 'Turning ten degrees to the right.', 'target': None, 'distance_m': 0.0, 'rotation_deg': -10.0}]}
2026-09-10 10:27:37.120 [STEP] move target=None
2026-09-10 10:27:38.481 [ROBOT] Stopped. The robot is idle.
2026-09-10 10:27:38.481 [STOP] confirmed stopped by odometry after barrage
2026-09-10 10:27:40.381 [ROBOT] Done with that move.
2026-09-10 10:27:49.641 [CMD] [remote] what do you see
2026-09-10 10:27:49.641 [STOP] hard stop requested (cancel-all + zero barrage)
2026-09-10 10:27:50.247 [BRAIN] {'steps': [{'action': 'describe', 'speech': 'I can see a chair and a shelf.', 'target': None}]}
2026-09-10 10:27:50.247 [STEP] describe target=None
2026-09-10 10:27:51.701 [ROBOT] Stopped. The robot is idle.
2026-09-10 10:27:51.701 [STOP] confirmed stopped by odometry after barrage
2026-09-10 10:27:56.729 [CMD] [remote] what do you see
2026-09-10 10:27:56.729 [STOP] hard stop requested (cancel-all + zero barrage)
2026-09-10 10:27:57.309 [BRAIN] {'steps': [{'action': 'describe', 'speech': 'I see a chair and a shelf.', 'target': None}]}
2026-09-10 10:27:57.309 [STEP] describe target=None
2026-09-10 10:27:58.781 [ROBOT] Stopped. The robot is idle.
2026-09-10 10:27:58.781 [STOP] confirmed stopped by odometry after barrage
2026-09-10 10:28:11.449 [CMD] (manual override via keyboard) manual override
2026-09-10 10:28:11.450 [STOP] hard stop requested (cancel-all + zero barrage)
2026-09-10 10:28:11.450 [MANUAL] operator took manual control
2026-09-10 10:28:13.501 [ROBOT] Stopped. The robot is idle.
2026-09-10 10:28:13.501 [STOP] confirmed stopped by odometry after barrage
2026-09-10 10:29:04.798 [MANUAL] control handed back to the robot
2026-09-10 10:29:37.257 [ROBOT] I've stopped receiving camera frames (none for over 5s). Check the OAK-D driver — I can still move, but I'm blind until it's back.
2026-09-10 10:29:37.258 [WARN] #32e camera stream stalled (>5s)
2026-09-10 10:29:56.242 [WARN] #32e camera stream RESUMED after 24.1s
2026-09-10 10:29:56.242 [ROBOT] Camera frames are back — the gap was 24.1s.
2026-09-10 10:30:06.381 [ROBOT] RGB and depth stopped lining up (1.5s since the last matched pair) — switching to the newest frame of each. Detections stay live; depth accuracy drops a little while they are out of step.
2026-09-10 10:30:06.382 [WARN] #32a stale sync pair dropped after 1.5s
2026-09-10 10:30:18.777 [CMD] [remote] turn right
2026-09-10 10:30:18.777 [STOP] hard stop requested (cancel-all + zero barrage)
2026-09-10 10:30:18.825 [CTX] dropping stale context (navigate -> person)
2026-09-10 10:30:19.430 [BRAIN] {'steps': [{'action': 'move', 'speech': 'Turning ninety degrees right.', 'target': None, 'distance_m': 0.0, 'rotation_deg': -90.0}]}
2026-09-10 10:30:19.430 [STEP] move target=None
2026-09-10 10:30:20.821 [ROBOT] Stopped. The robot is idle.
2026-09-10 10:30:20.821 [STOP] confirmed stopped by odometry after barrage
2026-09-10 10:30:23.781 [ROBOT] I've stopped receiving camera frames (none for over 5s). Check the OAK-D driver — I can still move, but I'm blind until it's back.
2026-09-10 10:30:23.781 [WARN] #32e camera stream stalled (>5s)
2026-09-10 10:30:26.731 [WARN] #32e camera stream RESUMED after 8.0s
2026-09-10 10:30:26.731 [ROBOT] Camera frames are back — the gap was 8.0s.
2026-09-10 10:30:28.009 [CMD] [remote] turn right
2026-09-10 10:30:28.010 [STOP] hard stop requested (cancel-all + zero barrage)
2026-09-10 10:30:28.637 [BRAIN] {'steps': [{'action': 'move', 'speech': 'Turning ninety degrees right.', 'target': None, 'distance_m': 0.0, 'rotation_deg': -90.0}]}
2026-09-10 10:30:28.637 [STEP] move target=None
2026-09-10 10:30:30.061 [ROBOT] Stopped. The robot is idle.
2026-09-10 10:30:30.061 [STOP] confirmed stopped by odometry after barrage
2026-09-10 10:30:35.381 [ROBOT] Done with that move.
2026-09-10 10:30:40.781 [ROBOT] I've stopped receiving camera frames (none for over 5s). Check the OAK-D driver — I can still move, but I'm blind until it's back.
2026-09-10 10:30:40.781 [WARN] #32e camera stream stalled (>5s)
2026-09-10 10:30:48.832 [WARN] #32e camera stream RESUMED after 13.2s
2026-09-10 10:30:48.832 [ROBOT] Camera frames are back — the gap was 13.2s.
2026-09-10 10:30:54.601 [CMD] [remote] what do you see
2026-09-10 10:30:54.602 [STOP] hard stop requested (cancel-all + zero barrage)
2026-09-10 10:30:55.216 [BRAIN] {'steps': [{'action': 'describe', 'speech': 'I see a chair.', 'target': None}]}
2026-09-10 10:30:55.216 [STEP] describe target=None
2026-09-10 10:30:56.661 [ROBOT] Stopped. The robot is idle.
2026-09-10 10:30:56.661 [STOP] confirmed stopped by odometry after barrage
2026-09-10 10:30:58.106 [CMD] [remote] turn right
2026-09-10 10:30:58.106 [STOP] hard stop requested (cancel-all + zero barrage)
2026-09-10 10:30:58.766 [BRAIN] {'steps': [{'action': 'move', 'speech': 'Turning ninety degrees right.', 'target': None, 'distance_m': 0.0, 'rotation_deg': -90.0}]}
2026-09-10 10:30:58.766 [STEP] move target=None
2026-09-10 10:31:00.161 [ROBOT] Stopped. The robot is idle.
2026-09-10 10:31:00.161 [STOP] confirmed stopped by odometry after barrage
2026-09-10 10:31:05.381 [ROBOT] Done with that move.
2026-09-10 10:33:49.781 [ROBOT] I've stopped receiving camera frames (none for over 5s). Check the OAK-D driver — I can still move, but I'm blind until it's back.
2026-09-10 10:33:49.781 [WARN] #32e camera stream stalled (>5s)
2026-09-10 10:33:51.660 [WARN] #32e camera stream RESUMED after 7.0s
2026-09-10 10:33:51.660 [ROBOT] Camera frames are back — the gap was 7.0s.
2026-09-10 10:35:21.181 [ROBOT] I've stopped receiving camera frames (none for over 5s). Check the OAK-D driver — I can still move, but I'm blind until it's back.
2026-09-10 10:35:21.182 [WARN] #32e camera stream stalled (>5s)
2026-09-10 10:35:22.236 [WARN] #32e camera stream RESUMED after 6.1s
2026-09-10 10:35:22.236 [ROBOT] Camera frames are back — the gap was 6.1s.
2026-09-10 10:35:27.381 [ROBOT] I've stopped receiving camera frames (none for over 5s). Check the OAK-D driver — I can still move, but I'm blind until it's back.
2026-09-10 10:35:27.382 [WARN] #32e camera stream stalled (>5s)
2026-09-10 10:35:40.761 [WARN] #32e camera stream RESUMED after 18.5s
2026-09-10 10:35:40.761 [ROBOT] Camera frames are back — the gap was 18.5s.
2026-09-10 10:36:28.181 [ROBOT] I've stopped receiving camera frames (none for over 5s). Check the OAK-D driver — I can still move, but I'm blind until it's back.
2026-09-10 10:36:28.181 [WARN] #32e camera stream stalled (>5s)
2026-09-10 10:36:32.082 [CMD] (cancel via remote) cancel
2026-09-10 10:36:32.083 [STOP] hard stop requested (cancel-all + zero barrage)
2026-09-10 10:36:32.935 [WARN] #32e camera stream RESUMED after 9.8s
2026-09-10 10:36:32.935 [ROBOT] Camera frames are back — the gap was 9.8s.
2026-09-10 10:36:37.981 [ROBOT] I've stopped receiving camera frames (none for over 5s). Check the OAK-D driver — I can still move, but I'm blind until it's back.
2026-09-10 10:36:37.981 [WARN] #32e camera stream stalled (>5s)
2026-09-10 10:36:38.101 [ROBOT] I sent the stop but the robot is STILL MOVING (0.04 m/s, 0.00 rad/s). Take manual override now.
2026-09-10 10:36:38.101 [ERROR] #35 robot still moving 6.0s after stop: lin=0.04 ang=0.00
2026-09-10 10:36:49.160 [WARN] #32e camera stream RESUMED after 16.2s
2026-09-10 10:36:49.160 [ROBOT] Camera frames are back — the gap was 16.2s.
2026-09-10 10:36:54.181 [ROBOT] I've stopped receiving camera frames (none for over 5s). Check the OAK-D driver — I can still move, but I'm blind until it's back.
2026-09-10 10:36:54.182 [WARN] #32e camera stream stalled (>5s)
2026-09-10 10:37:01.210 [CMD] (manual override via keyboard) manual o,manual override
2026-09-10 10:37:01.210 [STOP] hard stop requested (cancel-all + zero barrage)
2026-09-10 10:37:01.210 [MANUAL] operator took manual control
2026-09-10 10:37:03.261 [ROBOT] Stopped. The robot is idle.
2026-09-10 10:37:03.261 [STOP] confirmed stopped by odometry after barrage
2026-09-10 10:37:08.895 [MANUAL] control handed back to the robot
2026-09-10 10:37:09.954 [CMD] (cancel via remote) cancel
2026-09-10 10:37:09.955 [STOP] hard stop requested (cancel-all + zero barrage)
2026-09-10 10:37:10.402 [WARN] #32e camera stream RESUMED after 21.2s
2026-09-10 10:37:10.403 [ROBOT] Camera frames are back — the gap was 21.2s.
2026-09-10 10:37:12.001 [ROBOT] Stopped. The robot is idle.
2026-09-10 10:37:12.001 [STOP] confirmed stopped by odometry after barrage
2026-09-10 10:37:21.981 [ROBOT] I've stopped receiving camera frames (none for over 5s). Check the OAK-D driver — I can still move, but I'm blind until it's back.
2026-09-10 10:37:21.981 [WARN] #32e camera stream stalled (>5s)
2026-09-10 10:37:29.840 [DOCK] dock position recorded at (-0.48, -1.20); detections within 0.8 m are ignored
2026-09-10 10:37:29.841 [MEMORY] purged 1 remembered chair position(s) that sat on the dock
