[voice] loading faster-whisper 'medium.en' on cuda (float16) ...
[voice] faster-whisper ready in 9.6s
[voice_command v1] publishing to /vla/command
[voice] microphone: [11] pulse  @ 16000 Hz
[voice] No terminal attached — running HEADLESS. Waiting for hold-to-talk on /vla/voice/trigger.
[voice] ● recording (gui) ...
[voice] ■ 1.4s captured (peak 1.074) — transcribing ...
[voice] heard: 'what do you see'  [2.90s]  (avg_logprob -0.37)
[voice] --> SENT: 'what do you see'
[voice] ● recording (gui) ...
[voice] ■ 1.6s captured (peak 1.054) — transcribing ...
[voice] heard: 'what do you see'  [0.18s]  (avg_logprob -0.38)
[voice] --> SENT: 'what do you see'
[voice] ● recording (gui) ...
[voice] ■ 1.4s captured (peak 1.028) — transcribing ...
[voice] heard: 'turn right'  [0.17s]  (avg_logprob -0.54)
[voice] --> SENT: 'turn right'
[voice] ● recording (gui) ...
[voice] ■ 1.6s captured (peak 1.039) — transcribing ...
[voice] heard: 'what do you see'  [0.19s]  (avg_logprob -0.32)
[voice] --> SENT: 'what do you see'
[voice] ● recording (gui) ...
[voice] ■ 1.4s captured (peak 1.031) — transcribing ...
[voice] heard: 'what do you see'  [0.17s]  (avg_logprob -0.41)
[voice] --> SENT: 'what do you see'
[voice] ● recording (gui) ...
[voice] ■ 1.6s captured (peak 1.067) — transcribing ...
[voice] heard: 'go to the person'  [0.19s]  (avg_logprob -0.39)
[voice] --> SENT: 'go to the person'
Exception in thread Thread-2 (spin):
Traceback (most recent call last):
  File "/usr/lib/python3.10/threading.py", line 1016, in _bootstrap_inner
    self.run()
  File "/usr/lib/python3.10/threading.py", line 953, in run
    self._target(*self._args, **self._kwargs)
  File "/opt/ros/humble/local/lib/python3.10/dist-packages/rclpy/__init__.py", line 229, in spin
    executor.spin_once()
  File "/opt/ros/humble/local/lib/python3.10/dist-packages/rclpy/executors.py", line 808, in spin_once
    self._spin_once_impl(timeout_sec)
  File "/opt/ros/humble/local/lib/python3.10/dist-packages/rclpy/executors.py", line 797, in _spin_once_impl
    handler, entity, node = self.wait_for_ready_callbacks(timeout_sec=timeout_sec)
  File "/opt/ros/humble/local/lib/python3.10/dist-packages/rclpy/executors.py", line 780, in wait_for_ready_callbacks
    return next(self._cb_iter)
  File "/opt/ros/humble/local/lib/python3.10/dist-packages/rclpy/executors.py", line 681, in _wait_for_ready_callbacks
    raise ExternalShutdownException()
rclpy.executors.ExternalShutdownException
[voice] stopped.
[voice] loading faster-whisper 'medium.en' on cuda (float16) ...
[voice] faster-whisper ready in 1.8s
[voice_command v1] publishing to /vla/command
[voice] microphone: [11] pulse  @ 16000 Hz
[voice] No terminal attached — running HEADLESS. Waiting for hold-to-talk on /vla/voice/trigger.
[voice] ● recording (gui) ...
[voice] ■ 1.3s captured (peak 1.023) — transcribing ...
[voice] heard: 'done'  [0.34s]  (avg_logprob -0.55)
[voice] --> SENT: 'done'
[voice] ● recording (gui) ...
[voice] ■ 1.7s captured (peak 1.025) — transcribing ...
[voice] heard: 'turn right'  [0.17s]  (avg_logprob -0.30)
[voice] --> SENT: 'turn right'
[voice] ● recording (gui) ...
[voice] ■ 1.5s captured (peak 1.020) — transcribing ...
[voice] heard: 'stop'  [0.16s]  (avg_logprob -0.69)
[voice] --> SENT: 'stop'
[voice] ● recording (gui) ...
[voice] ■ 2.2s captured (peak 0.742) — transcribing ...
[voice] heard: 'run'  [0.17s]  (avg_logprob -0.58)
[voice] --> SENT: 'run'
[voice] ● recording (gui) ...
[voice] ■ 2.8s captured (peak 0.986) — transcribing ...
[voice] heard: 'stop'  [0.16s]  (avg_logprob -0.63)
[voice] --> SENT: 'stop'
[voice] ● recording (gui) ...
[voice] ■ 1.4s captured (peak 1.013) — transcribing ...
[voice] heard: 'what do you see'  [0.19s]  (avg_logprob -0.41)
[voice] --> SENT: 'what do you see'
[voice] ● recording (gui) ...
[voice] ■ 1.4s captured (peak 1.023) — transcribing ...
[voice] heard: 'go to the next person'  [0.17s]  (avg_logprob -0.74)
[voice] --> SENT: 'go to the next person'
[voice] ● recording (gui) ...
[voice] ■ 0.4s captured (peak 0.001) — transcribing ...
[voice]   ⚠ that was almost silent — is this the right mic, and is it unmuted?
[voice] heard: ''  [0.00s]
[voice] ● recording (gui) ...
[voice] ■ 2.2s captured (peak 1.095) — transcribing ...
[voice] heard: 'go right'  [0.19s]  (avg_logprob -0.88)
[voice] (low confidence -0.88 < -0.75 — not sent. Say it again?)
[voice] ● recording (gui) ...
[voice] ■ 1.5s captured (peak 1.036) — transcribing ...
[voice] heard: 'turn right'  [0.16s]  (avg_logprob -0.49)
[voice] --> SENT: 'turn right'
[voice] ● recording (gui) ...
[voice] ■ 1.5s captured (peak 1.011) — transcribing ...
[voice] heard: 'question mark'  [0.18s]  (avg_logprob -0.94)
[voice] (low confidence -0.94 < -0.75 — not sent. Say it again?)
[voice] ● recording (gui) ...
[voice] ■ 1.7s captured (peak 1.018) — transcribing ...
[voice] heard: 'move forward one meter'  [0.17s]  (avg_logprob -0.73)
[voice] --> SENT: 'move forward one meter'
[voice] ● recording (gui) ...
[voice] ■ 3.1s captured (peak 1.052) — transcribing ...
[voice] heard: 'turn left'  [0.18s]  (avg_logprob -0.57)
[voice] --> SENT: 'turn left'
[voice] ● recording (gui) ...
[voice] ■ 1.9s captured (peak 0.971) — transcribing ...
[voice] heard: 'bye last time'  [0.18s]  (avg_logprob -0.71)
[voice] --> SENT: 'bye last time'
[voice] ● recording (gui) ...
[voice] ■ 2.9s captured (peak 0.894) — transcribing ...
[voice] heard: 'turn left'  [0.16s]  (avg_logprob -0.32)
[voice] --> SENT: 'turn left'
[voice] ● recording (gui) ...
[voice] ■ 3.4s captured (peak 1.129) — transcribing ...
[voice] heard: 'move forward one meter'  [0.18s]  (avg_logprob -0.67)
[voice] --> SENT: 'move forward one meter'
[voice] ● recording (gui) ...
[voice] ■ 2.2s captured (peak 1.073) — transcribing ...
[voice] heard: 'stop right turn left'  [0.81s]  (avg_logprob -1.02)
[voice] --> SENT: 'stop right turn left'
[voice] ● recording (gui) ...
[voice] ■ 3.0s captured (peak 1.075) — transcribing ...
[voice] heard: 'go to the right go to the right'  [0.20s]  (avg_logprob -0.79)
[voice] (low confidence -0.79 < -0.75 — not sent. Say it again?)
[voice] ● recording (gui) ...
[voice] ■ 2.8s captured (peak 1.082) — transcribing ...
[voice] heard: 'turn right 30 degrees'  [0.19s]  (avg_logprob -0.49)
[voice] --> SENT: 'turn right 30 degrees'
[voice] ● recording (gui) ...
[voice] ■ 2.7s captured (peak 1.114) — transcribing ...
[voice] heard: 'move forward one meter'  [0.19s]  (avg_logprob -0.32)
[voice] --> SENT: 'move forward one meter'
[voice] ● recording (gui) ...
[voice] ■ 1.1s captured (peak 1.059) — transcribing ...
[voice] heard: 'dock'  [0.16s]  (avg_logprob -0.28)
[voice] --> SENT: 'dock'
[voice] ● recording (gui) ...
[voice] ■ 1.2s captured (peak 1.085) — transcribing ...
[voice] heard: 'dock'  [0.17s]  (avg_logprob -0.55)
[voice] --> SENT: 'dock'
Exception in thread Thread-2 (spin):
Traceback (most recent call last):
  File "/usr/lib/python3.10/threading.py", line 1016, in _bootstrap_inner
    self.run()
  File "/usr/lib/python3.10/threading.py", line 953, in run
    self._target(*self._args, **self._kwargs)
  File "/opt/ros/humble/local/lib/python3.10/dist-packages/rclpy/__init__.py", line 229, in spin
    executor.spin_once()
  File "/opt/ros/humble/local/lib/python3.10/dist-packages/rclpy/executors.py", line 808, in spin_once
    self._spin_once_impl(timeout_sec)
  File "/opt/ros/humble/local/lib/python3.10/dist-packages/rclpy/executors.py", line 797, in _spin_once_impl
    handler, entity, node = self.wait_for_ready_callbacks(timeout_sec=timeout_sec)
  File "/opt/ros/humble/local/lib/python3.10/dist-packages/rclpy/executors.py", line 780, in wait_for_ready_callbacks
    return next(self._cb_iter)
  File "/opt/ros/humble/local/lib/python3.10/dist-packages/rclpy/executors.py", line 681, in _wait_for_ready_callbacks
    raise ExternalShutdownException()
rclpy.executors.ExternalShutdownException
[voice] stopped.
terminate called after throwing an instance of 'std::runtime_error'
  what():  CUDA failed with error driver shutting down
[voice] loading faster-whisper 'medium.en' on cuda (float16) ...
[voice] faster-whisper ready in 1.8s
[voice_command v1] publishing to /vla/command
[voice] microphone: [11] pulse  @ 16000 Hz
[voice] No terminal attached — running HEADLESS. Waiting for hold-to-talk on /vla/voice/trigger.
Exception in thread Thread-2 (spin):
Traceback (most recent call last):
  File "/usr/lib/python3.10/threading.py", line 1016, in _bootstrap_inner
    self.run()
  File "/usr/lib/python3.10/threading.py", line 953, in run
    self._target(*self._args, **self._kwargs)
  File "/opt/ros/humble/local/lib/python3.10/dist-packages/rclpy/__init__.py", line 229, in spin
    executor.spin_once()
  File "/opt/ros/humble/local/lib/python3.10/dist-packages/rclpy/executors.py", line 808, in spin_once
    self._spin_once_impl(timeout_sec)
  File "/opt/ros/humble/local/lib/python3.10/dist-packages/rclpy/executors.py", line 797, in _spin_once_impl
    handler, entity, node = self.wait_for_ready_callbacks(timeout_sec=timeout_sec)
  File "/opt/ros/humble/local/lib/python3.10/dist-packages/rclpy/executors.py", line 780, in wait_for_ready_callbacks
    return next(self._cb_iter)
  File "/opt/ros/humble/local/lib/python3.10/dist-packages/rclpy/executors.py", line 681, in _wait_for_ready_callbacks
    raise ExternalShutdownException()
rclpy.executors.ExternalShutdownException
[voice] stopped.
