[voice] loading faster-whisper 'medium.en' on cuda (float16) ...
[voice] faster-whisper ready in 1.5s
[voice_command v1] publishing to /vla/command
[voice] microphone: [11] pulse  @ 16000 Hz
[voice] No terminal attached — running HEADLESS. Waiting for hold-to-talk on /vla/voice/trigger.
[voice] ● recording (gui) ...
[voice] ■ 1.8s captured (peak 1.039) — transcribing ...
[voice] heard: 'turn left'  [0.35s]  (avg_logprob -0.13)
[voice] --> SENT: 'turn left'
[voice] ● recording (gui) ...
[voice] ■ 1.6s captured (peak 1.047) — transcribing ...
[voice] heard: 'what do you see'  [0.17s]  (avg_logprob -0.49)
[voice] --> SENT: 'what do you see'
[voice] ● recording (gui) ...
[voice] ■ 1.6s captured (peak 1.096) — transcribing ...
[voice] heard: 'go to the furthest'  [0.17s]  (avg_logprob -0.41)
[voice] --> SENT: 'go to the furthest'
[voice] ● recording (gui) ...
[voice] ■ 1.3s captured (peak 1.059) — transcribing ...
[voice] heard: 'what do you'  [0.16s]  (avg_logprob -0.32)
[voice] --> SENT: 'what do you'
[voice] ● recording (gui) ...
[voice] ■ 1.8s captured (peak 1.101) — transcribing ...
[voice] heard: 'go to the shelf'  [0.16s]  (avg_logprob -0.56)
[voice] --> SENT: 'go to the shelf'
[voice] ● recording (gui) ...
[voice] ■ 1.3s captured (peak 1.035) — transcribing ...
[voice] heard: 'what do you'  [0.15s]  (avg_logprob -0.18)
[voice] --> SENT: 'what do you'
[voice] ● recording (gui) ...
[voice] ■ 2.1s captured (peak 1.032) — transcribing ...
[voice] heard: 'go to the'  [0.15s]  (avg_logprob -0.65)
[voice] --> SENT: 'go to the'
[voice] ● recording (gui) ...
[voice] ■ 1.1s captured (peak 1.018) — transcribing ...
[voice] heard: 'stop'  [0.16s]  (avg_logprob -0.54)
[voice] --> SENT: 'stop'
[voice] ● recording (gui) ...
[voice] ■ 1.1s captured (peak 1.063) — transcribing ...
[voice] ● recording (gui) ...
[voice] heard: 'for'  [0.14s]  (avg_logprob -0.57)
[voice] --> SENT: 'for'
[voice] ■ 1.2s captured (peak 1.041) — transcribing ...
[voice] heard: 'forget about everything'  [0.15s]  (avg_logprob -0.57)
[voice] --> SENT: 'forget about everything'
[voice] ● recording (gui) ...
[voice] ■ 2.2s captured (peak 1.067) — transcribing ...
[voice] heard: 'forget about everything'  [0.17s]  (avg_logprob -0.30)
[voice] --> SENT: 'forget about everything'
[voice] ● recording (gui) ...
[voice] ■ 1.4s captured (peak 1.042) — transcribing ...
[voice] heard: 'turn right'  [0.15s]  (avg_logprob -0.25)
[voice] --> SENT: 'turn right'
[voice] ● recording (gui) ...
[voice] ■ 1.2s captured (peak 1.102) — transcribing ...
[voice] heard: 'what do you'  [0.15s]  (avg_logprob -0.19)
[voice] --> SENT: 'what do you'
[voice] ● recording (gui) ...
[voice] ■ 1.5s captured (peak 1.091) — transcribing ...
[voice] heard: 'move one meter'  [0.15s]  (avg_logprob -0.40)
[voice] --> SENT: 'move one meter'
[voice] ● recording (gui) ...
[voice] ■ 1.7s captured (peak 1.063) — transcribing ...
[voice] heard: 'move one meter ahead'  [0.20s]  (avg_logprob -0.69)
[voice] --> SENT: 'move one meter ahead'
[voice] ● recording (gui) ...
[voice] ■ 1.1s captured (peak 1.082) — transcribing ...
[voice] heard: 'what do you see'  [0.17s]  (avg_logprob -0.18)
[voice] --> SENT: 'what do you see'
[voice] ● recording (gui) ...
[voice] ■ 3.7s captured (peak 1.063) — transcribing ...
[voice] heard: 'go to the chair that is at 2 7 meters'  [0.21s]  (avg_logprob -0.32)
[voice] --> SENT: 'go to the chair that is at 2 7 meters'
[voice] ● recording (gui) ...
[voice] ■ 3.8s captured (peak 1.091) — transcribing ...
[voice] heard: 'turn right'  [0.16s]  (avg_logprob -0.57)
[voice] --> SENT: 'turn right'
[voice] ● recording (gui) ...
[voice] ■ 1.1s captured (peak 1.062) — transcribing ...
[voice] heard: 'what do you see'  [0.17s]  (avg_logprob -0.56)
[voice] --> SENT: 'what do you see'
[voice] ● recording (gui) ...
[voice] ■ 1.4s captured (peak 1.049) — transcribing ...
[voice] heard: 'go to the person'  [0.16s]  (avg_logprob -0.69)
[voice] --> SENT: 'go to the person'
[voice] ● recording (gui) ...
[voice] ■ 1.2s captured (peak 1.036) — transcribing ...
[voice] heard: 'turned'  [0.15s]  (avg_logprob -0.45)
[voice] --> SENT: 'turned'
[voice] ● recording (gui) ...
[voice] ■ 3.4s captured (peak 1.117) — transcribing ...
[voice] heard: 'turn right and right'  [0.16s]  (avg_logprob -0.35)
[voice] --> SENT: 'turn right and right'
[voice] ● recording (gui) ...
[voice] ■ 1.6s captured (peak 1.065) — transcribing ...
[voice] heard: 'what do you see'  [0.16s]  (avg_logprob -0.21)
[voice] --> SENT: 'what do you see'
[voice] ● recording (gui) ...
[voice] ■ 1.4s captured (peak 1.040) — transcribing ...
[voice] heard: 'go to the person'  [0.16s]  (avg_logprob -0.48)
[voice] --> SENT: 'go to the person'
[voice] ● recording (gui) ...
[voice] ■ 1.3s captured (peak 1.002) — transcribing ...
[voice] heard: 'what do you see'  [0.20s]  (avg_logprob -0.56)
[voice] --> SENT: 'what do you see'
[voice] ● recording (gui) ...
[voice] ■ 1.7s captured (peak 1.052) — transcribing ...
[voice] heard: 'welcome to our dressing room'  [0.18s]  (avg_logprob -0.93)
[voice] --> SENT: 'welcome to our dressing room'
[voice] ● recording (gui) ...
[voice] ■ 2.8s captured (peak 1.074) — transcribing ...
[voice] heard: 'go to the beach for a test drive'  [0.19s]  (avg_logprob -0.97)
[voice] --> SENT: 'go to the beach for a test drive'
[voice] ● recording (gui) ...
[voice] ■ 3.8s captured (peak 1.128) — transcribing ...
[voice] heard: 'go to the third place'  [0.91s]  (avg_logprob -1.08)
[voice] (low confidence -1.08 < -1.00 — not sent. Say it again?)
[voice] ● recording (gui) ...
[voice] ■ 1.7s captured (peak 1.065) — transcribing ...
[voice] heard: 'go to the'  [0.19s]  (avg_logprob -0.92)
[voice] --> SENT: 'go to the'
[voice] ● recording (gui) ...
[voice] ■ 0.8s captured (peak 0.002) — transcribing ...
[voice]   ⚠ that was almost silent — is this the right mic, and is it unmuted?
[voice] heard: ''  [0.00s]
[voice] ● recording (gui) ...
[voice] ■ 4.0s captured (peak 1.006) — transcribing ...
[voice] heard: 'turn left 20 degrees and move'  [0.21s]  (avg_logprob -0.47)
[voice] --> SENT: 'turn left 20 degrees and move'
[voice] ● recording (gui) ...
[voice] ■ 1.9s captured (peak 1.087) — transcribing ...
[voice] heard: '3 meters'  [0.73s]  (avg_logprob -1.06)
[voice] (low confidence -1.06 < -1.00 — not sent. Say it again?)
[voice] ● recording (gui) ...
[voice] ■ 2.2s captured (peak 1.024) — transcribing ...
[voice] heard: 'all three of them are-'  [0.76s]  (avg_logprob -1.07)
[voice] (low confidence -1.07 < -1.00 — not sent. Say it again?)
[voice] ● recording (gui) ...
[voice] ■ 1.4s captured (peak 0.814) — transcribing ...
[voice] heard: 'what do you say'  [0.17s]  (avg_logprob -0.66)
[voice] --> SENT: 'what do you say'
[voice] ● recording (gui) ...
[voice] ■ 2.0s captured (peak 1.021) — transcribing ...
[voice] heard: 'look to the further of the channel to see more videos thank you'  [0.25s]  (avg_logprob -0.96)
[voice] --> SENT: 'look to the further of the channel to see more videos thank you'
[voice] ● recording (gui) ...
[voice] ■ 1.3s captured (peak 0.619) — transcribing ...
[voice] heard: 'thank you for listening'  [0.17s]  (avg_logprob -0.95)
[voice] --> SENT: 'thank you for listening'
[voice] ● recording (gui) ...
[voice] ■ 1.7s captured (peak 1.068) — transcribing ...
[voice] heard: 'what do you see'  [0.16s]  (avg_logprob -0.28)
[voice] --> SENT: 'what do you see'
[voice] ● recording (gui) ...
[voice] ■ 3.0s captured (peak 1.047) — transcribing ...
[voice] heard: 'go to the furthest chair'  [0.18s]  (avg_logprob -0.42)
[voice] --> SENT: 'go to the furthest chair'
[voice] ● recording (gui) ...
[voice] ■ 2.8s captured (peak 1.062) — transcribing ...
[voice] heard: 'turn left 20 degrees'  [0.18s]  (avg_logprob -0.67)
[voice] --> SENT: 'turn left 20 degrees'
[voice] ● recording (gui) ...
[voice] ■ 1.2s captured (peak 1.026) — transcribing ...
[voice] heard: 'what do you'  [0.15s]  (avg_logprob -0.29)
[voice] --> SENT: 'what do you'
[voice] ● recording (gui) ...
[voice] ■ 1.2s captured (peak 1.016) — transcribing ...
[voice] heard: 'go to the'  [0.17s]  (avg_logprob -0.83)
[voice] --> SENT: 'go to the'
[voice] ● recording (gui) ...
[voice] ■ 2.1s captured (peak 1.048) — transcribing ...
[voice] heard: 'go to the person'  [0.16s]  (avg_logprob -0.45)
[voice] --> SENT: 'go to the person'
[voice] ● recording (gui) ...
[voice] ■ 1.3s captured (peak 1.031) — transcribing ...
[voice] heard: 'bye-bye'  [0.16s]  (avg_logprob -0.78)
[voice] --> SENT: 'bye-bye'
[voice] ● recording (gui) ...
[voice] ■ 1.6s captured (peak 1.046) — transcribing ...
[voice] heard: 'bye-bye'  [0.16s]  (avg_logprob -0.63)
[voice] --> SENT: 'bye-bye'
[voice] ● recording (gui) ...
[voice] ■ 1.4s captured (peak 1.016) — transcribing ...
[voice] heard: 'bye bye'  [0.17s]  (avg_logprob -0.77)
[voice] --> SENT: 'bye bye'
Exception in thread Thread-2 (spin):
Traceback (most recent call last):
  File "/usr/lib/python3.10/threading.py", line 1016, in _bootstrap_inner
    self.run()
  File "/usr/lib/python3.10/threading.py", line 953, in run
    self._target(*self._args, **self._kwargs)
  File "/opt/ros/humble/local/lib/python3.10/dist-packages/rclpy/__init__.py", line 229, in spin
    executor.spin_once()
  File "/opt/ros/humble/local/lib/python3.10/dist-packages/rclpy/executors.py", line 808, in spin_once
    self._spin_once_impl(timeout_sec)
  File "/opt/ros/humble/local/lib/python3.10/dist-packages/rclpy/executors.py", line 797, in _spin_once_impl
    handler, entity, node = self.wait_for_ready_callbacks(timeout_sec=timeout_sec)
  File "/opt/ros/humble/local/lib/python3.10/dist-packages/rclpy/executors.py", line 780, in wait_for_ready_callbacks
    return next(self._cb_iter)
  File "/opt/ros/humble/local/lib/python3.10/dist-packages/rclpy/executors.py", line 681, in _wait_for_ready_callbacks
    raise ExternalShutdownException()
rclpy.executors.ExternalShutdownException
[voice] stopped.
terminate called after throwing an instance of 'std::runtime_error'
  what():  CUDA failed with error driver shutting down
[voice] loading faster-whisper 'medium.en' on cuda (float16) ...
[voice] faster-whisper ready in 1.6s
[voice_command v1] publishing to /vla/command
[voice] microphone: [11] pulse  @ 16000 Hz
[voice] No terminal attached — running HEADLESS. Waiting for hold-to-talk on /vla/voice/trigger.
Exception in thread Thread-2 (spin):
Traceback (most recent call last):
  File "/usr/lib/python3.10/threading.py", line 1016, in _bootstrap_inner
    self.run()
  File "/usr/lib/python3.10/threading.py", line 953, in run
    self._target(*self._args, **self._kwargs)
  File "/opt/ros/humble/local/lib/python3.10/dist-packages/rclpy/__init__.py", line 229, in spin
    executor.spin_once()
  File "/opt/ros/humble/local/lib/python3.10/dist-packages/rclpy/executors.py", line 808, in spin_once
    self._spin_once_impl(timeout_sec)
  File "/opt/ros/humble/local/lib/python3.10/dist-packages/rclpy/executors.py", line 797, in _spin_once_impl
    handler, entity, node = self.wait_for_ready_callbacks(timeout_sec=timeout_sec)
  File "/opt/ros/humble/local/lib/python3.10/dist-packages/rclpy/executors.py", line 780, in wait_for_ready_callbacks
    return next(self._cb_iter)
  File "/opt/ros/humble/local/lib/python3.10/dist-packages/rclpy/executors.py", line 681, in _wait_for_ready_callbacks
[voice] stopped.
    raise ExternalShutdownException()
rclpy.executors.ExternalShutdownException
[voice] loading faster-whisper 'medium.en' on cuda (float16) ...
[voice] faster-whisper ready in 1.8s
[voice_command v1] publishing to /vla/command
[voice] microphone: [11] pulse  @ 16000 Hz
[voice] No terminal attached — running HEADLESS. Waiting for hold-to-talk on /vla/voice/trigger.
Exception in thread Thread-2 (spin):
Traceback (most recent call last):
  File "/usr/lib/python3.10/threading.py", line 1016, in _bootstrap_inner
    self.run()
  File "/usr/lib/python3.10/threading.py", line 953, in run
    self._target(*self._args, **self._kwargs)
  File "/opt/ros/humble/local/lib/python3.10/dist-packages/rclpy/__init__.py", line 229, in spin
    executor.spin_once()
  File "/opt/ros/humble/local/lib/python3.10/dist-packages/rclpy/executors.py", line 808, in spin_once
    self._spin_once_impl(timeout_sec)
  File "/opt/ros/humble/local/lib/python3.10/dist-packages/rclpy/executors.py", line 797, in _spin_once_impl
    handler, entity, node = self.wait_for_ready_callbacks(timeout_sec=timeout_sec)
  File "/opt/ros/humble/local/lib/python3.10/dist-packages/rclpy/executors.py", line 780, in wait_for_ready_callbacks
    return next(self._cb_iter)
  File "/opt/ros/humble/local/lib/python3.10/dist-packages/rclpy/executors.py", line 681, in _wait_for_ready_callbacks
    raise ExternalShutdownException()
rclpy.executors.ExternalShutdownException
[voice] stopped.
[voice] loading faster-whisper 'medium.en' on cuda (float16) ...
[voice] faster-whisper ready in 1.9s
[voice_command v1] publishing to /vla/command
[voice] microphone: [11] pulse  @ 16000 Hz
[voice] No terminal attached — running HEADLESS. Waiting for hold-to-talk on /vla/voice/trigger.
[voice] ● recording (gui) ...
[voice] ■ 1.7s captured (peak 0.003) — transcribing ...
[voice]   ⚠ that was almost silent — is this the right mic, and is it unmuted?
[voice] heard: ''  [0.02s]
[voice] ● recording (gui) ...
[voice] ■ 1.5s captured (peak 1.063) — transcribing ...
[voice] heard: 'move forward'  [0.34s]  (avg_logprob -0.37)
[voice] --> SENT: 'move forward'
[voice] ● recording (gui) ...
[voice] ■ 1.3s captured (peak 1.029) — transcribing ...
[voice] heard: 'what do you see'  [0.18s]  (avg_logprob -0.31)
[voice] --> SENT: 'what do you see'
[voice] ● recording (gui) ...
[voice] ■ 1.3s captured (peak 1.008) — transcribing ...
[voice] heard: 'go to the next person'  [0.29s]  (avg_logprob -0.83)
[voice] (low confidence -0.83 < -0.75 — not sent. Say it again?)
[voice] ● recording (gui) ...
[voice] ■ 0.4s captured (peak 0.002) — transcribing ...
[voice]   ⚠ that was almost silent — is this the right mic, and is it unmuted?
[voice] heard: ''  [0.00s]
[voice] ● recording (gui) ...
[voice] ■ 1.6s captured (peak 1.048) — transcribing ...
[voice] heard: 'go to the chair'  [0.19s]  (avg_logprob -0.37)
[voice] --> SENT: 'go to the chair'
[voice] ● recording (gui) ...
[voice] ■ 1.3s captured (peak 1.013) — transcribing ...
[voice] heard: 'close the door'  [0.73s]  (avg_logprob -1.04)
[voice] (low confidence -1.04 < -0.75 — not sent. Say it again?)
[voice] ● recording (gui) ...
[voice] ■ 0.4s captured (peak 0.001) — transcribing ...
[voice]   ⚠ that was almost silent — is this the right mic, and is it unmuted?
[voice] heard: ''  [0.00s]
[voice] ● recording (gui) ...
[voice] ■ 1.6s captured (peak 0.975) — transcribing ...
[voice] heard: 'stop'  [0.17s]  (avg_logprob -0.47)
[voice] --> SENT: 'stop'
[voice] ● recording (gui) ...
[voice] ■ 1.7s captured (peak 1.031) — transcribing ...
[voice] heard: 'stop'  [0.17s]  (avg_logprob -0.54)
[voice] --> SENT: 'stop'
[voice] ● recording (gui) ...
[voice] ■ 1.4s captured (peak 1.063) — transcribing ...
[voice] heard: 'turn around'  [0.18s]  (avg_logprob -0.37)
[voice] --> SENT: 'turn around'
[voice] ● recording (gui) ...
[voice] ■ 1.9s captured (peak 1.144) — transcribing ...
[voice] heard: 'move forward three meters'  [0.19s]  (avg_logprob -0.28)
[voice] --> SENT: 'move forward three meters'
[voice] ● recording (gui) ...
[voice] ■ 1.0s captured (peak 1.029) — transcribing ...
[voice] heard: ''  [0.00s]
[voice] ● recording (gui) ...
[voice] ■ 2.6s captured (peak 1.032) — transcribing ...
[voice] heard: 'go to the next person'  [0.21s]  (avg_logprob -0.79)
[voice] (low confidence -0.79 < -0.75 — not sent. Say it again?)
[voice] ● recording (gui) ...
[voice] ■ 2.5s captured (peak 1.073) — transcribing ...
[voice] heard: 'turn left 40 degrees'  [0.19s]  (avg_logprob -0.39)
[voice] --> SENT: 'turn left 40 degrees'
[voice] ● recording (gui) ...
[voice] ■ 2.1s captured (peak 1.076) — transcribing ...
[voice] heard: 'turn left 40 degrees'  [0.19s]  (avg_logprob -0.40)
[voice] --> SENT: 'turn left 40 degrees'
[voice] ● recording (gui) ...
[voice] ■ 3.5s captured (peak 1.049) — transcribing ...
[voice] heard: 'move forward 0 5 meter'  [0.21s]  (avg_logprob -0.36)
[voice] --> SENT: 'move forward 0 5 meter'
[voice] ● recording (gui) ...
[voice] ■ 1.2s captured (peak 1.078) — transcribing ...
[voice] heard: 'stop'  [0.17s]  (avg_logprob -0.55)
[voice] --> SENT: 'stop'
[voice] ● recording (gui) ...
[voice] ■ 1.4s captured (peak 1.025) — transcribing ...
[voice] heard: 'turn right'  [0.17s]  (avg_logprob -0.57)
[voice] --> SENT: 'turn right'
[voice] ● recording (gui) ...
[voice] ■ 2.5s captured (peak 1.073) — transcribing ...
[voice] heard: 'turn right 30 degrees'  [0.19s]  (avg_logprob -0.36)
[voice] --> SENT: 'turn right 30 degrees'
[voice] ● recording (gui) ...
[voice] ■ 1.3s captured (peak 1.204) — transcribing ...
[voice] heard: 'what do you see'  [0.17s]  (avg_logprob -0.26)
[voice] --> SENT: 'what do you see'
[voice] ● recording (gui) ...
[voice] ■ 1.4s captured (peak 1.107) — transcribing ...
[voice] heard: 'go to the person'  [0.19s]  (avg_logprob -0.26)
[voice] --> SENT: 'go to the person'
[voice] ● recording (gui) ...
[voice] ■ 1.7s captured (peak 1.249) — transcribing ...
[voice] heard: 'go to the person'  [0.20s]  (avg_logprob -0.24)
[voice] --> SENT: 'go to the person'
[voice] ● recording (gui) ...
[voice] ■ 1.3s captured (peak 1.035) — transcribing ...
[voice] heard: 'what do you see'  [0.20s]  (avg_logprob -0.33)
[voice] --> SENT: 'what do you see'
[voice] ● recording (gui) ...
[voice] ■ 1.9s captured (peak 1.046) — transcribing ...
[voice] heard: 'go to the box'  [0.18s]  (avg_logprob -0.51)
[voice] --> SENT: 'go to the box'
[voice] ● recording (gui) ...
[voice] ■ 2.6s captured (peak 1.039) — transcribing ...
[voice] heard: 'go to the person'  [0.19s]  (avg_logprob -0.13)
[voice] --> SENT: 'go to the person'
[voice] ● recording (gui) ...
[voice] ■ 1.5s captured (peak 1.028) — transcribing ...
[voice] heard: 'turn around'  [0.17s]  (avg_logprob -0.49)
[voice] --> SENT: 'turn around'
[voice] ● recording (gui) ...
[voice] ■ 4.0s captured (peak 1.045) — transcribing ...
[voice] heard: 'move forward three centimeter'  [0.22s]  (avg_logprob -0.48)
[voice] --> SENT: 'move forward three centimeter'
[voice] ● recording (gui) ...
[voice] ■ 1.0s captured (peak 1.016) — transcribing ...
[voice] heard: 'dock'  [0.16s]  (avg_logprob -0.43)
[voice] --> SENT: 'dock'
Exception in thread Thread-2 (spin):
Traceback (most recent call last):
  File "/usr/lib/python3.10/threading.py", line 1016, in _bootstrap_inner
    self.run()
  File "/usr/lib/python3.10/threading.py", line 953, in run
    self._target(*self._args, **self._kwargs)
  File "/opt/ros/humble/local/lib/python3.10/dist-packages/rclpy/__init__.py", line 229, in spin
    executor.spin_once()
  File "/opt/ros/humble/local/lib/python3.10/dist-packages/rclpy/executors.py", line 808, in spin_once
    self._spin_once_impl(timeout_sec)
  File "/opt/ros/humble/local/lib/python3.10/dist-packages/rclpy/executors.py", line 797, in _spin_once_impl
    handler, entity, node = self.wait_for_ready_callbacks(timeout_sec=timeout_sec)
  File "/opt/ros/humble/local/lib/python3.10/dist-packages/rclpy/executors.py", line 780, in wait_for_ready_callbacks
    return next(self._cb_iter)
  File "/opt/ros/humble/local/lib/python3.10/dist-packages/rclpy/executors.py", line 681, in _wait_for_ready_callbacks
    raise ExternalShutdownException()
rclpy.executors.ExternalShutdownException
[voice] stopped.
